Archive member included to satisfy reference by file (symbol)

c:/st/stm32cubeide_1.11.0/stm32cubeide/plugins/com.st.stm32cube.ide.mcu.externaltools.gnu-tools-for-stm32.10.3-2021.10.win32_1.0.100.202210260954/tools/bin/../lib/gcc/arm-none-eabi/10.3.1/../../../../arm-none-eabi/lib/thumb/v7e-m+dp/hard\libc_nano.a(lib_a-errno.o)
                              ./Core/Src/syscalls.o (__errno)
c:/st/stm32cubeide_1.11.0/stm32cubeide/plugins/com.st.stm32cube.ide.mcu.externaltools.gnu-tools-for-stm32.10.3-2021.10.win32_1.0.100.202210260954/tools/bin/../lib/gcc/arm-none-eabi/10.3.1/../../../../arm-none-eabi/lib/thumb/v7e-m+dp/hard\libc_nano.a(lib_a-exit.o)
                              c:/st/stm32cubeide_1.11.0/stm32cubeide/plugins/com.st.stm32cube.ide.mcu.externaltools.gnu-tools-for-stm32.10.3-2021.10.win32_1.0.100.202210260954/tools/bin/../lib/gcc/arm-none-eabi/10.3.1/../../../../arm-none-eabi/lib/thumb/v7e-m+dp/hard/crt0.o (exit)
c:/st/stm32cubeide_1.11.0/stm32cubeide/plugins/com.st.stm32cube.ide.mcu.externaltools.gnu-tools-for-stm32.10.3-2021.10.win32_1.0.100.202210260954/tools/bin/../lib/gcc/arm-none-eabi/10.3.1/../../../../arm-none-eabi/lib/thumb/v7e-m+dp/hard\libc_nano.a(lib_a-impure.o)
                              c:/st/stm32cubeide_1.11.0/stm32cubeide/plugins/com.st.stm32cube.ide.mcu.externaltools.gnu-tools-for-stm32.10.3-2021.10.win32_1.0.100.202210260954/tools/bin/../lib/gcc/arm-none-eabi/10.3.1/../../../../arm-none-eabi/lib/thumb/v7e-m+dp/hard\libc_nano.a(lib_a-exit.o) (_global_impure_ptr)
c:/st/stm32cubeide_1.11.0/stm32cubeide/plugins/com.st.stm32cube.ide.mcu.externaltools.gnu-tools-for-stm32.10.3-2021.10.win32_1.0.100.202210260954/tools/bin/../lib/gcc/arm-none-eabi/10.3.1/../../../../arm-none-eabi/lib/thumb/v7e-m+dp/hard\libc_nano.a(lib_a-init.o)
                              c:/st/stm32cubeide_1.11.0/stm32cubeide/plugins/com.st.stm32cube.ide.mcu.externaltools.gnu-tools-for-stm32.10.3-2021.10.win32_1.0.100.202210260954/tools/bin/../lib/gcc/arm-none-eabi/10.3.1/../../../../arm-none-eabi/lib/thumb/v7e-m+dp/hard/crt0.o (__libc_init_array)
c:/st/stm32cubeide_1.11.0/stm32cubeide/plugins/com.st.stm32cube.ide.mcu.externaltools.gnu-tools-for-stm32.10.3-2021.10.win32_1.0.100.202210260954/tools/bin/../lib/gcc/arm-none-eabi/10.3.1/../../../../arm-none-eabi/lib/thumb/v7e-m+dp/hard\libc_nano.a(lib_a-memcmp.o)
                              ./Third_party/SEGGER/OS/SEGGER_SYSVIEW_FreeRTOS.o (memcmp)
c:/st/stm32cubeide_1.11.0/stm32cubeide/plugins/com.st.stm32cube.ide.mcu.externaltools.gnu-tools-for-stm32.10.3-2021.10.win32_1.0.100.202210260954/tools/bin/../lib/gcc/arm-none-eabi/10.3.1/../../../../arm-none-eabi/lib/thumb/v7e-m+dp/hard\libc_nano.a(lib_a-memcpy-stub.o)
                              ./Third_party/FreeRTOS/queue.o (memcpy)
c:/st/stm32cubeide_1.11.0/stm32cubeide/plugins/com.st.stm32cube.ide.mcu.externaltools.gnu-tools-for-stm32.10.3-2021.10.win32_1.0.100.202210260954/tools/bin/../lib/gcc/arm-none-eabi/10.3.1/../../../../arm-none-eabi/lib/thumb/v7e-m+dp/hard\libc_nano.a(lib_a-memset.o)
                              c:/st/stm32cubeide_1.11.0/stm32cubeide/plugins/com.st.stm32cube.ide.mcu.externaltools.gnu-tools-for-stm32.10.3-2021.10.win32_1.0.100.202210260954/tools/bin/../lib/gcc/arm-none-eabi/10.3.1/../../../../arm-none-eabi/lib/thumb/v7e-m+dp/hard/crt0.o (memset)
c:/st/stm32cubeide_1.11.0/stm32cubeide/plugins/com.st.stm32cube.ide.mcu.externaltools.gnu-tools-for-stm32.10.3-2021.10.win32_1.0.100.202210260954/tools/bin/../lib/gcc/arm-none-eabi/10.3.1/../../../../arm-none-eabi/lib/thumb/v7e-m+dp/hard\libc_nano.a(lib_a-snprintf.o)
                              ./Core/Src/main.o (snprintf)
c:/st/stm32cubeide_1.11.0/stm32cubeide/plugins/com.st.stm32cube.ide.mcu.externaltools.gnu-tools-for-stm32.10.3-2021.10.win32_1.0.100.202210260954/tools/bin/../lib/gcc/arm-none-eabi/10.3.1/../../../../arm-none-eabi/lib/thumb/v7e-m+dp/hard\libc_nano.a(lib_a-strlen.o)
                              ./Third_party/SEGGER/SEGGER/SEGGER_RTT.o (strlen)
c:/st/stm32cubeide_1.11.0/stm32cubeide/plugins/com.st.stm32cube.ide.mcu.externaltools.gnu-tools-for-stm32.10.3-2021.10.win32_1.0.100.202210260954/tools/bin/../lib/gcc/arm-none-eabi/10.3.1/../../../../arm-none-eabi/lib/thumb/v7e-m+dp/hard\libc_nano.a(lib_a-nano-svfprintf.o)
                              c:/st/stm32cubeide_1.11.0/stm32cubeide/plugins/com.st.stm32cube.ide.mcu.externaltools.gnu-tools-for-stm32.10.3-2021.10.win32_1.0.100.202210260954/tools/bin/../lib/gcc/arm-none-eabi/10.3.1/../../../../arm-none-eabi/lib/thumb/v7e-m+dp/hard\libc_nano.a(lib_a-snprintf.o) (_svfprintf_r)
c:/st/stm32cubeide_1.11.0/stm32cubeide/plugins/com.st.stm32cube.ide.mcu.externaltools.gnu-tools-for-stm32.10.3-2021.10.win32_1.0.100.202210260954/tools/bin/../lib/gcc/arm-none-eabi/10.3.1/../../../../arm-none-eabi/lib/thumb/v7e-m+dp/hard\libc_nano.a(lib_a-nano-vfprintf_i.o)
[...]
Memory Configuration

Name             Origin             Length             Attributes
ITCMRAM          0x0000000000000000 0x0000000000010000 xrw
FLASH            0x0000000008000000 0x0000000000200000 xr
DTCMRAM1         0x0000000020000000 0x0000000000010000 xrw
DTCMRAM2         0x0000000020010000 0x0000000000010000 xrw
RAM              0x0000000024000000 0x0000000000100000 xrw
RAM_CD           0x0000000030000000 0x0000000000020000 xrw
RAM_SRD          0x0000000038000000 0x0000000000008000 xrw
*default*        0x0000000000000000 0xffffffffffffffff

Linker script and memory map

LOAD c:/st/stm32cubeide_1.11.0/stm32cubeide/plugins/com.st.stm32cube.ide.mcu.externaltools.gnu-tools-for-stm32.10.3-2021.10.win32_1.0.100.202210260954/tools/bin/../lib/gcc/arm-none-eabi/10.3.1/thumb/v7e-m+dp/hard/crti.o
LOAD c:/st/stm32cubeide_1.11.0/stm32cubeide/plugins/com.st.stm32cube.ide.mcu.externaltools.gnu-tools-for-stm32.10.3-2021.10.win32_1.0.100.202210260954/tools/bin/../lib/gcc/arm-none-eabi/10.3.1/thumb/v7e-m+dp/hard/crtbegin.o
LOAD c:/st/stm32cubeide_1.11.0/stm32cubeide/plugins/com.st.stm32cube.ide.mcu.externaltools.gnu-tools-for-stm32.10.3-2021.10.win32_1.0.100.202210260954/tools/bin/../lib/gcc/arm-none-eabi/10.3.1/../../../../arm-none-eabi/lib/thumb/v7e-m+dp/hard/crt0.o
LOAD ./Core/Src/main.o
LOAD ./Core/Src/stm32h7xx_hal_msp.o
LOAD ./Core/Src/stm32h7xx_hal_timebase_tim.o
LOAD ./Core/Src/stm32h7xx_it.o
LOAD ./Core/Src/syscalls.o
LOAD ./Core/Src/system_stm32h7xx.o
LOAD ./Core/Startup/startup_stm32h7a3zitxq.o
LOAD ./Drivers/STM32H7xx_HAL_Driver/Src/stm32h7xx_hal.o
LOAD ./Drivers/STM32H7xx_HAL_Driver/Src/stm32h7xx_hal_cortex.o
LOAD ./Drivers/STM32H7xx_HAL_Driver/Src/stm32h7xx_hal_dma.o
LOAD ./Drivers/STM32H7xx_HAL_Driver/Src/stm32h7xx_hal_dma_ex.o
LOAD ./Drivers/STM32H7xx_HAL_Driver/Src/stm32h7xx_hal_exti.o
LOAD ./Drivers/STM32H7xx_HAL_Driver/Src/stm32h7xx_hal_flash.o
LOAD ./Drivers/STM32H7xx_HAL_Driver/Src/stm32h7xx_hal_flash_ex.o
LOAD ./Drivers/STM32H7xx_HAL_Driver/Src/stm32h7xx_hal_gpio.o
LOAD ./Drivers/STM32H7xx_HAL_Driver/Src/stm32h7xx_hal_hsem.o
LOAD ./Drivers/STM32H7xx_HAL_Driver/Src/stm32h7xx_hal_i2c.o
LOAD ./Drivers/STM32H7xx_HAL_Driver/Src/stm32h7xx_hal_i2c_ex.o
LOAD ./Drivers/STM32H7xx_HAL_Driver/Src/stm32h7xx_hal_mdma.o
LOAD ./Drivers/STM32H7xx_HAL_Driver/Src/stm32h7xx_hal_pwr.o
LOAD ./Drivers/STM32H7xx_HAL_Driver/Src/stm32h7xx_hal_pwr_ex.o
LOAD ./Drivers/STM32H7xx_HAL_Driver/Src/stm32h7xx_hal_rcc.o
LOAD ./Drivers/STM32H7xx_HAL_Driver/Src/stm32h7xx_hal_rcc_ex.o
LOAD ./Drivers/STM32H7xx_HAL_Driver/Src/stm32h7xx_hal_tim.o
LOAD ./Drivers/STM32H7xx_HAL_Driver/Src/stm32h7xx_hal_tim_ex.o
LOAD ./Drivers/STM32H7xx_HAL_Driver/Src/stm32h7xx_hal_uart.o
LOAD ./Drivers/STM32H7xx_HAL_Driver/Src/stm32h7xx_hal_uart_ex.o
LOAD ./Third_party/FreeRTOS/croutine.o
LOAD ./Third_party/FreeRTOS/event_groups.o
LOAD ./Third_party/FreeRTOS/list.o
LOAD ./Third_party/FreeRTOS/queue.o
LOAD ./Third_party/FreeRTOS/stream_buffer.o
LOAD ./Third_party/FreeRTOS/tasks.o
LOAD ./Third_party/FreeRTOS/timers.o
LOAD ./Third_party/FreeRTOS/portable/GCC/ARM_CM4F/port.o
LOAD ./Third_party/FreeRTOS/portable/MemMang/heap_4.o
LOAD ./Third_party/SEGGER/Config/SEGGER_SYSVIEW_Config_FreeRTOS.o
LOAD ./Third_party/SEGGER/OS/SEGGER_SYSVIEW_FreeRTOS.o
LOAD ./Third_party/SEGGER/Rec/segger_uart.o
LOAD ./Third_party/SEGGER/SEGGER/SEGGER_RTT.o
LOAD ./Third_party/SEGGER/SEGGER/SEGGER_RTT_ASM_ARMv7M.o
LOAD ./Third_party/SEGGER/SEGGER/SEGGER_RTT_printf.o
LOAD ./Third_party/SEGGER/SEGGER/SEGGER_SYSVIEW.o
LOAD ./Third_party/SEGGER/SEGGER/Syscalls/SEGGER_RTT_Syscalls_GCC.o
START GROUP
LOAD c:/st/stm32cubeide_1.11.0/stm32cubeide/plugins/com.st.stm32cube.ide.mcu.externaltools.gnu-tools-for-stm32.10.3-2021.10.win32_1.0.100.202210260954/tools/bin/../lib/gcc/arm-none-eabi/10.3.1/../../../../arm-none-eabi/lib/thumb/v7e-m+dp/hard\libc_nano.a
LOAD c:/st/stm32cubeide_1.11.0/stm32cubeide/plugins/com.st.stm32cube.ide.mcu.externaltools.gnu-tools-for-stm32.10.3-2021.10.win32_1.0.100.202210260954/tools/bin/../lib/gcc/arm-none-eabi/10.3.1/../../../../arm-none-eabi/lib/thumb/v7e-m+dp/hard\libm.a
END GROUP
START GROUP
LOAD c:/st/stm32cubeide_1.11.0/stm32cubeide/plugins/com.st.stm32cube.ide.mcu.externaltools.gnu-tools-for-stm32.10.3-2021.10.win32_1.0.100.202210260954/tools/bin/../lib/gcc/arm-none-eabi/10.3.1/thumb/v7e-m+dp/hard\libgcc.a
LOAD c:/st/stm32cubeide_1.11.0/stm32cubeide/plugins/com.st.stm32cube.ide.mcu.externaltools.gnu-tools-for-stm32.10.3-2021.10.win32_1.0.100.202210260954/tools/bin/../lib/gcc/arm-none-eabi/10.3.1/../../../../arm-none-eabi/lib/thumb/v7e-m+dp/hard\libc_nano.a
END GROUP
START GROUP
LOAD c:/st/stm32cubeide_1.11.0/stm32cubeide/plugins/com.st.stm32cube.ide.mcu.externaltools.gnu-tools-for-stm32.10.3-2021.10.win32_1.0.100.202210260954/tools/bin/../lib/gcc/arm-none-eabi/10.3.1/thumb/v7e-m+dp/hard\libgcc.a
LOAD c:/st/stm32cubeide_1.11.0/stm32cubeide/plugins/com.st.stm32cube.ide.mcu.externaltools.gnu-tools-for-stm32.10.3-2021.10.win32_1.0.100.202210260954/tools/bin/../lib/gcc/arm-none-eabi/10.3.1/../../../../arm-none-eabi/lib/thumb/v7e-m+dp/hard\libc_nano.a
LOAD c:/st/stm32cubeide_1.11.0/stm32cubeide/plugins/com.st.stm32cube.ide.mcu.externaltools.gnu-tools-for-stm32.10.3-2021.10.win32_1.0.100.202210260954/tools/bin/../lib/gcc/arm-none-eabi/10.3.1/../../../../arm-none-eabi/lib/thumb/v7e-m+dp/hard\libnosys.a
END GROUP
START GROUP
LOAD c:/st/stm32cubeide_1.11.0/stm32cubeide/plugins/com.st.stm32cube.ide.mcu.externaltools.gnu-tools-for-stm32.10.3-2021.10.win32_1.0.100.202210260954/tools/bin/../lib/gcc/arm-none-eabi/10.3.1/thumb/v7e-m+dp/hard\libgcc.a
LOAD c:/st/stm32cubeide_1.11.0/stm32cubeide/plugins/com.st.stm32cube.ide.mcu.externaltools.gnu-tools-for-stm32.10.3-2021.10.win32_1.0.100.202210260954/tools/bin/../lib/gcc/arm-none-eabi/10.3.1/../../../../arm-none-eabi/lib/thumb/v7e-m+dp/hard\libc_nano.a
LOAD c:/st/stm32cubeide_1.11.0/stm32cubeide/plugins/com.st.stm32cube.ide.mcu.externaltools.gnu-tools-for-stm32.10.3-2021.10.win32_1.0.100.202210260954/tools/bin/../lib/gcc/arm-none-eabi/10.3.1/../../../../arm-none-eabi/lib/thumb/v7e-m+dp/hard\libnosys.a
END GROUP
LOAD c:/st/stm32cubeide_1.11.0/stm32cubeide/plugins/com.st.stm32cube.ide.mcu.externaltools.gnu-tools-for-stm32.10.3-2021.10.win32_1.0.100.202210260954/tools/bin/../lib/gcc/arm-none-eabi/10.3.1/thumb/v7e-m+dp/hard/crtend.o
LOAD c:/st/stm32cubeide_1.11.0/stm32cubeide/plugins/com.st.stm32cube.ide.mcu.externaltools.gnu-tools-for-stm32.10.3-2021.10.win32_1.0.100.202210260954/tools/bin/../lib/gcc/arm-none-eabi/10.3.1/thumb/v7e-m+dp/hard/crtn.o
                0x0000000024100000                _estack = (ORIGIN (RAM) + LENGTH (RAM))
                0x0000000000000200                _Min_Heap_Size = 0x200
                0x0000000000000400                _Min_Stack_Size = 0x400

.isr_vector     0x0000000008000000      0x2ac
                0x0000000008000000                . = ALIGN (0x4)
 *(.isr_vector)
 .isr_vector    0x0000000008000000      0x2ac ./Core/Startup/startup_stm32h7a3zitxq.o
                0x0000000008000000                g_pfnVectors
                0x00000000080002ac                . = ALIGN (0x4)

.text           0x00000000080002b0     0xb084
                0x00000000080002b0                . = ALIGN (0x4)
 *(.text)
 .text          0x00000000080002b0       0x40 c:/st/stm32cubeide_1.11.0/stm32cubeide/plugins/com.st.stm32cube.ide.mcu.externaltools.gnu-tools-for-stm32.10.3-2021.10.win32_1.0.100.202210260954/tools/bin/../lib/gcc/arm-none-eabi/10.3.1/thumb/v7e-m+dp/hard/crtbegin.o
 .text          0x00000000080002f0       0x94 ./Third_party/SEGGER/SEGGER/SEGGER_RTT_ASM_ARMv7M.o
                0x00000000080002f0                SEGGER_RTT_ASM_WriteSkipNoLock
 *fill*         0x0000000008000384        0xc 
 .text          0x0000000008000390       0xa0 c:/st/stm32cubeide_1.11.0/stm32cubeide/plugins/com.st.stm32cube.ide.mcu.externaltools.gnu-tools-for-stm32.10.3-2021.10.win32_1.0.100.202210260954/tools/bin/../lib/gcc/arm-none-eabi/10.3.1/../../../../arm-none-eabi/lib/thumb/v7e-m+dp/hard\libc_nano.a(lib_a-memchr.o)
                0x0000000008000390                memchr
 .text          0x0000000008000430       0x30 c:/st/stm32cubeide_1.11.0/stm32cubeide/plugins/com.st.stm32cube.ide.mcu.externaltools.gnu-tools-for-stm32.10.3-2021.10.win32_1.0.100.202210260954/tools/bin/../lib/gcc/arm-none-eabi/10.3.1/thumb/v7e-m+dp/hard\libgcc.a(_aeabi_uldivmod.o)
                0x0000000008000430                __aeabi_uldivmod
 .text          0x0000000008000460      0x2d0 c:/st/stm32cubeide_1.11.0/stm32cubeide/plugins/com.st.stm32cube.ide.mcu.externaltools.gnu-tools-for-stm32.10.3-2021.10.win32_1.0.100.202210260954/tools/bin/../lib/gcc/arm-none-eabi/10.3.1/thumb/v7e-m+dp/hard\libgcc.a(_udivmoddi4.o)
                0x0000000008000460                __udivmoddi4
 .text          0x0000000008000730        0x4 c:/st/stm32cubeide_1.11.0/stm32cubeide/plugins/com.st.stm32cube.ide.mcu.externaltools.gnu-tools-for-stm32.10.3-2021.10.win32_1.0.100.202210260954/tools/bin/../lib/gcc/arm-none-eabi/10.3.1/thumb/v7e-m+dp/hard\libgcc.a(_dvmd_tls.o)
                0x0000000008000730                __aeabi_idiv0
                0x0000000008000730                __aeabi_ldiv0
 *(.text*)
 .text.main     0x0000000008000734       0xbc ./Core/Src/main.o
                0x0000000008000734                main
 .text.SystemClock_Config
                0x00000000080007f0       0xec ./Core/Src/main.o
                0x00000000080007f0                SystemClock_Config
 .text.MX_USART3_UART_Init
                0x00000000080008dc       0x98 ./Core/Src/main.o
 .text.MX_USB_OTG_HS_USB_Init
                0x0000000008000974        0xe ./Core/Src/main.o
 *fill*         0x0000000008000982        0x2 
 .text.MX_GPIO_Init
                0x0000000008000984      0x234 ./Core/Src/main.o
 .text.task1_handler
                0x0000000008000bb8       0x3c ./Core/Src/main.o
 .text.task2_handler
                0x0000000008000bf4       0x3c ./Core/Src/main.o
 .text.HAL_TIM_PeriodElapsedCallback
                0x0000000008000c30       0x24 ./Core/Src/main.o
                0x0000000008000c30                HAL_TIM_PeriodElapsedCallback
 .text.Error_Handler
                0x0000000008000c54        0xa ./Core/Src/main.o
                0x0000000008000c54                Error_Handler
 *fill*         0x0000000008000c5e        0x2 
 .text.HAL_MspInit
                0x0000000008000c60       0x34 ./Core/Src/stm32h7xx_hal_msp.o
                0x0000000008000c60                HAL_MspInit
 .text.HAL_UART_MspInit
                0x0000000008000c94       0xd4 ./Core/Src/stm32h7xx_hal_msp.o
                0x0000000008000c94                HAL_UART_MspInit
 .text.HAL_InitTick
                0x0000000008000d68       0xd8 ./Core/Src/stm32h7xx_hal_timebase_tim.o
                0x0000000008000d68                HAL_InitTick
 .text.NMI_Handler
                0x0000000008000e40        0x6 ./Core/Src/stm32h7xx_it.o
                0x0000000008000e40                NMI_Handler
 .text.HardFault_Handler
                0x0000000008000e46        0x6 ./Core/Src/stm32h7xx_it.o
                0x0000000008000e46                HardFault_Handler
 .text.MemManage_Handler
                0x0000000008000e4c        0x6 ./Core/Src/stm32h7xx_it.o
                0x0000000008000e4c                MemManage_Handler
 .text.BusFault_Handler
                0x0000000008000e52        0x6 ./Core/Src/stm32h7xx_it.o
                0x0000000008000e52                BusFault_Handler
 .text.UsageFault_Handler
                0x0000000008000e58        0x6 ./Core/Src/stm32h7xx_it.o
                0x0000000008000e58                UsageFault_Handler
 .text.DebugMon_Handler
                0x0000000008000e5e        0xe ./Core/Src/stm32h7xx_it.o
                0x0000000008000e5e                DebugMon_Handler
 .text.TIM6_DAC_IRQHandler
                0x0000000008000e6c       0x14 ./Core/Src/stm32h7xx_it.o
                0x0000000008000e6c                TIM6_DAC_IRQHandler
 .text.SystemInit
                0x0000000008000e80       0xf0 ./Core/Src/system_stm32h7xx.o
                0x0000000008000e80                SystemInit
 .text.Reset_Handler
                0x0000000008000f70       0x50 ./Core/Startup/startup_stm32h7a3zitxq.o
                0x0000000008000f70                Reset_Handler
 .text.Default_Handler
                0x0000000008000fc0        0x2 ./Core/Startup/startup_stm32h7a3zitxq.o
                0x0000000008000fc0                RTC_Alarm_IRQHandler
                0x0000000008000fc0                EXTI2_IRQHandler
                0x0000000008000fc0                TIM8_CC_IRQHandler
                0x0000000008000fc0                UART8_IRQHandler
                0x0000000008000fc0                BDMA2_Channel1_IRQHandler
                0x0000000008000fc0                SPI4_IRQHandler
                0x0000000008000fc0                BDMA2_Channel0_IRQHandler
                0x0000000008000fc0                TIM1_CC_IRQHandler
                0x0000000008000fc0                DMA2_Stream5_IRQHandler
                0x0000000008000fc0                JPEG_IRQHandler
                0x0000000008000fc0                DMA1_Stream5_IRQHandler
                0x0000000008000fc0                EXTI3_IRQHandler
                0x0000000008000fc0                LPTIM4_IRQHandler
                0x0000000008000fc0                TIM8_TRG_COM_TIM14_IRQHandler
                0x0000000008000fc0                LPTIM2_IRQHandler
                0x0000000008000fc0                DFSDM1_FLT1_IRQHandler
                0x0000000008000fc0                DMAMUX2_OVR_IRQHandler
                0x0000000008000fc0                GFXMMU_IRQHandler
                0x0000000008000fc0                TIM8_UP_TIM13_IRQHandler
                0x0000000008000fc0                I2C3_ER_IRQHandler
                0x0000000008000fc0                DFSDM1_FLT2_IRQHandler
                0x0000000008000fc0                USART10_IRQHandler
                0x0000000008000fc0                MDMA_IRQHandler
                0x0000000008000fc0                LPTIM3_IRQHandler
                0x0000000008000fc0                BDMA2_Channel3_IRQHandler
                0x0000000008000fc0                HSEM1_IRQHandler
                0x0000000008000fc0                EXTI0_IRQHandler
                0x0000000008000fc0                I2C2_EV_IRQHandler
                0x0000000008000fc0                DAC2_IRQHandler
                0x0000000008000fc0                DMA1_Stream2_IRQHandler
                0x0000000008000fc0                FPU_IRQHandler
                0x0000000008000fc0                OTG_HS_WKUP_IRQHandler
                0x0000000008000fc0                FDCAN1_IT1_IRQHandler
                0x0000000008000fc0                LTDC_ER_IRQHandler
                0x0000000008000fc0                DMA2_Stream2_IRQHandler
                0x0000000008000fc0                SPI1_IRQHandler
                0x0000000008000fc0                OCTOSPI1_IRQHandler
                0x0000000008000fc0                BDMA2_Channel6_IRQHandler
                0x0000000008000fc0                DMA2_Stream3_IRQHandler
                0x0000000008000fc0                OCTOSPI2_IRQHandler
                0x0000000008000fc0                SAI2_IRQHandler
                0x0000000008000fc0                BDMA1_IRQHandler
                0x0000000008000fc0                DFSDM1_FLT3_IRQHandler
                0x0000000008000fc0                USART6_IRQHandler
                0x0000000008000fc0                TIM17_IRQHandler
                0x0000000008000fc0                LPTIM5_IRQHandler
                0x0000000008000fc0                UART5_IRQHandler
                0x0000000008000fc0                DMA2_Stream0_IRQHandler
                0x0000000008000fc0                TIM4_IRQHandler
                0x0000000008000fc0                I2C1_EV_IRQHandler
                0x0000000008000fc0                DMA1_Stream6_IRQHandler
                0x0000000008000fc0                DMAMUX1_OVR_IRQHandler
                0x0000000008000fc0                DMA1_Stream1_IRQHandler
                0x0000000008000fc0                TIM16_IRQHandler
                0x0000000008000fc0                UART4_IRQHandler
                0x0000000008000fc0                TIM3_IRQHandler
                0x0000000008000fc0                RCC_IRQHandler
                0x0000000008000fc0                UART9_IRQHandler
                0x0000000008000fc0                TIM8_BRK_TIM12_IRQHandler
                0x0000000008000fc0                TIM1_TRG_COM_IRQHandler
                0x0000000008000fc0                Default_Handler
                0x0000000008000fc0                ECC_IRQHandler
                0x0000000008000fc0                BDMA2_Channel2_IRQHandler
                0x0000000008000fc0                CEC_IRQHandler
                0x0000000008000fc0                EXTI15_10_IRQHandler
                0x0000000008000fc0                DFSDM1_FLT4_IRQHandler
                0x0000000008000fc0                ADC_IRQHandler
                0x0000000008000fc0                DMA1_Stream7_IRQHandler
                0x0000000008000fc0                SPI5_IRQHandler
                0x0000000008000fc0                TIM7_IRQHandler
                0x0000000008000fc0                SDMMC1_IRQHandler
                0x0000000008000fc0                TIM5_IRQHandler
                0x0000000008000fc0                DMA2_Stream7_IRQHandler
                0x0000000008000fc0                TIM15_IRQHandler
                0x0000000008000fc0                I2C3_EV_IRQHandler
                0x0000000008000fc0                DFSDM2_IRQHandler
                0x0000000008000fc0                EXTI9_5_IRQHandler
                0x0000000008000fc0                RTC_WKUP_IRQHandler
                0x0000000008000fc0                LTDC_IRQHandler
                0x0000000008000fc0                SPDIF_RX_IRQHandler
                0x0000000008000fc0                PVD_PVM_IRQHandler
                0x0000000008000fc0                SPI2_IRQHandler
                0x0000000008000fc0                OTG_HS_EP1_IN_IRQHandler
                0x0000000008000fc0                DFSDM1_FLT5_IRQHandler
                0x0000000008000fc0                DMA1_Stream0_IRQHandler
                0x0000000008000fc0                CRS_IRQHandler
                0x0000000008000fc0                EXTI4_IRQHandler
                0x0000000008000fc0                DFSDM1_FLT6_IRQHandler
                0x0000000008000fc0                RNG_IRQHandler
                0x0000000008000fc0                FDCAN2_IT1_IRQHandler
                0x0000000008000fc0                COMP_IRQHandler
                0x0000000008000fc0                TIM1_UP_IRQHandler
                0x0000000008000fc0                OTG_HS_EP1_OUT_IRQHandler
                0x0000000008000fc0                WWDG_IRQHandler
                0x0000000008000fc0                SPI6_IRQHandler
                0x0000000008000fc0                MDIOS_IRQHandler
                0x0000000008000fc0                I2C4_EV_IRQHandler
                0x0000000008000fc0                FDCAN2_IT0_IRQHandler
                0x0000000008000fc0                LPUART1_IRQHandler
                0x0000000008000fc0                FDCAN1_IT0_IRQHandler
                0x0000000008000fc0                TIM2_IRQHandler
                0x0000000008000fc0                BDMA2_Channel5_IRQHandler
                0x0000000008000fc0                OTG_HS_IRQHandler
                0x0000000008000fc0                DMA2D_IRQHandler
                0x0000000008000fc0                TIM1_BRK_IRQHandler
                0x0000000008000fc0                EXTI1_IRQHandler
                0x0000000008000fc0                SDMMC2_IRQHandler
                0x0000000008000fc0                DTS_IRQHandler
                0x0000000008000fc0                UART7_IRQHandler
                0x0000000008000fc0                MDIOS_WKUP_IRQHandler
                0x0000000008000fc0                USART2_IRQHandler
                0x0000000008000fc0                DFSDM1_FLT0_IRQHandler
                0x0000000008000fc0                I2C2_ER_IRQHandler
                0x0000000008000fc0                DMA2_Stream1_IRQHandler
                0x0000000008000fc0                DFSDM1_FLT7_IRQHandler
                0x0000000008000fc0                FLASH_IRQHandler
                0x0000000008000fc0                DMA2_Stream4_IRQHandler
                0x0000000008000fc0                USART1_IRQHandler
                0x0000000008000fc0                SPI3_IRQHandler
                0x0000000008000fc0                WAKEUP_PIN_IRQHandler
                0x0000000008000fc0                DMA1_Stream4_IRQHandler
                0x0000000008000fc0                I2C1_ER_IRQHandler
                0x0000000008000fc0                FMC_IRQHandler
                0x0000000008000fc0                BDMA2_Channel7_IRQHandler
                0x0000000008000fc0                FDCAN_CAL_IRQHandler
                0x0000000008000fc0                SWPMI1_IRQHandler
                0x0000000008000fc0                LPTIM1_IRQHandler
                0x0000000008000fc0                DCMI_PSSI_IRQHandler
                0x0000000008000fc0                I2C4_ER_IRQHandler
                0x0000000008000fc0                DMA2_Stream6_IRQHandler
                0x0000000008000fc0                SAI1_IRQHandler
                0x0000000008000fc0                DMA1_Stream3_IRQHandler
                0x0000000008000fc0                RTC_TAMP_STAMP_CSS_LSE_IRQHandler
                0x0000000008000fc0                BDMA2_Channel4_IRQHandler
 *fill*         0x0000000008000fc2        0x2 
 .text.HAL_Init
                0x0000000008000fc4       0x78 ./Drivers/STM32H7xx_HAL_Driver/Src/stm32h7xx_hal.o
                0x0000000008000fc4                HAL_Init
 .text.HAL_IncTick
                0x000000000800103c       0x28 ./Drivers/STM32H7xx_HAL_Driver/Src/stm32h7xx_hal.o
                0x000000000800103c                HAL_IncTick
 .text.HAL_GetTick
                0x0000000008001064       0x18 ./Drivers/STM32H7xx_HAL_Driver/Src/stm32h7xx_hal.o
                0x0000000008001064                HAL_GetTick
 .text.__NVIC_SetPriorityGrouping
                0x000000000800107c       0x48 ./Drivers/STM32H7xx_HAL_Driver/Src/stm32h7xx_hal_cortex.o
 .text.__NVIC_GetPriorityGrouping
                0x00000000080010c4       0x1c ./Drivers/STM32H7xx_HAL_Driver/Src/stm32h7xx_hal_cortex.o
 .text.__NVIC_EnableIRQ
                0x00000000080010e0       0x3c ./Drivers/STM32H7xx_HAL_Driver/Src/stm32h7xx_hal_cortex.o
 .text.__NVIC_SetPriority
                0x000000000800111c       0x54 ./Drivers/STM32H7xx_HAL_Driver/Src/stm32h7xx_hal_cortex.o
 .text.NVIC_EncodePriority
                0x0000000008001170       0x66 ./Drivers/STM32H7xx_HAL_Driver/Src/stm32h7xx_hal_cortex.o
 .text.HAL_NVIC_SetPriorityGrouping
                0x00000000080011d6       0x16 ./Drivers/STM32H7xx_HAL_Driver/Src/stm32h7xx_hal_cortex.o
                0x00000000080011d6                HAL_NVIC_SetPriorityGrouping
 .text.HAL_NVIC_SetPriority
                0x00000000080011ec       0x34 ./Drivers/STM32H7xx_HAL_Driver/Src/stm32h7xx_hal_cortex.o
                0x00000000080011ec                HAL_NVIC_SetPriority
 .text.HAL_NVIC_EnableIRQ
                0x0000000008001220       0x1c ./Drivers/STM32H7xx_HAL_Driver/Src/stm32h7xx_hal_cortex.o
                0x0000000008001220                HAL_NVIC_EnableIRQ
 .text.HAL_GPIO_Init
                0x000000000800123c      0x360 ./Drivers/STM32H7xx_HAL_Driver/Src/stm32h7xx_hal_gpio.o
                0x000000000800123c                HAL_GPIO_Init
 .text.HAL_GPIO_WritePin
                0x000000000800159c       0x32 ./Drivers/STM32H7xx_HAL_Driver/Src/stm32h7xx_hal_gpio.o
                0x000000000800159c                HAL_GPIO_WritePin
 *fill*         0x00000000080015ce        0x2 
 .text.HAL_PWREx_ConfigSupply
                0x00000000080015d0       0xb4 ./Drivers/STM32H7xx_HAL_Driver/Src/stm32h7xx_hal_pwr_ex.o
                0x00000000080015d0                HAL_PWREx_ConfigSupply
 .text.HAL_RCC_OscConfig
                0x0000000008001684      0x864 ./Drivers/STM32H7xx_HAL_Driver/Src/stm32h7xx_hal_rcc.o
                0x0000000008001684                HAL_RCC_OscConfig
 .text.HAL_RCC_ClockConfig
                0x0000000008001ee8      0x36c ./Drivers/STM32H7xx_HAL_Driver/Src/stm32h7xx_hal_rcc.o
                0x0000000008001ee8                HAL_RCC_ClockConfig
 .text.HAL_RCC_GetSysClockFreq
                0x0000000008002254      0x2f4 ./Drivers/STM32H7xx_HAL_Driver/Src/stm32h7xx_hal_rcc.o
                0x0000000008002254                HAL_RCC_GetSysClockFreq
 .text.HAL_RCC_GetHCLKFreq
                0x0000000008002548       0x60 ./Drivers/STM32H7xx_HAL_Driver/Src/stm32h7xx_hal_rcc.o
                0x0000000008002548                HAL_RCC_GetHCLKFreq
 .text.HAL_RCC_GetPCLK1Freq
                0x00000000080025a8       0x2c ./Drivers/STM32H7xx_HAL_Driver/Src/stm32h7xx_hal_rcc.o
                0x00000000080025a8                HAL_RCC_GetPCLK1Freq
 .text.HAL_RCC_GetPCLK2Freq
                0x00000000080025d4       0x2c ./Drivers/STM32H7xx_HAL_Driver/Src/stm32h7xx_hal_rcc.o
                0x00000000080025d4                HAL_RCC_GetPCLK2Freq
 .text.HAL_RCC_GetClockConfig
                0x0000000008002600       0x84 ./Drivers/STM32H7xx_HAL_Driver/Src/stm32h7xx_hal_rcc.o
                0x0000000008002600                HAL_RCC_GetClockConfig
 .text.HAL_RCCEx_PeriphCLKConfig
                0x0000000008002684     0x137c ./Drivers/STM32H7xx_HAL_Driver/Src/stm32h7xx_hal_rcc_ex.o
                0x0000000008002684                HAL_RCCEx_PeriphCLKConfig
 .text.HAL_RCCEx_GetD3PCLK1Freq
                0x0000000008003a00       0x2c ./Drivers/STM32H7xx_HAL_Driver/Src/stm32h7xx_hal_rcc_ex.o
                0x0000000008003a00                HAL_RCCEx_GetD3PCLK1Freq
 .text.HAL_RCCEx_GetPLL2ClockFreq
                0x0000000008003a2c      0x2a8 ./Drivers/STM32H7xx_HAL_Driver/Src/stm32h7xx_hal_rcc_ex.o
                0x0000000008003a2c                HAL_RCCEx_GetPLL2ClockFreq
 .text.HAL_RCCEx_GetPLL3ClockFreq
                0x0000000008003cd4      0x2a8 ./Drivers/STM32H7xx_HAL_Driver/Src/stm32h7xx_hal_rcc_ex.o
                0x0000000008003cd4                HAL_RCCEx_GetPLL3ClockFreq
 .text.RCCEx_PLL2_Config
                0x0000000008003f7c      0x164 ./Drivers/STM32H7xx_HAL_Driver/Src/stm32h7xx_hal_rcc_ex.o
 .text.RCCEx_PLL3_Config
                0x00000000080040e0      0x164 ./Drivers/STM32H7xx_HAL_Driver/Src/stm32h7xx_hal_rcc_ex.o
 .text.HAL_TIM_Base_Init
                0x0000000008004244       0xae ./Drivers/STM32H7xx_HAL_Driver/Src/stm32h7xx_hal_tim.o
                0x0000000008004244                HAL_TIM_Base_Init
 .text.HAL_TIM_Base_MspInit
                0x00000000080042f2       0x14 ./Drivers/STM32H7xx_HAL_Driver/Src/stm32h7xx_hal_tim.o
                0x00000000080042f2                HAL_TIM_Base_MspInit
 *fill*         0x0000000008004306        0x2 
 .text.HAL_TIM_Base_Start_IT
                0x0000000008004308       0xf0 ./Drivers/STM32H7xx_HAL_Driver/Src/stm32h7xx_hal_tim.o
                0x0000000008004308                HAL_TIM_Base_Start_IT
 .text.HAL_TIM_IRQHandler
                0x00000000080043f8      0x23e ./Drivers/STM32H7xx_HAL_Driver/Src/stm32h7xx_hal_tim.o
                0x00000000080043f8                HAL_TIM_IRQHandler
 .text.HAL_TIM_OC_DelayElapsedCallback
                0x0000000008004636       0x14 ./Drivers/STM32H7xx_HAL_Driver/Src/stm32h7xx_hal_tim.o
                0x0000000008004636                HAL_TIM_OC_DelayElapsedCallback
 .text.HAL_TIM_IC_CaptureCallback
                0x000000000800464a       0x14 ./Drivers/STM32H7xx_HAL_Driver/Src/stm32h7xx_hal_tim.o
                0x000000000800464a                HAL_TIM_IC_CaptureCallback
 .text.HAL_TIM_PWM_PulseFinishedCallback
                0x000000000800465e       0x14 ./Drivers/STM32H7xx_HAL_Driver/Src/stm32h7xx_hal_tim.o
                0x000000000800465e                HAL_TIM_PWM_PulseFinishedCallback
 .text.HAL_TIM_TriggerCallback
                0x0000000008004672       0x14 ./Drivers/STM32H7xx_HAL_Driver/Src/stm32h7xx_hal_tim.o
                0x0000000008004672                HAL_TIM_TriggerCallback
 *fill*         0x0000000008004686        0x2 
 .text.TIM_Base_SetConfig
                0x0000000008004688      0x134 ./Drivers/STM32H7xx_HAL_Driver/Src/stm32h7xx_hal_tim.o
                0x0000000008004688                TIM_Base_SetConfig
 .text.HAL_TIMEx_CommutCallback
                0x00000000080047bc       0x14 ./Drivers/STM32H7xx_HAL_Driver/Src/stm32h7xx_hal_tim_ex.o
                0x00000000080047bc                HAL_TIMEx_CommutCallback
 .text.HAL_TIMEx_BreakCallback
                0x00000000080047d0       0x14 ./Drivers/STM32H7xx_HAL_Driver/Src/stm32h7xx_hal_tim_ex.o
                0x00000000080047d0                HAL_TIMEx_BreakCallback
 .text.HAL_TIMEx_Break2Callback
                0x00000000080047e4       0x14 ./Drivers/STM32H7xx_HAL_Driver/Src/stm32h7xx_hal_tim_ex.o
                0x00000000080047e4                HAL_TIMEx_Break2Callback
 .text.HAL_UART_Init
                0x00000000080047f8       0xa0 ./Drivers/STM32H7xx_HAL_Driver/Src/stm32h7xx_hal_uart.o
                0x00000000080047f8                HAL_UART_Init
 .text.UART_SetConfig
                0x0000000008004898      0xcd8 ./Drivers/STM32H7xx_HAL_Driver/Src/stm32h7xx_hal_uart.o
                0x0000000008004898                UART_SetConfig
 .text.UART_AdvFeatureConfig
                0x0000000008005570      0x144 ./Drivers/STM32H7xx_HAL_Driver/Src/stm32h7xx_hal_uart.o
                0x0000000008005570                UART_AdvFeatureConfig
 .text.UART_CheckIdleState
                0x00000000080056b4      0x154 ./Drivers/STM32H7xx_HAL_Driver/Src/stm32h7xx_hal_uart.o
                0x00000000080056b4                UART_CheckIdleState
 .text.UART_WaitOnFlagUntilTimeout
                0x0000000008005808       0xce ./Drivers/STM32H7xx_HAL_Driver/Src/stm32h7xx_hal_uart.o
                0x0000000008005808                UART_WaitOnFlagUntilTimeout
 *fill*         0x00000000080058d6        0x2 
 .text.UART_EndRxTransfer
                0x00000000080058d8       0xcc ./Drivers/STM32H7xx_HAL_Driver/Src/stm32h7xx_hal_uart.o
 .text.HAL_UARTEx_DisableFifoMode
                0x00000000080059a4       0x72 ./Drivers/STM32H7xx_HAL_Driver/Src/stm32h7xx_hal_uart_ex.o
                0x00000000080059a4                HAL_UARTEx_DisableFifoMode
 .text.HAL_UARTEx_SetTxFifoThreshold
                0x0000000008005a16       0x7c ./Drivers/STM32H7xx_HAL_Driver/Src/stm32h7xx_hal_uart_ex.o
                0x0000000008005a16                HAL_UARTEx_SetTxFifoThreshold
 .text.HAL_UARTEx_SetRxFifoThreshold
                0x0000000008005a92       0x7c ./Drivers/STM32H7xx_HAL_Driver/Src/stm32h7xx_hal_uart_ex.o
                0x0000000008005a92                HAL_UARTEx_SetRxFifoThreshold
 *fill*         0x0000000008005b0e        0x2 
 .text.UARTEx_SetNbDataToProcess
                0x0000000008005b10       0x9c ./Drivers/STM32H7xx_HAL_Driver/Src/stm32h7xx_hal_uart_ex.o
 .text.vListInitialise
                0x0000000008005bac       0x40 ./Third_party/FreeRTOS/list.o
                0x0000000008005bac                vListInitialise
 .text.vListInitialiseItem
                0x0000000008005bec       0x1a ./Third_party/FreeRTOS/list.o
                0x0000000008005bec                vListInitialiseItem
 .text.vListInsert
                0x0000000008005c06       0x72 ./Third_party/FreeRTOS/list.o
                0x0000000008005c06                vListInsert
 .text.uxListRemove
                0x0000000008005c78       0x54 ./Third_party/FreeRTOS/list.o
                0x0000000008005c78                uxListRemove
 .text.xQueueGenericReset
                0x0000000008005ccc      0x104 ./Third_party/FreeRTOS/queue.o
                0x0000000008005ccc                xQueueGenericReset
 .text.xQueueGenericCreate
                0x0000000008005dd0       0x9c ./Third_party/FreeRTOS/queue.o
                0x0000000008005dd0                xQueueGenericCreate
 .text.prvInitialiseNewQueue
                0x0000000008005e6c       0x52 ./Third_party/FreeRTOS/queue.o
 *fill*         0x0000000008005ebe        0x2 
 .text.xQueueReceive
                0x0000000008005ec0      0x20c ./Third_party/FreeRTOS/queue.o
                0x0000000008005ec0                xQueueReceive
 .text.prvCopyDataFromQueue
                0x00000000080060cc       0x4c ./Third_party/FreeRTOS/queue.o
 .text.prvUnlockQueue
                0x0000000008006118       0xa4 ./Third_party/FreeRTOS/queue.o
 .text.prvIsQueueEmpty
                0x00000000080061bc       0x2c ./Third_party/FreeRTOS/queue.o
 .text.vQueueAddToRegistry
                0x00000000080061e8       0xac ./Third_party/FreeRTOS/queue.o
                0x00000000080061e8                vQueueAddToRegistry
 .text.vQueueWaitForMessageRestricted
                0x0000000008006294       0x68 ./Third_party/FreeRTOS/queue.o
                0x0000000008006294                vQueueWaitForMessageRestricted
 .text.xTaskCreate
                0x00000000080062fc       0x8c ./Third_party/FreeRTOS/tasks.o
                0x00000000080062fc                xTaskCreate
 .text.prvInitialiseNewTask
                0x0000000008006388      0x11c ./Third_party/FreeRTOS/tasks.o
 .text.prvAddNewTaskToReadyList
                0x00000000080064a4      0x14c ./Third_party/FreeRTOS/tasks.o
 .text.vTaskStartScheduler
                0x00000000080065f0       0xc4 ./Third_party/FreeRTOS/tasks.o
                0x00000000080065f0                vTaskStartScheduler
 .text.vTaskSuspendAll
                0x00000000080066b4       0x1c ./Third_party/FreeRTOS/tasks.o
                0x00000000080066b4                vTaskSuspendAll
 .text.xTaskResumeAll
                0x00000000080066d0      0x1e4 ./Third_party/FreeRTOS/tasks.o
                0x00000000080066d0                xTaskResumeAll
 .text.xTaskGetTickCount
                0x00000000080068b4       0x20 ./Third_party/FreeRTOS/tasks.o
                0x00000000080068b4                xTaskGetTickCount
 .text.xTaskGetTickCountFromISR
                0x00000000080068d4       0x24 ./Third_party/FreeRTOS/tasks.o
                0x00000000080068d4                xTaskGetTickCountFromISR
 .text.xTaskIncrementTick
                0x00000000080068f8      0x1f0 ./Third_party/FreeRTOS/tasks.o
                0x00000000080068f8                xTaskIncrementTick
 .text.vTaskSwitchContext
                0x0000000008006ae8       0xd8 ./Third_party/FreeRTOS/tasks.o
                0x0000000008006ae8                vTaskSwitchContext
 .text.vTaskPlaceOnEventList
                0x0000000008006bc0       0x48 ./Third_party/FreeRTOS/tasks.o
                0x0000000008006bc0                vTaskPlaceOnEventList
 .text.vTaskPlaceOnEventListRestricted
                0x0000000008006c08       0x90 ./Third_party/FreeRTOS/tasks.o
                0x0000000008006c08                vTaskPlaceOnEventListRestricted
 .text.xTaskRemoveFromEventList
                0x0000000008006c98      0x1b4 ./Third_party/FreeRTOS/tasks.o
                0x0000000008006c98                xTaskRemoveFromEventList
 .text.vTaskInternalSetTimeOutState
                0x0000000008006e4c       0x2c ./Third_party/FreeRTOS/tasks.o
                0x0000000008006e4c                vTaskInternalSetTimeOutState
 .text.xTaskCheckForTimeOut
                0x0000000008006e78       0xcc ./Third_party/FreeRTOS/tasks.o
                0x0000000008006e78                xTaskCheckForTimeOut
 .text.vTaskMissedYield
                0x0000000008006f44       0x18 ./Third_party/FreeRTOS/tasks.o
                0x0000000008006f44                vTaskMissedYield
 .text.prvIdleTask
                0x0000000008006f5c       0x24 ./Third_party/FreeRTOS/tasks.o
 .text.prvInitialiseTaskLists
                0x0000000008006f80       0x80 ./Third_party/FreeRTOS/tasks.o
 .text.prvCheckTasksWaitingTermination
                0x0000000008007000       0x5c ./Third_party/FreeRTOS/tasks.o
 .text.prvTaskCheckFreeStackSpace
                0x000000000800705c       0x38 ./Third_party/FreeRTOS/tasks.o
 .text.uxTaskGetStackHighWaterMark
                0x0000000008007094       0x38 ./Third_party/FreeRTOS/tasks.o
                0x0000000008007094                uxTaskGetStackHighWaterMark
 .text.prvDeleteTCB
                0x00000000080070cc       0x20 ./Third_party/FreeRTOS/tasks.o
 .text.prvResetNextTaskUnblockTime
                0x00000000080070ec       0x38 ./Third_party/FreeRTOS/tasks.o
 .text.xTaskGetSchedulerState
                0x0000000008007124       0x3c ./Third_party/FreeRTOS/tasks.o
                0x0000000008007124                xTaskGetSchedulerState
 .text.prvAddCurrentTaskToDelayedList
                0x0000000008007160       0xdc ./Third_party/FreeRTOS/tasks.o
 .text.xTimerCreateTimerTask
                0x000000000800723c       0x64 ./Third_party/FreeRTOS/timers.o
                0x000000000800723c                xTimerCreateTimerTask
 .text.prvReloadTimer
                0x00000000080072a0       0x42 ./Third_party/FreeRTOS/timers.o
 *fill*         0x00000000080072e2        0x2 
 .text.prvProcessExpiredTimer
                0x00000000080072e4       0x60 ./Third_party/FreeRTOS/timers.o
 .text.prvTimerTask
                0x0000000008007344       0x24 ./Third_party/FreeRTOS/timers.o
 .text.prvProcessTimerOrBlockTask
                0x0000000008007368       0x9c ./Third_party/FreeRTOS/timers.o
 .text.prvGetNextExpireTime
                0x0000000008007404       0x48 ./Third_party/FreeRTOS/timers.o
 .text.prvSampleTimeNow
                0x000000000800744c       0x40 ./Third_party/FreeRTOS/timers.o
 .text.prvInsertTimerInActiveList
                0x000000000800748c       0x84 ./Third_party/FreeRTOS/timers.o
 .text.prvProcessReceivedCommands
                0x0000000008007510      0x1b4 ./Third_party/FreeRTOS/timers.o
 .text.prvSwitchTimerLists
                0x00000000080076c4       0x4c ./Third_party/FreeRTOS/timers.o
 .text.prvCheckForValidListAndQueue
                0x0000000008007710       0x6c ./Third_party/FreeRTOS/timers.o
 .text.pxPortInitialiseStack
                0x000000000800777c       0x68 ./Third_party/FreeRTOS/portable/GCC/ARM_CM4F/port.o
                0x000000000800777c                pxPortInitialiseStack
 .text.prvTaskExitError
                0x00000000080077e4       0x58 ./Third_party/FreeRTOS/portable/GCC/ARM_CM4F/port.o
 *fill*         0x000000000800783c        0x4 
 .text.SVC_Handler
                0x0000000008007840       0x28 ./Third_party/FreeRTOS/portable/GCC/ARM_CM4F/port.o
                0x0000000008007840                SVC_Handler
 .text.prvPortStartFirstTask
                0x0000000008007868       0x2c ./Third_party/FreeRTOS/portable/GCC/ARM_CM4F/port.o
 .text.xPortStartScheduler
                0x0000000008007894      0x144 ./Third_party/FreeRTOS/portable/GCC/ARM_CM4F/port.o
                0x0000000008007894                xPortStartScheduler
 .text.vInitPrioGroupValue
                0x00000000080079d8       0xfc ./Third_party/FreeRTOS/portable/GCC/ARM_CM4F/port.o
                0x00000000080079d8                vInitPrioGroupValue
 .text.vPortEnterCritical
                0x0000000008007ad4       0x60 ./Third_party/FreeRTOS/portable/GCC/ARM_CM4F/port.o
                0x0000000008007ad4                vPortEnterCritical
 .text.vPortExitCritical
                0x0000000008007b34       0x54 ./Third_party/FreeRTOS/portable/GCC/ARM_CM4F/port.o
                0x0000000008007b34                vPortExitCritical
 *fill*         0x0000000008007b88        0x8 
 .text.PendSV_Handler
                0x0000000008007b90       0x68 ./Third_party/FreeRTOS/portable/GCC/ARM_CM4F/port.o
                0x0000000008007b90                PendSV_Handler
 .text.SysTick_Handler
                0x0000000008007bf8       0x54 ./Third_party/FreeRTOS/portable/GCC/ARM_CM4F/port.o
                0x0000000008007bf8                SysTick_Handler
 .text.vPortSetupTimerInterrupt
                0x0000000008007c4c       0x48 ./Third_party/FreeRTOS/portable/GCC/ARM_CM4F/port.o
                0x0000000008007c4c                vPortSetupTimerInterrupt
 .text.vPortEnableVFP
                0x0000000008007c94       0x18 ./Third_party/FreeRTOS/portable/GCC/ARM_CM4F/port.o
 .text.vPortValidateInterruptPriority
                0x0000000008007cac       0x80 ./Third_party/FreeRTOS/portable/GCC/ARM_CM4F/port.o
                0x0000000008007cac                vPortValidateInterruptPriority
 .text.pvPortMalloc
                0x0000000008007d2c      0x174 ./Third_party/FreeRTOS/portable/MemMang/heap_4.o
                0x0000000008007d2c                pvPortMalloc
 .text.vPortFree
                0x0000000008007ea0       0xb8 ./Third_party/FreeRTOS/portable/MemMang/heap_4.o
                0x0000000008007ea0                vPortFree
 .text.prvHeapInit
                0x0000000008007f58       0xb8 ./Third_party/FreeRTOS/portable/MemMang/heap_4.o
 .text.prvInsertBlockIntoFreeList
                0x0000000008008010       0xb4 ./Third_party/FreeRTOS/portable/MemMang/heap_4.o
 .text._cbSendSystemDesc
                0x00000000080080c4       0x1c ./Third_party/SEGGER/Config/SEGGER_SYSVIEW_Config_FreeRTOS.o
 .text.SEGGER_SYSVIEW_Conf
                0x00000000080080e0       0x2c ./Third_party/SEGGER/Config/SEGGER_SYSVIEW_Config_FreeRTOS.o
                0x00000000080080e0                SEGGER_SYSVIEW_Conf
 .text._cbSendTaskList
                0x000000000800810c       0xbc ./Third_party/SEGGER/OS/SEGGER_SYSVIEW_FreeRTOS.o
 .text._cbGetTime
                0x00000000080081c8       0x86 ./Third_party/SEGGER/OS/SEGGER_SYSVIEW_FreeRTOS.o
 *fill*         0x000000000800824e        0x2 
 .text.SYSVIEW_AddTask
                0x0000000008008250       0xd0 ./Third_party/SEGGER/OS/SEGGER_SYSVIEW_FreeRTOS.o
                0x0000000008008250                SYSVIEW_AddTask
 .text.SYSVIEW_SendTaskInfo
                0x0000000008008320       0x42 ./Third_party/SEGGER/OS/SEGGER_SYSVIEW_FreeRTOS.o
                0x0000000008008320                SYSVIEW_SendTaskInfo
 *fill*         0x0000000008008362        0x2 
 .text.__NVIC_EnableIRQ
                0x0000000008008364       0x3c ./Third_party/SEGGER/Rec/segger_uart.o
 .text.__NVIC_SetPriority
                0x00000000080083a0       0x54 ./Third_party/SEGGER/Rec/segger_uart.o
 .text._StartSysView
                0x00000000080083f4       0x1e ./Third_party/SEGGER/Rec/segger_uart.o
 *fill*         0x0000000008008412        0x2 
 .text._cbOnUARTRx
                0x0000000008008414       0x40 ./Third_party/SEGGER/Rec/segger_uart.o
 .text._cbOnUARTTx
                0x0000000008008454       0x64 ./Third_party/SEGGER/Rec/segger_uart.o
 .text.SEGGER_UART_init
                0x00000000080084b8       0x24 ./Third_party/SEGGER/Rec/segger_uart.o
                0x00000000080084b8                SEGGER_UART_init
 .text.USART3_IRQHandler
                0x00000000080084dc       0x98 ./Third_party/SEGGER/Rec/segger_uart.o
                0x00000000080084dc                USART3_IRQHandler
 .text.HIF_UART_EnableTXEInterrupt
                0x0000000008008574       0x20 ./Third_party/SEGGER/Rec/segger_uart.o
                0x0000000008008574                HIF_UART_EnableTXEInterrupt
 .text.HIF_UART_Init
                0x0000000008008594       0xf4 ./Third_party/SEGGER/Rec/segger_uart.o
                0x0000000008008594                HIF_UART_Init
 .text._DoInit  0x0000000008008688       0xb4 ./Third_party/SEGGER/SEGGER/SEGGER_RTT.o
 .text._WriteBlocking
                0x000000000800873c       0xba ./Third_party/SEGGER/SEGGER/SEGGER_RTT.o
 .text._WriteNoCheck
                0x00000000080087f6       0x90 ./Third_party/SEGGER/SEGGER/SEGGER_RTT.o
 .text._GetAvailWriteSpace
                0x0000000008008886       0x46 ./Third_party/SEGGER/SEGGER/SEGGER_RTT.o
 .text.SEGGER_RTT_ReadUpBufferNoLock
                0x00000000080088cc      0x10c ./Third_party/SEGGER/SEGGER/SEGGER_RTT.o
                0x00000000080088cc                SEGGER_RTT_ReadUpBufferNoLock
 .text.SEGGER_RTT_ReadNoLock
                0x00000000080089d8      0x10c ./Third_party/SEGGER/SEGGER/SEGGER_RTT.o
                0x00000000080089d8                SEGGER_RTT_ReadNoLock
 .text.SEGGER_RTT_WriteDownBufferNoLock
                0x0000000008008ae4       0xa0 ./Third_party/SEGGER/SEGGER/SEGGER_RTT.o
                0x0000000008008ae4                SEGGER_RTT_WriteDownBufferNoLock
 .text.SEGGER_RTT_WriteDownBuffer
                0x0000000008008b84       0x4c ./Third_party/SEGGER/SEGGER/SEGGER_RTT.o
                0x0000000008008b84                SEGGER_RTT_WriteDownBuffer
 .text.SEGGER_RTT_AllocUpBuffer
                0x0000000008008bd0      0x108 ./Third_party/SEGGER/SEGGER/SEGGER_RTT.o
                0x0000000008008bd0                SEGGER_RTT_AllocUpBuffer
 .text.SEGGER_RTT_ConfigDownBuffer
                0x0000000008008cd8       0x98 ./Third_party/SEGGER/SEGGER/SEGGER_RTT.o
                0x0000000008008cd8                SEGGER_RTT_ConfigDownBuffer
 .text._EncodeStr
                0x0000000008008d70       0xa0 ./Third_party/SEGGER/SEGGER/SEGGER_SYSVIEW.o
 .text._PreparePacket
                0x0000000008008e10       0x18 ./Third_party/SEGGER/SEGGER/SEGGER_SYSVIEW.o
 .text._HandleIncomingPacket
                0x0000000008008e28       0xe0 ./Third_party/SEGGER/SEGGER/SEGGER_SYSVIEW.o
 .text._TrySendOverflowPacket
                0x0000000008008f08       0xe8 ./Third_party/SEGGER/SEGGER/SEGGER_SYSVIEW.o
 .text._SendPacket
                0x0000000008008ff0      0x2e0 ./Third_party/SEGGER/SEGGER/SEGGER_SYSVIEW.o
 .text._StoreChar
                0x00000000080092d0       0xf6 ./Third_party/SEGGER/SEGGER/SEGGER_SYSVIEW.o
 *fill*         0x00000000080093c6        0x2 
 .text._PrintUnsigned
                0x00000000080093c8      0x12c ./Third_party/SEGGER/SEGGER/SEGGER_SYSVIEW.o
 .text._PrintInt
                0x00000000080094f4      0x11e ./Third_party/SEGGER/SEGGER/SEGGER_SYSVIEW.o
 *fill*         0x0000000008009612        0x2 
 .text._VPrintTarget
                0x0000000008009614      0x3f0 ./Third_party/SEGGER/SEGGER/SEGGER_SYSVIEW.o
 .text.SEGGER_SYSVIEW_Init
                0x0000000008009a04       0x88 ./Third_party/SEGGER/SEGGER/SEGGER_SYSVIEW.o
                0x0000000008009a04                SEGGER_SYSVIEW_Init
 .text.SEGGER_SYSVIEW_SetRAMBase
                0x0000000008009a8c       0x20 ./Third_party/SEGGER/SEGGER/SEGGER_SYSVIEW.o
                0x0000000008009a8c                SEGGER_SYSVIEW_SetRAMBase
 .text.SEGGER_SYSVIEW_RecordVoid
                0x0000000008009aac       0x3c ./Third_party/SEGGER/SEGGER/SEGGER_SYSVIEW.o
                0x0000000008009aac                SEGGER_SYSVIEW_RecordVoid
 .text.SEGGER_SYSVIEW_RecordU32
                0x0000000008009ae8       0x78 ./Third_party/SEGGER/SEGGER/SEGGER_SYSVIEW.o
                0x0000000008009ae8                SEGGER_SYSVIEW_RecordU32
 .text.SEGGER_SYSVIEW_RecordU32x2
                0x0000000008009b60       0xb4 ./Third_party/SEGGER/SEGGER/SEGGER_SYSVIEW.o
                0x0000000008009b60                SEGGER_SYSVIEW_RecordU32x2
 .text.SEGGER_SYSVIEW_RecordU32x3
                0x0000000008009c14       0xec ./Third_party/SEGGER/SEGGER/SEGGER_SYSVIEW.o
                0x0000000008009c14                SEGGER_SYSVIEW_RecordU32x3
 .text.SEGGER_SYSVIEW_RecordU32x4
                0x0000000008009d00      0x124 ./Third_party/SEGGER/SEGGER/SEGGER_SYSVIEW.o
                0x0000000008009d00                SEGGER_SYSVIEW_RecordU32x4
 .text.SEGGER_SYSVIEW_Start
                0x0000000008009e24      0x178 ./Third_party/SEGGER/SEGGER/SEGGER_SYSVIEW.o
                0x0000000008009e24                SEGGER_SYSVIEW_Start
 .text.SEGGER_SYSVIEW_Stop
                0x0000000008009f9c       0x4c ./Third_party/SEGGER/SEGGER/SEGGER_SYSVIEW.o
                0x0000000008009f9c                SEGGER_SYSVIEW_Stop
 .text.SEGGER_SYSVIEW_GetSysDesc
                0x0000000008009fe8      0x134 ./Third_party/SEGGER/SEGGER/SEGGER_SYSVIEW.o
                0x0000000008009fe8                SEGGER_SYSVIEW_GetSysDesc
 .text.SEGGER_SYSVIEW_SendTaskInfo
                0x000000000800a11c      0x1c8 ./Third_party/SEGGER/SEGGER/SEGGER_SYSVIEW.o
                0x000000000800a11c                SEGGER_SYSVIEW_SendTaskInfo
 .text.SEGGER_SYSVIEW_SendTaskList
                0x000000000800a2e4       0x28 ./Third_party/SEGGER/SEGGER/SEGGER_SYSVIEW.o
                0x000000000800a2e4                SEGGER_SYSVIEW_SendTaskList
 .text.SEGGER_SYSVIEW_SendSysDesc
                0x000000000800a30c       0x48 ./Third_party/SEGGER/SEGGER/SEGGER_SYSVIEW.o
                0x000000000800a30c                SEGGER_SYSVIEW_SendSysDesc
 .text.SEGGER_SYSVIEW_RecordSystime
                0x000000000800a354       0x64 ./Third_party/SEGGER/SEGGER/SEGGER_SYSVIEW.o
                0x000000000800a354                SEGGER_SYSVIEW_RecordSystime
 .text.SEGGER_SYSVIEW_RecordEnterISR
                0x000000000800a3b8       0x84 ./Third_party/SEGGER/SEGGER/SEGGER_SYSVIEW.o
                0x000000000800a3b8                SEGGER_SYSVIEW_RecordEnterISR
 .text.SEGGER_SYSVIEW_RecordExitISR
                0x000000000800a43c       0x38 ./Third_party/SEGGER/SEGGER/SEGGER_SYSVIEW.o
                0x000000000800a43c                SEGGER_SYSVIEW_RecordExitISR
 .text.SEGGER_SYSVIEW_RecordExitISRToScheduler
                0x000000000800a474       0x38 ./Third_party/SEGGER/SEGGER/SEGGER_SYSVIEW.o
                0x000000000800a474                SEGGER_SYSVIEW_RecordExitISRToScheduler
 .text.SEGGER_SYSVIEW_OnIdle
                0x000000000800a4ac       0x38 ./Third_party/SEGGER/SEGGER/SEGGER_SYSVIEW.o
                0x000000000800a4ac                SEGGER_SYSVIEW_OnIdle
 .text.SEGGER_SYSVIEW_OnTaskCreate
                0x000000000800a4e4       0x84 ./Third_party/SEGGER/SEGGER/SEGGER_SYSVIEW.o
                0x000000000800a4e4                SEGGER_SYSVIEW_OnTaskCreate
 .text.SEGGER_SYSVIEW_OnTaskStartExec
                0x000000000800a568       0x84 ./Third_party/SEGGER/SEGGER/SEGGER_SYSVIEW.o
                0x000000000800a568                SEGGER_SYSVIEW_OnTaskStartExec
 .text.SEGGER_SYSVIEW_OnTaskStartReady
                0x000000000800a5ec       0x84 ./Third_party/SEGGER/SEGGER/SEGGER_SYSVIEW.o
                0x000000000800a5ec                SEGGER_SYSVIEW_OnTaskStartReady
 .text.SEGGER_SYSVIEW_ShrinkId
                0x000000000800a670       0x20 ./Third_party/SEGGER/SEGGER/SEGGER_SYSVIEW.o
                0x000000000800a670                SEGGER_SYSVIEW_ShrinkId
 .text.SEGGER_SYSVIEW_SendModule
                0x000000000800a690      0x100 ./Third_party/SEGGER/SEGGER/SEGGER_SYSVIEW.o
                0x000000000800a690                SEGGER_SYSVIEW_SendModule
 .text.SEGGER_SYSVIEW_SendModuleDescription
                0x000000000800a790       0x3c ./Third_party/SEGGER/SEGGER/SEGGER_SYSVIEW.o
                0x000000000800a790                SEGGER_SYSVIEW_SendModuleDescription
 .text.SEGGER_SYSVIEW_SendNumModules
                0x000000000800a7cc       0x7c ./Third_party/SEGGER/SEGGER/SEGGER_SYSVIEW.o
                0x000000000800a7cc                SEGGER_SYSVIEW_SendNumModules
 .text.SEGGER_SYSVIEW_PrintfTarget
                0x000000000800a848       0x28 ./Third_party/SEGGER/SEGGER/SEGGER_SYSVIEW.o
                0x000000000800a848                SEGGER_SYSVIEW_PrintfTarget
 .text.SEGGER_SYSVIEW_Warn
                0x000000000800a870       0xb8 ./Third_party/SEGGER/SEGGER/SEGGER_SYSVIEW.o
                0x000000000800a870                SEGGER_SYSVIEW_Warn
 .text.SEGGER_SYSVIEW_IsStarted
                0x000000000800a928       0x5c ./Third_party/SEGGER/SEGGER/SEGGER_SYSVIEW.o
                0x000000000800a928                SEGGER_SYSVIEW_IsStarted
 .text.__libc_init_array
                0x000000000800a984       0x48 c:/st/stm32cubeide_1.11.0/stm32cubeide/plugins/com.st.stm32cube.ide.mcu.externaltools.gnu-tools-for-stm32.10.3-2021.10.win32_1.0.100.202210260954/tools/bin/../lib/gcc/arm-none-eabi/10.3.1/../../../../arm-none-eabi/lib/thumb/v7e-m+dp/hard\libc_nano.a(lib_a-init.o)
                0x000000000800a984                __libc_init_array
 .text.memcmp   0x000000000800a9cc       0x20 c:/st/stm32cubeide_1.11.0/stm32cubeide/plugins/com.st.stm32cube.ide.mcu.externaltools.gnu-tools-for-stm32.10.3-2021.10.win32_1.0.100.202210260954/tools/bin/../lib/gcc/arm-none-eabi/10.3.1/../../../../arm-none-eabi/lib/thumb/v7e-m+dp/hard\libc_nano.a(lib_a-memcmp.o)
                0x000000000800a9cc                memcmp
 .text.memcpy   0x000000000800a9ec       0x1c c:/st/stm32cubeide_1.11.0/stm32cubeide/plugins/com.st.stm32cube.ide.mcu.externaltools.gnu-tools-for-stm32.10.3-2021.10.win32_1.0.100.202210260954/tools/bin/../lib/gcc/arm-none-eabi/10.3.1/../../../../arm-none-eabi/lib/thumb/v7e-m+dp/hard\libc_nano.a(lib_a-memcpy-stub.o)
                0x000000000800a9ec                memcpy
 .text.memset   0x000000000800aa08       0x10 c:/st/stm32cubeide_1.11.0/stm32cubeide/plugins/com.st.stm32cube.ide.mcu.externaltools.gnu-tools-for-stm32.10.3-2021.10.win32_1.0.100.202210260954/tools/bin/../lib/gcc/arm-none-eabi/10.3.1/../../../../arm-none-eabi/lib/thumb/v7e-m+dp/hard\libc_nano.a(lib_a-memset.o)
                0x000000000800aa08                memset
 .text.snprintf
                0x000000000800aa18       0x68 c:/st/stm32cubeide_1.11.0/stm32cubeide/plugins/com.st.stm32cube.ide.mcu.externaltools.gnu-tools-for-stm32.10.3-2021.10.win32_1.0.100.202210260954/tools/bin/../lib/gcc/arm-none-eabi/10.3.1/../../../../arm-none-eabi/lib/thumb/v7e-m+dp/hard\libc_nano.a(lib_a-snprintf.o)
                0x000000000800aa18                sniprintf
                0x000000000800aa18                snprintf
 .text.__ssputs_r
                0x000000000800aa80       0xb6 c:/st/stm32cubeide_1.11.0/stm32cubeide/plugins/com.st.stm32cube.ide.mcu.externaltools.gnu-tools-for-stm32.10.3-2021.10.win32_1.0.100.202210260954/tools/bin/../lib/gcc/arm-none-eabi/10.3.1/../../../../arm-none-eabi/lib/thumb/v7e-m+dp/hard\libc_nano.a(lib_a-nano-svfprintf.o)
                0x000000000800aa80                __ssputs_r
 *fill*         0x000000000800ab36        0x2 
 .text._svfprintf_r
                0x000000000800ab38      0x200 c:/st/stm32cubeide_1.11.0/stm32cubeide/plugins/com.st.stm32cube.ide.mcu.externaltools.gnu-tools-for-stm32.10.3-2021.10.win32_1.0.100.202210260954/tools/bin/../lib/gcc/arm-none-eabi/10.3.1/../../../../arm-none-eabi/lib/thumb/v7e-m+dp/hard\libc_nano.a(lib_a-nano-svfprintf.o)
                0x000000000800ab38                _svfiprintf_r
                0x000000000800ab38                _svfprintf_r
 .text._printf_common
                0x000000000800ad38       0xda c:/st/stm32cubeide_1.11.0/stm32cubeide/plugins/com.st.stm32cube.ide.mcu.externaltools.gnu-tools-for-stm32.10.3-2021.10.win32_1.0.100.202210260954/tools/bin/../lib/gcc/arm-none-eabi/10.3.1/../../../../arm-none-eabi/lib/thumb/v7e-m+dp/hard\libc_nano.a(lib_a-nano-vfprintf_i.o)
                0x000000000800ad38                _printf_common
 *fill*         0x000000000800ae12        0x2 
 .text._printf_i
                0x000000000800ae14      0x24c c:/st/stm32cubeide_1.11.0/stm32cubeide/plugins/com.st.stm32cube.ide.mcu.externaltools.gnu-tools-for-stm32.10.3-2021.10.win32_1.0.100.202210260954/tools/bin/../lib/gcc/arm-none-eabi/10.3.1/../../../../arm-none-eabi/lib/thumb/v7e-m+dp/hard\libc_nano.a(lib_a-nano-vfprintf_i.o)
                0x000000000800ae14                _printf_i
 .text.memmove  0x000000000800b060       0x34 c:/st/stm32cubeide_1.11.0/stm32cubeide/plugins/com.st.stm32cube.ide.mcu.externaltools.gnu-tools-for-stm32.10.3-2021.10.win32_1.0.100.202210260954/tools/bin/../lib/gcc/arm-none-eabi/10.3.1/../../../../arm-none-eabi/lib/thumb/v7e-m+dp/hard\libc_nano.a(lib_a-memmove.o)
                0x000000000800b060                memmove
 .text._free_r  0x000000000800b094       0x98 c:/st/stm32cubeide_1.11.0/stm32cubeide/plugins/com.st.stm32cube.ide.mcu.externaltools.gnu-tools-for-stm32.10.3-2021.10.win32_1.0.100.202210260954/tools/bin/../lib/gcc/arm-none-eabi/10.3.1/../../../../arm-none-eabi/lib/thumb/v7e-m+dp/hard\libc_nano.a(lib_a-nano-freer.o)
                0x000000000800b094                _free_r
 .text.sbrk_aligned
                0x000000000800b12c       0x40 c:/st/stm32cubeide_1.11.0/stm32cubeide/plugins/com.st.stm32cube.ide.mcu.externaltools.gnu-tools-for-stm32.10.3-2021.10.win32_1.0.100.202210260954/tools/bin/../lib/gcc/arm-none-eabi/10.3.1/../../../../arm-none-eabi/lib/thumb/v7e-m+dp/hard\libc_nano.a(lib_a-nano-mallocr.o)
 .text._malloc_r
                0x000000000800b16c       0xe8 c:/st/stm32cubeide_1.11.0/stm32cubeide/plugins/com.st.stm32cube.ide.mcu.externaltools.gnu-tools-for-stm32.10.3-2021.10.win32_1.0.100.202210260954/tools/bin/../lib/gcc/arm-none-eabi/10.3.1/../../../../arm-none-eabi/lib/thumb/v7e-m+dp/hard\libc_nano.a(lib_a-nano-mallocr.o)
                0x000000000800b16c                _malloc_r
 .text._realloc_r
                0x000000000800b254       0x5e c:/st/stm32cubeide_1.11.0/stm32cubeide/plugins/com.st.stm32cube.ide.mcu.externaltools.gnu-tools-for-stm32.10.3-2021.10.win32_1.0.100.202210260954/tools/bin/../lib/gcc/arm-none-eabi/10.3.1/../../../../arm-none-eabi/lib/thumb/v7e-m+dp/hard\libc_nano.a(lib_a-nano-reallocr.o)
                0x000000000800b254                _realloc_r
 *fill*         0x000000000800b2b2        0x2 
 .text._sbrk_r  0x000000000800b2b4       0x20 c:/st/stm32cubeide_1.11.0/stm32cubeide/plugins/com.st.stm32cube.ide.mcu.externaltools.gnu-tools-for-stm32.10.3-2021.10.win32_1.0.100.202210260954/tools/bin/../lib/gcc/arm-none-eabi/10.3.1/../../../../arm-none-eabi/lib/thumb/v7e-m+dp/hard\libc_nano.a(lib_a-sbrkr.o)
                0x000000000800b2b4                _sbrk_r
 .text.__malloc_lock
                0x000000000800b2d4        0xc c:/st/stm32cubeide_1.11.0/stm32cubeide/plugins/com.st.stm32cube.ide.mcu.externaltools.gnu-tools-for-stm32.10.3-2021.10.win32_1.0.100.202210260954/tools/bin/../lib/gcc/arm-none-eabi/10.3.1/../../../../arm-none-eabi/lib/thumb/v7e-m+dp/hard\libc_nano.a(lib_a-mlock.o)
                0x000000000800b2d4                __malloc_lock
 .text.__malloc_unlock
                0x000000000800b2e0        0xc c:/st/stm32cubeide_1.11.0/stm32cubeide/plugins/com.st.stm32cube.ide.mcu.externaltools.gnu-tools-for-stm32.10.3-2021.10.win32_1.0.100.202210260954/tools/bin/../lib/gcc/arm-none-eabi/10.3.1/../../../../arm-none-eabi/lib/thumb/v7e-m+dp/hard\libc_nano.a(lib_a-mlock.o)
                0x000000000800b2e0                __malloc_unlock
 .text._malloc_usable_size_r
                0x000000000800b2ec       0x10 c:/st/stm32cubeide_1.11.0/stm32cubeide/plugins/com.st.stm32cube.ide.mcu.externaltools.gnu-tools-for-stm32.10.3-2021.10.win32_1.0.100.202210260954/tools/bin/../lib/gcc/arm-none-eabi/10.3.1/../../../../arm-none-eabi/lib/thumb/v7e-m+dp/hard\libc_nano.a(lib_a-nano-msizer.o)
                0x000000000800b2ec                _malloc_usable_size_r
 .text.__retarget_lock_acquire_recursive
                0x000000000800b2fc        0x2 c:/st/stm32cubeide_1.11.0/stm32cubeide/plugins/com.st.stm32cube.ide.mcu.externaltools.gnu-tools-for-stm32.10.3-2021.10.win32_1.0.100.202210260954/tools/bin/../lib/gcc/arm-none-eabi/10.3.1/../../../../arm-none-eabi/lib/thumb/v7e-m+dp/hard\libc_nano.a(lib_a-lock.o)
                0x000000000800b2fc                __retarget_lock_acquire_recursive
 .text.__retarget_lock_release_recursive
                0x000000000800b2fe        0x2 c:/st/stm32cubeide_1.11.0/stm32cubeide/plugins/com.st.stm32cube.ide.mcu.externaltools.gnu-tools-for-stm32.10.3-2021.10.win32_1.0.100.202210260954/tools/bin/../lib/gcc/arm-none-eabi/10.3.1/../../../../arm-none-eabi/lib/thumb/v7e-m+dp/hard\libc_nano.a(lib_a-lock.o)
                0x000000000800b2fe                __retarget_lock_release_recursive
 .text._sbrk    0x000000000800b300       0x1c c:/st/stm32cubeide_1.11.0/stm32cubeide/plugins/com.st.stm32cube.ide.mcu.externaltools.gnu-tools-for-stm32.10.3-2021.10.win32_1.0.100.202210260954/tools/bin/../lib/gcc/arm-none-eabi/10.3.1/../../../../arm-none-eabi/lib/thumb/v7e-m+dp/hard\libnosys.a(sbrk.o)
                0x000000000800b300                _sbrk
 *(.glue_7)
 .glue_7        0x000000000800b31c        0x0 linker stubs
 *(.glue_7t)
 .glue_7t       0x000000000800b31c        0x0 linker stubs
 *(.eh_frame)
 .eh_frame      0x000000000800b31c        0x0 c:/st/stm32cubeide_1.11.0/stm32cubeide/plugins/com.st.stm32cube.ide.mcu.externaltools.gnu-tools-for-stm32.10.3-2021.10.win32_1.0.100.202210260954/tools/bin/../lib/gcc/arm-none-eabi/10.3.1/thumb/v7e-m+dp/hard/crtbegin.o
 *(.init)
 .init          0x000000000800b31c        0x4 c:/st/stm32cubeide_1.11.0/stm32cubeide/plugins/com.st.stm32cube.ide.mcu.externaltools.gnu-tools-for-stm32.10.3-2021.10.win32_1.0.100.202210260954/tools/bin/../lib/gcc/arm-none-eabi/10.3.1/thumb/v7e-m+dp/hard/crti.o
                0x000000000800b31c                _init
 .init          0x000000000800b320        0x8 c:/st/stm32cubeide_1.11.0/stm32cubeide/plugins/com.st.stm32cube.ide.mcu.externaltools.gnu-tools-for-stm32.10.3-2021.10.win32_1.0.100.202210260954/tools/bin/../lib/gcc/arm-none-eabi/10.3.1/thumb/v7e-m+dp/hard/crtn.o
 *(.fini)
 .fini          0x000000000800b328        0x4 c:/st/stm32cubeide_1.11.0/stm32cubeide/plugins/com.st.stm32cube.ide.mcu.externaltools.gnu-tools-for-stm32.10.3-2021.10.win32_1.0.100.202210260954/tools/bin/../lib/gcc/arm-none-eabi/10.3.1/thumb/v7e-m+dp/hard/crti.o
                0x000000000800b328                _fini
 .fini          0x000000000800b32c        0x8 c:/st/stm32cubeide_1.11.0/stm32cubeide/plugins/com.st.stm32cube.ide.mcu.externaltools.gnu-tools-for-stm32.10.3-2021.10.win32_1.0.100.202210260954/tools/bin/../lib/gcc/arm-none-eabi/10.3.1/thumb/v7e-m+dp/hard/crtn.o
                0x000000000800b334                . = ALIGN (0x4)
                0x000000000800b334                _etext = .

.vfp11_veneer   0x000000000800b334        0x0
 .vfp11_veneer  0x000000000800b334        0x0 linker stubs

.v4_bx          0x000000000800b334        0x0
 .v4_bx         0x000000000800b334        0x0 linker stubs

.iplt           0x000000000800b334        0x0
 .iplt          0x000000000800b334        0x0 c:/st/stm32cubeide_1.11.0/stm32cubeide/plugins/com.st.stm32cube.ide.mcu.externaltools.gnu-tools-for-stm32.10.3-2021.10.win32_1.0.100.202210260954/tools/bin/../lib/gcc/arm-none-eabi/10.3.1/thumb/v7e-m+dp/hard/crtbegin.o

.rodata         0x000000000800b334      0x1bc
                0x000000000800b334                . = ALIGN (0x4)
 *(.rodata)
 .rodata        0x000000000800b334       0x44 ./Core/Src/main.o
 .rodata        0x000000000800b378        0x5 ./Third_party/FreeRTOS/tasks.o
 *fill*         0x000000000800b37d        0x3 
 .rodata        0x000000000800b380        0xd ./Third_party/FreeRTOS/timers.o
 *fill*         0x000000000800b38d        0x3 
 .rodata        0x000000000800b390       0x49 ./Third_party/SEGGER/Config/SEGGER_SYSVIEW_Config_FreeRTOS.o
 *fill*         0x000000000800b3d9        0x3 
 .rodata        0x000000000800b3dc       0x58 ./Third_party/SEGGER/OS/SEGGER_SYSVIEW_FreeRTOS.o
 .rodata        0x000000000800b434        0x9 ./Third_party/SEGGER/SEGGER/SEGGER_RTT.o
 *fill*         0x000000000800b43d        0x3 
 .rodata        0x000000000800b440        0x8 ./Third_party/SEGGER/SEGGER/SEGGER_SYSVIEW.o
 *(.rodata*)
 .rodata.D1CorePrescTable
                0x000000000800b448       0x10 ./Core/Src/system_stm32h7xx.o
                0x000000000800b448                D1CorePrescTable
 .rodata.UARTPrescTable
                0x000000000800b458       0x18 ./Drivers/STM32H7xx_HAL_Driver/Src/stm32h7xx_hal_uart.o
                0x000000000800b458                UARTPrescTable
 .rodata.numerator.1
                0x000000000800b470        0x8 ./Drivers/STM32H7xx_HAL_Driver/Src/stm32h7xx_hal_uart_ex.o
 .rodata.denominator.0
                0x000000000800b478        0x8 ./Drivers/STM32H7xx_HAL_Driver/Src/stm32h7xx_hal_uart_ex.o
 .rodata.SYSVIEW_X_OS_TraceAPI
                0x000000000800b480        0x8 ./Third_party/SEGGER/OS/SEGGER_SYSVIEW_FreeRTOS.o
                0x000000000800b480                SYSVIEW_X_OS_TraceAPI
 .rodata._abHelloMsg
                0x000000000800b488        0x4 ./Third_party/SEGGER/Rec/segger_uart.o
 .rodata._aInitStr.0
                0x000000000800b48c       0x11 ./Third_party/SEGGER/SEGGER/SEGGER_RTT.o
 *fill*         0x000000000800b49d        0x3 
 .rodata._abSync
                0x000000000800b4a0        0xa ./Third_party/SEGGER/SEGGER/SEGGER_SYSVIEW.o
 *fill*         0x000000000800b4aa        0x2 
 .rodata._aV2C.0
                0x000000000800b4ac       0x10 ./Third_party/SEGGER/SEGGER/SEGGER_SYSVIEW.o
 .rodata._svfprintf_r.str1.1
                0x000000000800b4bc       0x11 c:/st/stm32cubeide_1.11.0/stm32cubeide/plugins/com.st.stm32cube.ide.mcu.externaltools.gnu-tools-for-stm32.10.3-2021.10.win32_1.0.100.202210260954/tools/bin/../lib/gcc/arm-none-eabi/10.3.1/../../../../arm-none-eabi/lib/thumb/v7e-m+dp/hard\libc_nano.a(lib_a-nano-svfprintf.o)
 .rodata._printf_i.str1.1
                0x000000000800b4cd       0x22 c:/st/stm32cubeide_1.11.0/stm32cubeide/plugins/com.st.stm32cube.ide.mcu.externaltools.gnu-tools-for-stm32.10.3-2021.10.win32_1.0.100.202210260954/tools/bin/../lib/gcc/arm-none-eabi/10.3.1/../../../../arm-none-eabi/lib/thumb/v7e-m+dp/hard\libc_nano.a(lib_a-nano-vfprintf_i.o)
                0x000000000800b4f0                . = ALIGN (0x4)
 *fill*         0x000000000800b4ef        0x1 

.ARM.extab
 *(.ARM.extab* .gnu.linkonce.armextab.*)

.ARM            0x000000000800b4f0        0x8
                0x000000000800b4f0                __exidx_start = .
 *(.ARM.exidx*)
 .ARM.exidx     0x000000000800b4f0        0x8 c:/st/stm32cubeide_1.11.0/stm32cubeide/plugins/com.st.stm32cube.ide.mcu.externaltools.gnu-tools-for-stm32.10.3-2021.10.win32_1.0.100.202210260954/tools/bin/../lib/gcc/arm-none-eabi/10.3.1/thumb/v7e-m+dp/hard\libgcc.a(_udivmoddi4.o)
                0x000000000800b4f8                __exidx_end = .

.rel.dyn        0x000000000800b4f8        0x0
 .rel.iplt      0x000000000800b4f8        0x0 c:/st/stm32cubeide_1.11.0/stm32cubeide/plugins/com.st.stm32cube.ide.mcu.externaltools.gnu-tools-for-stm32.10.3-2021.10.win32_1.0.100.202210260954/tools/bin/../lib/gcc/arm-none-eabi/10.3.1/thumb/v7e-m+dp/hard/crtbegin.o

.preinit_array  0x000000000800b4f8        0x0
                0x000000000800b4f8                PROVIDE (__preinit_array_start = .)
 *(.preinit_array*)
                0x000000000800b4f8                PROVIDE (__preinit_array_end = .)

.init_array     0x000000000800b4f8        0x4
                0x000000000800b4f8                PROVIDE (__init_array_start = .)
 *(SORT_BY_NAME(.init_array.*))
 *(.init_array*)
 .init_array    0x000000000800b4f8        0x4 c:/st/stm32cubeide_1.11.0/stm32cubeide/plugins/com.st.stm32cube.ide.mcu.externaltools.gnu-tools-for-stm32.10.3-2021.10.win32_1.0.100.202210260954/tools/bin/../lib/gcc/arm-none-eabi/10.3.1/thumb/v7e-m+dp/hard/crtbegin.o
                0x000000000800b4fc                PROVIDE (__init_array_end = .)

.fini_array     0x000000000800b4fc        0x4
                [!provide]                        PROVIDE (__fini_array_start = .)
 *(SORT_BY_NAME(.fini_array.*))
 *(.fini_array*)
 .fini_array    0x000000000800b4fc        0x4 c:/st/stm32cubeide_1.11.0/stm32cubeide/plugins/com.st.stm32cube.ide.mcu.externaltools.gnu-tools-for-stm32.10.3-2021.10.win32_1.0.100.202210260954/tools/bin/../lib/gcc/arm-none-eabi/10.3.1/thumb/v7e-m+dp/hard/crtbegin.o
                [!provide]                        PROVIDE (__fini_array_end = .)
                0x000000000800b500                _sidata = LOADADDR (.data)

.data           0x0000000024000000       0x84 load address 0x000000000800b500
                0x0000000024000000                . = ALIGN (0x4)
                0x0000000024000000                _sdata = .
 *(.data)
 *(.data*)
 .data.SystemCoreClock
                0x0000000024000000        0x4 ./Core/Src/system_stm32h7xx.o
                0x0000000024000000                SystemCoreClock
 .data.SystemD2Clock
                0x0000000024000004        0x4 ./Core/Src/system_stm32h7xx.o
                0x0000000024000004                SystemD2Clock
 .data.uwTickPrio
                0x0000000024000008        0x4 ./Drivers/STM32H7xx_HAL_Driver/Src/stm32h7xx_hal.o
                0x0000000024000008                uwTickPrio
 .data.uwTickFreq
                0x000000002400000c        0x1 ./Drivers/STM32H7xx_HAL_Driver/Src/stm32h7xx_hal.o
                0x000000002400000c                uwTickFreq
 *fill*         0x000000002400000d        0x3 
 .data.uxTopUsedPriority
                0x0000000024000010        0x4 ./Third_party/FreeRTOS/tasks.o
                0x0000000024000010                uxTopUsedPriority
 .data.uxCriticalNesting
                0x0000000024000014        0x4 ./Third_party/FreeRTOS/portable/GCC/ARM_CM4F/port.o
 .data._SVInfo  0x0000000024000018        0x8 ./Third_party/SEGGER/Rec/segger_uart.o
 .data._impure_ptr
                0x0000000024000020        0x4 c:/st/stm32cubeide_1.11.0/stm32cubeide/plugins/com.st.stm32cube.ide.mcu.externaltools.gnu-tools-for-stm32.10.3-2021.10.win32_1.0.100.202210260954/tools/bin/../lib/gcc/arm-none-eabi/10.3.1/../../../../arm-none-eabi/lib/thumb/v7e-m+dp/hard\libc_nano.a(lib_a-impure.o)
                0x0000000024000020                _impure_ptr
 .data.impure_data
                0x0000000024000024       0x60 c:/st/stm32cubeide_1.11.0/stm32cubeide/plugins/com.st.stm32cube.ide.mcu.externaltools.gnu-tools-for-stm32.10.3-2021.10.win32_1.0.100.202210260954/tools/bin/../lib/gcc/arm-none-eabi/10.3.1/../../../../arm-none-eabi/lib/thumb/v7e-m+dp/hard\libc_nano.a(lib_a-impure.o)
 *(.RamFunc)
 *(.RamFunc*)
                0x0000000024000084                . = ALIGN (0x4)
                0x0000000024000084                _edata = .

.igot.plt       0x0000000024000084        0x0 load address 0x000000000800b584
 .igot.plt      0x0000000024000084        0x0 c:/st/stm32cubeide_1.11.0/stm32cubeide/plugins/com.st.stm32cube.ide.mcu.externaltools.gnu-tools-for-stm32.10.3-2021.10.win32_1.0.100.202210260954/tools/bin/../lib/gcc/arm-none-eabi/10.3.1/thumb/v7e-m+dp/hard/crtbegin.o
                0x0000000024000084                . = ALIGN (0x4)

.bss            0x0000000024000084    0x14934 load address 0x000000000800b584
                0x0000000024000084                _sbss = .
                0x0000000024000084                __bss_start__ = _sbss
 *(.bss)
 .bss           0x0000000024000084       0x1c c:/st/stm32cubeide_1.11.0/stm32cubeide/plugins/com.st.stm32cube.ide.mcu.externaltools.gnu-tools-for-stm32.10.3-2021.10.win32_1.0.100.202210260954/tools/bin/../lib/gcc/arm-none-eabi/10.3.1/thumb/v7e-m+dp/hard/crtbegin.o
 *(.bss*)
 .bss.huart3    0x00000000240000a0       0x94 ./Core/Src/main.o
                0x00000000240000a0                huart3
 .bss.htim6     0x0000000024000134       0x4c ./Core/Src/stm32h7xx_hal_timebase_tim.o
                0x0000000024000134                htim6
 .bss.uwTick    0x0000000024000180        0x4 ./Drivers/STM32H7xx_HAL_Driver/Src/stm32h7xx_hal.o
                0x0000000024000180                uwTick
 .bss.xQueueRegistry
                0x0000000024000184       0x40 ./Third_party/FreeRTOS/queue.o
                0x0000000024000184                xQueueRegistry
 .bss.pxCurrentTCB
                0x00000000240001c4        0x4 ./Third_party/FreeRTOS/tasks.o
                0x00000000240001c4                pxCurrentTCB
 .bss.pxReadyTasksLists
                0x00000000240001c8      0x460 ./Third_party/FreeRTOS/tasks.o
 .bss.xDelayedTaskList1
                0x0000000024000628       0x14 ./Third_party/FreeRTOS/tasks.o
 .bss.xDelayedTaskList2
                0x000000002400063c       0x14 ./Third_party/FreeRTOS/tasks.o
 .bss.pxDelayedTaskList
                0x0000000024000650        0x4 ./Third_party/FreeRTOS/tasks.o
 .bss.pxOverflowDelayedTaskList
                0x0000000024000654        0x4 ./Third_party/FreeRTOS/tasks.o
 .bss.xPendingReadyList
                0x0000000024000658       0x14 ./Third_party/FreeRTOS/tasks.o
 .bss.xTasksWaitingTermination
                0x000000002400066c       0x14 ./Third_party/FreeRTOS/tasks.o
 .bss.uxDeletedTasksWaitingCleanUp
                0x0000000024000680        0x4 ./Third_party/FreeRTOS/tasks.o
 .bss.xSuspendedTaskList
                0x0000000024000684       0x14 ./Third_party/FreeRTOS/tasks.o
 .bss.uxCurrentNumberOfTasks
                0x0000000024000698        0x4 ./Third_party/FreeRTOS/tasks.o
 .bss.xTickCount
                0x000000002400069c        0x4 ./Third_party/FreeRTOS/tasks.o
 .bss.uxTopReadyPriority
                0x00000000240006a0        0x4 ./Third_party/FreeRTOS/tasks.o
 .bss.xSchedulerRunning
                0x00000000240006a4        0x4 ./Third_party/FreeRTOS/tasks.o
 .bss.xPendedTicks
                0x00000000240006a8        0x4 ./Third_party/FreeRTOS/tasks.o
 .bss.xYieldPending
                0x00000000240006ac        0x4 ./Third_party/FreeRTOS/tasks.o
 .bss.xNumOfOverflows
                0x00000000240006b0        0x4 ./Third_party/FreeRTOS/tasks.o
 .bss.uxTaskNumber
                0x00000000240006b4        0x4 ./Third_party/FreeRTOS/tasks.o
 .bss.xNextTaskUnblockTime
                0x00000000240006b8        0x4 ./Third_party/FreeRTOS/tasks.o
 .bss.xIdleTaskHandle
                0x00000000240006bc        0x4 ./Third_party/FreeRTOS/tasks.o
 .bss.uxSchedulerSuspended
                0x00000000240006c0        0x4 ./Third_party/FreeRTOS/tasks.o
 .bss.xActiveTimerList1
                0x00000000240006c4       0x14 ./Third_party/FreeRTOS/timers.o
 .bss.xActiveTimerList2
                0x00000000240006d8       0x14 ./Third_party/FreeRTOS/timers.o
 .bss.pxCurrentTimerList
                0x00000000240006ec        0x4 ./Third_party/FreeRTOS/timers.o
 .bss.pxOverflowTimerList
                0x00000000240006f0        0x4 ./Third_party/FreeRTOS/timers.o
 .bss.xTimerQueue
                0x00000000240006f4        0x4 ./Third_party/FreeRTOS/timers.o
 .bss.xTimerTaskHandle
                0x00000000240006f8        0x4 ./Third_party/FreeRTOS/timers.o
 .bss.xLastTime.0
                0x00000000240006fc        0x4 ./Third_party/FreeRTOS/timers.o
 .bss.ucMaxSysCallPriority
                0x0000000024000700        0x1 ./Third_party/FreeRTOS/portable/GCC/ARM_CM4F/port.o
 *fill*         0x0000000024000701        0x3 
 .bss.ulMaxPRIGROUPValue
                0x0000000024000704        0x4 ./Third_party/FreeRTOS/portable/GCC/ARM_CM4F/port.o
 .bss.ucHeap    0x0000000024000708    0x12c00 ./Third_party/FreeRTOS/portable/MemMang/heap_4.o
 .bss.xStart    0x0000000024013308        0x8 ./Third_party/FreeRTOS/portable/MemMang/heap_4.o
 .bss.pxEnd     0x0000000024013310        0x4 ./Third_party/FreeRTOS/portable/MemMang/heap_4.o
 .bss.xFreeBytesRemaining
                0x0000000024013314        0x4 ./Third_party/FreeRTOS/portable/MemMang/heap_4.o
 .bss.xMinimumEverFreeBytesRemaining
                0x0000000024013318        0x4 ./Third_party/FreeRTOS/portable/MemMang/heap_4.o
 .bss.xNumberOfSuccessfulAllocations
                0x000000002401331c        0x4 ./Third_party/FreeRTOS/portable/MemMang/heap_4.o
 .bss.xNumberOfSuccessfulFrees
                0x0000000024013320        0x4 ./Third_party/FreeRTOS/portable/MemMang/heap_4.o
 .bss._aTasks   0x0000000024013324       0xa0 ./Third_party/SEGGER/OS/SEGGER_SYSVIEW_FreeRTOS.o
 .bss._NumTasks
                0x00000000240133c4        0x4 ./Third_party/SEGGER/OS/SEGGER_SYSVIEW_FreeRTOS.o
 .bss._cbOnRx   0x00000000240133c8        0x4 ./Third_party/SEGGER/Rec/segger_uart.o
 .bss._cbOnTx   0x00000000240133cc        0x4 ./Third_party/SEGGER/Rec/segger_uart.o
 .bss._SEGGER_RTT
                0x00000000240133d0       0xa8 ./Third_party/SEGGER/SEGGER/SEGGER_RTT.o
                0x00000000240133d0                _SEGGER_RTT
 .bss._acUpBuffer
                0x0000000024013478      0x400 ./Third_party/SEGGER/SEGGER/SEGGER_RTT.o
 .bss._acDownBuffer
                0x0000000024013878       0x10 ./Third_party/SEGGER/SEGGER/SEGGER_RTT.o
 .bss._UpBuffer
                0x0000000024013888     0x1000 ./Third_party/SEGGER/SEGGER/SEGGER_SYSVIEW.o
 .bss._DownBuffer
                0x0000000024014888        0x8 ./Third_party/SEGGER/SEGGER/SEGGER_SYSVIEW.o
 .bss._SYSVIEW_Globals
                0x0000000024014890       0x28 ./Third_party/SEGGER/SEGGER/SEGGER_SYSVIEW.o
 .bss._pFirstModule
                0x00000000240148b8        0x4 ./Third_party/SEGGER/SEGGER/SEGGER_SYSVIEW.o
 .bss._NumModules
                0x00000000240148bc        0x1 ./Third_party/SEGGER/SEGGER/SEGGER_SYSVIEW.o
 *fill*         0x00000000240148bd        0x3 
 .bss._aPacket  0x00000000240148c0       0xe3 ./Third_party/SEGGER/SEGGER/SEGGER_SYSVIEW.o
 *fill*         0x00000000240149a3        0x1 
 .bss.__malloc_free_list
                0x00000000240149a4        0x4 c:/st/stm32cubeide_1.11.0/stm32cubeide/plugins/com.st.stm32cube.ide.mcu.externaltools.gnu-tools-for-stm32.10.3-2021.10.win32_1.0.100.202210260954/tools/bin/../lib/gcc/arm-none-eabi/10.3.1/../../../../arm-none-eabi/lib/thumb/v7e-m+dp/hard\libc_nano.a(lib_a-nano-mallocr.o)
                0x00000000240149a4                __malloc_free_list
 .bss.__malloc_sbrk_start
                0x00000000240149a8        0x4 c:/st/stm32cubeide_1.11.0/stm32cubeide/plugins/com.st.stm32cube.ide.mcu.externaltools.gnu-tools-for-stm32.10.3-2021.10.win32_1.0.100.202210260954/tools/bin/../lib/gcc/arm-none-eabi/10.3.1/../../../../arm-none-eabi/lib/thumb/v7e-m+dp/hard\libc_nano.a(lib_a-nano-mallocr.o)
                0x00000000240149a8                __malloc_sbrk_start
 .bss.errno     0x00000000240149ac        0x4 c:/st/stm32cubeide_1.11.0/stm32cubeide/plugins/com.st.stm32cube.ide.mcu.externaltools.gnu-tools-for-stm32.10.3-2021.10.win32_1.0.100.202210260954/tools/bin/../lib/gcc/arm-none-eabi/10.3.1/../../../../arm-none-eabi/lib/thumb/v7e-m+dp/hard\libc_nano.a(lib_a-reent.o)
                0x00000000240149ac                errno
 .bss.__lock___malloc_recursive_mutex
                0x00000000240149b0        0x1 c:/st/stm32cubeide_1.11.0/stm32cubeide/plugins/com.st.stm32cube.ide.mcu.externaltools.gnu-tools-for-stm32.10.3-2021.10.win32_1.0.100.202210260954/tools/bin/../lib/gcc/arm-none-eabi/10.3.1/../../../../arm-none-eabi/lib/thumb/v7e-m+dp/hard\libc_nano.a(lib_a-lock.o)
                0x00000000240149b0                __lock___malloc_recursive_mutex
 *fill*         0x00000000240149b1        0x3 
 .bss.heap_end.0
                0x00000000240149b4        0x4 c:/st/stm32cubeide_1.11.0/stm32cubeide/plugins/com.st.stm32cube.ide.mcu.externaltools.gnu-tools-for-stm32.10.3-2021.10.win32_1.0.100.202210260954/tools/bin/../lib/gcc/arm-none-eabi/10.3.1/../../../../arm-none-eabi/lib/thumb/v7e-m+dp/hard\libnosys.a(sbrk.o)
 *(COMMON)
                0x00000000240149b8                . = ALIGN (0x4)
                0x00000000240149b8                _ebss = .
                0x00000000240149b8                __bss_end__ = _ebss

._user_heap_stack
                0x00000000240149b8      0x600 load address 0x000000000800b584
                0x00000000240149b8                . = ALIGN (0x8)
                0x00000000240149b8                PROVIDE (end = .)
                [!provide]                        PROVIDE (_end = .)
                0x0000000024014bb8                . = (. + _Min_Heap_Size)
 *fill*         0x00000000240149b8      0x200 
                0x0000000024014fb8                . = (. + _Min_Stack_Size)
 *fill*         0x0000000024014bb8      0x400 
                0x0000000024014fb8                . = ALIGN (0x8)

/DISCARD/
 libc.a(*)
 libm.a(*)
 libgcc.a(*)

.ARM.attributes
                0x0000000000000000       0x2e
 *(.ARM.attributes)
 .ARM.attributes
                0x0000000000000000       0x1e c:/st/stm32cubeide_1.11.0/stm32cubeide/plugins/com.st.stm32cube.ide.mcu.externaltools.gnu-tools-for-stm32.10.3-2021.10.win32_1.0.100.202210260954/tools/bin/../lib/gcc/arm-none-eabi/10.3.1/thumb/v7e-m+dp/hard/crti.o
 .ARM.attributes
                0x000000000000001e       0x32 c:/st/stm32cubeide_1.11.0/stm32cubeide/plugins/com.st.stm32cube.ide.mcu.externaltools.gnu-tools-for-stm32.10.3-2021.10.win32_1.0.100.202210260954/tools/bin/../lib/gcc/arm-none-eabi/10.3.1/thumb/v7e-m+dp/hard/crtbegin.o
 .ARM.attributes
                0x0000000000000050       0x32 ./Core/Src/main.o
 .ARM.attributes
                0x0000000000000082       0x32 ./Core/Src/stm32h7xx_hal_msp.o
 .ARM.attributes
                0x00000000000000b4       0x32 ./Core/Src/stm32h7xx_hal_timebase_tim.o
 .ARM.attributes
                0x00000000000000e6       0x32 ./Core/Src/stm32h7xx_it.o
 .ARM.attributes
                0x0000000000000118       0x32 ./Core/Src/system_stm32h7xx.o
 .ARM.attributes
                0x000000000000014a       0x21 ./Core/Startup/startup_stm32h7a3zitxq.o
 .ARM.attributes
                0x000000000000016b       0x32 ./Drivers/STM32H7xx_HAL_Driver/Src/stm32h7xx_hal.o
 .ARM.attributes
                0x000000000000019d       0x32 ./Drivers/STM32H7xx_HAL_Driver/Src/stm32h7xx_hal_cortex.o
 .ARM.attributes
                0x00000000000001cf       0x32 ./Drivers/STM32H7xx_HAL_Driver/Src/stm32h7xx_hal_gpio.o
 .ARM.attributes
                0x0000000000000201       0x32 ./Drivers/STM32H7xx_HAL_Driver/Src/stm32h7xx_hal_pwr_ex.o
 .ARM.attributes
                0x0000000000000233       0x32 ./Drivers/STM32H7xx_HAL_Driver/Src/stm32h7xx_hal_rcc.o
 .ARM.attributes
                0x0000000000000265       0x32 ./Drivers/STM32H7xx_HAL_Driver/Src/stm32h7xx_hal_rcc_ex.o
 .ARM.attributes
                0x0000000000000297       0x32 ./Drivers/STM32H7xx_HAL_Driver/Src/stm32h7xx_hal_tim.o
 .ARM.attributes
                0x00000000000002c9       0x32 ./Drivers/STM32H7xx_HAL_Driver/Src/stm32h7xx_hal_tim_ex.o
 .ARM.attributes
                0x00000000000002fb       0x32 ./Drivers/STM32H7xx_HAL_Driver/Src/stm32h7xx_hal_uart.o
 .ARM.attributes
                0x000000000000032d       0x32 ./Drivers/STM32H7xx_HAL_Driver/Src/stm32h7xx_hal_uart_ex.o
 .ARM.attributes
                0x000000000000035f       0x32 ./Third_party/FreeRTOS/list.o
 .ARM.attributes
                0x0000000000000391       0x32 ./Third_party/FreeRTOS/queue.o
 .ARM.attributes
                0x00000000000003c3       0x32 ./Third_party/FreeRTOS/tasks.o
 .ARM.attributes
                0x00000000000003f5       0x32 ./Third_party/FreeRTOS/timers.o
 .ARM.attributes
                0x0000000000000427       0x32 ./Third_party/FreeRTOS/portable/GCC/ARM_CM4F/port.o
 .ARM.attributes
                0x0000000000000459       0x32 ./Third_party/FreeRTOS/portable/MemMang/heap_4.o
 .ARM.attributes
                0x000000000000048b       0x32 ./Third_party/SEGGER/Config/SEGGER_SYSVIEW_Config_FreeRTOS.o
 .ARM.attributes
                0x00000000000004bd       0x32 ./Third_party/SEGGER/OS/SEGGER_SYSVIEW_FreeRTOS.o
 .ARM.attributes
                0x00000000000004ef       0x32 ./Third_party/SEGGER/Rec/segger_uart.o
 .ARM.attributes
                0x0000000000000521       0x32 ./Third_party/SEGGER/SEGGER/SEGGER_RTT.o
 .ARM.attributes
                0x0000000000000553       0x1e ./Third_party/SEGGER/SEGGER/SEGGER_RTT_ASM_ARMv7M.o
 .ARM.attributes
                0x0000000000000571       0x32 ./Third_party/SEGGER/SEGGER/SEGGER_SYSVIEW.o
 .ARM.attributes
                0x00000000000005a3       0x32 c:/st/stm32cubeide_1.11.0/stm32cubeide/plugins/com.st.stm32cube.ide.mcu.externaltools.gnu-tools-for-stm32.10.3-2021.10.win32_1.0.100.202210260954/tools/bin/../lib/gcc/arm-none-eabi/10.3.1/../../../../arm-none-eabi/lib/thumb/v7e-m+dp/hard\libc_nano.a(lib_a-impure.o)
 .ARM.attributes
                0x00000000000005d5       0x32 c:/st/stm32cubeide_1.11.0/stm32cubeide/plugins/com.st.stm32cube.ide.mcu.externaltools.gnu-tools-for-stm32.10.3-2021.10.win32_1.0.100.202210260954/tools/bin/../lib/gcc/arm-none-eabi/10.3.1/../../../../arm-none-eabi/lib/thumb/v7e-m+dp/hard\libc_nano.a(lib_a-init.o)
 .ARM.attributes
                0x0000000000000607       0x32 c:/st/stm32cubeide_1.11.0/stm32cubeide/plugins/com.st.stm32cube.ide.mcu.externaltools.gnu-tools-for-stm32.10.3-2021.10.win32_1.0.100.202210260954/tools/bin/../lib/gcc/arm-none-eabi/10.3.1/../../../../arm-none-eabi/lib/thumb/v7e-m+dp/hard\libc_nano.a(lib_a-memcmp.o)
 .ARM.attributes
                0x0000000000000639       0x32 c:/st/stm32cubeide_1.11.0/stm32cubeide/plugins/com.st.stm32cube.ide.mcu.externaltools.gnu-tools-for-stm32.10.3-2021.10.win32_1.0.100.202210260954/tools/bin/../lib/gcc/arm-none-eabi/10.3.1/../../../../arm-none-eabi/lib/thumb/v7e-m+dp/hard\libc_nano.a(lib_a-memcpy-stub.o)
 .ARM.attributes
                0x000000000000066b       0x32 c:/st/stm32cubeide_1.11.0/stm32cubeide/plugins/com.st.stm32cube.ide.mcu.externaltools.gnu-tools-for-stm32.10.3-2021.10.win32_1.0.100.202210260954/tools/bin/../lib/gcc/arm-none-eabi/10.3.1/../../../../arm-none-eabi/lib/thumb/v7e-m+dp/hard\libc_nano.a(lib_a-memset.o)
 .ARM.attributes
                0x000000000000069d       0x32 c:/st/stm32cubeide_1.11.0/stm32cubeide/plugins/com.st.stm32cube.ide.mcu.externaltools.gnu-tools-for-stm32.10.3-2021.10.win32_1.0.100.202210260954/tools/bin/../lib/gcc/arm-none-eabi/10.3.1/../../../../arm-none-eabi/lib/thumb/v7e-m+dp/hard\libc_nano.a(lib_a-snprintf.o)
 .ARM.attributes
                0x00000000000006cf       0x32 c:/st/stm32cubeide_1.11.0/stm32cubeide/plugins/com.st.stm32cube.ide.mcu.externaltools.gnu-tools-for-stm32.10.3-2021.10.win32_1.0.100.202210260954/tools/bin/../lib/gcc/arm-none-eabi/10.3.1/../../../../arm-none-eabi/lib/thumb/v7e-m+dp/hard\libc_nano.a(lib_a-nano-svfprintf.o)
 .ARM.attributes
                0x0000000000000701       0x32 c:/st/stm32cubeide_1.11.0/stm32cubeide/plugins/com.st.stm32cube.ide.mcu.externaltools.gnu-tools-for-stm32.10.3-2021.10.win32_1.0.100.202210260954/tools/bin/../lib/gcc/arm-none-eabi/10.3.1/../../../../arm-none-eabi/lib/thumb/v7e-m+dp/hard\libc_nano.a(lib_a-nano-vfprintf_i.o)
 .ARM.attributes
                0x0000000000000733       0x1c c:/st/stm32cubeide_1.11.0/stm32cubeide/plugins/com.st.stm32cube.ide.mcu.externaltools.gnu-tools-for-stm32.10.3-2021.10.win32_1.0.100.202210260954/tools/bin/../lib/gcc/arm-none-eabi/10.3.1/../../../../arm-none-eabi/lib/thumb/v7e-m+dp/hard\libc_nano.a(lib_a-memchr.o)
 .ARM.attributes
                0x000000000000074f       0x32 c:/st/stm32cubeide_1.11.0/stm32cubeide/plugins/com.st.stm32cube.ide.mcu.externaltools.gnu-tools-for-stm32.10.3-2021.10.win32_1.0.100.202210260954/tools/bin/../lib/gcc/arm-none-eabi/10.3.1/../../../../arm-none-eabi/lib/thumb/v7e-m+dp/hard\libc_nano.a(lib_a-memmove.o)
 .ARM.attributes
                0x0000000000000781       0x32 c:/st/stm32cubeide_1.11.0/stm32cubeide/plugins/com.st.stm32cube.ide.mcu.externaltools.gnu-tools-for-stm32.10.3-2021.10.win32_1.0.100.202210260954/tools/bin/../lib/gcc/arm-none-eabi/10.3.1/../../../../arm-none-eabi/lib/thumb/v7e-m+dp/hard\libc_nano.a(lib_a-nano-freer.o)
 .ARM.attributes
                0x00000000000007b3       0x32 c:/st/stm32cubeide_1.11.0/stm32cubeide/plugins/com.st.stm32cube.ide.mcu.externaltools.gnu-tools-for-stm32.10.3-2021.10.win32_1.0.100.202210260954/tools/bin/../lib/gcc/arm-none-eabi/10.3.1/../../../../arm-none-eabi/lib/thumb/v7e-m+dp/hard\libc_nano.a(lib_a-nano-mallocr.o)
 .ARM.attributes
                0x00000000000007e5       0x32 c:/st/stm32cubeide_1.11.0/stm32cubeide/plugins/com.st.stm32cube.ide.mcu.externaltools.gnu-tools-for-stm32.10.3-2021.10.win32_1.0.100.202210260954/tools/bin/../lib/gcc/arm-none-eabi/10.3.1/../../../../arm-none-eabi/lib/thumb/v7e-m+dp/hard\libc_nano.a(lib_a-nano-reallocr.o)
 .ARM.attributes
                0x0000000000000817       0x32 c:/st/stm32cubeide_1.11.0/stm32cubeide/plugins/com.st.stm32cube.ide.mcu.externaltools.gnu-tools-for-stm32.10.3-2021.10.win32_1.0.100.202210260954/tools/bin/../lib/gcc/arm-none-eabi/10.3.1/../../../../arm-none-eabi/lib/thumb/v7e-m+dp/hard\libc_nano.a(lib_a-sbrkr.o)
 .ARM.attributes
                0x0000000000000849       0x32 c:/st/stm32cubeide_1.11.0/stm32cubeide/plugins/com.st.stm32cube.ide.mcu.externaltools.gnu-tools-for-stm32.10.3-2021.10.win32_1.0.100.202210260954/tools/bin/../lib/gcc/arm-none-eabi/10.3.1/../../../../arm-none-eabi/lib/thumb/v7e-m+dp/hard\libc_nano.a(lib_a-mlock.o)
 .ARM.attributes
                0x000000000000087b       0x32 c:/st/stm32cubeide_1.11.0/stm32cubeide/plugins/com.st.stm32cube.ide.mcu.externaltools.gnu-tools-for-stm32.10.3-2021.10.win32_1.0.100.202210260954/tools/bin/../lib/gcc/arm-none-eabi/10.3.1/../../../../arm-none-eabi/lib/thumb/v7e-m+dp/hard\libc_nano.a(lib_a-nano-msizer.o)
 .ARM.attributes
                0x00000000000008ad       0x32 c:/st/stm32cubeide_1.11.0/stm32cubeide/plugins/com.st.stm32cube.ide.mcu.externaltools.gnu-tools-for-stm32.10.3-2021.10.win32_1.0.100.202210260954/tools/bin/../lib/gcc/arm-none-eabi/10.3.1/../../../../arm-none-eabi/lib/thumb/v7e-m+dp/hard\libc_nano.a(lib_a-reent.o)
 .ARM.attributes
                0x00000000000008df       0x32 c:/st/stm32cubeide_1.11.0/stm32cubeide/plugins/com.st.stm32cube.ide.mcu.externaltools.gnu-tools-for-stm32.10.3-2021.10.win32_1.0.100.202210260954/tools/bin/../lib/gcc/arm-none-eabi/10.3.1/../../../../arm-none-eabi/lib/thumb/v7e-m+dp/hard\libc_nano.a(lib_a-lock.o)
 .ARM.attributes
                0x0000000000000911       0x1e c:/st/stm32cubeide_1.11.0/stm32cubeide/plugins/com.st.stm32cube.ide.mcu.externaltools.gnu-tools-for-stm32.10.3-2021.10.win32_1.0.100.202210260954/tools/bin/../lib/gcc/arm-none-eabi/10.3.1/thumb/v7e-m+dp/hard\libgcc.a(_aeabi_uldivmod.o)
 .ARM.attributes
                0x000000000000092f       0x32 c:/st/stm32cubeide_1.11.0/stm32cubeide/plugins/com.st.stm32cube.ide.mcu.externaltools.gnu-tools-for-stm32.10.3-2021.10.win32_1.0.100.202210260954/tools/bin/../lib/gcc/arm-none-eabi/10.3.1/thumb/v7e-m+dp/hard\libgcc.a(_udivmoddi4.o)
 .ARM.attributes
                0x0000000000000961       0x1e c:/st/stm32cubeide_1.11.0/stm32cubeide/plugins/com.st.stm32cube.ide.mcu.externaltools.gnu-tools-for-stm32.10.3-2021.10.win32_1.0.100.202210260954/tools/bin/../lib/gcc/arm-none-eabi/10.3.1/thumb/v7e-m+dp/hard\libgcc.a(_dvmd_tls.o)
 .ARM.attributes
                0x000000000000097f       0x32 c:/st/stm32cubeide_1.11.0/stm32cubeide/plugins/com.st.stm32cube.ide.mcu.externaltools.gnu-tools-for-stm32.10.3-2021.10.win32_1.0.100.202210260954/tools/bin/../lib/gcc/arm-none-eabi/10.3.1/../../../../arm-none-eabi/lib/thumb/v7e-m+dp/hard\libnosys.a(sbrk.o)
 .ARM.attributes
                0x00000000000009b1       0x1e c:/st/stm32cubeide_1.11.0/stm32cubeide/plugins/com.st.stm32cube.ide.mcu.externaltools.gnu-tools-for-stm32.10.3-2021.10.win32_1.0.100.202210260954/tools/bin/../lib/gcc/arm-none-eabi/10.3.1/thumb/v7e-m+dp/hard/crtn.o
OUTPUT(task_01.elf elf32-littlearm)
LOAD linker stubs
LOAD c:/st/stm32cubeide_1.11.0/stm32cubeide/plugins/com.st.stm32cube.ide.mcu.externaltools.gnu-tools-for-stm32.10.3-2021.10.win32_1.0.100.202210260954/tools/bin/../lib/gcc/arm-none-eabi/10.3.1/../../../../arm-none-eabi/lib/thumb/v7e-m+dp/hard\libc.a
LOAD c:/st/stm32cubeide_1.11.0/stm32cubeide/plugins/com.st.stm32cube.ide.mcu.externaltools.gnu-tools-for-stm32.10.3-2021.10.win32_1.0.100.202210260954/tools/bin/../lib/gcc/arm-none-eabi/10.3.1/../../../../arm-none-eabi/lib/thumb/v7e-m+dp/hard\libm.a
LOAD c:/st/stm32cubeide_1.11.0/stm32cubeide/plugins/com.st.stm32cube.ide.mcu.externaltools.gnu-tools-for-stm32.10.3-2021.10.win32_1.0.100.202210260954/tools/bin/../lib/gcc/arm-none-eabi/10.3.1/thumb/v7e-m+dp/hard\libgcc.a

.debug_info     0x0000000000000000    0x22318
 .debug_info    0x0000000000000000     0x1848 ./Core/Src/main.o
 .debug_info    0x0000000000001848     0x10c8 ./Core/Src/stm32h7xx_hal_msp.o
 .debug_info    0x0000000000002910     0x1103 ./Core/Src/stm32h7xx_hal_timebase_tim.o
 .debug_info    0x0000000000003a13      0x826 ./Core/Src/stm32h7xx_it.o
 .debug_info    0x0000000000004239      0xc8a ./Core/Src/system_stm32h7xx.o
 .debug_info    0x0000000000004ec3       0x22 ./Core/Startup/startup_stm32h7a3zitxq.o
 .debug_info    0x0000000000004ee5     0x1476 ./Drivers/STM32H7xx_HAL_Driver/Src/stm32h7xx_hal.o
 .debug_info    0x000000000000635b     0x114f ./Drivers/STM32H7xx_HAL_Driver/Src/stm32h7xx_hal_cortex.o
 .debug_info    0x00000000000074aa      0xbe7 ./Drivers/STM32H7xx_HAL_Driver/Src/stm32h7xx_hal_gpio.o
 .debug_info    0x0000000000008091      0xfba ./Drivers/STM32H7xx_HAL_Driver/Src/stm32h7xx_hal_pwr_ex.o
 .debug_info    0x000000000000904b      0xf8f ./Drivers/STM32H7xx_HAL_Driver/Src/stm32h7xx_hal_rcc.o
 .debug_info    0x0000000000009fda     0x12c9 ./Drivers/STM32H7xx_HAL_Driver/Src/stm32h7xx_hal_rcc_ex.o
 .debug_info    0x000000000000b2a3     0x2e05 ./Drivers/STM32H7xx_HAL_Driver/Src/stm32h7xx_hal_tim.o
 .debug_info    0x000000000000e0a8     0x1a09 ./Drivers/STM32H7xx_HAL_Driver/Src/stm32h7xx_hal_tim_ex.o
 .debug_info    0x000000000000fab1     0x4df2 ./Drivers/STM32H7xx_HAL_Driver/Src/stm32h7xx_hal_uart.o
 .debug_info    0x00000000000148a3     0x105a ./Drivers/STM32H7xx_HAL_Driver/Src/stm32h7xx_hal_uart_ex.o
 .debug_info    0x00000000000158fd      0x2d1 ./Third_party/FreeRTOS/list.o
 .debug_info    0x0000000000015bce     0x1abf ./Third_party/FreeRTOS/queue.o
 .debug_info    0x000000000001768d     0x2754 ./Third_party/FreeRTOS/tasks.o
 .debug_info    0x0000000000019de1     0x1078 ./Third_party/FreeRTOS/timers.o
 .debug_info    0x000000000001ae59      0x5ca ./Third_party/FreeRTOS/portable/GCC/ARM_CM4F/port.o
 .debug_info    0x000000000001b423      0x558 ./Third_party/FreeRTOS/portable/MemMang/heap_4.o
 .debug_info    0x000000000001b97b      0x182 ./Third_party/SEGGER/Config/SEGGER_SYSVIEW_Config_FreeRTOS.o
 .debug_info    0x000000000001bafd      0x478 ./Third_party/SEGGER/OS/SEGGER_SYSVIEW_FreeRTOS.o
 .debug_info    0x000000000001bf75     0x1045 ./Third_party/SEGGER/Rec/segger_uart.o
 .debug_info    0x000000000001cfba     0x15df ./Third_party/SEGGER/SEGGER/SEGGER_RTT.o
 .debug_info    0x000000000001e599       0x26 ./Third_party/SEGGER/SEGGER/SEGGER_RTT_ASM_ARMv7M.o
 .debug_info    0x000000000001e5bf     0x3d59 ./Third_party/SEGGER/SEGGER/SEGGER_SYSVIEW.o

.debug_abbrev   0x0000000000000000     0x3e06
 .debug_abbrev  0x0000000000000000      0x399 ./Core/Src/main.o
 .debug_abbrev  0x0000000000000399      0x20b ./Core/Src/stm32h7xx_hal_msp.o
 .debug_abbrev  0x00000000000005a4      0x217 ./Core/Src/stm32h7xx_hal_timebase_tim.o