Archive member included to satisfy reference by file (symbol)

c:/st/stm32cubeide_1.11.0/stm32cubeide/plugins/com.st.stm32cube.ide.mcu.externaltools.gnu-tools-for-stm32.10.3-2021.10.win32_1.0.100.202210260954/tools/bin/../lib/gcc/arm-none-eabi/10.3.1/../../../../arm-none-eabi/lib/thumb/v7e-m+dp/hard\libc_nano.a(lib_a-errno.o)
                              ./Core/Src/syscalls.o (__errno)
c:/st/stm32cubeide_1.11.0/stm32cubeide/plugins/com.st.stm32cube.ide.mcu.externaltools.gnu-tools-for-stm32.10.3-2021.10.win32_1.0.100.202210260954/tools/bin/../lib/gcc/arm-none-eabi/10.3.1/../../../../arm-none-eabi/lib/thumb/v7e-m+dp/hard\libc_nano.a(lib_a-exit.o)
                              c:/st/stm32cubeide_1.11.0/stm32cubeide/plugins/com.st.stm32cube.ide.mcu.externaltools.gnu-tools-for-stm32.10.3-2021.10.win32_1.0.100.202210260954/tools/bin/../lib/gcc/arm-none-eabi/10.3.1/../../../../arm-none-eabi/lib/thumb/v7e-m+dp/hard/crt0.o (exit)
c:/st/stm32cubeide_1.11.0/stm32cubeide/plugins/com.st.stm32cube.ide.mcu.externaltools.gnu-tools-for-stm32.10.3-2021.10.win32_1.0.100.202210260954/tools/bin/../lib/gcc/arm-none-eabi/10.3.1/../../../../arm-none-eabi/lib/thumb/v7e-m+dp/hard\libc_nano.a(lib_a-impure.o)
                              c:/st/stm32cubeide_1.11.0/stm32cubeide/plugins/com.st.stm32cube.ide.mcu.externaltools.gnu-tools-for-stm32.10.3-2021.10.win32_1.0.100.202210260954/tools/bin/../lib/gcc/arm-none-eabi/10.3.1/../../../../arm-none-eabi/lib/thumb/v7e-m+dp/hard\libc_nano.a(lib_a-exit.o) (_global_impure_ptr)
c:/st/stm32cubeide_1.11.0/stm32cubeide/plugins/com.st.stm32cube.ide.mcu.externaltools.gnu-tools-for-stm32.10.3-2021.10.win32_1.0.100.202210260954/tools/bin/../lib/gcc/arm-none-eabi/10.3.1/../../../../arm-none-eabi/lib/thumb/v7e-m+dp/hard\libc_nano.a(lib_a-init.o)
                              c:/st/stm32cubeide_1.11.0/stm32cubeide/plugins/com.st.stm32cube.ide.mcu.externaltools.gnu-tools-for-stm32.10.3-2021.10.win32_1.0.100.202210260954/tools/bin/../lib/gcc/arm-none-eabi/10.3.1/../../../../arm-none-eabi/lib/thumb/v7e-m+dp/hard/crt0.o (__libc_init_array)
c:/st/stm32cubeide_1.11.0/stm32cubeide/plugins/com.st.stm32cube.ide.mcu.externaltools.gnu-tools-for-stm32.10.3-2021.10.win32_1.0.100.202210260954/tools/bin/../lib/gcc/arm-none-eabi/10.3.1/../../../../arm-none-eabi/lib/thumb/v7e-m+dp/hard\libc_nano.a(lib_a-memcmp.o)
                              ./Third_party/SEGGER/OS/SEGGER_SYSVIEW_FreeRTOS.o (memcmp)
c:/st/stm32cubeide_1.11.0/stm32cubeide/plugins/com.st.stm32cube.ide.mcu.externaltools.gnu-tools-for-stm32.10.3-2021.10.win32_1.0.100.202210260954/tools/bin/../lib/gcc/arm-none-eabi/10.3.1/../../../../arm-none-eabi/lib/thumb/v7e-m+dp/hard\libc_nano.a(lib_a-memcpy-stub.o)
                              ./Third_party/FreeRTOS/queue.o (memcpy)
c:/st/stm32cubeide_1.11.0/stm32cubeide/plugins/com.st.stm32cube.ide.mcu.externaltools.gnu-tools-for-stm32.10.3-2021.10.win32_1.0.100.202210260954/tools/bin/../lib/gcc/arm-none-eabi/10.3.1/../../../../arm-none-eabi/lib/thumb/v7e-m+dp/hard\libc_nano.a(lib_a-memset.o)
                              c:/st/stm32cubeide_1.11.0/stm32cubeide/plugins/com.st.stm32cube.ide.mcu.externaltools.gnu-tools-for-stm32.10.3-2021.10.win32_1.0.100.202210260954/tools/bin/../lib/gcc/arm-none-eabi/10.3.1/../../../../arm-none-eabi/lib/thumb/v7e-m+dp/hard/crt0.o (memset)
c:/st/stm32cubeide_1.11.0/stm32cubeide/plugins/com.st.stm32cube.ide.mcu.externaltools.gnu-tools-for-stm32.10.3-2021.10.win32_1.0.100.202210260954/tools/bin/../lib/gcc/arm-none-eabi/10.3.1/../../../../arm-none-eabi/lib/thumb/v7e-m+dp/hard\libc_nano.a(lib_a-puts.o)
                              ./Core/Src/main.o (puts)
c:/st/stm32cubeide_1.11.0/stm32cubeide/plugins/com.st.stm32cube.ide.mcu.externaltools.gnu-tools-for-stm32.10.3-2021.10.win32_1.0.100.202210260954/tools/bin/../lib/gcc/arm-none-eabi/10.3.1/../../../../arm-none-eabi/lib/thumb/v7e-m+dp/hard\libc_nano.a(lib_a-strlen.o)
                              ./Third_party/SEGGER/SEGGER/SEGGER_RTT.o (strlen)
c:/st/stm32cubeide_1.11.0/stm32cubeide/plugins/com.st.stm32cube.ide.mcu.externaltools.gnu-tools-for-stm32.10.3-2021.10.win32_1.0.100.202210260954/tools/bin/../lib/gcc/arm-none-eabi/10.3.1/../../../../arm-none-eabi/lib/thumb/v7e-m+dp/hard\libc_nano.a(lib_a-wbuf.o)
                              c:/st/stm32cubeide_1.11.0/stm32cubeide/plugins/com.st.stm32cube.ide.mcu.externaltools.gnu-tools-for-stm32.10.3-2021.10.win32_1.0.100.202210260954/tools/bin/../lib/gcc/arm-none-eabi/10.3.1/../../../../arm-none-eabi/lib/thumb/v7e-m+dp/hard\libc_nano.a(lib_a-puts.o) (__swbuf_r)
c:/st/stm32cubeide_1.11.0/stm32cubeide/plugins/com.st.stm32cube.ide.mcu.externaltools.gnu-tools-for-stm32.10.3-2021.10.win32_1.0.100.202210260954/tools/bin/../lib/gcc/arm-none-eabi/10.3.1/../../../../arm-none-eabi/lib/thumb/v7e-m+dp/hard\libc_nano.a(lib_a-wsetup.o)
[...]
Memory Configuration

Name             Origin             Length             Attributes
ITCMRAM          0x0000000000000000 0x0000000000010000 xrw
FLASH            0x0000000008000000 0x0000000000200000 xr
DTCMRAM1         0x0000000020000000 0x0000000000010000 xrw
DTCMRAM2         0x0000000020010000 0x0000000000010000 xrw
RAM              0x0000000024000000 0x0000000000100000 xrw
RAM_CD           0x0000000030000000 0x0000000000020000 xrw
RAM_SRD          0x0000000038000000 0x0000000000008000 xrw
*default*        0x0000000000000000 0xffffffffffffffff

Linker script and memory map

LOAD c:/st/stm32cubeide_1.11.0/stm32cubeide/plugins/com.st.stm32cube.ide.mcu.externaltools.gnu-tools-for-stm32.10.3-2021.10.win32_1.0.100.202210260954/tools/bin/../lib/gcc/arm-none-eabi/10.3.1/thumb/v7e-m+dp/hard/crti.o
LOAD c:/st/stm32cubeide_1.11.0/stm32cubeide/plugins/com.st.stm32cube.ide.mcu.externaltools.gnu-tools-for-stm32.10.3-2021.10.win32_1.0.100.202210260954/tools/bin/../lib/gcc/arm-none-eabi/10.3.1/thumb/v7e-m+dp/hard/crtbegin.o
LOAD c:/st/stm32cubeide_1.11.0/stm32cubeide/plugins/com.st.stm32cube.ide.mcu.externaltools.gnu-tools-for-stm32.10.3-2021.10.win32_1.0.100.202210260954/tools/bin/../lib/gcc/arm-none-eabi/10.3.1/../../../../arm-none-eabi/lib/thumb/v7e-m+dp/hard/crt0.o
LOAD ./Core/Src/main.o
LOAD ./Core/Src/stm32h7xx_hal_msp.o
LOAD ./Core/Src/stm32h7xx_hal_timebase_tim.o
LOAD ./Core/Src/stm32h7xx_it.o
LOAD ./Core/Src/syscalls.o
LOAD ./Core/Src/system_stm32h7xx.o
LOAD ./Core/Startup/startup_stm32h7a3zitxq.o
LOAD ./Drivers/STM32H7xx_HAL_Driver/Src/stm32h7xx_hal.o
LOAD ./Drivers/STM32H7xx_HAL_Driver/Src/stm32h7xx_hal_cortex.o
LOAD ./Drivers/STM32H7xx_HAL_Driver/Src/stm32h7xx_hal_dma.o
LOAD ./Drivers/STM32H7xx_HAL_Driver/Src/stm32h7xx_hal_dma_ex.o
LOAD ./Drivers/STM32H7xx_HAL_Driver/Src/stm32h7xx_hal_exti.o
LOAD ./Drivers/STM32H7xx_HAL_Driver/Src/stm32h7xx_hal_flash.o
LOAD ./Drivers/STM32H7xx_HAL_Driver/Src/stm32h7xx_hal_flash_ex.o
LOAD ./Drivers/STM32H7xx_HAL_Driver/Src/stm32h7xx_hal_gpio.o
LOAD ./Drivers/STM32H7xx_HAL_Driver/Src/stm32h7xx_hal_hsem.o
LOAD ./Drivers/STM32H7xx_HAL_Driver/Src/stm32h7xx_hal_i2c.o
LOAD ./Drivers/STM32H7xx_HAL_Driver/Src/stm32h7xx_hal_i2c_ex.o
LOAD ./Drivers/STM32H7xx_HAL_Driver/Src/stm32h7xx_hal_mdma.o
LOAD ./Drivers/STM32H7xx_HAL_Driver/Src/stm32h7xx_hal_pwr.o
LOAD ./Drivers/STM32H7xx_HAL_Driver/Src/stm32h7xx_hal_pwr_ex.o
LOAD ./Drivers/STM32H7xx_HAL_Driver/Src/stm32h7xx_hal_rcc.o
LOAD ./Drivers/STM32H7xx_HAL_Driver/Src/stm32h7xx_hal_rcc_ex.o
LOAD ./Drivers/STM32H7xx_HAL_Driver/Src/stm32h7xx_hal_tim.o
LOAD ./Drivers/STM32H7xx_HAL_Driver/Src/stm32h7xx_hal_tim_ex.o
LOAD ./Drivers/STM32H7xx_HAL_Driver/Src/stm32h7xx_hal_uart.o
LOAD ./Drivers/STM32H7xx_HAL_Driver/Src/stm32h7xx_hal_uart_ex.o
LOAD ./Third_party/FreeRTOS/croutine.o
LOAD ./Third_party/FreeRTOS/event_groups.o
LOAD ./Third_party/FreeRTOS/list.o
LOAD ./Third_party/FreeRTOS/queue.o
LOAD ./Third_party/FreeRTOS/stream_buffer.o
LOAD ./Third_party/FreeRTOS/tasks.o
LOAD ./Third_party/FreeRTOS/timers.o
LOAD ./Third_party/FreeRTOS/portable/GCC/ARM_CM4F/port.o
LOAD ./Third_party/FreeRTOS/portable/MemMang/heap_4.o
LOAD ./Third_party/SEGGER/Config/SEGGER_SYSVIEW_Config_FreeRTOS.o
LOAD ./Third_party/SEGGER/OS/SEGGER_SYSVIEW_FreeRTOS.o
LOAD ./Third_party/SEGGER/SEGGER/SEGGER_RTT.o
LOAD ./Third_party/SEGGER/SEGGER/SEGGER_RTT_ASM_ARMv7M.o
LOAD ./Third_party/SEGGER/SEGGER/SEGGER_RTT_printf.o
LOAD ./Third_party/SEGGER/SEGGER/SEGGER_SYSVIEW.o
LOAD ./Third_party/SEGGER/SEGGER/Syscalls/SEGGER_RTT_Syscalls_GCC.o
START GROUP
LOAD c:/st/stm32cubeide_1.11.0/stm32cubeide/plugins/com.st.stm32cube.ide.mcu.externaltools.gnu-tools-for-stm32.10.3-2021.10.win32_1.0.100.202210260954/tools/bin/../lib/gcc/arm-none-eabi/10.3.1/../../../../arm-none-eabi/lib/thumb/v7e-m+dp/hard\libc_nano.a
LOAD c:/st/stm32cubeide_1.11.0/stm32cubeide/plugins/com.st.stm32cube.ide.mcu.externaltools.gnu-tools-for-stm32.10.3-2021.10.win32_1.0.100.202210260954/tools/bin/../lib/gcc/arm-none-eabi/10.3.1/../../../../arm-none-eabi/lib/thumb/v7e-m+dp/hard\libm.a
END GROUP
START GROUP
LOAD c:/st/stm32cubeide_1.11.0/stm32cubeide/plugins/com.st.stm32cube.ide.mcu.externaltools.gnu-tools-for-stm32.10.3-2021.10.win32_1.0.100.202210260954/tools/bin/../lib/gcc/arm-none-eabi/10.3.1/thumb/v7e-m+dp/hard\libgcc.a
LOAD c:/st/stm32cubeide_1.11.0/stm32cubeide/plugins/com.st.stm32cube.ide.mcu.externaltools.gnu-tools-for-stm32.10.3-2021.10.win32_1.0.100.202210260954/tools/bin/../lib/gcc/arm-none-eabi/10.3.1/../../../../arm-none-eabi/lib/thumb/v7e-m+dp/hard\libc_nano.a
END GROUP
START GROUP
LOAD c:/st/stm32cubeide_1.11.0/stm32cubeide/plugins/com.st.stm32cube.ide.mcu.externaltools.gnu-tools-for-stm32.10.3-2021.10.win32_1.0.100.202210260954/tools/bin/../lib/gcc/arm-none-eabi/10.3.1/thumb/v7e-m+dp/hard\libgcc.a
LOAD c:/st/stm32cubeide_1.11.0/stm32cubeide/plugins/com.st.stm32cube.ide.mcu.externaltools.gnu-tools-for-stm32.10.3-2021.10.win32_1.0.100.202210260954/tools/bin/../lib/gcc/arm-none-eabi/10.3.1/../../../../arm-none-eabi/lib/thumb/v7e-m+dp/hard\libc_nano.a
LOAD c:/st/stm32cubeide_1.11.0/stm32cubeide/plugins/com.st.stm32cube.ide.mcu.externaltools.gnu-tools-for-stm32.10.3-2021.10.win32_1.0.100.202210260954/tools/bin/../lib/gcc/arm-none-eabi/10.3.1/../../../../arm-none-eabi/lib/thumb/v7e-m+dp/hard\libnosys.a
END GROUP
START GROUP
LOAD c:/st/stm32cubeide_1.11.0/stm32cubeide/plugins/com.st.stm32cube.ide.mcu.externaltools.gnu-tools-for-stm32.10.3-2021.10.win32_1.0.100.202210260954/tools/bin/../lib/gcc/arm-none-eabi/10.3.1/thumb/v7e-m+dp/hard\libgcc.a
LOAD c:/st/stm32cubeide_1.11.0/stm32cubeide/plugins/com.st.stm32cube.ide.mcu.externaltools.gnu-tools-for-stm32.10.3-2021.10.win32_1.0.100.202210260954/tools/bin/../lib/gcc/arm-none-eabi/10.3.1/../../../../arm-none-eabi/lib/thumb/v7e-m+dp/hard\libc_nano.a
LOAD c:/st/stm32cubeide_1.11.0/stm32cubeide/plugins/com.st.stm32cube.ide.mcu.externaltools.gnu-tools-for-stm32.10.3-2021.10.win32_1.0.100.202210260954/tools/bin/../lib/gcc/arm-none-eabi/10.3.1/../../../../arm-none-eabi/lib/thumb/v7e-m+dp/hard\libnosys.a
END GROUP
LOAD c:/st/stm32cubeide_1.11.0/stm32cubeide/plugins/com.st.stm32cube.ide.mcu.externaltools.gnu-tools-for-stm32.10.3-2021.10.win32_1.0.100.202210260954/tools/bin/../lib/gcc/arm-none-eabi/10.3.1/thumb/v7e-m+dp/hard/crtend.o
LOAD c:/st/stm32cubeide_1.11.0/stm32cubeide/plugins/com.st.stm32cube.ide.mcu.externaltools.gnu-tools-for-stm32.10.3-2021.10.win32_1.0.100.202210260954/tools/bin/../lib/gcc/arm-none-eabi/10.3.1/thumb/v7e-m+dp/hard/crtn.o
                0x0000000024100000                _estack = (ORIGIN (RAM) + LENGTH (RAM))
                0x0000000000000200                _Min_Heap_Size = 0x200
                0x0000000000000400                _Min_Stack_Size = 0x400

.isr_vector     0x0000000008000000      0x2ac
                0x0000000008000000                . = ALIGN (0x4)
 *(.isr_vector)
 .isr_vector    0x0000000008000000      0x2ac ./Core/Startup/startup_stm32h7a3zitxq.o
                0x0000000008000000                g_pfnVectors
                0x00000000080002ac                . = ALIGN (0x4)

.text           0x00000000080002b0     0xa604
                0x00000000080002b0                . = ALIGN (0x4)
 *(.text)
 .text          0x00000000080002b0       0x40 c:/st/stm32cubeide_1.11.0/stm32cubeide/plugins/com.st.stm32cube.ide.mcu.externaltools.gnu-tools-for-stm32.10.3-2021.10.win32_1.0.100.202210260954/tools/bin/../lib/gcc/arm-none-eabi/10.3.1/thumb/v7e-m+dp/hard/crtbegin.o
 .text          0x00000000080002f0       0x94 ./Third_party/SEGGER/SEGGER/SEGGER_RTT_ASM_ARMv7M.o
                0x00000000080002f0                SEGGER_RTT_ASM_WriteSkipNoLock
 .text          0x0000000008000384       0x30 c:/st/stm32cubeide_1.11.0/stm32cubeide/plugins/com.st.stm32cube.ide.mcu.externaltools.gnu-tools-for-stm32.10.3-2021.10.win32_1.0.100.202210260954/tools/bin/../lib/gcc/arm-none-eabi/10.3.1/thumb/v7e-m+dp/hard\libgcc.a(_aeabi_uldivmod.o)
                0x0000000008000384                __aeabi_uldivmod
 .text          0x00000000080003b4      0x2d0 c:/st/stm32cubeide_1.11.0/stm32cubeide/plugins/com.st.stm32cube.ide.mcu.externaltools.gnu-tools-for-stm32.10.3-2021.10.win32_1.0.100.202210260954/tools/bin/../lib/gcc/arm-none-eabi/10.3.1/thumb/v7e-m+dp/hard\libgcc.a(_udivmoddi4.o)
                0x00000000080003b4                __udivmoddi4
 .text          0x0000000008000684        0x4 c:/st/stm32cubeide_1.11.0/stm32cubeide/plugins/com.st.stm32cube.ide.mcu.externaltools.gnu-tools-for-stm32.10.3-2021.10.win32_1.0.100.202210260954/tools/bin/../lib/gcc/arm-none-eabi/10.3.1/thumb/v7e-m+dp/hard\libgcc.a(_dvmd_tls.o)
                0x0000000008000684                __aeabi_idiv0
                0x0000000008000684                __aeabi_ldiv0
 *(.text*)
 .text.main     0x0000000008000688       0xb8 ./Core/Src/main.o
                0x0000000008000688                main
 .text.SystemClock_Config
                0x0000000008000740       0xec ./Core/Src/main.o
                0x0000000008000740                SystemClock_Config
 .text.MX_USART3_UART_Init
                0x000000000800082c       0x98 ./Core/Src/main.o
 .text.MX_USB_OTG_HS_USB_Init
                0x00000000080008c4        0xe ./Core/Src/main.o
 *fill*         0x00000000080008d2        0x2 
 .text.MX_GPIO_Init
                0x00000000080008d4      0x234 ./Core/Src/main.o
 .text.task1_handler
                0x0000000008000b08       0x10 ./Core/Src/main.o
 .text.task2_handler
                0x0000000008000b18       0x10 ./Core/Src/main.o
 .text.HAL_TIM_PeriodElapsedCallback
                0x0000000008000b28       0x24 ./Core/Src/main.o
                0x0000000008000b28                HAL_TIM_PeriodElapsedCallback
 .text.Error_Handler
                0x0000000008000b4c        0xa ./Core/Src/main.o
                0x0000000008000b4c                Error_Handler
 *fill*         0x0000000008000b56        0x2 
 .text.HAL_MspInit
                0x0000000008000b58       0x34 ./Core/Src/stm32h7xx_hal_msp.o
                0x0000000008000b58                HAL_MspInit
 .text.HAL_UART_MspInit
                0x0000000008000b8c       0xd4 ./Core/Src/stm32h7xx_hal_msp.o
                0x0000000008000b8c                HAL_UART_MspInit
 .text.HAL_InitTick
                0x0000000008000c60       0xd8 ./Core/Src/stm32h7xx_hal_timebase_tim.o
                0x0000000008000c60                HAL_InitTick
 .text.NMI_Handler
                0x0000000008000d38        0x6 ./Core/Src/stm32h7xx_it.o
                0x0000000008000d38                NMI_Handler
 .text.HardFault_Handler
                0x0000000008000d3e        0x6 ./Core/Src/stm32h7xx_it.o
                0x0000000008000d3e                HardFault_Handler
 .text.MemManage_Handler
                0x0000000008000d44        0x6 ./Core/Src/stm32h7xx_it.o
                0x0000000008000d44                MemManage_Handler
 .text.BusFault_Handler
                0x0000000008000d4a        0x6 ./Core/Src/stm32h7xx_it.o
                0x0000000008000d4a                BusFault_Handler
 .text.UsageFault_Handler
                0x0000000008000d50        0x6 ./Core/Src/stm32h7xx_it.o
                0x0000000008000d50                UsageFault_Handler
 .text.DebugMon_Handler
                0x0000000008000d56        0xe ./Core/Src/stm32h7xx_it.o
                0x0000000008000d56                DebugMon_Handler
 .text.TIM6_DAC_IRQHandler
                0x0000000008000d64       0x14 ./Core/Src/stm32h7xx_it.o
                0x0000000008000d64                TIM6_DAC_IRQHandler
 .text._read    0x0000000008000d78       0x3a ./Core/Src/syscalls.o
                0x0000000008000d78                _read
 .text._close   0x0000000008000db2       0x18 ./Core/Src/syscalls.o
                0x0000000008000db2                _close
 .text._fstat   0x0000000008000dca       0x20 ./Core/Src/syscalls.o
                0x0000000008000dca                _fstat
 .text._isatty  0x0000000008000dea       0x16 ./Core/Src/syscalls.o
                0x0000000008000dea                _isatty
 .text._lseek   0x0000000008000e00       0x1a ./Core/Src/syscalls.o
                0x0000000008000e00                _lseek
 *fill*         0x0000000008000e1a        0x2 
 .text.SystemInit
                0x0000000008000e1c       0xf0 ./Core/Src/system_stm32h7xx.o
                0x0000000008000e1c                SystemInit
 .text.Reset_Handler
                0x0000000008000f0c       0x50 ./Core/Startup/startup_stm32h7a3zitxq.o
                0x0000000008000f0c                Reset_Handler
 .text.Default_Handler
                0x0000000008000f5c        0x2 ./Core/Startup/startup_stm32h7a3zitxq.o
                0x0000000008000f5c                RTC_Alarm_IRQHandler
                0x0000000008000f5c                EXTI2_IRQHandler
                0x0000000008000f5c                TIM8_CC_IRQHandler
                0x0000000008000f5c                UART8_IRQHandler
                0x0000000008000f5c                BDMA2_Channel1_IRQHandler
                0x0000000008000f5c                SPI4_IRQHandler
                0x0000000008000f5c                BDMA2_Channel0_IRQHandler
                0x0000000008000f5c                TIM1_CC_IRQHandler
                0x0000000008000f5c                DMA2_Stream5_IRQHandler
                0x0000000008000f5c                JPEG_IRQHandler
                0x0000000008000f5c                DMA1_Stream5_IRQHandler
                0x0000000008000f5c                EXTI3_IRQHandler
                0x0000000008000f5c                LPTIM4_IRQHandler
                0x0000000008000f5c                TIM8_TRG_COM_TIM14_IRQHandler
                0x0000000008000f5c                LPTIM2_IRQHandler
                0x0000000008000f5c                DFSDM1_FLT1_IRQHandler
                0x0000000008000f5c                DMAMUX2_OVR_IRQHandler
                0x0000000008000f5c                GFXMMU_IRQHandler
                0x0000000008000f5c                TIM8_UP_TIM13_IRQHandler
                0x0000000008000f5c                I2C3_ER_IRQHandler
                0x0000000008000f5c                DFSDM1_FLT2_IRQHandler
                0x0000000008000f5c                USART10_IRQHandler
                0x0000000008000f5c                MDMA_IRQHandler
                0x0000000008000f5c                LPTIM3_IRQHandler
                0x0000000008000f5c                BDMA2_Channel3_IRQHandler
                0x0000000008000f5c                HSEM1_IRQHandler
                0x0000000008000f5c                EXTI0_IRQHandler
                0x0000000008000f5c                I2C2_EV_IRQHandler
                0x0000000008000f5c                DAC2_IRQHandler
                0x0000000008000f5c                DMA1_Stream2_IRQHandler
                0x0000000008000f5c                FPU_IRQHandler
                0x0000000008000f5c                OTG_HS_WKUP_IRQHandler
                0x0000000008000f5c                FDCAN1_IT1_IRQHandler
                0x0000000008000f5c                LTDC_ER_IRQHandler
                0x0000000008000f5c                DMA2_Stream2_IRQHandler
                0x0000000008000f5c                SPI1_IRQHandler
                0x0000000008000f5c                OCTOSPI1_IRQHandler
                0x0000000008000f5c                BDMA2_Channel6_IRQHandler
                0x0000000008000f5c                DMA2_Stream3_IRQHandler
                0x0000000008000f5c                OCTOSPI2_IRQHandler
                0x0000000008000f5c                SAI2_IRQHandler
                0x0000000008000f5c                BDMA1_IRQHandler
                0x0000000008000f5c                DFSDM1_FLT3_IRQHandler
                0x0000000008000f5c                USART6_IRQHandler
                0x0000000008000f5c                TIM17_IRQHandler
                0x0000000008000f5c                USART3_IRQHandler
                0x0000000008000f5c                LPTIM5_IRQHandler
                0x0000000008000f5c                UART5_IRQHandler
                0x0000000008000f5c                DMA2_Stream0_IRQHandler
                0x0000000008000f5c                TIM4_IRQHandler
                0x0000000008000f5c                I2C1_EV_IRQHandler
                0x0000000008000f5c                DMA1_Stream6_IRQHandler
                0x0000000008000f5c                DMAMUX1_OVR_IRQHandler
                0x0000000008000f5c                DMA1_Stream1_IRQHandler
                0x0000000008000f5c                TIM16_IRQHandler
                0x0000000008000f5c                UART4_IRQHandler
                0x0000000008000f5c                TIM3_IRQHandler
                0x0000000008000f5c                RCC_IRQHandler
                0x0000000008000f5c                UART9_IRQHandler
                0x0000000008000f5c                TIM8_BRK_TIM12_IRQHandler
                0x0000000008000f5c                TIM1_TRG_COM_IRQHandler
                0x0000000008000f5c                Default_Handler
                0x0000000008000f5c                ECC_IRQHandler
                0x0000000008000f5c                BDMA2_Channel2_IRQHandler
                0x0000000008000f5c                CEC_IRQHandler
                0x0000000008000f5c                EXTI15_10_IRQHandler
                0x0000000008000f5c                DFSDM1_FLT4_IRQHandler
                0x0000000008000f5c                ADC_IRQHandler
                0x0000000008000f5c                DMA1_Stream7_IRQHandler
                0x0000000008000f5c                SPI5_IRQHandler
                0x0000000008000f5c                TIM7_IRQHandler
                0x0000000008000f5c                SDMMC1_IRQHandler
                0x0000000008000f5c                TIM5_IRQHandler
                0x0000000008000f5c                DMA2_Stream7_IRQHandler
                0x0000000008000f5c                TIM15_IRQHandler
                0x0000000008000f5c                I2C3_EV_IRQHandler
                0x0000000008000f5c                DFSDM2_IRQHandler
                0x0000000008000f5c                EXTI9_5_IRQHandler
                0x0000000008000f5c                RTC_WKUP_IRQHandler
                0x0000000008000f5c                LTDC_IRQHandler
                0x0000000008000f5c                SPDIF_RX_IRQHandler
                0x0000000008000f5c                PVD_PVM_IRQHandler
                0x0000000008000f5c                SPI2_IRQHandler
                0x0000000008000f5c                OTG_HS_EP1_IN_IRQHandler
                0x0000000008000f5c                DFSDM1_FLT5_IRQHandler
                0x0000000008000f5c                DMA1_Stream0_IRQHandler
                0x0000000008000f5c                CRS_IRQHandler
                0x0000000008000f5c                EXTI4_IRQHandler
                0x0000000008000f5c                DFSDM1_FLT6_IRQHandler
                0x0000000008000f5c                RNG_IRQHandler
                0x0000000008000f5c                FDCAN2_IT1_IRQHandler
                0x0000000008000f5c                COMP_IRQHandler
                0x0000000008000f5c                TIM1_UP_IRQHandler
                0x0000000008000f5c                OTG_HS_EP1_OUT_IRQHandler
                0x0000000008000f5c                WWDG_IRQHandler
                0x0000000008000f5c                SPI6_IRQHandler
                0x0000000008000f5c                MDIOS_IRQHandler
                0x0000000008000f5c                I2C4_EV_IRQHandler
                0x0000000008000f5c                FDCAN2_IT0_IRQHandler
                0x0000000008000f5c                LPUART1_IRQHandler
                0x0000000008000f5c                FDCAN1_IT0_IRQHandler
                0x0000000008000f5c                TIM2_IRQHandler
                0x0000000008000f5c                BDMA2_Channel5_IRQHandler
                0x0000000008000f5c                OTG_HS_IRQHandler
                0x0000000008000f5c                DMA2D_IRQHandler
                0x0000000008000f5c                TIM1_BRK_IRQHandler
                0x0000000008000f5c                EXTI1_IRQHandler
                0x0000000008000f5c                SDMMC2_IRQHandler
                0x0000000008000f5c                DTS_IRQHandler
                0x0000000008000f5c                UART7_IRQHandler
                0x0000000008000f5c                MDIOS_WKUP_IRQHandler
                0x0000000008000f5c                USART2_IRQHandler
                0x0000000008000f5c                DFSDM1_FLT0_IRQHandler
                0x0000000008000f5c                I2C2_ER_IRQHandler
                0x0000000008000f5c                DMA2_Stream1_IRQHandler
                0x0000000008000f5c                DFSDM1_FLT7_IRQHandler
                0x0000000008000f5c                FLASH_IRQHandler
                0x0000000008000f5c                DMA2_Stream4_IRQHandler
                0x0000000008000f5c                USART1_IRQHandler
                0x0000000008000f5c                SPI3_IRQHandler
                0x0000000008000f5c                WAKEUP_PIN_IRQHandler
                0x0000000008000f5c                DMA1_Stream4_IRQHandler
                0x0000000008000f5c                I2C1_ER_IRQHandler
                0x0000000008000f5c                FMC_IRQHandler
                0x0000000008000f5c                BDMA2_Channel7_IRQHandler
                0x0000000008000f5c                FDCAN_CAL_IRQHandler
                0x0000000008000f5c                SWPMI1_IRQHandler
                0x0000000008000f5c                LPTIM1_IRQHandler
                0x0000000008000f5c                DCMI_PSSI_IRQHandler
                0x0000000008000f5c                I2C4_ER_IRQHandler
                0x0000000008000f5c                DMA2_Stream6_IRQHandler
                0x0000000008000f5c                SAI1_IRQHandler
                0x0000000008000f5c                DMA1_Stream3_IRQHandler
                0x0000000008000f5c                RTC_TAMP_STAMP_CSS_LSE_IRQHandler
                0x0000000008000f5c                BDMA2_Channel4_IRQHandler
 *fill*         0x0000000008000f5e        0x2 
 .text.HAL_Init
                0x0000000008000f60       0x78 ./Drivers/STM32H7xx_HAL_Driver/Src/stm32h7xx_hal.o
                0x0000000008000f60                HAL_Init
 .text.HAL_IncTick
                0x0000000008000fd8       0x28 ./Drivers/STM32H7xx_HAL_Driver/Src/stm32h7xx_hal.o
                0x0000000008000fd8                HAL_IncTick
 .text.HAL_GetTick
                0x0000000008001000       0x18 ./Drivers/STM32H7xx_HAL_Driver/Src/stm32h7xx_hal.o
                0x0000000008001000                HAL_GetTick
 .text.__NVIC_SetPriorityGrouping
                0x0000000008001018       0x48 ./Drivers/STM32H7xx_HAL_Driver/Src/stm32h7xx_hal_cortex.o
 .text.__NVIC_GetPriorityGrouping
                0x0000000008001060       0x1c ./Drivers/STM32H7xx_HAL_Driver/Src/stm32h7xx_hal_cortex.o
 .text.__NVIC_EnableIRQ
                0x000000000800107c       0x3c ./Drivers/STM32H7xx_HAL_Driver/Src/stm32h7xx_hal_cortex.o
 .text.__NVIC_SetPriority
                0x00000000080010b8       0x54 ./Drivers/STM32H7xx_HAL_Driver/Src/stm32h7xx_hal_cortex.o
 .text.NVIC_EncodePriority
                0x000000000800110c       0x66 ./Drivers/STM32H7xx_HAL_Driver/Src/stm32h7xx_hal_cortex.o
 .text.HAL_NVIC_SetPriorityGrouping
                0x0000000008001172       0x16 ./Drivers/STM32H7xx_HAL_Driver/Src/stm32h7xx_hal_cortex.o
                0x0000000008001172                HAL_NVIC_SetPriorityGrouping
 .text.HAL_NVIC_SetPriority
                0x0000000008001188       0x34 ./Drivers/STM32H7xx_HAL_Driver/Src/stm32h7xx_hal_cortex.o
                0x0000000008001188                HAL_NVIC_SetPriority
 .text.HAL_NVIC_EnableIRQ
                0x00000000080011bc       0x1c ./Drivers/STM32H7xx_HAL_Driver/Src/stm32h7xx_hal_cortex.o
                0x00000000080011bc                HAL_NVIC_EnableIRQ
 .text.HAL_GPIO_Init
                0x00000000080011d8      0x360 ./Drivers/STM32H7xx_HAL_Driver/Src/stm32h7xx_hal_gpio.o
                0x00000000080011d8                HAL_GPIO_Init
 .text.HAL_GPIO_WritePin
                0x0000000008001538       0x32 ./Drivers/STM32H7xx_HAL_Driver/Src/stm32h7xx_hal_gpio.o
                0x0000000008001538                HAL_GPIO_WritePin
 *fill*         0x000000000800156a        0x2 
 .text.HAL_PWREx_ConfigSupply
                0x000000000800156c       0xb4 ./Drivers/STM32H7xx_HAL_Driver/Src/stm32h7xx_hal_pwr_ex.o
                0x000000000800156c                HAL_PWREx_ConfigSupply
 .text.HAL_RCC_OscConfig
                0x0000000008001620      0x864 ./Drivers/STM32H7xx_HAL_Driver/Src/stm32h7xx_hal_rcc.o
                0x0000000008001620                HAL_RCC_OscConfig
 .text.HAL_RCC_ClockConfig
                0x0000000008001e84      0x36c ./Drivers/STM32H7xx_HAL_Driver/Src/stm32h7xx_hal_rcc.o
                0x0000000008001e84                HAL_RCC_ClockConfig
 .text.HAL_RCC_GetSysClockFreq
                0x00000000080021f0      0x2f4 ./Drivers/STM32H7xx_HAL_Driver/Src/stm32h7xx_hal_rcc.o
                0x00000000080021f0                HAL_RCC_GetSysClockFreq
 .text.HAL_RCC_GetHCLKFreq
                0x00000000080024e4       0x60 ./Drivers/STM32H7xx_HAL_Driver/Src/stm32h7xx_hal_rcc.o
                0x00000000080024e4                HAL_RCC_GetHCLKFreq
 .text.HAL_RCC_GetPCLK1Freq
                0x0000000008002544       0x2c ./Drivers/STM32H7xx_HAL_Driver/Src/stm32h7xx_hal_rcc.o
                0x0000000008002544                HAL_RCC_GetPCLK1Freq
 .text.HAL_RCC_GetPCLK2Freq
                0x0000000008002570       0x2c ./Drivers/STM32H7xx_HAL_Driver/Src/stm32h7xx_hal_rcc.o
                0x0000000008002570                HAL_RCC_GetPCLK2Freq
 .text.HAL_RCC_GetClockConfig
                0x000000000800259c       0x84 ./Drivers/STM32H7xx_HAL_Driver/Src/stm32h7xx_hal_rcc.o
                0x000000000800259c                HAL_RCC_GetClockConfig
 .text.HAL_RCCEx_PeriphCLKConfig
                0x0000000008002620     0x137c ./Drivers/STM32H7xx_HAL_Driver/Src/stm32h7xx_hal_rcc_ex.o
                0x0000000008002620                HAL_RCCEx_PeriphCLKConfig
 .text.HAL_RCCEx_GetD3PCLK1Freq
                0x000000000800399c       0x2c ./Drivers/STM32H7xx_HAL_Driver/Src/stm32h7xx_hal_rcc_ex.o
                0x000000000800399c                HAL_RCCEx_GetD3PCLK1Freq
 .text.HAL_RCCEx_GetPLL2ClockFreq
                0x00000000080039c8      0x2a8 ./Drivers/STM32H7xx_HAL_Driver/Src/stm32h7xx_hal_rcc_ex.o
                0x00000000080039c8                HAL_RCCEx_GetPLL2ClockFreq
 .text.HAL_RCCEx_GetPLL3ClockFreq
                0x0000000008003c70      0x2a8 ./Drivers/STM32H7xx_HAL_Driver/Src/stm32h7xx_hal_rcc_ex.o
                0x0000000008003c70                HAL_RCCEx_GetPLL3ClockFreq
 .text.RCCEx_PLL2_Config
                0x0000000008003f18      0x164 ./Drivers/STM32H7xx_HAL_Driver/Src/stm32h7xx_hal_rcc_ex.o
 .text.RCCEx_PLL3_Config
                0x000000000800407c      0x164 ./Drivers/STM32H7xx_HAL_Driver/Src/stm32h7xx_hal_rcc_ex.o
 .text.HAL_TIM_Base_Init
                0x00000000080041e0       0xae ./Drivers/STM32H7xx_HAL_Driver/Src/stm32h7xx_hal_tim.o
                0x00000000080041e0                HAL_TIM_Base_Init
 .text.HAL_TIM_Base_MspInit
                0x000000000800428e       0x14 ./Drivers/STM32H7xx_HAL_Driver/Src/stm32h7xx_hal_tim.o
                0x000000000800428e                HAL_TIM_Base_MspInit
 *fill*         0x00000000080042a2        0x2 
 .text.HAL_TIM_Base_Start_IT
                0x00000000080042a4       0xf0 ./Drivers/STM32H7xx_HAL_Driver/Src/stm32h7xx_hal_tim.o
                0x00000000080042a4                HAL_TIM_Base_Start_IT
 .text.HAL_TIM_IRQHandler
                0x0000000008004394      0x23e ./Drivers/STM32H7xx_HAL_Driver/Src/stm32h7xx_hal_tim.o
                0x0000000008004394                HAL_TIM_IRQHandler
 .text.HAL_TIM_OC_DelayElapsedCallback
                0x00000000080045d2       0x14 ./Drivers/STM32H7xx_HAL_Driver/Src/stm32h7xx_hal_tim.o
                0x00000000080045d2                HAL_TIM_OC_DelayElapsedCallback
 .text.HAL_TIM_IC_CaptureCallback
                0x00000000080045e6       0x14 ./Drivers/STM32H7xx_HAL_Driver/Src/stm32h7xx_hal_tim.o
                0x00000000080045e6                HAL_TIM_IC_CaptureCallback
 .text.HAL_TIM_PWM_PulseFinishedCallback
                0x00000000080045fa       0x14 ./Drivers/STM32H7xx_HAL_Driver/Src/stm32h7xx_hal_tim.o
                0x00000000080045fa                HAL_TIM_PWM_PulseFinishedCallback
 .text.HAL_TIM_TriggerCallback
                0x000000000800460e       0x14 ./Drivers/STM32H7xx_HAL_Driver/Src/stm32h7xx_hal_tim.o
                0x000000000800460e                HAL_TIM_TriggerCallback
 *fill*         0x0000000008004622        0x2 
 .text.TIM_Base_SetConfig
                0x0000000008004624      0x134 ./Drivers/STM32H7xx_HAL_Driver/Src/stm32h7xx_hal_tim.o
                0x0000000008004624                TIM_Base_SetConfig
 .text.HAL_TIMEx_CommutCallback
                0x0000000008004758       0x14 ./Drivers/STM32H7xx_HAL_Driver/Src/stm32h7xx_hal_tim_ex.o
                0x0000000008004758                HAL_TIMEx_CommutCallback
 .text.HAL_TIMEx_BreakCallback
                0x000000000800476c       0x14 ./Drivers/STM32H7xx_HAL_Driver/Src/stm32h7xx_hal_tim_ex.o
                0x000000000800476c                HAL_TIMEx_BreakCallback
 .text.HAL_TIMEx_Break2Callback
                0x0000000008004780       0x14 ./Drivers/STM32H7xx_HAL_Driver/Src/stm32h7xx_hal_tim_ex.o
                0x0000000008004780                HAL_TIMEx_Break2Callback
 .text.HAL_UART_Init
                0x0000000008004794       0xa0 ./Drivers/STM32H7xx_HAL_Driver/Src/stm32h7xx_hal_uart.o
                0x0000000008004794                HAL_UART_Init
 .text.UART_SetConfig
                0x0000000008004834      0xcd8 ./Drivers/STM32H7xx_HAL_Driver/Src/stm32h7xx_hal_uart.o
                0x0000000008004834                UART_SetConfig
 .text.UART_AdvFeatureConfig
                0x000000000800550c      0x144 ./Drivers/STM32H7xx_HAL_Driver/Src/stm32h7xx_hal_uart.o
                0x000000000800550c                UART_AdvFeatureConfig
 .text.UART_CheckIdleState
                0x0000000008005650      0x154 ./Drivers/STM32H7xx_HAL_Driver/Src/stm32h7xx_hal_uart.o
                0x0000000008005650                UART_CheckIdleState
 .text.UART_WaitOnFlagUntilTimeout
                0x00000000080057a4       0xce ./Drivers/STM32H7xx_HAL_Driver/Src/stm32h7xx_hal_uart.o
                0x00000000080057a4                UART_WaitOnFlagUntilTimeout
 *fill*         0x0000000008005872        0x2 
 .text.UART_EndRxTransfer
                0x0000000008005874       0xcc ./Drivers/STM32H7xx_HAL_Driver/Src/stm32h7xx_hal_uart.o
 .text.HAL_UARTEx_DisableFifoMode
                0x0000000008005940       0x72 ./Drivers/STM32H7xx_HAL_Driver/Src/stm32h7xx_hal_uart_ex.o
                0x0000000008005940                HAL_UARTEx_DisableFifoMode
 .text.HAL_UARTEx_SetTxFifoThreshold
                0x00000000080059b2       0x7c ./Drivers/STM32H7xx_HAL_Driver/Src/stm32h7xx_hal_uart_ex.o
                0x00000000080059b2                HAL_UARTEx_SetTxFifoThreshold
 .text.HAL_UARTEx_SetRxFifoThreshold
                0x0000000008005a2e       0x7c ./Drivers/STM32H7xx_HAL_Driver/Src/stm32h7xx_hal_uart_ex.o
                0x0000000008005a2e                HAL_UARTEx_SetRxFifoThreshold
 *fill*         0x0000000008005aaa        0x2 
 .text.UARTEx_SetNbDataToProcess
                0x0000000008005aac       0x9c ./Drivers/STM32H7xx_HAL_Driver/Src/stm32h7xx_hal_uart_ex.o
 .text.vListInitialise
                0x0000000008005b48       0x40 ./Third_party/FreeRTOS/list.o
                0x0000000008005b48                vListInitialise
 .text.vListInitialiseItem
                0x0000000008005b88       0x1a ./Third_party/FreeRTOS/list.o
                0x0000000008005b88                vListInitialiseItem
 .text.vListInsert
                0x0000000008005ba2       0x72 ./Third_party/FreeRTOS/list.o
                0x0000000008005ba2                vListInsert
 .text.uxListRemove
                0x0000000008005c14       0x54 ./Third_party/FreeRTOS/list.o
                0x0000000008005c14                uxListRemove
 .text.xQueueGenericReset
                0x0000000008005c68      0x120 ./Third_party/FreeRTOS/queue.o
                0x0000000008005c68                xQueueGenericReset
 .text.xQueueGenericCreate
                0x0000000008005d88       0x9c ./Third_party/FreeRTOS/queue.o
                0x0000000008005d88                xQueueGenericCreate
 .text.prvInitialiseNewQueue
                0x0000000008005e24       0x52 ./Third_party/FreeRTOS/queue.o
 *fill*         0x0000000008005e76        0x2 
 .text.xQueueReceive
                0x0000000008005e78      0x220 ./Third_party/FreeRTOS/queue.o
                0x0000000008005e78                xQueueReceive
 .text.prvCopyDataFromQueue
                0x0000000008006098       0x4c ./Third_party/FreeRTOS/queue.o
 .text.prvUnlockQueue
                0x00000000080060e4       0xa4 ./Third_party/FreeRTOS/queue.o
 .text.prvIsQueueEmpty
                0x0000000008006188       0x2c ./Third_party/FreeRTOS/queue.o
 .text.vQueueAddToRegistry
                0x00000000080061b4       0xac ./Third_party/FreeRTOS/queue.o
                0x00000000080061b4                vQueueAddToRegistry
 .text.vQueueWaitForMessageRestricted
                0x0000000008006260       0x68 ./Third_party/FreeRTOS/queue.o
                0x0000000008006260                vQueueWaitForMessageRestricted
 .text.xTaskCreate
                0x00000000080062c8       0x8c ./Third_party/FreeRTOS/tasks.o
                0x00000000080062c8                xTaskCreate
 .text.prvInitialiseNewTask
                0x0000000008006354      0x11c ./Third_party/FreeRTOS/tasks.o
 .text.prvAddNewTaskToReadyList
                0x0000000008006470      0x16c ./Third_party/FreeRTOS/tasks.o
 .text.vTaskStartScheduler
                0x00000000080065dc       0xc4 ./Third_party/FreeRTOS/tasks.o
                0x00000000080065dc                vTaskStartScheduler
 .text.vTaskSuspendAll
                0x00000000080066a0       0x1c ./Third_party/FreeRTOS/tasks.o
                0x00000000080066a0                vTaskSuspendAll
 .text.xTaskResumeAll
                0x00000000080066bc      0x200 ./Third_party/FreeRTOS/tasks.o
                0x00000000080066bc                xTaskResumeAll
 .text.xTaskGetTickCount
                0x00000000080068bc       0x20 ./Third_party/FreeRTOS/tasks.o
                0x00000000080068bc                xTaskGetTickCount
 .text.xTaskGetTickCountFromISR
                0x00000000080068dc       0x24 ./Third_party/FreeRTOS/tasks.o
                0x00000000080068dc                xTaskGetTickCountFromISR
 .text.xTaskIncrementTick
                0x0000000008006900      0x238 ./Third_party/FreeRTOS/tasks.o
                0x0000000008006900                xTaskIncrementTick
 .text.vTaskSwitchContext
                0x0000000008006b38       0xd8 ./Third_party/FreeRTOS/tasks.o
                0x0000000008006b38                vTaskSwitchContext
 .text.vTaskPlaceOnEventList
                0x0000000008006c10       0x48 ./Third_party/FreeRTOS/tasks.o
                0x0000000008006c10                vTaskPlaceOnEventList
 .text.vTaskPlaceOnEventListRestricted
                0x0000000008006c58       0x90 ./Third_party/FreeRTOS/tasks.o
                0x0000000008006c58                vTaskPlaceOnEventListRestricted
 .text.xTaskRemoveFromEventList
                0x0000000008006ce8      0x1b4 ./Third_party/FreeRTOS/tasks.o
                0x0000000008006ce8                xTaskRemoveFromEventList
 .text.vTaskInternalSetTimeOutState
                0x0000000008006e9c       0x2c ./Third_party/FreeRTOS/tasks.o
                0x0000000008006e9c                vTaskInternalSetTimeOutState
 .text.xTaskCheckForTimeOut
                0x0000000008006ec8       0xcc ./Third_party/FreeRTOS/tasks.o
                0x0000000008006ec8                xTaskCheckForTimeOut
 .text.vTaskMissedYield
                0x0000000008006f94       0x18 ./Third_party/FreeRTOS/tasks.o
                0x0000000008006f94                vTaskMissedYield
 .text.prvIdleTask
                0x0000000008006fac       0x30 ./Third_party/FreeRTOS/tasks.o
 .text.prvInitialiseTaskLists
                0x0000000008006fdc       0x80 ./Third_party/FreeRTOS/tasks.o
 .text.prvCheckTasksWaitingTermination
                0x000000000800705c       0x5c ./Third_party/FreeRTOS/tasks.o
 .text.prvTaskCheckFreeStackSpace
                0x00000000080070b8       0x38 ./Third_party/FreeRTOS/tasks.o
 .text.uxTaskGetStackHighWaterMark
                0x00000000080070f0       0x38 ./Third_party/FreeRTOS/tasks.o
                0x00000000080070f0                uxTaskGetStackHighWaterMark
 .text.prvDeleteTCB
                0x0000000008007128       0x20 ./Third_party/FreeRTOS/tasks.o
 .text.prvResetNextTaskUnblockTime
                0x0000000008007148       0x38 ./Third_party/FreeRTOS/tasks.o
 .text.xTaskGetSchedulerState
                0x0000000008007180       0x3c ./Third_party/FreeRTOS/tasks.o
                0x0000000008007180                xTaskGetSchedulerState
 .text.prvAddCurrentTaskToDelayedList
                0x00000000080071bc       0xdc ./Third_party/FreeRTOS/tasks.o
 .text.xTimerCreateTimerTask
                0x0000000008007298       0x64 ./Third_party/FreeRTOS/timers.o
                0x0000000008007298                xTimerCreateTimerTask
 .text.prvReloadTimer
                0x00000000080072fc       0x42 ./Third_party/FreeRTOS/timers.o
 *fill*         0x000000000800733e        0x2 
 .text.prvProcessExpiredTimer
                0x0000000008007340       0x60 ./Third_party/FreeRTOS/timers.o
 .text.prvTimerTask
                0x00000000080073a0       0x24 ./Third_party/FreeRTOS/timers.o
 .text.prvProcessTimerOrBlockTask
                0x00000000080073c4       0x9c ./Third_party/FreeRTOS/timers.o
 .text.prvGetNextExpireTime
                0x0000000008007460       0x48 ./Third_party/FreeRTOS/timers.o
 .text.prvSampleTimeNow
                0x00000000080074a8       0x40 ./Third_party/FreeRTOS/timers.o
 .text.prvInsertTimerInActiveList
                0x00000000080074e8       0x84 ./Third_party/FreeRTOS/timers.o
 .text.prvProcessReceivedCommands
                0x000000000800756c      0x1b4 ./Third_party/FreeRTOS/timers.o
 .text.prvSwitchTimerLists
                0x0000000008007720       0x4c ./Third_party/FreeRTOS/timers.o
 .text.prvCheckForValidListAndQueue
                0x000000000800776c       0x6c ./Third_party/FreeRTOS/timers.o
 .text.pxPortInitialiseStack
                0x00000000080077d8       0x68 ./Third_party/FreeRTOS/portable/GCC/ARM_CM4F/port.o
                0x00000000080077d8                pxPortInitialiseStack
 .text.prvTaskExitError
                0x0000000008007840       0x58 ./Third_party/FreeRTOS/portable/GCC/ARM_CM4F/port.o
 *fill*         0x0000000008007898        0x8 
 .text.SVC_Handler
                0x00000000080078a0       0x28 ./Third_party/FreeRTOS/portable/GCC/ARM_CM4F/port.o
                0x00000000080078a0                SVC_Handler
 .text.prvPortStartFirstTask
                0x00000000080078c8       0x2c ./Third_party/FreeRTOS/portable/GCC/ARM_CM4F/port.o
 .text.xPortStartScheduler
                0x00000000080078f4      0x144 ./Third_party/FreeRTOS/portable/GCC/ARM_CM4F/port.o
                0x00000000080078f4                xPortStartScheduler
 .text.vInitPrioGroupValue
                0x0000000008007a38       0xfc ./Third_party/FreeRTOS/portable/GCC/ARM_CM4F/port.o
                0x0000000008007a38                vInitPrioGroupValue
 .text.vPortEnterCritical
                0x0000000008007b34       0x60 ./Third_party/FreeRTOS/portable/GCC/ARM_CM4F/port.o
                0x0000000008007b34                vPortEnterCritical
 .text.vPortExitCritical
                0x0000000008007b94       0x54 ./Third_party/FreeRTOS/portable/GCC/ARM_CM4F/port.o
                0x0000000008007b94                vPortExitCritical
 *fill*         0x0000000008007be8        0x8 
 .text.PendSV_Handler
                0x0000000008007bf0       0x68 ./Third_party/FreeRTOS/portable/GCC/ARM_CM4F/port.o
                0x0000000008007bf0                PendSV_Handler
 .text.SysTick_Handler
                0x0000000008007c58       0x54 ./Third_party/FreeRTOS/portable/GCC/ARM_CM4F/port.o
                0x0000000008007c58                SysTick_Handler
 .text.vPortSetupTimerInterrupt
                0x0000000008007cac       0x48 ./Third_party/FreeRTOS/portable/GCC/ARM_CM4F/port.o
                0x0000000008007cac                vPortSetupTimerInterrupt
 .text.vPortEnableVFP
                0x0000000008007cf4       0x18 ./Third_party/FreeRTOS/portable/GCC/ARM_CM4F/port.o
 .text.vPortValidateInterruptPriority
                0x0000000008007d0c       0x80 ./Third_party/FreeRTOS/portable/GCC/ARM_CM4F/port.o
                0x0000000008007d0c                vPortValidateInterruptPriority
 .text.pvPortMalloc
                0x0000000008007d8c      0x174 ./Third_party/FreeRTOS/portable/MemMang/heap_4.o
                0x0000000008007d8c                pvPortMalloc
 .text.vPortFree
                0x0000000008007f00       0xb8 ./Third_party/FreeRTOS/portable/MemMang/heap_4.o
                0x0000000008007f00                vPortFree
 .text.prvHeapInit
                0x0000000008007fb8       0xb8 ./Third_party/FreeRTOS/portable/MemMang/heap_4.o
 .text.prvInsertBlockIntoFreeList
                0x0000000008008070       0xb4 ./Third_party/FreeRTOS/portable/MemMang/heap_4.o
 .text._cbSendSystemDesc
                0x0000000008008124       0x1c ./Third_party/SEGGER/Config/SEGGER_SYSVIEW_Config_FreeRTOS.o
 .text.SEGGER_SYSVIEW_Conf
                0x0000000008008140       0x2c ./Third_party/SEGGER/Config/SEGGER_SYSVIEW_Config_FreeRTOS.o
                0x0000000008008140                SEGGER_SYSVIEW_Conf
 .text._cbSendTaskList
                0x000000000800816c       0xbc ./Third_party/SEGGER/OS/SEGGER_SYSVIEW_FreeRTOS.o
 .text._cbGetTime
                0x0000000008008228       0x86 ./Third_party/SEGGER/OS/SEGGER_SYSVIEW_FreeRTOS.o
 *fill*         0x00000000080082ae        0x2 
 .text.SYSVIEW_AddTask
                0x00000000080082b0       0xd0 ./Third_party/SEGGER/OS/SEGGER_SYSVIEW_FreeRTOS.o
                0x00000000080082b0                SYSVIEW_AddTask
 .text.SYSVIEW_SendTaskInfo
                0x0000000008008380       0x42 ./Third_party/SEGGER/OS/SEGGER_SYSVIEW_FreeRTOS.o
                0x0000000008008380                SYSVIEW_SendTaskInfo
 *fill*         0x00000000080083c2        0x2 
 .text._DoInit  0x00000000080083c4       0xb4 ./Third_party/SEGGER/SEGGER/SEGGER_RTT.o
 .text._WriteBlocking
                0x0000000008008478       0xba ./Third_party/SEGGER/SEGGER/SEGGER_RTT.o
 .text._WriteNoCheck
                0x0000000008008532       0x90 ./Third_party/SEGGER/SEGGER/SEGGER_RTT.o
 .text._GetAvailWriteSpace
                0x00000000080085c2       0x46 ./Third_party/SEGGER/SEGGER/SEGGER_RTT.o
 .text.SEGGER_RTT_ReadNoLock
                0x0000000008008608      0x10c ./Third_party/SEGGER/SEGGER/SEGGER_RTT.o
                0x0000000008008608                SEGGER_RTT_ReadNoLock
 .text.SEGGER_RTT_WriteNoLock
                0x0000000008008714       0xa0 ./Third_party/SEGGER/SEGGER/SEGGER_RTT.o
                0x0000000008008714                SEGGER_RTT_WriteNoLock
 .text.SEGGER_RTT_Write
                0x00000000080087b4       0x4c ./Third_party/SEGGER/SEGGER/SEGGER_RTT.o
                0x00000000080087b4                SEGGER_RTT_Write
 .text.SEGGER_RTT_AllocUpBuffer
                0x0000000008008800      0x108 ./Third_party/SEGGER/SEGGER/SEGGER_RTT.o
                0x0000000008008800                SEGGER_RTT_AllocUpBuffer
 .text.SEGGER_RTT_ConfigDownBuffer
                0x0000000008008908       0x98 ./Third_party/SEGGER/SEGGER/SEGGER_RTT.o
                0x0000000008008908                SEGGER_RTT_ConfigDownBuffer
 .text._EncodeStr
                0x00000000080089a0       0xa0 ./Third_party/SEGGER/SEGGER/SEGGER_SYSVIEW.o
 .text._PreparePacket
                0x0000000008008a40       0x18 ./Third_party/SEGGER/SEGGER/SEGGER_SYSVIEW.o
 .text._HandleIncomingPacket
                0x0000000008008a58       0xe0 ./Third_party/SEGGER/SEGGER/SEGGER_SYSVIEW.o
 .text._TrySendOverflowPacket
                0x0000000008008b38       0xe4 ./Third_party/SEGGER/SEGGER/SEGGER_SYSVIEW.o
 .text._SendPacket
                0x0000000008008c1c      0x2dc ./Third_party/SEGGER/SEGGER/SEGGER_SYSVIEW.o
 .text.SEGGER_SYSVIEW_Init
                0x0000000008008ef8       0x88 ./Third_party/SEGGER/SEGGER/SEGGER_SYSVIEW.o
                0x0000000008008ef8                SEGGER_SYSVIEW_Init
 .text.SEGGER_SYSVIEW_SetRAMBase
                0x0000000008008f80       0x20 ./Third_party/SEGGER/SEGGER/SEGGER_SYSVIEW.o
                0x0000000008008f80                SEGGER_SYSVIEW_SetRAMBase
 .text.SEGGER_SYSVIEW_RecordVoid
                0x0000000008008fa0       0x3c ./Third_party/SEGGER/SEGGER/SEGGER_SYSVIEW.o
                0x0000000008008fa0                SEGGER_SYSVIEW_RecordVoid
 .text.SEGGER_SYSVIEW_RecordU32
                0x0000000008008fdc       0x78 ./Third_party/SEGGER/SEGGER/SEGGER_SYSVIEW.o
                0x0000000008008fdc                SEGGER_SYSVIEW_RecordU32
 .text.SEGGER_SYSVIEW_RecordU32x2
                0x0000000008009054       0xb4 ./Third_party/SEGGER/SEGGER/SEGGER_SYSVIEW.o
                0x0000000008009054                SEGGER_SYSVIEW_RecordU32x2
 .text.SEGGER_SYSVIEW_RecordU32x3
                0x0000000008009108       0xec ./Third_party/SEGGER/SEGGER/SEGGER_SYSVIEW.o
                0x0000000008009108                SEGGER_SYSVIEW_RecordU32x3
 .text.SEGGER_SYSVIEW_RecordU32x4
                0x00000000080091f4      0x124 ./Third_party/SEGGER/SEGGER/SEGGER_SYSVIEW.o
                0x00000000080091f4                SEGGER_SYSVIEW_RecordU32x4
 .text.SEGGER_SYSVIEW_Start
                0x0000000008009318      0x174 ./Third_party/SEGGER/SEGGER/SEGGER_SYSVIEW.o
                0x0000000008009318                SEGGER_SYSVIEW_Start
 .text.SEGGER_SYSVIEW_Stop
                0x000000000800948c       0x4c ./Third_party/SEGGER/SEGGER/SEGGER_SYSVIEW.o
                0x000000000800948c                SEGGER_SYSVIEW_Stop
 .text.SEGGER_SYSVIEW_GetSysDesc
                0x00000000080094d8      0x134 ./Third_party/SEGGER/SEGGER/SEGGER_SYSVIEW.o
                0x00000000080094d8                SEGGER_SYSVIEW_GetSysDesc
 .text.SEGGER_SYSVIEW_SendTaskInfo
                0x000000000800960c      0x1c8 ./Third_party/SEGGER/SEGGER/SEGGER_SYSVIEW.o
                0x000000000800960c                SEGGER_SYSVIEW_SendTaskInfo
 .text.SEGGER_SYSVIEW_SendTaskList
                0x00000000080097d4       0x28 ./Third_party/SEGGER/SEGGER/SEGGER_SYSVIEW.o
                0x00000000080097d4                SEGGER_SYSVIEW_SendTaskList
 .text.SEGGER_SYSVIEW_SendSysDesc
                0x00000000080097fc       0x48 ./Third_party/SEGGER/SEGGER/SEGGER_SYSVIEW.o
                0x00000000080097fc                SEGGER_SYSVIEW_SendSysDesc
 .text.SEGGER_SYSVIEW_RecordSystime
                0x0000000008009844       0x64 ./Third_party/SEGGER/SEGGER/SEGGER_SYSVIEW.o
                0x0000000008009844                SEGGER_SYSVIEW_RecordSystime
 .text.SEGGER_SYSVIEW_RecordEnterISR
                0x00000000080098a8       0x84 ./Third_party/SEGGER/SEGGER/SEGGER_SYSVIEW.o
                0x00000000080098a8                SEGGER_SYSVIEW_RecordEnterISR
 .text.SEGGER_SYSVIEW_RecordExitISR
                0x000000000800992c       0x38 ./Third_party/SEGGER/SEGGER/SEGGER_SYSVIEW.o
                0x000000000800992c                SEGGER_SYSVIEW_RecordExitISR
 .text.SEGGER_SYSVIEW_RecordExitISRToScheduler
                0x0000000008009964       0x38 ./Third_party/SEGGER/SEGGER/SEGGER_SYSVIEW.o
                0x0000000008009964                SEGGER_SYSVIEW_RecordExitISRToScheduler
 .text.SEGGER_SYSVIEW_OnIdle
                0x000000000800999c       0x38 ./Third_party/SEGGER/SEGGER/SEGGER_SYSVIEW.o
                0x000000000800999c                SEGGER_SYSVIEW_OnIdle
 .text.SEGGER_SYSVIEW_OnTaskCreate
                0x00000000080099d4       0x84 ./Third_party/SEGGER/SEGGER/SEGGER_SYSVIEW.o
                0x00000000080099d4                SEGGER_SYSVIEW_OnTaskCreate
 .text.SEGGER_SYSVIEW_OnTaskStartExec
                0x0000000008009a58       0x84 ./Third_party/SEGGER/SEGGER/SEGGER_SYSVIEW.o
                0x0000000008009a58                SEGGER_SYSVIEW_OnTaskStartExec
 .text.SEGGER_SYSVIEW_OnTaskStartReady
                0x0000000008009adc       0x84 ./Third_party/SEGGER/SEGGER/SEGGER_SYSVIEW.o
                0x0000000008009adc                SEGGER_SYSVIEW_OnTaskStartReady
 .text.SEGGER_SYSVIEW_ShrinkId
                0x0000000008009b60       0x20 ./Third_party/SEGGER/SEGGER/SEGGER_SYSVIEW.o
                0x0000000008009b60                SEGGER_SYSVIEW_ShrinkId
 .text.SEGGER_SYSVIEW_SendModule
                0x0000000008009b80      0x100 ./Third_party/SEGGER/SEGGER/SEGGER_SYSVIEW.o
                0x0000000008009b80                SEGGER_SYSVIEW_SendModule
 .text.SEGGER_SYSVIEW_SendModuleDescription
                0x0000000008009c80       0x3c ./Third_party/SEGGER/SEGGER/SEGGER_SYSVIEW.o
                0x0000000008009c80                SEGGER_SYSVIEW_SendModuleDescription
 .text.SEGGER_SYSVIEW_SendNumModules
                0x0000000008009cbc       0x7c ./Third_party/SEGGER/SEGGER/SEGGER_SYSVIEW.o
                0x0000000008009cbc                SEGGER_SYSVIEW_SendNumModules
 .text.SEGGER_SYSVIEW_Warn
                0x0000000008009d38       0xb8 ./Third_party/SEGGER/SEGGER/SEGGER_SYSVIEW.o
                0x0000000008009d38                SEGGER_SYSVIEW_Warn
 .text._write_r
                0x0000000008009df0       0x22 ./Third_party/SEGGER/SEGGER/Syscalls/SEGGER_RTT_Syscalls_GCC.o
                0x0000000008009df0                _write_r
 *fill*         0x0000000008009e12        0x2 
 .text.__libc_init_array
                0x0000000008009e14       0x48 c:/st/stm32cubeide_1.11.0/stm32cubeide/plugins/com.st.stm32cube.ide.mcu.externaltools.gnu-tools-for-stm32.10.3-2021.10.win32_1.0.100.202210260954/tools/bin/../lib/gcc/arm-none-eabi/10.3.1/../../../../arm-none-eabi/lib/thumb/v7e-m+dp/hard\libc_nano.a(lib_a-init.o)
                0x0000000008009e14                __libc_init_array
 .text.memcmp   0x0000000008009e5c       0x20 c:/st/stm32cubeide_1.11.0/stm32cubeide/plugins/com.st.stm32cube.ide.mcu.externaltools.gnu-tools-for-stm32.10.3-2021.10.win32_1.0.100.202210260954/tools/bin/../lib/gcc/arm-none-eabi/10.3.1/../../../../arm-none-eabi/lib/thumb/v7e-m+dp/hard\libc_nano.a(lib_a-memcmp.o)
                0x0000000008009e5c                memcmp
 .text.memcpy   0x0000000008009e7c       0x1c c:/st/stm32cubeide_1.11.0/stm32cubeide/plugins/com.st.stm32cube.ide.mcu.externaltools.gnu-tools-for-stm32.10.3-2021.10.win32_1.0.100.202210260954/tools/bin/../lib/gcc/arm-none-eabi/10.3.1/../../../../arm-none-eabi/lib/thumb/v7e-m+dp/hard\libc_nano.a(lib_a-memcpy-stub.o)
                0x0000000008009e7c                memcpy
 .text.memset   0x0000000008009e98       0x10 c:/st/stm32cubeide_1.11.0/stm32cubeide/plugins/com.st.stm32cube.ide.mcu.externaltools.gnu-tools-for-stm32.10.3-2021.10.win32_1.0.100.202210260954/tools/bin/../lib/gcc/arm-none-eabi/10.3.1/../../../../arm-none-eabi/lib/thumb/v7e-m+dp/hard\libc_nano.a(lib_a-memset.o)
                0x0000000008009e98                memset
 .text._puts_r  0x0000000008009ea8       0xdc c:/st/stm32cubeide_1.11.0/stm32cubeide/plugins/com.st.stm32cube.ide.mcu.externaltools.gnu-tools-for-stm32.10.3-2021.10.win32_1.0.100.202210260954/tools/bin/../lib/gcc/arm-none-eabi/10.3.1/../../../../arm-none-eabi/lib/thumb/v7e-m+dp/hard\libc_nano.a(lib_a-puts.o)
                0x0000000008009ea8                _puts_r
 .text.puts     0x0000000008009f84       0x10 c:/st/stm32cubeide_1.11.0/stm32cubeide/plugins/com.st.stm32cube.ide.mcu.externaltools.gnu-tools-for-stm32.10.3-2021.10.win32_1.0.100.202210260954/tools/bin/../lib/gcc/arm-none-eabi/10.3.1/../../../../arm-none-eabi/lib/thumb/v7e-m+dp/hard\libc_nano.a(lib_a-puts.o)
                0x0000000008009f84                puts
 .text.__swbuf_r
                0x0000000008009f94       0xa4 c:/st/stm32cubeide_1.11.0/stm32cubeide/plugins/com.st.stm32cube.ide.mcu.externaltools.gnu-tools-for-stm32.10.3-2021.10.win32_1.0.100.202210260954/tools/bin/../lib/gcc/arm-none-eabi/10.3.1/../../../../arm-none-eabi/lib/thumb/v7e-m+dp/hard\libc_nano.a(lib_a-wbuf.o)
                0x0000000008009f94                __swbuf_r
 .text.__swsetup_r
                0x000000000800a038       0xdc c:/st/stm32cubeide_1.11.0/stm32cubeide/plugins/com.st.stm32cube.ide.mcu.externaltools.gnu-tools-for-stm32.10.3-2021.10.win32_1.0.100.202210260954/tools/bin/../lib/gcc/arm-none-eabi/10.3.1/../../../../arm-none-eabi/lib/thumb/v7e-m+dp/hard\libc_nano.a(lib_a-wsetup.o)
                0x000000000800a038                __swsetup_r
 .text.__sflush_r
                0x000000000800a114      0x10c c:/st/stm32cubeide_1.11.0/stm32cubeide/plugins/com.st.stm32cube.ide.mcu.externaltools.gnu-tools-for-stm32.10.3-2021.10.win32_1.0.100.202210260954/tools/bin/../lib/gcc/arm-none-eabi/10.3.1/../../../../arm-none-eabi/lib/thumb/v7e-m+dp/hard\libc_nano.a(lib_a-fflush.o)
                0x000000000800a114                __sflush_r
 .text._fflush_r
                0x000000000800a220       0x78 c:/st/stm32cubeide_1.11.0/stm32cubeide/plugins/com.st.stm32cube.ide.mcu.externaltools.gnu-tools-for-stm32.10.3-2021.10.win32_1.0.100.202210260954/tools/bin/../lib/gcc/arm-none-eabi/10.3.1/../../../../arm-none-eabi/lib/thumb/v7e-m+dp/hard\libc_nano.a(lib_a-fflush.o)
                0x000000000800a220                _fflush_r
 .text.std      0x000000000800a298       0x48 c:/st/stm32cubeide_1.11.0/stm32cubeide/plugins/com.st.stm32cube.ide.mcu.externaltools.gnu-tools-for-stm32.10.3-2021.10.win32_1.0.100.202210260954/tools/bin/../lib/gcc/arm-none-eabi/10.3.1/../../../../arm-none-eabi/lib/thumb/v7e-m+dp/hard\libc_nano.a(lib_a-findfp.o)
 .text._cleanup_r
                0x000000000800a2e0        0xc c:/st/stm32cubeide_1.11.0/stm32cubeide/plugins/com.st.stm32cube.ide.mcu.externaltools.gnu-tools-for-stm32.10.3-2021.10.win32_1.0.100.202210260954/tools/bin/../lib/gcc/arm-none-eabi/10.3.1/../../../../arm-none-eabi/lib/thumb/v7e-m+dp/hard\libc_nano.a(lib_a-findfp.o)
                0x000000000800a2e0                _cleanup_r
 .text.__sfmoreglue
                0x000000000800a2ec       0x2c c:/st/stm32cubeide_1.11.0/stm32cubeide/plugins/com.st.stm32cube.ide.mcu.externaltools.gnu-tools-for-stm32.10.3-2021.10.win32_1.0.100.202210260954/tools/bin/../lib/gcc/arm-none-eabi/10.3.1/../../../../arm-none-eabi/lib/thumb/v7e-m+dp/hard\libc_nano.a(lib_a-findfp.o)
                0x000000000800a2ec                __sfmoreglue
 .text.__sfp_lock_acquire
                0x000000000800a318        0xc c:/st/stm32cubeide_1.11.0/stm32cubeide/plugins/com.st.stm32cube.ide.mcu.externaltools.gnu-tools-for-stm32.10.3-2021.10.win32_1.0.100.202210260954/tools/bin/../lib/gcc/arm-none-eabi/10.3.1/../../../../arm-none-eabi/lib/thumb/v7e-m+dp/hard\libc_nano.a(lib_a-findfp.o)
                0x000000000800a318                __sfp_lock_acquire
 .text.__sfp_lock_release
                0x000000000800a324        0xc c:/st/stm32cubeide_1.11.0/stm32cubeide/plugins/com.st.stm32cube.ide.mcu.externaltools.gnu-tools-for-stm32.10.3-2021.10.win32_1.0.100.202210260954/tools/bin/../lib/gcc/arm-none-eabi/10.3.1/../../../../arm-none-eabi/lib/thumb/v7e-m+dp/hard\libc_nano.a(lib_a-findfp.o)
                0x000000000800a324                __sfp_lock_release
 .text.__sinit_lock_acquire
                0x000000000800a330        0xc c:/st/stm32cubeide_1.11.0/stm32cubeide/plugins/com.st.stm32cube.ide.mcu.externaltools.gnu-tools-for-stm32.10.3-2021.10.win32_1.0.100.202210260954/tools/bin/../lib/gcc/arm-none-eabi/10.3.1/../../../../arm-none-eabi/lib/thumb/v7e-m+dp/hard\libc_nano.a(lib_a-findfp.o)
                0x000000000800a330                __sinit_lock_acquire
 .text.__sinit_lock_release
                0x000000000800a33c        0xc c:/st/stm32cubeide_1.11.0/stm32cubeide/plugins/com.st.stm32cube.ide.mcu.externaltools.gnu-tools-for-stm32.10.3-2021.10.win32_1.0.100.202210260954/tools/bin/../lib/gcc/arm-none-eabi/10.3.1/../../../../arm-none-eabi/lib/thumb/v7e-m+dp/hard\libc_nano.a(lib_a-findfp.o)
                0x000000000800a33c                __sinit_lock_release
 .text.__sinit  0x000000000800a348       0x70 c:/st/stm32cubeide_1.11.0/stm32cubeide/plugins/com.st.stm32cube.ide.mcu.externaltools.gnu-tools-for-stm32.10.3-2021.10.win32_1.0.100.202210260954/tools/bin/../lib/gcc/arm-none-eabi/10.3.1/../../../../arm-none-eabi/lib/thumb/v7e-m+dp/hard\libc_nano.a(lib_a-findfp.o)
                0x000000000800a348                __sinit
 .text.__sfp    0x000000000800a3b8       0x8c c:/st/stm32cubeide_1.11.0/stm32cubeide/plugins/com.st.stm32cube.ide.mcu.externaltools.gnu-tools-for-stm32.10.3-2021.10.win32_1.0.100.202210260954/tools/bin/../lib/gcc/arm-none-eabi/10.3.1/../../../../arm-none-eabi/lib/thumb/v7e-m+dp/hard\libc_nano.a(lib_a-findfp.o)
                0x000000000800a3b8                __sfp
 .text._fwalk_reent
                0x000000000800a444       0x3e c:/st/stm32cubeide_1.11.0/stm32cubeide/plugins/com.st.stm32cube.ide.mcu.externaltools.gnu-tools-for-stm32.10.3-2021.10.win32_1.0.100.202210260954/tools/bin/../lib/gcc/arm-none-eabi/10.3.1/../../../../arm-none-eabi/lib/thumb/v7e-m+dp/hard\libc_nano.a(lib_a-fwalk.o)
                0x000000000800a444                _fwalk_reent
 .text.__retarget_lock_init_recursive
                0x000000000800a482        0x2 c:/st/stm32cubeide_1.11.0/stm32cubeide/plugins/com.st.stm32cube.ide.mcu.externaltools.gnu-tools-for-stm32.10.3-2021.10.win32_1.0.100.202210260954/tools/bin/../lib/gcc/arm-none-eabi/10.3.1/../../../../arm-none-eabi/lib/thumb/v7e-m+dp/hard\libc_nano.a(lib_a-lock.o)
                0x000000000800a482                __retarget_lock_init_recursive
 .text.__retarget_lock_acquire_recursive
                0x000000000800a484        0x2 c:/st/stm32cubeide_1.11.0/stm32cubeide/plugins/com.st.stm32cube.ide.mcu.externaltools.gnu-tools-for-stm32.10.3-2021.10.win32_1.0.100.202210260954/tools/bin/../lib/gcc/arm-none-eabi/10.3.1/../../../../arm-none-eabi/lib/thumb/v7e-m+dp/hard\libc_nano.a(lib_a-lock.o)
                0x000000000800a484                __retarget_lock_acquire_recursive
 .text.__retarget_lock_release_recursive
                0x000000000800a486        0x2 c:/st/stm32cubeide_1.11.0/stm32cubeide/plugins/com.st.stm32cube.ide.mcu.externaltools.gnu-tools-for-stm32.10.3-2021.10.win32_1.0.100.202210260954/tools/bin/../lib/gcc/arm-none-eabi/10.3.1/../../../../arm-none-eabi/lib/thumb/v7e-m+dp/hard\libc_nano.a(lib_a-lock.o)
                0x000000000800a486                __retarget_lock_release_recursive
 .text.__swhatbuf_r
                0x000000000800a488       0x4a c:/st/stm32cubeide_1.11.0/stm32cubeide/plugins/com.st.stm32cube.ide.mcu.externaltools.gnu-tools-for-stm32.10.3-2021.10.win32_1.0.100.202210260954/tools/bin/../lib/gcc/arm-none-eabi/10.3.1/../../../../arm-none-eabi/lib/thumb/v7e-m+dp/hard\libc_nano.a(lib_a-makebuf.o)
                0x000000000800a488                __swhatbuf_r
 *fill*         0x000000000800a4d2        0x2 
 .text.__smakebuf_r
                0x000000000800a4d4       0x80 c:/st/stm32cubeide_1.11.0/stm32cubeide/plugins/com.st.stm32cube.ide.mcu.externaltools.gnu-tools-for-stm32.10.3-2021.10.win32_1.0.100.202210260954/tools/bin/../lib/gcc/arm-none-eabi/10.3.1/../../../../arm-none-eabi/lib/thumb/v7e-m+dp/hard\libc_nano.a(lib_a-makebuf.o)
                0x000000000800a4d4                __smakebuf_r
 .text._free_r  0x000000000800a554       0x98 c:/st/stm32cubeide_1.11.0/stm32cubeide/plugins/com.st.stm32cube.ide.mcu.externaltools.gnu-tools-for-stm32.10.3-2021.10.win32_1.0.100.202210260954/tools/bin/../lib/gcc/arm-none-eabi/10.3.1/../../../../arm-none-eabi/lib/thumb/v7e-m+dp/hard\libc_nano.a(lib_a-nano-freer.o)
                0x000000000800a554                _free_r
 .text.sbrk_aligned
                0x000000000800a5ec       0x40 c:/st/stm32cubeide_1.11.0/stm32cubeide/plugins/com.st.stm32cube.ide.mcu.externaltools.gnu-tools-for-stm32.10.3-2021.10.win32_1.0.100.202210260954/tools/bin/../lib/gcc/arm-none-eabi/10.3.1/../../../../arm-none-eabi/lib/thumb/v7e-m+dp/hard\libc_nano.a(lib_a-nano-mallocr.o)
 .text._malloc_r
                0x000000000800a62c       0xe8 c:/st/stm32cubeide_1.11.0/stm32cubeide/plugins/com.st.stm32cube.ide.mcu.externaltools.gnu-tools-for-stm32.10.3-2021.10.win32_1.0.100.202210260954/tools/bin/../lib/gcc/arm-none-eabi/10.3.1/../../../../arm-none-eabi/lib/thumb/v7e-m+dp/hard\libc_nano.a(lib_a-nano-mallocr.o)
                0x000000000800a62c                _malloc_r
 .text._sbrk_r  0x000000000800a714       0x20 c:/st/stm32cubeide_1.11.0/stm32cubeide/plugins/com.st.stm32cube.ide.mcu.externaltools.gnu-tools-for-stm32.10.3-2021.10.win32_1.0.100.202210260954/tools/bin/../lib/gcc/arm-none-eabi/10.3.1/../../../../arm-none-eabi/lib/thumb/v7e-m+dp/hard\libc_nano.a(lib_a-sbrkr.o)
                0x000000000800a714                _sbrk_r
 .text.__sread  0x000000000800a734       0x22 c:/st/stm32cubeide_1.11.0/stm32cubeide/plugins/com.st.stm32cube.ide.mcu.externaltools.gnu-tools-for-stm32.10.3-2021.10.win32_1.0.100.202210260954/tools/bin/../lib/gcc/arm-none-eabi/10.3.1/../../../../arm-none-eabi/lib/thumb/v7e-m+dp/hard\libc_nano.a(lib_a-stdio.o)
                0x000000000800a734                __sread
 .text.__swrite
                0x000000000800a756       0x38 c:/st/stm32cubeide_1.11.0/stm32cubeide/plugins/com.st.stm32cube.ide.mcu.externaltools.gnu-tools-for-stm32.10.3-2021.10.win32_1.0.100.202210260954/tools/bin/../lib/gcc/arm-none-eabi/10.3.1/../../../../arm-none-eabi/lib/thumb/v7e-m+dp/hard\libc_nano.a(lib_a-stdio.o)
                0x000000000800a756                __swrite
 .text.__sseek  0x000000000800a78e       0x24 c:/st/stm32cubeide_1.11.0/stm32cubeide/plugins/com.st.stm32cube.ide.mcu.externaltools.gnu-tools-for-stm32.10.3-2021.10.win32_1.0.100.202210260954/tools/bin/../lib/gcc/arm-none-eabi/10.3.1/../../../../arm-none-eabi/lib/thumb/v7e-m+dp/hard\libc_nano.a(lib_a-stdio.o)
                0x000000000800a78e                __sseek
 .text.__sclose
                0x000000000800a7b2        0x8 c:/st/stm32cubeide_1.11.0/stm32cubeide/plugins/com.st.stm32cube.ide.mcu.externaltools.gnu-tools-for-stm32.10.3-2021.10.win32_1.0.100.202210260954/tools/bin/../lib/gcc/arm-none-eabi/10.3.1/../../../../arm-none-eabi/lib/thumb/v7e-m+dp/hard\libc_nano.a(lib_a-stdio.o)
                0x000000000800a7b2                __sclose
 *fill*         0x000000000800a7ba        0x2 
 .text._close_r
                0x000000000800a7bc       0x20 c:/st/stm32cubeide_1.11.0/stm32cubeide/plugins/com.st.stm32cube.ide.mcu.externaltools.gnu-tools-for-stm32.10.3-2021.10.win32_1.0.100.202210260954/tools/bin/../lib/gcc/arm-none-eabi/10.3.1/../../../../arm-none-eabi/lib/thumb/v7e-m+dp/hard\libc_nano.a(lib_a-closer.o)
                0x000000000800a7bc                _close_r
 .text._fstat_r
                0x000000000800a7dc       0x24 c:/st/stm32cubeide_1.11.0/stm32cubeide/plugins/com.st.stm32cube.ide.mcu.externaltools.gnu-tools-for-stm32.10.3-2021.10.win32_1.0.100.202210260954/tools/bin/../lib/gcc/arm-none-eabi/10.3.1/../../../../arm-none-eabi/lib/thumb/v7e-m+dp/hard\libc_nano.a(lib_a-fstatr.o)
                0x000000000800a7dc                _fstat_r
 .text._isatty_r
                0x000000000800a800       0x20 c:/st/stm32cubeide_1.11.0/stm32cubeide/plugins/com.st.stm32cube.ide.mcu.externaltools.gnu-tools-for-stm32.10.3-2021.10.win32_1.0.100.202210260954/tools/bin/../lib/gcc/arm-none-eabi/10.3.1/../../../../arm-none-eabi/lib/thumb/v7e-m+dp/hard\libc_nano.a(lib_a-isattyr.o)
                0x000000000800a800                _isatty_r
 .text._lseek_r
                0x000000000800a820       0x24 c:/st/stm32cubeide_1.11.0/stm32cubeide/plugins/com.st.stm32cube.ide.mcu.externaltools.gnu-tools-for-stm32.10.3-2021.10.win32_1.0.100.202210260954/tools/bin/../lib/gcc/arm-none-eabi/10.3.1/../../../../arm-none-eabi/lib/thumb/v7e-m+dp/hard\libc_nano.a(lib_a-lseekr.o)
                0x000000000800a820                _lseek_r
 .text.__malloc_lock
                0x000000000800a844        0xc c:/st/stm32cubeide_1.11.0/stm32cubeide/plugins/com.st.stm32cube.ide.mcu.externaltools.gnu-tools-for-stm32.10.3-2021.10.win32_1.0.100.202210260954/tools/bin/../lib/gcc/arm-none-eabi/10.3.1/../../../../arm-none-eabi/lib/thumb/v7e-m+dp/hard\libc_nano.a(lib_a-mlock.o)
                0x000000000800a844                __malloc_lock
 .text.__malloc_unlock
                0x000000000800a850        0xc c:/st/stm32cubeide_1.11.0/stm32cubeide/plugins/com.st.stm32cube.ide.mcu.externaltools.gnu-tools-for-stm32.10.3-2021.10.win32_1.0.100.202210260954/tools/bin/../lib/gcc/arm-none-eabi/10.3.1/../../../../arm-none-eabi/lib/thumb/v7e-m+dp/hard\libc_nano.a(lib_a-mlock.o)
                0x000000000800a850                __malloc_unlock
 .text._read_r  0x000000000800a85c       0x24 c:/st/stm32cubeide_1.11.0/stm32cubeide/plugins/com.st.stm32cube.ide.mcu.externaltools.gnu-tools-for-stm32.10.3-2021.10.win32_1.0.100.202210260954/tools/bin/../lib/gcc/arm-none-eabi/10.3.1/../../../../arm-none-eabi/lib/thumb/v7e-m+dp/hard\libc_nano.a(lib_a-readr.o)
                0x000000000800a85c                _read_r
 .text._sbrk    0x000000000800a880       0x1c c:/st/stm32cubeide_1.11.0/stm32cubeide/plugins/com.st.stm32cube.ide.mcu.externaltools.gnu-tools-for-stm32.10.3-2021.10.win32_1.0.100.202210260954/tools/bin/../lib/gcc/arm-none-eabi/10.3.1/../../../../arm-none-eabi/lib/thumb/v7e-m+dp/hard\libnosys.a(sbrk.o)
                0x000000000800a880                _sbrk
 *(.glue_7)
 .glue_7        0x000000000800a89c        0x0 linker stubs
 *(.glue_7t)
 .glue_7t       0x000000000800a89c        0x0 linker stubs
 *(.eh_frame)
 .eh_frame      0x000000000800a89c        0x0 c:/st/stm32cubeide_1.11.0/stm32cubeide/plugins/com.st.stm32cube.ide.mcu.externaltools.gnu-tools-for-stm32.10.3-2021.10.win32_1.0.100.202210260954/tools/bin/../lib/gcc/arm-none-eabi/10.3.1/thumb/v7e-m+dp/hard/crtbegin.o
 *(.init)
 .init          0x000000000800a89c        0x4 c:/st/stm32cubeide_1.11.0/stm32cubeide/plugins/com.st.stm32cube.ide.mcu.externaltools.gnu-tools-for-stm32.10.3-2021.10.win32_1.0.100.202210260954/tools/bin/../lib/gcc/arm-none-eabi/10.3.1/thumb/v7e-m+dp/hard/crti.o
                0x000000000800a89c                _init
 .init          0x000000000800a8a0        0x8 c:/st/stm32cubeide_1.11.0/stm32cubeide/plugins/com.st.stm32cube.ide.mcu.externaltools.gnu-tools-for-stm32.10.3-2021.10.win32_1.0.100.202210260954/tools/bin/../lib/gcc/arm-none-eabi/10.3.1/thumb/v7e-m+dp/hard/crtn.o
 *(.fini)
 .fini          0x000000000800a8a8        0x4 c:/st/stm32cubeide_1.11.0/stm32cubeide/plugins/com.st.stm32cube.ide.mcu.externaltools.gnu-tools-for-stm32.10.3-2021.10.win32_1.0.100.202210260954/tools/bin/../lib/gcc/arm-none-eabi/10.3.1/thumb/v7e-m+dp/hard/crti.o
                0x000000000800a8a8                _fini
 .fini          0x000000000800a8ac        0x8 c:/st/stm32cubeide_1.11.0/stm32cubeide/plugins/com.st.stm32cube.ide.mcu.externaltools.gnu-tools-for-stm32.10.3-2021.10.win32_1.0.100.202210260954/tools/bin/../lib/gcc/arm-none-eabi/10.3.1/thumb/v7e-m+dp/hard/crtn.o
                0x000000000800a8b4                . = ALIGN (0x4)
                0x000000000800a8b4                _etext = .

.vfp11_veneer   0x000000000800a8b4        0x0
 .vfp11_veneer  0x000000000800a8b4        0x0 linker stubs

.v4_bx          0x000000000800a8b4        0x0
 .v4_bx         0x000000000800a8b4        0x0 linker stubs

.iplt           0x000000000800a8b4        0x0
 .iplt          0x000000000800a8b4        0x0 c:/st/stm32cubeide_1.11.0/stm32cubeide/plugins/com.st.stm32cube.ide.mcu.externaltools.gnu-tools-for-stm32.10.3-2021.10.win32_1.0.100.202210260954/tools/bin/../lib/gcc/arm-none-eabi/10.3.1/thumb/v7e-m+dp/hard/crtbegin.o

.rodata         0x000000000800a8b4      0x1d4
                0x000000000800a8b4                . = ALIGN (0x4)
 *(.rodata)
 .rodata        0x000000000800a8b4       0x3f ./Core/Src/main.o
 *fill*         0x000000000800a8f3        0x1 
 .rodata        0x000000000800a8f4        0x5 ./Third_party/FreeRTOS/tasks.o
 *fill*         0x000000000800a8f9        0x3 
 .rodata        0x000000000800a8fc        0xd ./Third_party/FreeRTOS/timers.o
 *fill*         0x000000000800a909        0x3 
 .rodata        0x000000000800a90c       0x49 ./Third_party/SEGGER/Config/SEGGER_SYSVIEW_Config_FreeRTOS.o
 *fill*         0x000000000800a955        0x3 
 .rodata        0x000000000800a958       0x58 ./Third_party/SEGGER/OS/SEGGER_SYSVIEW_FreeRTOS.o
 .rodata        0x000000000800a9b0        0x9 ./Third_party/SEGGER/SEGGER/SEGGER_RTT.o
 *fill*         0x000000000800a9b9        0x3 
 .rodata        0x000000000800a9bc        0x8 ./Third_party/SEGGER/SEGGER/SEGGER_SYSVIEW.o
 *(.rodata*)
 .rodata.D1CorePrescTable
                0x000000000800a9c4       0x10 ./Core/Src/system_stm32h7xx.o
                0x000000000800a9c4                D1CorePrescTable
 .rodata.UARTPrescTable
                0x000000000800a9d4       0x18 ./Drivers/STM32H7xx_HAL_Driver/Src/stm32h7xx_hal_uart.o
                0x000000000800a9d4                UARTPrescTable
 .rodata.numerator.1
                0x000000000800a9ec        0x8 ./Drivers/STM32H7xx_HAL_Driver/Src/stm32h7xx_hal_uart_ex.o
 .rodata.denominator.0
                0x000000000800a9f4        0x8 ./Drivers/STM32H7xx_HAL_Driver/Src/stm32h7xx_hal_uart_ex.o
 .rodata.SYSVIEW_X_OS_TraceAPI
                0x000000000800a9fc        0x8 ./Third_party/SEGGER/OS/SEGGER_SYSVIEW_FreeRTOS.o
                0x000000000800a9fc                SYSVIEW_X_OS_TraceAPI
 .rodata._aInitStr.0
                0x000000000800aa04       0x11 ./Third_party/SEGGER/SEGGER/SEGGER_RTT.o
 *fill*         0x000000000800aa15        0x3 
 .rodata._abSync
                0x000000000800aa18        0xa ./Third_party/SEGGER/SEGGER/SEGGER_SYSVIEW.o
 *fill*         0x000000000800aa22        0x2 
 .rodata._global_impure_ptr
                0x000000000800aa24        0x4 c:/st/stm32cubeide_1.11.0/stm32cubeide/plugins/com.st.stm32cube.ide.mcu.externaltools.gnu-tools-for-stm32.10.3-2021.10.win32_1.0.100.202210260954/tools/bin/../lib/gcc/arm-none-eabi/10.3.1/../../../../arm-none-eabi/lib/thumb/v7e-m+dp/hard\libc_nano.a(lib_a-impure.o)
                0x000000000800aa24                _global_impure_ptr
 .rodata.__sf_fake_stderr
                0x000000000800aa28       0x20 c:/st/stm32cubeide_1.11.0/stm32cubeide/plugins/com.st.stm32cube.ide.mcu.externaltools.gnu-tools-for-stm32.10.3-2021.10.win32_1.0.100.202210260954/tools/bin/../lib/gcc/arm-none-eabi/10.3.1/../../../../arm-none-eabi/lib/thumb/v7e-m+dp/hard\libc_nano.a(lib_a-findfp.o)
                0x000000000800aa28                __sf_fake_stderr
 .rodata.__sf_fake_stdin
                0x000000000800aa48       0x20 c:/st/stm32cubeide_1.11.0/stm32cubeide/plugins/com.st.stm32cube.ide.mcu.externaltools.gnu-tools-for-stm32.10.3-2021.10.win32_1.0.100.202210260954/tools/bin/../lib/gcc/arm-none-eabi/10.3.1/../../../../arm-none-eabi/lib/thumb/v7e-m+dp/hard\libc_nano.a(lib_a-findfp.o)
                0x000000000800aa48                __sf_fake_stdin
 .rodata.__sf_fake_stdout
                0x000000000800aa68       0x20 c:/st/stm32cubeide_1.11.0/stm32cubeide/plugins/com.st.stm32cube.ide.mcu.externaltools.gnu-tools-for-stm32.10.3-2021.10.win32_1.0.100.202210260954/tools/bin/../lib/gcc/arm-none-eabi/10.3.1/../../../../arm-none-eabi/lib/thumb/v7e-m+dp/hard\libc_nano.a(lib_a-findfp.o)
                0x000000000800aa68                __sf_fake_stdout
                0x000000000800aa88                . = ALIGN (0x4)

.ARM.extab
 *(.ARM.extab* .gnu.linkonce.armextab.*)

.ARM            0x000000000800aa88        0x8
                0x000000000800aa88                __exidx_start = .
 *(.ARM.exidx*)
 .ARM.exidx     0x000000000800aa88        0x8 c:/st/stm32cubeide_1.11.0/stm32cubeide/plugins/com.st.stm32cube.ide.mcu.externaltools.gnu-tools-for-stm32.10.3-2021.10.win32_1.0.100.202210260954/tools/bin/../lib/gcc/arm-none-eabi/10.3.1/thumb/v7e-m+dp/hard\libgcc.a(_udivmoddi4.o)
                0x000000000800aa90                __exidx_end = .

.rel.dyn        0x000000000800aa90        0x0
 .rel.iplt      0x000000000800aa90        0x0 c:/st/stm32cubeide_1.11.0/stm32cubeide/plugins/com.st.stm32cube.ide.mcu.externaltools.gnu-tools-for-stm32.10.3-2021.10.win32_1.0.100.202210260954/tools/bin/../lib/gcc/arm-none-eabi/10.3.1/thumb/v7e-m+dp/hard/crtbegin.o

.preinit_array  0x000000000800aa90        0x0
                0x000000000800aa90                PROVIDE (__preinit_array_start = .)
 *(.preinit_array*)
                0x000000000800aa90                PROVIDE (__preinit_array_end = .)

.init_array     0x000000000800aa90        0x4
                0x000000000800aa90                PROVIDE (__init_array_start = .)
 *(SORT_BY_NAME(.init_array.*))
 *(.init_array*)
 .init_array    0x000000000800aa90        0x4 c:/st/stm32cubeide_1.11.0/stm32cubeide/plugins/com.st.stm32cube.ide.mcu.externaltools.gnu-tools-for-stm32.10.3-2021.10.win32_1.0.100.202210260954/tools/bin/../lib/gcc/arm-none-eabi/10.3.1/thumb/v7e-m+dp/hard/crtbegin.o
                0x000000000800aa94                PROVIDE (__init_array_end = .)

.fini_array     0x000000000800aa94        0x4
                [!provide]                        PROVIDE (__fini_array_start = .)
 *(SORT_BY_NAME(.fini_array.*))
 *(.fini_array*)
 .fini_array    0x000000000800aa94        0x4 c:/st/stm32cubeide_1.11.0/stm32cubeide/plugins/com.st.stm32cube.ide.mcu.externaltools.gnu-tools-for-stm32.10.3-2021.10.win32_1.0.100.202210260954/tools/bin/../lib/gcc/arm-none-eabi/10.3.1/thumb/v7e-m+dp/hard/crtbegin.o
                [!provide]                        PROVIDE (__fini_array_end = .)
                0x000000000800aa98                _sidata = LOADADDR (.data)

.data           0x0000000024000000       0x7c load address 0x000000000800aa98
                0x0000000024000000                . = ALIGN (0x4)
                0x0000000024000000                _sdata = .
 *(.data)
 *(.data*)
 .data.SystemCoreClock
                0x0000000024000000        0x4 ./Core/Src/system_stm32h7xx.o
                0x0000000024000000                SystemCoreClock
 .data.SystemD2Clock
                0x0000000024000004        0x4 ./Core/Src/system_stm32h7xx.o
                0x0000000024000004                SystemD2Clock
 .data.uwTickPrio
                0x0000000024000008        0x4 ./Drivers/STM32H7xx_HAL_Driver/Src/stm32h7xx_hal.o
                0x0000000024000008                uwTickPrio
 .data.uwTickFreq
                0x000000002400000c        0x1 ./Drivers/STM32H7xx_HAL_Driver/Src/stm32h7xx_hal.o
                0x000000002400000c                uwTickFreq
 *fill*         0x000000002400000d        0x3 
 .data.uxTopUsedPriority
                0x0000000024000010        0x4 ./Third_party/FreeRTOS/tasks.o
                0x0000000024000010                uxTopUsedPriority
 .data.uxCriticalNesting
                0x0000000024000014        0x4 ./Third_party/FreeRTOS/portable/GCC/ARM_CM4F/port.o
 .data._impure_ptr
                0x0000000024000018        0x4 c:/st/stm32cubeide_1.11.0/stm32cubeide/plugins/com.st.stm32cube.ide.mcu.externaltools.gnu-tools-for-stm32.10.3-2021.10.win32_1.0.100.202210260954/tools/bin/../lib/gcc/arm-none-eabi/10.3.1/../../../../arm-none-eabi/lib/thumb/v7e-m+dp/hard\libc_nano.a(lib_a-impure.o)
                0x0000000024000018                _impure_ptr
 .data.impure_data
                0x000000002400001c       0x60 c:/st/stm32cubeide_1.11.0/stm32cubeide/plugins/com.st.stm32cube.ide.mcu.externaltools.gnu-tools-for-stm32.10.3-2021.10.win32_1.0.100.202210260954/tools/bin/../lib/gcc/arm-none-eabi/10.3.1/../../../../arm-none-eabi/lib/thumb/v7e-m+dp/hard\libc_nano.a(lib_a-impure.o)
 *(.RamFunc)
 *(.RamFunc*)
                0x000000002400007c                . = ALIGN (0x4)
                0x000000002400007c                _edata = .

.igot.plt       0x000000002400007c        0x0 load address 0x000000000800ab14
 .igot.plt      0x000000002400007c        0x0 c:/st/stm32cubeide_1.11.0/stm32cubeide/plugins/com.st.stm32cube.ide.mcu.externaltools.gnu-tools-for-stm32.10.3-2021.10.win32_1.0.100.202210260954/tools/bin/../lib/gcc/arm-none-eabi/10.3.1/thumb/v7e-m+dp/hard/crtbegin.o
                0x000000002400007c                . = ALIGN (0x4)

.bss            0x000000002400007c    0x1492c load address 0x000000000800ab14
                0x000000002400007c                _sbss = .
                0x000000002400007c                __bss_start__ = _sbss
 *(.bss)
 .bss           0x000000002400007c       0x1c c:/st/stm32cubeide_1.11.0/stm32cubeide/plugins/com.st.stm32cube.ide.mcu.externaltools.gnu-tools-for-stm32.10.3-2021.10.win32_1.0.100.202210260954/tools/bin/../lib/gcc/arm-none-eabi/10.3.1/thumb/v7e-m+dp/hard/crtbegin.o
 *(.bss*)
 .bss.huart3    0x0000000024000098       0x94 ./Core/Src/main.o
                0x0000000024000098                huart3
 .bss.htim6     0x000000002400012c       0x4c ./Core/Src/stm32h7xx_hal_timebase_tim.o
                0x000000002400012c                htim6
 .bss.uwTick    0x0000000024000178        0x4 ./Drivers/STM32H7xx_HAL_Driver/Src/stm32h7xx_hal.o
                0x0000000024000178                uwTick
 .bss.xQueueRegistry
                0x000000002400017c       0x40 ./Third_party/FreeRTOS/queue.o
                0x000000002400017c                xQueueRegistry
 .bss.pxCurrentTCB
                0x00000000240001bc        0x4 ./Third_party/FreeRTOS/tasks.o
                0x00000000240001bc                pxCurrentTCB
 .bss.pxReadyTasksLists
                0x00000000240001c0      0x460 ./Third_party/FreeRTOS/tasks.o
 .bss.xDelayedTaskList1
                0x0000000024000620       0x14 ./Third_party/FreeRTOS/tasks.o
 .bss.xDelayedTaskList2
                0x0000000024000634       0x14 ./Third_party/FreeRTOS/tasks.o
 .bss.pxDelayedTaskList
                0x0000000024000648        0x4 ./Third_party/FreeRTOS/tasks.o
 .bss.pxOverflowDelayedTaskList
                0x000000002400064c        0x4 ./Third_party/FreeRTOS/tasks.o
 .bss.xPendingReadyList
                0x0000000024000650       0x14 ./Third_party/FreeRTOS/tasks.o
 .bss.xTasksWaitingTermination
                0x0000000024000664       0x14 ./Third_party/FreeRTOS/tasks.o
 .bss.uxDeletedTasksWaitingCleanUp
                0x0000000024000678        0x4 ./Third_party/FreeRTOS/tasks.o
 .bss.xSuspendedTaskList
                0x000000002400067c       0x14 ./Third_party/FreeRTOS/tasks.o
 .bss.uxCurrentNumberOfTasks
                0x0000000024000690        0x4 ./Third_party/FreeRTOS/tasks.o
 .bss.xTickCount
                0x0000000024000694        0x4 ./Third_party/FreeRTOS/tasks.o
 .bss.uxTopReadyPriority
                0x0000000024000698        0x4 ./Third_party/FreeRTOS/tasks.o
 .bss.xSchedulerRunning
                0x000000002400069c        0x4 ./Third_party/FreeRTOS/tasks.o
 .bss.xPendedTicks
                0x00000000240006a0        0x4 ./Third_party/FreeRTOS/tasks.o
 .bss.xYieldPending
                0x00000000240006a4        0x4 ./Third_party/FreeRTOS/tasks.o
 .bss.xNumOfOverflows
                0x00000000240006a8        0x4 ./Third_party/FreeRTOS/tasks.o
 .bss.uxTaskNumber
                0x00000000240006ac        0x4 ./Third_party/FreeRTOS/tasks.o
 .bss.xNextTaskUnblockTime
                0x00000000240006b0        0x4 ./Third_party/FreeRTOS/tasks.o
 .bss.xIdleTaskHandle
                0x00000000240006b4        0x4 ./Third_party/FreeRTOS/tasks.o
 .bss.uxSchedulerSuspended
                0x00000000240006b8        0x4 ./Third_party/FreeRTOS/tasks.o
 .bss.xActiveTimerList1
                0x00000000240006bc       0x14 ./Third_party/FreeRTOS/timers.o
 .bss.xActiveTimerList2
                0x00000000240006d0       0x14 ./Third_party/FreeRTOS/timers.o
 .bss.pxCurrentTimerList
                0x00000000240006e4        0x4 ./Third_party/FreeRTOS/timers.o
 .bss.pxOverflowTimerList
                0x00000000240006e8        0x4 ./Third_party/FreeRTOS/timers.o
 .bss.xTimerQueue
                0x00000000240006ec        0x4 ./Third_party/FreeRTOS/timers.o
 .bss.xTimerTaskHandle
                0x00000000240006f0        0x4 ./Third_party/FreeRTOS/timers.o
 .bss.xLastTime.0
                0x00000000240006f4        0x4 ./Third_party/FreeRTOS/timers.o
 .bss.ucMaxSysCallPriority
                0x00000000240006f8        0x1 ./Third_party/FreeRTOS/portable/GCC/ARM_CM4F/port.o
 *fill*         0x00000000240006f9        0x3 
 .bss.ulMaxPRIGROUPValue
                0x00000000240006fc        0x4 ./Third_party/FreeRTOS/portable/GCC/ARM_CM4F/port.o
 .bss.ucHeap    0x0000000024000700    0x12c00 ./Third_party/FreeRTOS/portable/MemMang/heap_4.o
 .bss.xStart    0x0000000024013300        0x8 ./Third_party/FreeRTOS/portable/MemMang/heap_4.o
 .bss.pxEnd     0x0000000024013308        0x4 ./Third_party/FreeRTOS/portable/MemMang/heap_4.o
 .bss.xFreeBytesRemaining
                0x000000002401330c        0x4 ./Third_party/FreeRTOS/portable/MemMang/heap_4.o
 .bss.xMinimumEverFreeBytesRemaining
                0x0000000024013310        0x4 ./Third_party/FreeRTOS/portable/MemMang/heap_4.o
 .bss.xNumberOfSuccessfulAllocations
                0x0000000024013314        0x4 ./Third_party/FreeRTOS/portable/MemMang/heap_4.o
 .bss.xNumberOfSuccessfulFrees
                0x0000000024013318        0x4 ./Third_party/FreeRTOS/portable/MemMang/heap_4.o
 .bss._aTasks   0x000000002401331c       0xa0 ./Third_party/SEGGER/OS/SEGGER_SYSVIEW_FreeRTOS.o
 .bss._NumTasks
                0x00000000240133bc        0x4 ./Third_party/SEGGER/OS/SEGGER_SYSVIEW_FreeRTOS.o
 .bss._SEGGER_RTT
                0x00000000240133c0       0xa8 ./Third_party/SEGGER/SEGGER/SEGGER_RTT.o
                0x00000000240133c0                _SEGGER_RTT
 .bss._acUpBuffer
                0x0000000024013468      0x400 ./Third_party/SEGGER/SEGGER/SEGGER_RTT.o
 .bss._acDownBuffer
                0x0000000024013868       0x10 ./Third_party/SEGGER/SEGGER/SEGGER_RTT.o
 .bss._UpBuffer
                0x0000000024013878     0x1000 ./Third_party/SEGGER/SEGGER/SEGGER_SYSVIEW.o
 .bss._DownBuffer
                0x0000000024014878        0x8 ./Third_party/SEGGER/SEGGER/SEGGER_SYSVIEW.o
 .bss._SYSVIEW_Globals
                0x0000000024014880       0x28 ./Third_party/SEGGER/SEGGER/SEGGER_SYSVIEW.o
 .bss._pFirstModule
                0x00000000240148a8        0x4 ./Third_party/SEGGER/SEGGER/SEGGER_SYSVIEW.o
 .bss._NumModules
                0x00000000240148ac        0x1 ./Third_party/SEGGER/SEGGER/SEGGER_SYSVIEW.o
 *fill*         0x00000000240148ad        0x3 
 .bss._aPacket  0x00000000240148b0       0xe3 ./Third_party/SEGGER/SEGGER/SEGGER_SYSVIEW.o
 .bss.__lock___malloc_recursive_mutex
                0x0000000024014993        0x1 c:/st/stm32cubeide_1.11.0/stm32cubeide/plugins/com.st.stm32cube.ide.mcu.externaltools.gnu-tools-for-stm32.10.3-2021.10.win32_1.0.100.202210260954/tools/bin/../lib/gcc/arm-none-eabi/10.3.1/../../../../arm-none-eabi/lib/thumb/v7e-m+dp/hard\libc_nano.a(lib_a-lock.o)
                0x0000000024014993                __lock___malloc_recursive_mutex
 .bss.__lock___sfp_recursive_mutex
                0x0000000024014994        0x1 c:/st/stm32cubeide_1.11.0/stm32cubeide/plugins/com.st.stm32cube.ide.mcu.externaltools.gnu-tools-for-stm32.10.3-2021.10.win32_1.0.100.202210260954/tools/bin/../lib/gcc/arm-none-eabi/10.3.1/../../../../arm-none-eabi/lib/thumb/v7e-m+dp/hard\libc_nano.a(lib_a-lock.o)
                0x0000000024014994                __lock___sfp_recursive_mutex
 .bss.__lock___sinit_recursive_mutex
                0x0000000024014995        0x1 c:/st/stm32cubeide_1.11.0/stm32cubeide/plugins/com.st.stm32cube.ide.mcu.externaltools.gnu-tools-for-stm32.10.3-2021.10.win32_1.0.100.202210260954/tools/bin/../lib/gcc/arm-none-eabi/10.3.1/../../../../arm-none-eabi/lib/thumb/v7e-m+dp/hard\libc_nano.a(lib_a-lock.o)
                0x0000000024014995                __lock___sinit_recursive_mutex
 *fill*         0x0000000024014996        0x2 
 .bss.__malloc_free_list
                0x0000000024014998        0x4 c:/st/stm32cubeide_1.11.0/stm32cubeide/plugins/com.st.stm32cube.ide.mcu.externaltools.gnu-tools-for-stm32.10.3-2021.10.win32_1.0.100.202210260954/tools/bin/../lib/gcc/arm-none-eabi/10.3.1/../../../../arm-none-eabi/lib/thumb/v7e-m+dp/hard\libc_nano.a(lib_a-nano-mallocr.o)
                0x0000000024014998                __malloc_free_list
 .bss.__malloc_sbrk_start
                0x000000002401499c        0x4 c:/st/stm32cubeide_1.11.0/stm32cubeide/plugins/com.st.stm32cube.ide.mcu.externaltools.gnu-tools-for-stm32.10.3-2021.10.win32_1.0.100.202210260954/tools/bin/../lib/gcc/arm-none-eabi/10.3.1/../../../../arm-none-eabi/lib/thumb/v7e-m+dp/hard\libc_nano.a(lib_a-nano-mallocr.o)
                0x000000002401499c                __malloc_sbrk_start
 .bss.errno     0x00000000240149a0        0x4 c:/st/stm32cubeide_1.11.0/stm32cubeide/plugins/com.st.stm32cube.ide.mcu.externaltools.gnu-tools-for-stm32.10.3-2021.10.win32_1.0.100.202210260954/tools/bin/../lib/gcc/arm-none-eabi/10.3.1/../../../../arm-none-eabi/lib/thumb/v7e-m+dp/hard\libc_nano.a(lib_a-reent.o)
                0x00000000240149a0                errno
 .bss.heap_end.0
                0x00000000240149a4        0x4 c:/st/stm32cubeide_1.11.0/stm32cubeide/plugins/com.st.stm32cube.ide.mcu.externaltools.gnu-tools-for-stm32.10.3-2021.10.win32_1.0.100.202210260954/tools/bin/../lib/gcc/arm-none-eabi/10.3.1/../../../../arm-none-eabi/lib/thumb/v7e-m+dp/hard\libnosys.a(sbrk.o)
 *(COMMON)
                0x00000000240149a8                . = ALIGN (0x4)
                0x00000000240149a8                _ebss = .
                0x00000000240149a8                __bss_end__ = _ebss

._user_heap_stack
                0x00000000240149a8      0x600 load address 0x000000000800ab14
                0x00000000240149a8                . = ALIGN (0x8)
                0x00000000240149a8                PROVIDE (end = .)
                [!provide]                        PROVIDE (_end = .)
                0x0000000024014ba8                . = (. + _Min_Heap_Size)
 *fill*         0x00000000240149a8      0x200 
                0x0000000024014fa8                . = (. + _Min_Stack_Size)
 *fill*         0x0000000024014ba8      0x400 
                0x0000000024014fa8                . = ALIGN (0x8)

/DISCARD/
 libc.a(*)
 libm.a(*)
 libgcc.a(*)

.ARM.attributes
                0x0000000000000000       0x2e
 *(.ARM.attributes)
 .ARM.attributes
                0x0000000000000000       0x1e c:/st/stm32cubeide_1.11.0/stm32cubeide/plugins/com.st.stm32cube.ide.mcu.externaltools.gnu-tools-for-stm32.10.3-2021.10.win32_1.0.100.202210260954/tools/bin/../lib/gcc/arm-none-eabi/10.3.1/thumb/v7e-m+dp/hard/crti.o
 .ARM.attributes
                0x000000000000001e       0x32 c:/st/stm32cubeide_1.11.0/stm32cubeide/plugins/com.st.stm32cube.ide.mcu.externaltools.gnu-tools-for-stm32.10.3-2021.10.win32_1.0.100.202210260954/tools/bin/../lib/gcc/arm-none-eabi/10.3.1/thumb/v7e-m+dp/hard/crtbegin.o
 .ARM.attributes
                0x0000000000000050       0x32 ./Core/Src/main.o
 .ARM.attributes
                0x0000000000000082       0x32 ./Core/Src/stm32h7xx_hal_msp.o
 .ARM.attributes
                0x00000000000000b4       0x32 ./Core/Src/stm32h7xx_hal_timebase_tim.o
 .ARM.attributes
                0x00000000000000e6       0x32 ./Core/Src/stm32h7xx_it.o
 .ARM.attributes
                0x0000000000000118       0x32 ./Core/Src/syscalls.o
 .ARM.attributes
                0x000000000000014a       0x32 ./Core/Src/system_stm32h7xx.o
 .ARM.attributes
                0x000000000000017c       0x21 ./Core/Startup/startup_stm32h7a3zitxq.o
 .ARM.attributes
                0x000000000000019d       0x32 ./Drivers/STM32H7xx_HAL_Driver/Src/stm32h7xx_hal.o
 .ARM.attributes
                0x00000000000001cf       0x32 ./Drivers/STM32H7xx_HAL_Driver/Src/stm32h7xx_hal_cortex.o
 .ARM.attributes
                0x0000000000000201       0x32 ./Drivers/STM32H7xx_HAL_Driver/Src/stm32h7xx_hal_gpio.o
 .ARM.attributes
                0x0000000000000233       0x32 ./Drivers/STM32H7xx_HAL_Driver/Src/stm32h7xx_hal_pwr_ex.o
 .ARM.attributes
                0x0000000000000265       0x32 ./Drivers/STM32H7xx_HAL_Driver/Src/stm32h7xx_hal_rcc.o
 .ARM.attributes
                0x0000000000000297       0x32 ./Drivers/STM32H7xx_HAL_Driver/Src/stm32h7xx_hal_rcc_ex.o
 .ARM.attributes
                0x00000000000002c9       0x32 ./Drivers/STM32H7xx_HAL_Driver/Src/stm32h7xx_hal_tim.o
 .ARM.attributes
                0x00000000000002fb       0x32 ./Drivers/STM32H7xx_HAL_Driver/Src/stm32h7xx_hal_tim_ex.o
 .ARM.attributes
                0x000000000000032d       0x32 ./Drivers/STM32H7xx_HAL_Driver/Src/stm32h7xx_hal_uart.o
 .ARM.attributes
                0x000000000000035f       0x32 ./Drivers/STM32H7xx_HAL_Driver/Src/stm32h7xx_hal_uart_ex.o
 .ARM.attributes
                0x0000000000000391       0x32 ./Third_party/FreeRTOS/list.o
 .ARM.attributes
                0x00000000000003c3       0x32 ./Third_party/FreeRTOS/queue.o
 .ARM.attributes
                0x00000000000003f5       0x32 ./Third_party/FreeRTOS/tasks.o
 .ARM.attributes
                0x0000000000000427       0x32 ./Third_party/FreeRTOS/timers.o
 .ARM.attributes
                0x0000000000000459       0x32 ./Third_party/FreeRTOS/portable/GCC/ARM_CM4F/port.o
 .ARM.attributes
                0x000000000000048b       0x32 ./Third_party/FreeRTOS/portable/MemMang/heap_4.o
 .ARM.attributes
                0x00000000000004bd       0x32 ./Third_party/SEGGER/Config/SEGGER_SYSVIEW_Config_FreeRTOS.o
 .ARM.attributes
                0x00000000000004ef       0x32 ./Third_party/SEGGER/OS/SEGGER_SYSVIEW_FreeRTOS.o
 .ARM.attributes
                0x0000000000000521       0x32 ./Third_party/SEGGER/SEGGER/SEGGER_RTT.o
 .ARM.attributes
                0x0000000000000553       0x1e ./Third_party/SEGGER/SEGGER/SEGGER_RTT_ASM_ARMv7M.o
 .ARM.attributes
                0x0000000000000571       0x32 ./Third_party/SEGGER/SEGGER/SEGGER_SYSVIEW.o
 .ARM.attributes
                0x00000000000005a3       0x32 ./Third_party/SEGGER/SEGGER/Syscalls/SEGGER_RTT_Syscalls_GCC.o
 .ARM.attributes
                0x00000000000005d5       0x32 c:/st/stm32cubeide_1.11.0/stm32cubeide/plugins/com.st.stm32cube.ide.mcu.externaltools.gnu-tools-for-stm32.10.3-2021.10.win32_1.0.100.202210260954/tools/bin/../lib/gcc/arm-none-eabi/10.3.1/../../../../arm-none-eabi/lib/thumb/v7e-m+dp/hard\libc_nano.a(lib_a-impure.o)
 .ARM.attributes
                0x0000000000000607       0x32 c:/st/stm32cubeide_1.11.0/stm32cubeide/plugins/com.st.stm32cube.ide.mcu.externaltools.gnu-tools-for-stm32.10.3-2021.10.win32_1.0.100.202210260954/tools/bin/../lib/gcc/arm-none-eabi/10.3.1/../../../../arm-none-eabi/lib/thumb/v7e-m+dp/hard\libc_nano.a(lib_a-init.o)
 .ARM.attributes
                0x0000000000000639       0x32 c:/st/stm32cubeide_1.11.0/stm32cubeide/plugins/com.st.stm32cube.ide.mcu.externaltools.gnu-tools-for-stm32.10.3-2021.10.win32_1.0.100.202210260954/tools/bin/../lib/gcc/arm-none-eabi/10.3.1/../../../../arm-none-eabi/lib/thumb/v7e-m+dp/hard\libc_nano.a(lib_a-memcmp.o)
 .ARM.attributes
                0x000000000000066b       0x32 c:/st/stm32cubeide_1.11.0/stm32cubeide/plugins/com.st.stm32cube.ide.mcu.externaltools.gnu-tools-for-stm32.10.3-2021.10.win32_1.0.100.202210260954/tools/bin/../lib/gcc/arm-none-eabi/10.3.1/../../../../arm-none-eabi/lib/thumb/v7e-m+dp/hard\libc_nano.a(lib_a-memcpy-stub.o)
 .ARM.attributes
                0x000000000000069d       0x32 c:/st/stm32cubeide_1.11.0/stm32cubeide/plugins/com.st.stm32cube.ide.mcu.externaltools.gnu-tools-for-stm32.10.3-2021.10.win32_1.0.100.202210260954/tools/bin/../lib/gcc/arm-none-eabi/10.3.1/../../../../arm-none-eabi/lib/thumb/v7e-m+dp/hard\libc_nano.a(lib_a-memset.o)
 .ARM.attributes
                0x00000000000006cf       0x32 c:/st/stm32cubeide_1.11.0/stm32cubeide/plugins/com.st.stm32cube.ide.mcu.externaltools.gnu-tools-for-stm32.10.3-2021.10.win32_1.0.100.202210260954/tools/bin/../lib/gcc/arm-none-eabi/10.3.1/../../../../arm-none-eabi/lib/thumb/v7e-m+dp/hard\libc_nano.a(lib_a-puts.o)
 .ARM.attributes
                0x0000000000000701       0x32 c:/st/stm32cubeide_1.11.0/stm32cubeide/plugins/com.st.stm32cube.ide.mcu.externaltools.gnu-tools-for-stm32.10.3-2021.10.win32_1.0.100.202210260954/tools/bin/../lib/gcc/arm-none-eabi/10.3.1/../../../../arm-none-eabi/lib/thumb/v7e-m+dp/hard\libc_nano.a(lib_a-wbuf.o)
 .ARM.attributes
                0x0000000000000733       0x32 c:/st/stm32cubeide_1.11.0/stm32cubeide/plugins/com.st.stm32cube.ide.mcu.externaltools.gnu-tools-for-stm32.10.3-2021.10.win32_1.0.100.202210260954/tools/bin/../lib/gcc/arm-none-eabi/10.3.1/../../../../arm-none-eabi/lib/thumb/v7e-m+dp/hard\libc_nano.a(lib_a-wsetup.o)
 .ARM.attributes
                0x0000000000000765       0x32 c:/st/stm32cubeide_1.11.0/stm32cubeide/plugins/com.st.stm32cube.ide.mcu.externaltools.gnu-tools-for-stm32.10.3-2021.10.win32_1.0.100.202210260954/tools/bin/../lib/gcc/arm-none-eabi/10.3.1/../../../../arm-none-eabi/lib/thumb/v7e-m+dp/hard\libc_nano.a(lib_a-fflush.o)
 .ARM.attributes
                0x0000000000000797       0x32 c:/st/stm32cubeide_1.11.0/stm32cubeide/plugins/com.st.stm32cube.ide.mcu.externaltools.gnu-tools-for-stm32.10.3-2021.10.win32_1.0.100.202210260954/tools/bin/../lib/gcc/arm-none-eabi/10.3.1/../../../../arm-none-eabi/lib/thumb/v7e-m+dp/hard\libc_nano.a(lib_a-findfp.o)
 .ARM.attributes
                0x00000000000007c9       0x32 c:/st/stm32cubeide_1.11.0/stm32cubeide/plugins/com.st.stm32cube.ide.mcu.externaltools.gnu-tools-for-stm32.10.3-2021.10.win32_1.0.100.202210260954/tools/bin/../lib/gcc/arm-none-eabi/10.3.1/../../../../arm-none-eabi/lib/thumb/v7e-m+dp/hard\libc_nano.a(lib_a-fwalk.o)
 .ARM.attributes
                0x00000000000007fb       0x32 c:/st/stm32cubeide_1.11.0/stm32cubeide/plugins/com.st.stm32cube.ide.mcu.externaltools.gnu-tools-for-stm32.10.3-2021.10.win32_1.0.100.202210260954/tools/bin/../lib/gcc/arm-none-eabi/10.3.1/../../../../arm-none-eabi/lib/thumb/v7e-m+dp/hard\libc_nano.a(lib_a-lock.o)
 .ARM.attributes