../Core/Src/main.c:70:5:main	40	static,ignoring_inline_asm
../Core/Src/main.c:132:6:SystemClock_Config	120	static
../Core/Src/main.c:195:13:MX_USART3_UART_Init	8	static
../Core/Src/main.c:243:13:MX_USB_OTG_HS_USB_Init	4	static
../Core/Src/main.c:264:13:MX_GPIO_Init	64	static
../Core/Src/main.c:344:13:task1_handler	16	static,ignoring_inline_asm
../Core/Src/main.c:351:13:task2_handler	16	static,ignoring_inline_asm
../Core/Src/main.c:368:6:HAL_TIM_PeriodElapsedCallback	16	static
../Core/Src/main.c:385:6:Error_Handler	4	static,ignoring_inline_asm
