../Core/Src/main.c:73:5:main	40	static,ignoring_inline_asm
../Core/Src/main.c:143:6:SystemClock_Config	120	static
../Core/Src/main.c:206:13:MX_USART3_UART_Init	8	static
../Core/Src/main.c:254:13:MX_USB_OTG_HS_USB_Init	4	static
../Core/Src/main.c:275:13:MX_GPIO_Init	64	static
../Core/Src/main.c:355:13:task1_handler	120	static,ignoring_inline_asm
../Core/Src/main.c:365:13:task2_handler	120	static,ignoring_inline_asm
../Core/Src/main.c:383:6:HAL_TIM_PeriodElapsedCallback	16	static
../Core/Src/main.c:400:6:Error_Handler	4	static,ignoring_inline_asm
