10:52:53 **** Clean-only build of configuration Debug for project task_01 ****
make -j16 clean 
rm -rf ./Third_party/FreeRTOS/portable/MemMang/heap_4.d ./Third_party/FreeRTOS/portable/MemMang/heap_4.o ./Third_party/FreeRTOS/portable/MemMang/heap_4.su
rm -rf ./Third_party/FreeRTOS/portable/GCC/ARM_CM4F/port.d ./Third_party/FreeRTOS/portable/GCC/ARM_CM4F/port.o ./Third_party/FreeRTOS/portable/GCC/ARM_CM4F/port.su
rm -rf ./Third_party/FreeRTOS/croutine.d ./Third_party/FreeRTOS/croutine.o ./Third_party/FreeRTOS/croutine.su ./Third_party/FreeRTOS/event_groups.d ./Third_party/FreeRTOS/event_groups.o ./Third_party/FreeRTOS/event_groups.su ./Third_party/FreeRTOS/list.d ./Third_party/FreeRTOS/list.o ./Third_party/FreeRTOS/list.su ./Third_party/FreeRTOS/queue.d ./Third_party/FreeRTOS/queue.o ./Third_party/FreeRTOS/queue.su ./Third_party/FreeRTOS/stream_buffer.d ./Third_party/FreeRTOS/stream_buffer.o ./Third_party/FreeRTOS/stream_buffer.su ./Third_party/FreeRTOS/tasks.d ./Third_party/FreeRTOS/tasks.o ./Third_party/FreeRTOS/tasks.su ./Third_party/FreeRTOS/timers.d ./Third_party/FreeRTOS/timers.o ./Third_party/FreeRTOS/timers.su
rm -rf ./Drivers/STM32H7xx_HAL_Driver/Src/stm32h7xx_hal.d ./Drivers/STM32H7xx_HAL_Driver/Src/stm32h7xx_hal.o ./Drivers/STM32H7xx_HAL_Driver/Src/stm32h7xx_hal.su ./Drivers/STM32H7xx_HAL_Driver/Src/stm32h7xx_hal_cortex.d ./Drivers/STM32H7xx_HAL_Driver/Src/stm32h7xx_hal_cortex.o ./Drivers/STM32H7xx_HAL_Driver/Src/stm32h7xx_hal_cortex.su ./Drivers/STM32H7xx_HAL_Driver/Src/stm32h7xx_hal_dma.d ./Drivers/STM32H7xx_HAL_Driver/Src/stm32h7xx_hal_dma.o ./Drivers/STM32H7xx_HAL_Driver/Src/stm32h7xx_hal_dma.su ./Drivers/STM32H7xx_HAL_Driver/Src/stm32h7xx_hal_dma_ex.d ./Drivers/STM32H7xx_HAL_Driver/Src/stm32h7xx_hal_dma_ex.o ./Drivers/STM32H7xx_HAL_Driver/Src/stm32h7xx_hal_dma_ex.su ./Drivers/STM32H7xx_HAL_Driver/Src/stm32h7xx_hal_exti.d ./Drivers/STM32H7xx_HAL_Driver/Src/stm32h7xx_hal_exti.o ./Drivers/STM32H7xx_HAL_Driver/Src/stm32h7xx_hal_exti.su ./Drivers/STM32H7xx_HAL_Driver/Src/stm32h7xx_hal_flash.d ./Drivers/STM32H7xx_HAL_Driver/Src/stm32h7xx_hal_flash.o ./Drivers/STM32H7xx_HAL_Driver/Src/stm32h7xx_hal_flash.su ./Drivers/STM32H7xx_HAL_Driver/Src/stm32h7xx_hal_flash_ex.d ./Drivers/STM32H7xx_HAL_Driver/Src/stm32h7xx_hal_flash_ex.o ./Drivers/STM32H7xx_HAL_Driver/Src/stm32h7xx_hal_flash_ex.su ./Drivers/STM32H7xx_HAL_Driver/Src/stm32h7xx_hal_gpio.d ./Drivers/STM32H7xx_HAL_Driver/Src/stm32h7xx_hal_gpio.o ./Drivers/STM32H7xx_HAL_Driver/Src/stm32h7xx_hal_gpio.su ./Drivers/STM32H7xx_HAL_Driver/Src/stm32h7xx_hal_hsem.d ./Drivers/STM32H7xx_HAL_Driver/Src/stm32h7xx_hal_hsem.o ./Drivers/STM32H7xx_HAL_Driver/Src/stm32h7xx_hal_hsem.su ./Drivers/STM32H7xx_HAL_Driver/Src/stm32h7xx_hal_i2c.d ./Drivers/STM32H7xx_HAL_Driver/Src/stm32h7xx_hal_i2c.o ./Drivers/STM32H7xx_HAL_Driver/Src/stm32h7xx_hal_i2c.su ./Drivers/STM32H7xx_HAL_Driver/Src/stm32h7xx_hal_i2c_ex.d ./Drivers/STM32H7xx_HAL_Driver/Src/stm32h7xx_hal_i2c_ex.o ./Drivers/STM32H7xx_HAL_Driver/Src/stm32h7xx_hal_i2c_ex.su ./Drivers/STM32H7xx_HAL_Driver/Src/stm32h7xx_hal_mdma.d ./Drivers/STM32H7xx_HAL_Driver/Src/stm32h7xx_hal_mdma.o ./Drivers/STM32H7xx_HAL_Driver/Src/stm32h7xx_hal_mdma.su ./Drivers/STM32H7xx_HAL_Driver/Src/stm32h7xx_hal_pwr.d ./Drivers/STM32H7xx_HAL_Driver/Src/stm32h7xx_hal_pwr.o ./Drivers/STM32H7xx_HAL_Driver/Src/stm32h7xx_hal_pwr.su ./Drivers/STM32H7xx_HAL_Driver/Src/stm32h7xx_hal_pwr_ex.d ./Drivers/STM32H7xx_HAL_Driver/Src/stm32h7xx_hal_pwr_ex.o ./Drivers/STM32H7xx_HAL_Driver/Src/stm32h7xx_hal_pwr_ex.su ./Drivers/STM32H7xx_HAL_Driver/Src/stm32h7xx_hal_rcc.d ./Drivers/STM32H7xx_HAL_Driver/Src/stm32h7xx_hal_rcc.o ./Drivers/STM32H7xx_HAL_Driver/Src/stm32h7xx_hal_rcc.su ./Drivers/STM32H7xx_HAL_Driver/Src/stm32h7xx_hal_rcc_ex.d ./Drivers/STM32H7xx_HAL_Driver/Src/stm32h7xx_hal_rcc_ex.o ./Drivers/STM32H7xx_HAL_Driver/Src/stm32h7xx_hal_rcc_ex.su ./Drivers/STM32H7xx_HAL_Driver/Src/stm32h7xx_hal_tim.d ./Drivers/STM32H7xx_HAL_Driver/Src/stm32h7xx_hal_tim.o ./Drivers/STM32H7xx_HAL_Driver/Src/stm32h7xx_hal_tim.su ./Drivers/STM32H7xx_HAL_Driver/Src/stm32h7xx_hal_tim_ex.d ./Drivers/STM32H7xx_HAL_Driver/Src/stm32h7xx_hal_tim_ex.o ./Drivers/STM32H7xx_HAL_Driver/Src/stm32h7xx_hal_tim_ex.su ./Drivers/STM32H7xx_HAL_Driver/Src/stm32h7xx_hal_uart.d ./Drivers/STM32H7xx_HAL_Driver/Src/stm32h7xx_hal_uart.o ./Drivers/STM32H7xx_HAL_Driver/Src/stm32h7xx_hal_uart.su ./Drivers/STM32H7xx_HAL_Driver/Src/stm32h7xx_hal_uart_ex.d ./Drivers/STM32H7xx_HAL_Driver/Src/stm32h7xx_hal_uart_ex.o ./Drivers/STM32H7xx_HAL_Driver/Src/stm32h7xx_hal_uart_ex.su
rm -rf ./Core/Startup/startup_stm32h7a3zitxq.d ./Core/Startup/startup_stm32h7a3zitxq.o
rm -rf ./Core/Src/main.d ./Core/Src/main.o ./Core/Src/main.su ./Core/Src/stm32h7xx_hal_msp.d ./Core/Src/stm32h7xx_hal_msp.o ./Core/Src/stm32h7xx_hal_msp.su ./Core/Src/stm32h7xx_hal_timebase_tim.d ./Core/Src/stm32h7xx_hal_timebase_tim.o ./Core/Src/stm32h7xx_hal_timebase_tim.su ./Core/Src/stm32h7xx_it.d ./Core/Src/stm32h7xx_it.o ./Core/Src/stm32h7xx_it.su ./Core/Src/syscalls.d ./Core/Src/syscalls.o ./Core/Src/syscalls.su ./Core/Src/system_stm32h7xx.d ./Core/Src/system_stm32h7xx.o ./Core/Src/system_stm32h7xx.su
rm -rf default.size.stdout task_01.elf task_01.list task_01.map
 
10:52:54 **** Build of configuration Debug for project task_01 ****
make -j16 all 
arm-none-eabi-gcc "../Third_party/FreeRTOS/portable/MemMang/heap_4.c" -mcpu=cortex-m7 -std=gnu11 -g3 -DDEBUG -DUSE_HAL_DRIVER -DSTM32H7A3xxQ -c -I../Core/Inc -I"C:/Users/ajitp/OneDrive/Documents/Embedded_systems_courses/FREERTOS_COURSE/WORKSPACE/task_01/Third_party/FreeRTOS" -I"C:/Users/ajitp/OneDrive/Documents/Embedded_systems_courses/FREERTOS_COURSE/WORKSPACE/task_01/Third_party/FreeRTOS/include" -I"C:/Users/ajitp/OneDrive/Documents/Embedded_systems_courses/FREERTOS_COURSE/WORKSPACE/task_01/Third_party/FreeRTOS/portable/GCC/ARM_CM4F" -I../Drivers/STM32H7xx_HAL_Driver/Inc -I../Drivers/STM32H7xx_HAL_Driver/Inc/Legacy -I../Drivers/CMSIS/Device/ST/STM32H7xx/Include -I../Drivers/CMSIS/Include -O0 -ffunction-sections -fdata-sections -Wall -fstack-usage -MMD -MP -MF"Third_party/FreeRTOS/portable/MemMang/heap_4.d" -MT"Third_party/FreeRTOS/portable/MemMang/heap_4.o" --specs=nano.specs -mfpu=fpv5-d16 -mfloat-abi=hard -mthumb -o "Third_party/FreeRTOS/portable/MemMang/heap_4.o"
arm-none-eabi-gcc "../Third_party/FreeRTOS/portable/GCC/ARM_CM4F/port.c" -mcpu=cortex-m7 -std=gnu11 -g3 -DDEBUG -DUSE_HAL_DRIVER -DSTM32H7A3xxQ -c -I../Core/Inc -I"C:/Users/ajitp/OneDrive/Documents/Embedded_systems_courses/FREERTOS_COURSE/WORKSPACE/task_01/Third_party/FreeRTOS" -I"C:/Users/ajitp/OneDrive/Documents/Embedded_systems_courses/FREERTOS_COURSE/WORKSPACE/task_01/Third_party/FreeRTOS/include" -I"C:/Users/ajitp/OneDrive/Documents/Embedded_systems_courses/FREERTOS_COURSE/WORKSPACE/task_01/Third_party/FreeRTOS/portable/GCC/ARM_CM4F" -I../Drivers/STM32H7xx_HAL_Driver/Inc -I../Drivers/STM32H7xx_HAL_Driver/Inc/Legacy -I../Drivers/CMSIS/Device/ST/STM32H7xx/Include -I../Drivers/CMSIS/Include -O0 -ffunction-sections -fdata-sections -Wall -fstack-usage -MMD -MP -MF"Third_party/FreeRTOS/portable/GCC/ARM_CM4F/port.d" -MT"Third_party/FreeRTOS/portable/GCC/ARM_CM4F/port.o" --specs=nano.specs -mfpu=fpv5-d16 -mfloat-abi=hard -mthumb -o "Third_party/FreeRTOS/portable/GCC/ARM_CM4F/port.o"
arm-none-eabi-gcc "../Third_party/FreeRTOS/croutine.c" -mcpu=cortex-m7 -std=gnu11 -g3 -DDEBUG -DUSE_HAL_DRIVER -DSTM32H7A3xxQ -c -I../Core/Inc -I"C:/Users/ajitp/OneDrive/Documents/Embedded_systems_courses/FREERTOS_COURSE/WORKSPACE/task_01/Third_party/FreeRTOS" -I"C:/Users/ajitp/OneDrive/Documents/Embedded_systems_courses/FREERTOS_COURSE/WORKSPACE/task_01/Third_party/FreeRTOS/include" -I"C:/Users/ajitp/OneDrive/Documents/Embedded_systems_courses/FREERTOS_COURSE/WORKSPACE/task_01/Third_party/FreeRTOS/portable/GCC/ARM_CM4F" -I../Drivers/STM32H7xx_HAL_Driver/Inc -I../Drivers/STM32H7xx_HAL_Driver/Inc/Legacy -I../Drivers/CMSIS/Device/ST/STM32H7xx/Include -I../Drivers/CMSIS/Include -O0 -ffunction-sections -fdata-sections -Wall -fstack-usage -MMD -MP -MF"Third_party/FreeRTOS/croutine.d" -MT"Third_party/FreeRTOS/croutine.o" --specs=nano.specs -mfpu=fpv5-d16 -mfloat-abi=hard -mthumb -o "Third_party/FreeRTOS/croutine.o"
arm-none-eabi-gcc "../Third_party/FreeRTOS/event_groups.c" -mcpu=cortex-m7 -std=gnu11 -g3 -DDEBUG -DUSE_HAL_DRIVER -DSTM32H7A3xxQ -c -I../Core/Inc -I"C:/Users/ajitp/OneDrive/Documents/Embedded_systems_courses/FREERTOS_COURSE/WORKSPACE/task_01/Third_party/FreeRTOS" -I"C:/Users/ajitp/OneDrive/Documents/Embedded_systems_courses/FREERTOS_COURSE/WORKSPACE/task_01/Third_party/FreeRTOS/include" -I"C:/Users/ajitp/OneDrive/Documents/Embedded_systems_courses/FREERTOS_COURSE/WORKSPACE/task_01/Third_party/FreeRTOS/portable/GCC/ARM_CM4F" -I../Drivers/STM32H7xx_HAL_Driver/Inc -I../Drivers/STM32H7xx_HAL_Driver/Inc/Legacy -I../Drivers/CMSIS/Device/ST/STM32H7xx/Include -I../Drivers/CMSIS/Include -O0 -ffunction-sections -fdata-sections -Wall -fstack-usage -MMD -MP -MF"Third_party/FreeRTOS/event_groups.d" -MT"Third_party/FreeRTOS/event_groups.o" --specs=nano.specs -mfpu=fpv5-d16 -mfloat-abi=hard -mthumb -o "Third_party/FreeRTOS/event_groups.o"
arm-none-eabi-gcc "../Third_party/FreeRTOS/list.c" -mcpu=cortex-m7 -std=gnu11 -g3 -DDEBUG -DUSE_HAL_DRIVER -DSTM32H7A3xxQ -c -I../Core/Inc -I"C:/Users/ajitp/OneDrive/Documents/Embedded_systems_courses/FREERTOS_COURSE/WORKSPACE/task_01/Third_party/FreeRTOS" -I"C:/Users/ajitp/OneDrive/Documents/Embedded_systems_courses/FREERTOS_COURSE/WORKSPACE/task_01/Third_party/FreeRTOS/include" -I"C:/Users/ajitp/OneDrive/Documents/Embedded_systems_courses/FREERTOS_COURSE/WORKSPACE/task_01/Third_party/FreeRTOS/portable/GCC/ARM_CM4F" -I../Drivers/STM32H7xx_HAL_Driver/Inc -I../Drivers/STM32H7xx_HAL_Driver/Inc/Legacy -I../Drivers/CMSIS/Device/ST/STM32H7xx/Include -I../Drivers/CMSIS/Include -O0 -ffunction-sections -fdata-sections -Wall -fstack-usage -MMD -MP -MF"Third_party/FreeRTOS/list.d" -MT"Third_party/FreeRTOS/list.o" --specs=nano.specs -mfpu=fpv5-d16 -mfloat-abi=hard -mthumb -o "Third_party/FreeRTOS/list.o"
arm-none-eabi-gcc "../Third_party/FreeRTOS/queue.c" -mcpu=cortex-m7 -std=gnu11 -g3 -DDEBUG -DUSE_HAL_DRIVER -DSTM32H7A3xxQ -c -I../Core/Inc -I"C:/Users/ajitp/OneDrive/Documents/Embedded_systems_courses/FREERTOS_COURSE/WORKSPACE/task_01/Third_party/FreeRTOS" -I"C:/Users/ajitp/OneDrive/Documents/Embedded_systems_courses/FREERTOS_COURSE/WORKSPACE/task_01/Third_party/FreeRTOS/include" -I"C:/Users/ajitp/OneDrive/Documents/Embedded_systems_courses/FREERTOS_COURSE/WORKSPACE/task_01/Third_party/FreeRTOS/portable/GCC/ARM_CM4F" -I../Drivers/STM32H7xx_HAL_Driver/Inc -I../Drivers/STM32H7xx_HAL_Driver/Inc/Legacy -I../Drivers/CMSIS/Device/ST/STM32H7xx/Include -I../Drivers/CMSIS/Include -O0 -ffunction-sections -fdata-sections -Wall -fstack-usage -MMD -MP -MF"Third_party/FreeRTOS/queue.d" -MT"Third_party/FreeRTOS/queue.o" --specs=nano.specs -mfpu=fpv5-d16 -mfloat-abi=hard -mthumb -o "Third_party/FreeRTOS/queue.o"
arm-none-eabi-gcc "../Third_party/FreeRTOS/stream_buffer.c" -mcpu=cortex-m7 -std=gnu11 -g3 -DDEBUG -DUSE_HAL_DRIVER -DSTM32H7A3xxQ -c -I../Core/Inc -I"C:/Users/ajitp/OneDrive/Documents/Embedded_systems_courses/FREERTOS_COURSE/WORKSPACE/task_01/Third_party/FreeRTOS" -I"C:/Users/ajitp/OneDrive/Documents/Embedded_systems_courses/FREERTOS_COURSE/WORKSPACE/task_01/Third_party/FreeRTOS/include" -I"C:/Users/ajitp/OneDrive/Documents/Embedded_systems_courses/FREERTOS_COURSE/WORKSPACE/task_01/Third_party/FreeRTOS/portable/GCC/ARM_CM4F" -I../Drivers/STM32H7xx_HAL_Driver/Inc -I../Drivers/STM32H7xx_HAL_Driver/Inc/Legacy -I../Drivers/CMSIS/Device/ST/STM32H7xx/Include -I../Drivers/CMSIS/Include -O0 -ffunction-sections -fdata-sections -Wall -fstack-usage -MMD -MP -MF"Third_party/FreeRTOS/stream_buffer.d" -MT"Third_party/FreeRTOS/stream_buffer.o" --specs=nano.specs -mfpu=fpv5-d16 -mfloat-abi=hard -mthumb -o "Third_party/FreeRTOS/stream_buffer.o"
arm-none-eabi-gcc "../Third_party/FreeRTOS/tasks.c" -mcpu=cortex-m7 -std=gnu11 -g3 -DDEBUG -DUSE_HAL_DRIVER -DSTM32H7A3xxQ -c -I../Core/Inc -I"C:/Users/ajitp/OneDrive/Documents/Embedded_systems_courses/FREERTOS_COURSE/WORKSPACE/task_01/Third_party/FreeRTOS" -I"C:/Users/ajitp/OneDrive/Documents/Embedded_systems_courses/FREERTOS_COURSE/WORKSPACE/task_01/Third_party/FreeRTOS/include" -I"C:/Users/ajitp/OneDrive/Documents/Embedded_systems_courses/FREERTOS_COURSE/WORKSPACE/task_01/Third_party/FreeRTOS/portable/GCC/ARM_CM4F" -I../Drivers/STM32H7xx_HAL_Driver/Inc -I../Drivers/STM32H7xx_HAL_Driver/Inc/Legacy -I../Drivers/CMSIS/Device/ST/STM32H7xx/Include -I../Drivers/CMSIS/Include -O0 -ffunction-sections -fdata-sections -Wall -fstack-usage -MMD -MP -MF"Third_party/FreeRTOS/tasks.d" -MT"Third_party/FreeRTOS/tasks.o" --specs=nano.specs -mfpu=fpv5-d16 -mfloat-abi=hard -mthumb -o "Third_party/FreeRTOS/tasks.o"
arm-none-eabi-gcc "../Third_party/FreeRTOS/timers.c" -mcpu=cortex-m7 -std=gnu11 -g3 -DDEBUG -DUSE_HAL_DRIVER -DSTM32H7A3xxQ -c -I../Core/Inc -I"C:/Users/ajitp/OneDrive/Documents/Embedded_systems_courses/FREERTOS_COURSE/WORKSPACE/task_01/Third_party/FreeRTOS" -I"C:/Users/ajitp/OneDrive/Documents/Embedded_systems_courses/FREERTOS_COURSE/WORKSPACE/task_01/Third_party/FreeRTOS/include" -I"C:/Users/ajitp/OneDrive/Documents/Embedded_systems_courses/FREERTOS_COURSE/WORKSPACE/task_01/Third_party/FreeRTOS/portable/GCC/ARM_CM4F" -I../Drivers/STM32H7xx_HAL_Driver/Inc -I../Drivers/STM32H7xx_HAL_Driver/Inc/Legacy -I../Drivers/CMSIS/Device/ST/STM32H7xx/Include -I../Drivers/CMSIS/Include -O0 -ffunction-sections -fdata-sections -Wall -fstack-usage -MMD -MP -MF"Third_party/FreeRTOS/timers.d" -MT"Third_party/FreeRTOS/timers.o" --specs=nano.specs -mfpu=fpv5-d16 -mfloat-abi=hard -mthumb -o "Third_party/FreeRTOS/timers.o"
arm-none-eabi-gcc "../Drivers/STM32H7xx_HAL_Driver/Src/stm32h7xx_hal.c" -mcpu=cortex-m7 -std=gnu11 -g3 -DDEBUG -DUSE_HAL_DRIVER -DSTM32H7A3xxQ -c -I../Core/Inc -I"C:/Users/ajitp/OneDrive/Documents/Embedded_systems_courses/FREERTOS_COURSE/WORKSPACE/task_01/Third_party/FreeRTOS" -I"C:/Users/ajitp/OneDrive/Documents/Embedded_systems_courses/FREERTOS_COURSE/WORKSPACE/task_01/Third_party/FreeRTOS/include" -I"C:/Users/ajitp/OneDrive/Documents/Embedded_systems_courses/FREERTOS_COURSE/WORKSPACE/task_01/Third_party/FreeRTOS/portable/GCC/ARM_CM4F" -I../Drivers/STM32H7xx_HAL_Driver/Inc -I../Drivers/STM32H7xx_HAL_Driver/Inc/Legacy -I../Drivers/CMSIS/Device/ST/STM32H7xx/Include -I../Drivers/CMSIS/Include -O0 -ffunction-sections -fdata-sections -Wall -fstack-usage -MMD -MP -MF"Drivers/STM32H7xx_HAL_Driver/Src/stm32h7xx_hal.d" -MT"Drivers/STM32H7xx_HAL_Driver/Src/stm32h7xx_hal.o" --specs=nano.specs -mfpu=fpv5-d16 -mfloat-abi=hard -mthumb -o "Drivers/STM32H7xx_HAL_Driver/Src/stm32h7xx_hal.o"
arm-none-eabi-gcc "../Drivers/STM32H7xx_HAL_Driver/Src/stm32h7xx_hal_cortex.c" -mcpu=cortex-m7 -std=gnu11 -g3 -DDEBUG -DUSE_HAL_DRIVER -DSTM32H7A3xxQ -c -I../Core/Inc -I"C:/Users/ajitp/OneDrive/Documents/Embedded_systems_courses/FREERTOS_COURSE/WORKSPACE/task_01/Third_party/FreeRTOS" -I"C:/Users/ajitp/OneDrive/Documents/Embedded_systems_courses/FREERTOS_COURSE/WORKSPACE/task_01/Third_party/FreeRTOS/include" -I"C:/Users/ajitp/OneDrive/Documents/Embedded_systems_courses/FREERTOS_COURSE/WORKSPACE/task_01/Third_party/FreeRTOS/portable/GCC/ARM_CM4F" -I../Drivers/STM32H7xx_HAL_Driver/Inc -I../Drivers/STM32H7xx_HAL_Driver/Inc/Legacy -I../Drivers/CMSIS/Device/ST/STM32H7xx/Include -I../Drivers/CMSIS/Include -O0 -ffunction-sections -fdata-sections -Wall -fstack-usage -MMD -MP -MF"Drivers/STM32H7xx_HAL_Driver/Src/stm32h7xx_hal_cortex.d" -MT"Drivers/STM32H7xx_HAL_Driver/Src/stm32h7xx_hal_cortex.o" --specs=nano.specs -mfpu=fpv5-d16 -mfloat-abi=hard -mthumb -o "Drivers/STM32H7xx_HAL_Driver/Src/stm32h7xx_hal_cortex.o"
arm-none-eabi-gcc "../Drivers/STM32H7xx_HAL_Driver/Src/stm32h7xx_hal_dma.c" -mcpu=cortex-m7 -std=gnu11 -g3 -DDEBUG -DUSE_HAL_DRIVER -DSTM32H7A3xxQ -c -I../Core/Inc -I"C:/Users/ajitp/OneDrive/Documents/Embedded_systems_courses/FREERTOS_COURSE/WORKSPACE/task_01/Third_party/FreeRTOS" -I"C:/Users/ajitp/OneDrive/Documents/Embedded_systems_courses/FREERTOS_COURSE/WORKSPACE/task_01/Third_party/FreeRTOS/include" -I"C:/Users/ajitp/OneDrive/Documents/Embedded_systems_courses/FREERTOS_COURSE/WORKSPACE/task_01/Third_party/FreeRTOS/portable/GCC/ARM_CM4F" -I../Drivers/STM32H7xx_HAL_Driver/Inc -I../Drivers/STM32H7xx_HAL_Driver/Inc/Legacy -I../Drivers/CMSIS/Device/ST/STM32H7xx/Include -I../Drivers/CMSIS/Include -O0 -ffunction-sections -fdata-sections -Wall -fstack-usage -MMD -MP -MF"Drivers/STM32H7xx_HAL_Driver/Src/stm32h7xx_hal_dma.d" -MT"Drivers/STM32H7xx_HAL_Driver/Src/stm32h7xx_hal_dma.o" --specs=nano.specs -mfpu=fpv5-d16 -mfloat-abi=hard -mthumb -o "Drivers/STM32H7xx_HAL_Driver/Src/stm32h7xx_hal_dma.o"
arm-none-eabi-gcc "../Drivers/STM32H7xx_HAL_Driver/Src/stm32h7xx_hal_dma_ex.c" -mcpu=cortex-m7 -std=gnu11 -g3 -DDEBUG -DUSE_HAL_DRIVER -DSTM32H7A3xxQ -c -I../Core/Inc -I"C:/Users/ajitp/OneDrive/Documents/Embedded_systems_courses/FREERTOS_COURSE/WORKSPACE/task_01/Third_party/FreeRTOS" -I"C:/Users/ajitp/OneDrive/Documents/Embedded_systems_courses/FREERTOS_COURSE/WORKSPACE/task_01/Third_party/FreeRTOS/include" -I"C:/Users/ajitp/OneDrive/Documents/Embedded_systems_courses/FREERTOS_COURSE/WORKSPACE/task_01/Third_party/FreeRTOS/portable/GCC/ARM_CM4F" -I../Drivers/STM32H7xx_HAL_Driver/Inc -I../Drivers/STM32H7xx_HAL_Driver/Inc/Legacy -I../Drivers/CMSIS/Device/ST/STM32H7xx/Include -I../Drivers/CMSIS/Include -O0 -ffunction-sections -fdata-sections -Wall -fstack-usage -MMD -MP -MF"Drivers/STM32H7xx_HAL_Driver/Src/stm32h7xx_hal_dma_ex.d" -MT"Drivers/STM32H7xx_HAL_Driver/Src/stm32h7xx_hal_dma_ex.o" --specs=nano.specs -mfpu=fpv5-d16 -mfloat-abi=hard -mthumb -o "Drivers/STM32H7xx_HAL_Driver/Src/stm32h7xx_hal_dma_ex.o"
arm-none-eabi-gcc "../Drivers/STM32H7xx_HAL_Driver/Src/stm32h7xx_hal_exti.c" -mcpu=cortex-m7 -std=gnu11 -g3 -DDEBUG -DUSE_HAL_DRIVER -DSTM32H7A3xxQ -c -I../Core/Inc -I"C:/Users/ajitp/OneDrive/Documents/Embedded_systems_courses/FREERTOS_COURSE/WORKSPACE/task_01/Third_party/FreeRTOS" -I"C:/Users/ajitp/OneDrive/Documents/Embedded_systems_courses/FREERTOS_COURSE/WORKSPACE/task_01/Third_party/FreeRTOS/include" -I"C:/Users/ajitp/OneDrive/Documents/Embedded_systems_courses/FREERTOS_COURSE/WORKSPACE/task_01/Third_party/FreeRTOS/portable/GCC/ARM_CM4F" -I../Drivers/STM32H7xx_HAL_Driver/Inc -I../Drivers/STM32H7xx_HAL_Driver/Inc/Legacy -I../Drivers/CMSIS/Device/ST/STM32H7xx/Include -I../Drivers/CMSIS/Include -O0 -ffunction-sections -fdata-sections -Wall -fstack-usage -MMD -MP -MF"Drivers/STM32H7xx_HAL_Driver/Src/stm32h7xx_hal_exti.d" -MT"Drivers/STM32H7xx_HAL_Driver/Src/stm32h7xx_hal_exti.o" --specs=nano.specs -mfpu=fpv5-d16 -mfloat-abi=hard -mthumb -o "Drivers/STM32H7xx_HAL_Driver/Src/stm32h7xx_hal_exti.o"
arm-none-eabi-gcc "../Drivers/STM32H7xx_HAL_Driver/Src/stm32h7xx_hal_flash.c" -mcpu=cortex-m7 -std=gnu11 -g3 -DDEBUG -DUSE_HAL_DRIVER -DSTM32H7A3xxQ -c -I../Core/Inc -I"C:/Users/ajitp/OneDrive/Documents/Embedded_systems_courses/FREERTOS_COURSE/WORKSPACE/task_01/Third_party/FreeRTOS" -I"C:/Users/ajitp/OneDrive/Documents/Embedded_systems_courses/FREERTOS_COURSE/WORKSPACE/task_01/Third_party/FreeRTOS/include" -I"C:/Users/ajitp/OneDrive/Documents/Embedded_systems_courses/FREERTOS_COURSE/WORKSPACE/task_01/Third_party/FreeRTOS/portable/GCC/ARM_CM4F" -I../Drivers/STM32H7xx_HAL_Driver/Inc -I../Drivers/STM32H7xx_HAL_Driver/Inc/Legacy -I../Drivers/CMSIS/Device/ST/STM32H7xx/Include -I../Drivers/CMSIS/Include -O0 -ffunction-sections -fdata-sections -Wall -fstack-usage -MMD -MP -MF"Drivers/STM32H7xx_HAL_Driver/Src/stm32h7xx_hal_flash.d" -MT"Drivers/STM32H7xx_HAL_Driver/Src/stm32h7xx_hal_flash.o" --specs=nano.specs -mfpu=fpv5-d16 -mfloat-abi=hard -mthumb -o "Drivers/STM32H7xx_HAL_Driver/Src/stm32h7xx_hal_flash.o"
arm-none-eabi-gcc "../Drivers/STM32H7xx_HAL_Driver/Src/stm32h7xx_hal_flash_ex.c" -mcpu=cortex-m7 -std=gnu11 -g3 -DDEBUG -DUSE_HAL_DRIVER -DSTM32H7A3xxQ -c -I../Core/Inc -I"C:/Users/ajitp/OneDrive/Documents/Embedded_systems_courses/FREERTOS_COURSE/WORKSPACE/task_01/Third_party/FreeRTOS" -I"C:/Users/ajitp/OneDrive/Documents/Embedded_systems_courses/FREERTOS_COURSE/WORKSPACE/task_01/Third_party/FreeRTOS/include" -I"C:/Users/ajitp/OneDrive/Documents/Embedded_systems_courses/FREERTOS_COURSE/WORKSPACE/task_01/Third_party/FreeRTOS/portable/GCC/ARM_CM4F" -I../Drivers/STM32H7xx_HAL_Driver/Inc -I../Drivers/STM32H7xx_HAL_Driver/Inc/Legacy -I../Drivers/CMSIS/Device/ST/STM32H7xx/Include -I../Drivers/CMSIS/Include -O0 -ffunction-sections -fdata-sections -Wall -fstack-usage -MMD -MP -MF"Drivers/STM32H7xx_HAL_Driver/Src/stm32h7xx_hal_flash_ex.d" -MT"Drivers/STM32H7xx_HAL_Driver/Src/stm32h7xx_hal_flash_ex.o" --specs=nano.specs -mfpu=fpv5-d16 -mfloat-abi=hard -mthumb -o "Drivers/STM32H7xx_HAL_Driver/Src/stm32h7xx_hal_flash_ex.o"
arm-none-eabi-gcc "../Drivers/STM32H7xx_HAL_Driver/Src/stm32h7xx_hal_gpio.c" -mcpu=cortex-m7 -std=gnu11 -g3 -DDEBUG -DUSE_HAL_DRIVER -DSTM32H7A3xxQ -c -I../Core/Inc -I"C:/Users/ajitp/OneDrive/Documents/Embedded_systems_courses/FREERTOS_COURSE/WORKSPACE/task_01/Third_party/FreeRTOS" -I"C:/Users/ajitp/OneDrive/Documents/Embedded_systems_courses/FREERTOS_COURSE/WORKSPACE/task_01/Third_party/FreeRTOS/include" -I"C:/Users/ajitp/OneDrive/Documents/Embedded_systems_courses/FREERTOS_COURSE/WORKSPACE/task_01/Third_party/FreeRTOS/portable/GCC/ARM_CM4F" -I../Drivers/STM32H7xx_HAL_Driver/Inc -I../Drivers/STM32H7xx_HAL_Driver/Inc/Legacy -I../Drivers/CMSIS/Device/ST/STM32H7xx/Include -I../Drivers/CMSIS/Include -O0 -ffunction-sections -fdata-sections -Wall -fstack-usage -MMD -MP -MF"Drivers/STM32H7xx_HAL_Driver/Src/stm32h7xx_hal_gpio.d" -MT"Drivers/STM32H7xx_HAL_Driver/Src/stm32h7xx_hal_gpio.o" --specs=nano.specs -mfpu=fpv5-d16 -mfloat-abi=hard -mthumb -o "Drivers/STM32H7xx_HAL_Driver/Src/stm32h7xx_hal_gpio.o"
arm-none-eabi-gcc "../Drivers/STM32H7xx_HAL_Driver/Src/stm32h7xx_hal_hsem.c" -mcpu=cortex-m7 -std=gnu11 -g3 -DDEBUG -DUSE_HAL_DRIVER -DSTM32H7A3xxQ -c -I../Core/Inc -I"C:/Users/ajitp/OneDrive/Documents/Embedded_systems_courses/FREERTOS_COURSE/WORKSPACE/task_01/Third_party/FreeRTOS" -I"C:/Users/ajitp/OneDrive/Documents/Embedded_systems_courses/FREERTOS_COURSE/WORKSPACE/task_01/Third_party/FreeRTOS/include" -I"C:/Users/ajitp/OneDrive/Documents/Embedded_systems_courses/FREERTOS_COURSE/WORKSPACE/task_01/Third_party/FreeRTOS/portable/GCC/ARM_CM4F" -I../Drivers/STM32H7xx_HAL_Driver/Inc -I../Drivers/STM32H7xx_HAL_Driver/Inc/Legacy -I../Drivers/CMSIS/Device/ST/STM32H7xx/Include -I../Drivers/CMSIS/Include -O0 -ffunction-sections -fdata-sections -Wall -fstack-usage -MMD -MP -MF"Drivers/STM32H7xx_HAL_Driver/Src/stm32h7xx_hal_hsem.d" -MT"Drivers/STM32H7xx_HAL_Driver/Src/stm32h7xx_hal_hsem.o" --specs=nano.specs -mfpu=fpv5-d16 -mfloat-abi=hard -mthumb -o "Drivers/STM32H7xx_HAL_Driver/Src/stm32h7xx_hal_hsem.o"
arm-none-eabi-gcc "../Drivers/STM32H7xx_HAL_Driver/Src/stm32h7xx_hal_i2c.c" -mcpu=cortex-m7 -std=gnu11 -g3 -DDEBUG -DUSE_HAL_DRIVER -DSTM32H7A3xxQ -c -I../Core/Inc -I"C:/Users/ajitp/OneDrive/Documents/Embedded_systems_courses/FREERTOS_COURSE/WORKSPACE/task_01/Third_party/FreeRTOS" -I"C:/Users/ajitp/OneDrive/Documents/Embedded_systems_courses/FREERTOS_COURSE/WORKSPACE/task_01/Third_party/FreeRTOS/include" -I"C:/Users/ajitp/OneDrive/Documents/Embedded_systems_courses/FREERTOS_COURSE/WORKSPACE/task_01/Third_party/FreeRTOS/portable/GCC/ARM_CM4F" -I../Drivers/STM32H7xx_HAL_Driver/Inc -I../Drivers/STM32H7xx_HAL_Driver/Inc/Legacy -I../Drivers/CMSIS/Device/ST/STM32H7xx/Include -I../Drivers/CMSIS/Include -O0 -ffunction-sections -fdata-sections -Wall -fstack-usage -MMD -MP -MF"Drivers/STM32H7xx_HAL_Driver/Src/stm32h7xx_hal_i2c.d" -MT"Drivers/STM32H7xx_HAL_Driver/Src/stm32h7xx_hal_i2c.o" --specs=nano.specs -mfpu=fpv5-d16 -mfloat-abi=hard -mthumb -o "Drivers/STM32H7xx_HAL_Driver/Src/stm32h7xx_hal_i2c.o"
arm-none-eabi-gcc "../Drivers/STM32H7xx_HAL_Driver/Src/stm32h7xx_hal_i2c_ex.c" -mcpu=cortex-m7 -std=gnu11 -g3 -DDEBUG -DUSE_HAL_DRIVER -DSTM32H7A3xxQ -c -I../Core/Inc -I"C:/Users/ajitp/OneDrive/Documents/Embedded_systems_courses/FREERTOS_COURSE/WORKSPACE/task_01/Third_party/FreeRTOS" -I"C:/Users/ajitp/OneDrive/Documents/Embedded_systems_courses/FREERTOS_COURSE/WORKSPACE/task_01/Third_party/FreeRTOS/include" -I"C:/Users/ajitp/OneDrive/Documents/Embedded_systems_courses/FREERTOS_COURSE/WORKSPACE/task_01/Third_party/FreeRTOS/portable/GCC/ARM_CM4F" -I../Drivers/STM32H7xx_HAL_Driver/Inc -I../Drivers/STM32H7xx_HAL_Driver/Inc/Legacy -I../Drivers/CMSIS/Device/ST/STM32H7xx/Include -I../Drivers/CMSIS/Include -O0 -ffunction-sections -fdata-sections -Wall -fstack-usage -MMD -MP -MF"Drivers/STM32H7xx_HAL_Driver/Src/stm32h7xx_hal_i2c_ex.d" -MT"Drivers/STM32H7xx_HAL_Driver/Src/stm32h7xx_hal_i2c_ex.o" --specs=nano.specs -mfpu=fpv5-d16 -mfloat-abi=hard -mthumb -o "Drivers/STM32H7xx_HAL_Driver/Src/stm32h7xx_hal_i2c_ex.o"
arm-none-eabi-gcc "../Drivers/STM32H7xx_HAL_Driver/Src/stm32h7xx_hal_mdma.c" -mcpu=cortex-m7 -std=gnu11 -g3 -DDEBUG -DUSE_HAL_DRIVER -DSTM32H7A3xxQ -c -I../Core/Inc -I"C:/Users/ajitp/OneDrive/Documents/Embedded_systems_courses/FREERTOS_COURSE/WORKSPACE/task_01/Third_party/FreeRTOS" -I"C:/Users/ajitp/OneDrive/Documents/Embedded_systems_courses/FREERTOS_COURSE/WORKSPACE/task_01/Third_party/FreeRTOS/include" -I"C:/Users/ajitp/OneDrive/Documents/Embedded_systems_courses/FREERTOS_COURSE/WORKSPACE/task_01/Third_party/FreeRTOS/portable/GCC/ARM_CM4F" -I../Drivers/STM32H7xx_HAL_Driver/Inc -I../Drivers/STM32H7xx_HAL_Driver/Inc/Legacy -I../Drivers/CMSIS/Device/ST/STM32H7xx/Include -I../Drivers/CMSIS/Include -O0 -ffunction-sections -fdata-sections -Wall -fstack-usage -MMD -MP -MF"Drivers/STM32H7xx_HAL_Driver/Src/stm32h7xx_hal_mdma.d" -MT"Drivers/STM32H7xx_HAL_Driver/Src/stm32h7xx_hal_mdma.o" --specs=nano.specs -mfpu=fpv5-d16 -mfloat-abi=hard -mthumb -o "Drivers/STM32H7xx_HAL_Driver/Src/stm32h7xx_hal_mdma.o"
arm-none-eabi-gcc "../Drivers/STM32H7xx_HAL_Driver/Src/stm32h7xx_hal_pwr.c" -mcpu=cortex-m7 -std=gnu11 -g3 -DDEBUG -DUSE_HAL_DRIVER -DSTM32H7A3xxQ -c -I../Core/Inc -I"C:/Users/ajitp/OneDrive/Documents/Embedded_systems_courses/FREERTOS_COURSE/WORKSPACE/task_01/Third_party/FreeRTOS" -I"C:/Users/ajitp/OneDrive/Documents/Embedded_systems_courses/FREERTOS_COURSE/WORKSPACE/task_01/Third_party/FreeRTOS/include" -I"C:/Users/ajitp/OneDrive/Documents/Embedded_systems_courses/FREERTOS_COURSE/WORKSPACE/task_01/Third_party/FreeRTOS/portable/GCC/ARM_CM4F" -I../Drivers/STM32H7xx_HAL_Driver/Inc -I../Drivers/STM32H7xx_HAL_Driver/Inc/Legacy -I../Drivers/CMSIS/Device/ST/STM32H7xx/Include -I../Drivers/CMSIS/Include -O0 -ffunction-sections -fdata-sections -Wall -fstack-usage -MMD -MP -MF"Drivers/STM32H7xx_HAL_Driver/Src/stm32h7xx_hal_pwr.d" -MT"Drivers/STM32H7xx_HAL_Driver/Src/stm32h7xx_hal_pwr.o" --specs=nano.specs -mfpu=fpv5-d16 -mfloat-abi=hard -mthumb -o "Drivers/STM32H7xx_HAL_Driver/Src/stm32h7xx_hal_pwr.o"
arm-none-eabi-gcc "../Drivers/STM32H7xx_HAL_Driver/Src/stm32h7xx_hal_pwr_ex.c" -mcpu=cortex-m7 -std=gnu11 -g3 -DDEBUG -DUSE_HAL_DRIVER -DSTM32H7A3xxQ -c -I../Core/Inc -I"C:/Users/ajitp/OneDrive/Documents/Embedded_systems_courses/FREERTOS_COURSE/WORKSPACE/task_01/Third_party/FreeRTOS" -I"C:/Users/ajitp/OneDrive/Documents/Embedded_systems_courses/FREERTOS_COURSE/WORKSPACE/task_01/Third_party/FreeRTOS/include" -I"C:/Users/ajitp/OneDrive/Documents/Embedded_systems_courses/FREERTOS_COURSE/WORKSPACE/task_01/Third_party/FreeRTOS/portable/GCC/ARM_CM4F" -I../Drivers/STM32H7xx_HAL_Driver/Inc -I../Drivers/STM32H7xx_HAL_Driver/Inc/Legacy -I../Drivers/CMSIS/Device/ST/STM32H7xx/Include -I../Drivers/CMSIS/Include -O0 -ffunction-sections -fdata-sections -Wall -fstack-usage -MMD -MP -MF"Drivers/STM32H7xx_HAL_Driver/Src/stm32h7xx_hal_pwr_ex.d" -MT"Drivers/STM32H7xx_HAL_Driver/Src/stm32h7xx_hal_pwr_ex.o" --specs=nano.specs -mfpu=fpv5-d16 -mfloat-abi=hard -mthumb -o "Drivers/STM32H7xx_HAL_Driver/Src/stm32h7xx_hal_pwr_ex.o"
arm-none-eabi-gcc "../Drivers/STM32H7xx_HAL_Driver/Src/stm32h7xx_hal_rcc.c" -mcpu=cortex-m7 -std=gnu11 -g3 -DDEBUG -DUSE_HAL_DRIVER -DSTM32H7A3xxQ -c -I../Core/Inc -I"C:/Users/ajitp/OneDrive/Documents/Embedded_systems_courses/FREERTOS_COURSE/WORKSPACE/task_01/Third_party/FreeRTOS" -I"C:/Users/ajitp/OneDrive/Documents/Embedded_systems_courses/FREERTOS_COURSE/WORKSPACE/task_01/Third_party/FreeRTOS/include" -I"C:/Users/ajitp/OneDrive/Documents/Embedded_systems_courses/FREERTOS_COURSE/WORKSPACE/task_01/Third_party/FreeRTOS/portable/GCC/ARM_CM4F" -I../Drivers/STM32H7xx_HAL_Driver/Inc -I../Drivers/STM32H7xx_HAL_Driver/Inc/Legacy -I../Drivers/CMSIS/Device/ST/STM32H7xx/Include -I../Drivers/CMSIS/Include -O0 -ffunction-sections -fdata-sections -Wall -fstack-usage -MMD -MP -MF"Drivers/STM32H7xx_HAL_Driver/Src/stm32h7xx_hal_rcc.d" -MT"Drivers/STM32H7xx_HAL_Driver/Src/stm32h7xx_hal_rcc.o" --specs=nano.specs -mfpu=fpv5-d16 -mfloat-abi=hard -mthumb -o "Drivers/STM32H7xx_HAL_Driver/Src/stm32h7xx_hal_rcc.o"
arm-none-eabi-gcc "../Drivers/STM32H7xx_HAL_Driver/Src/stm32h7xx_hal_rcc_ex.c" -mcpu=cortex-m7 -std=gnu11 -g3 -DDEBUG -DUSE_HAL_DRIVER -DSTM32H7A3xxQ -c -I../Core/Inc -I"C:/Users/ajitp/OneDrive/Documents/Embedded_systems_courses/FREERTOS_COURSE/WORKSPACE/task_01/Third_party/FreeRTOS" -I"C:/Users/ajitp/OneDrive/Documents/Embedded_systems_courses/FREERTOS_COURSE/WORKSPACE/task_01/Third_party/FreeRTOS/include" -I"C:/Users/ajitp/OneDrive/Documents/Embedded_systems_courses/FREERTOS_COURSE/WORKSPACE/task_01/Third_party/FreeRTOS/portable/GCC/ARM_CM4F" -I../Drivers/STM32H7xx_HAL_Driver/Inc -I../Drivers/STM32H7xx_HAL_Driver/Inc/Legacy -I../Drivers/CMSIS/Device/ST/STM32H7xx/Include -I../Drivers/CMSIS/Include -O0 -ffunction-sections -fdata-sections -Wall -fstack-usage -MMD -MP -MF"Drivers/STM32H7xx_HAL_Driver/Src/stm32h7xx_hal_rcc_ex.d" -MT"Drivers/STM32H7xx_HAL_Driver/Src/stm32h7xx_hal_rcc_ex.o" --specs=nano.specs -mfpu=fpv5-d16 -mfloat-abi=hard -mthumb -o "Drivers/STM32H7xx_HAL_Driver/Src/stm32h7xx_hal_rcc_ex.o"
arm-none-eabi-gcc "../Drivers/STM32H7xx_HAL_Driver/Src/stm32h7xx_hal_tim.c" -mcpu=cortex-m7 -std=gnu11 -g3 -DDEBUG -DUSE_HAL_DRIVER -DSTM32H7A3xxQ -c -I../Core/Inc -I"C:/Users/ajitp/OneDrive/Documents/Embedded_systems_courses/FREERTOS_COURSE/WORKSPACE/task_01/Third_party/FreeRTOS" -I"C:/Users/ajitp/OneDrive/Documents/Embedded_systems_courses/FREERTOS_COURSE/WORKSPACE/task_01/Third_party/FreeRTOS/include" -I"C:/Users/ajitp/OneDrive/Documents/Embedded_systems_courses/FREERTOS_COURSE/WORKSPACE/task_01/Third_party/FreeRTOS/portable/GCC/ARM_CM4F" -I../Drivers/STM32H7xx_HAL_Driver/Inc -I../Drivers/STM32H7xx_HAL_Driver/Inc/Legacy -I../Drivers/CMSIS/Device/ST/STM32H7xx/Include -I../Drivers/CMSIS/Include -O0 -ffunction-sections -fdata-sections -Wall -fstack-usage -MMD -MP -MF"Drivers/STM32H7xx_HAL_Driver/Src/stm32h7xx_hal_tim.d" -MT"Drivers/STM32H7xx_HAL_Driver/Src/stm32h7xx_hal_tim.o" --specs=nano.specs -mfpu=fpv5-d16 -mfloat-abi=hard -mthumb -o "Drivers/STM32H7xx_HAL_Driver/Src/stm32h7xx_hal_tim.o"
arm-none-eabi-gcc "../Drivers/STM32H7xx_HAL_Driver/Src/stm32h7xx_hal_tim_ex.c" -mcpu=cortex-m7 -std=gnu11 -g3 -DDEBUG -DUSE_HAL_DRIVER -DSTM32H7A3xxQ -c -I../Core/Inc -I"C:/Users/ajitp/OneDrive/Documents/Embedded_systems_courses/FREERTOS_COURSE/WORKSPACE/task_01/Third_party/FreeRTOS" -I"C:/Users/ajitp/OneDrive/Documents/Embedded_systems_courses/FREERTOS_COURSE/WORKSPACE/task_01/Third_party/FreeRTOS/include" -I"C:/Users/ajitp/OneDrive/Documents/Embedded_systems_courses/FREERTOS_COURSE/WORKSPACE/task_01/Third_party/FreeRTOS/portable/GCC/ARM_CM4F" -I../Drivers/STM32H7xx_HAL_Driver/Inc -I../Drivers/STM32H7xx_HAL_Driver/Inc/Legacy -I../Drivers/CMSIS/Device/ST/STM32H7xx/Include -I../Drivers/CMSIS/Include -O0 -ffunction-sections -fdata-sections -Wall -fstack-usage -MMD -MP -MF"Drivers/STM32H7xx_HAL_Driver/Src/stm32h7xx_hal_tim_ex.d" -MT"Drivers/STM32H7xx_HAL_Driver/Src/stm32h7xx_hal_tim_ex.o" --specs=nano.specs -mfpu=fpv5-d16 -mfloat-abi=hard -mthumb -o "Drivers/STM32H7xx_HAL_Driver/Src/stm32h7xx_hal_tim_ex.o"
arm-none-eabi-gcc "../Drivers/STM32H7xx_HAL_Driver/Src/stm32h7xx_hal_uart.c" -mcpu=cortex-m7 -std=gnu11 -g3 -DDEBUG -DUSE_HAL_DRIVER -DSTM32H7A3xxQ -c -I../Core/Inc -I"C:/Users/ajitp/OneDrive/Documents/Embedded_systems_courses/FREERTOS_COURSE/WORKSPACE/task_01/Third_party/FreeRTOS" -I"C:/Users/ajitp/OneDrive/Documents/Embedded_systems_courses/FREERTOS_COURSE/WORKSPACE/task_01/Third_party/FreeRTOS/include" -I"C:/Users/ajitp/OneDrive/Documents/Embedded_systems_courses/FREERTOS_COURSE/WORKSPACE/task_01/Third_party/FreeRTOS/portable/GCC/ARM_CM4F" -I../Drivers/STM32H7xx_HAL_Driver/Inc -I../Drivers/STM32H7xx_HAL_Driver/Inc/Legacy -I../Drivers/CMSIS/Device/ST/STM32H7xx/Include -I../Drivers/CMSIS/Include -O0 -ffunction-sections -fdata-sections -Wall -fstack-usage -MMD -MP -MF"Drivers/STM32H7xx_HAL_Driver/Src/stm32h7xx_hal_uart.d" -MT"Drivers/STM32H7xx_HAL_Driver/Src/stm32h7xx_hal_uart.o" --specs=nano.specs -mfpu=fpv5-d16 -mfloat-abi=hard -mthumb -o "Drivers/STM32H7xx_HAL_Driver/Src/stm32h7xx_hal_uart.o"
arm-none-eabi-gcc "../Drivers/STM32H7xx_HAL_Driver/Src/stm32h7xx_hal_uart_ex.c" -mcpu=cortex-m7 -std=gnu11 -g3 -DDEBUG -DUSE_HAL_DRIVER -DSTM32H7A3xxQ -c -I../Core/Inc -I"C:/Users/ajitp/OneDrive/Documents/Embedded_systems_courses/FREERTOS_COURSE/WORKSPACE/task_01/Third_party/FreeRTOS" -I"C:/Users/ajitp/OneDrive/Documents/Embedded_systems_courses/FREERTOS_COURSE/WORKSPACE/task_01/Third_party/FreeRTOS/include" -I"C:/Users/ajitp/OneDrive/Documents/Embedded_systems_courses/FREERTOS_COURSE/WORKSPACE/task_01/Third_party/FreeRTOS/portable/GCC/ARM_CM4F" -I../Drivers/STM32H7xx_HAL_Driver/Inc -I../Drivers/STM32H7xx_HAL_Driver/Inc/Legacy -I../Drivers/CMSIS/Device/ST/STM32H7xx/Include -I../Drivers/CMSIS/Include -O0 -ffunction-sections -fdata-sections -Wall -fstack-usage -MMD -MP -MF"Drivers/STM32H7xx_HAL_Driver/Src/stm32h7xx_hal_uart_ex.d" -MT"Drivers/STM32H7xx_HAL_Driver/Src/stm32h7xx_hal_uart_ex.o" --specs=nano.specs -mfpu=fpv5-d16 -mfloat-abi=hard -mthumb -o "Drivers/STM32H7xx_HAL_Driver/Src/stm32h7xx_hal_uart_ex.o"
arm-none-eabi-gcc -mcpu=cortex-m7 -g3 -DDEBUG -c -x assembler-with-cpp -MMD -MP -MF"Core/Startup/startup_stm32h7a3zitxq.d" -MT"Core/Startup/startup_stm32h7a3zitxq.o" --specs=nano.specs -mfpu=fpv5-d16 -mfloat-abi=hard -mthumb -o "Core/Startup/startup_stm32h7a3zitxq.o" "../Core/Startup/startup_stm32h7a3zitxq.s"
arm-none-eabi-gcc "../Core/Src/main.c" -mcpu=cortex-m7 -std=gnu11 -g3 -DDEBUG -DUSE_HAL_DRIVER -DSTM32H7A3xxQ -c -I../Core/Inc -I"C:/Users/ajitp/OneDrive/Documents/Embedded_systems_courses/FREERTOS_COURSE/WORKSPACE/task_01/Third_party/FreeRTOS" -I"C:/Users/ajitp/OneDrive/Documents/Embedded_systems_courses/FREERTOS_COURSE/WORKSPACE/task_01/Third_party/FreeRTOS/include" -I"C:/Users/ajitp/OneDrive/Documents/Embedded_systems_courses/FREERTOS_COURSE/WORKSPACE/task_01/Third_party/FreeRTOS/portable/GCC/ARM_CM4F" -I../Drivers/STM32H7xx_HAL_Driver/Inc -I../Drivers/STM32H7xx_HAL_Driver/Inc/Legacy -I../Drivers/CMSIS/Device/ST/STM32H7xx/Include -I../Drivers/CMSIS/Include -O0 -ffunction-sections -fdata-sections -Wall -fstack-usage -MMD -MP -MF"Core/Src/main.d" -MT"Core/Src/main.o" --specs=nano.specs -mfpu=fpv5-d16 -mfloat-abi=hard -mthumb -o "Core/Src/main.o"
arm-none-eabi-gcc "../Core/Src/stm32h7xx_hal_msp.c" -mcpu=cortex-m7 -std=gnu11 -g3 -DDEBUG -DUSE_HAL_DRIVER -DSTM32H7A3xxQ -c -I../Core/Inc -I"C:/Users/ajitp/OneDrive/Documents/Embedded_systems_courses/FREERTOS_COURSE/WORKSPACE/task_01/Third_party/FreeRTOS" -I"C:/Users/ajitp/OneDrive/Documents/Embedded_systems_courses/FREERTOS_COURSE/WORKSPACE/task_01/Third_party/FreeRTOS/include" -I"C:/Users/ajitp/OneDrive/Documents/Embedded_systems_courses/FREERTOS_COURSE/WORKSPACE/task_01/Third_party/FreeRTOS/portable/GCC/ARM_CM4F" -I../Drivers/STM32H7xx_HAL_Driver/Inc -I../Drivers/STM32H7xx_HAL_Driver/Inc/Legacy -I../Drivers/CMSIS/Device/ST/STM32H7xx/Include -I../Drivers/CMSIS/Include -O0 -ffunction-sections -fdata-sections -Wall -fstack-usage -MMD -MP -MF"Core/Src/stm32h7xx_hal_msp.d" -MT"Core/Src/stm32h7xx_hal_msp.o" --specs=nano.specs -mfpu=fpv5-d16 -mfloat-abi=hard -mthumb -o "Core/Src/stm32h7xx_hal_msp.o"
arm-none-eabi-gcc "../Core/Src/stm32h7xx_hal_timebase_tim.c" -mcpu=cortex-m7 -std=gnu11 -g3 -DDEBUG -DUSE_HAL_DRIVER -DSTM32H7A3xxQ -c -I../Core/Inc -I"C:/Users/ajitp/OneDrive/Documents/Embedded_systems_courses/FREERTOS_COURSE/WORKSPACE/task_01/Third_party/FreeRTOS" -I"C:/Users/ajitp/OneDrive/Documents/Embedded_systems_courses/FREERTOS_COURSE/WORKSPACE/task_01/Third_party/FreeRTOS/include" -I"C:/Users/ajitp/OneDrive/Documents/Embedded_systems_courses/FREERTOS_COURSE/WORKSPACE/task_01/Third_party/FreeRTOS/portable/GCC/ARM_CM4F" -I../Drivers/STM32H7xx_HAL_Driver/Inc -I../Drivers/STM32H7xx_HAL_Driver/Inc/Legacy -I../Drivers/CMSIS/Device/ST/STM32H7xx/Include -I../Drivers/CMSIS/Include -O0 -ffunction-sections -fdata-sections -Wall -fstack-usage -MMD -MP -MF"Core/Src/stm32h7xx_hal_timebase_tim.d" -MT"Core/Src/stm32h7xx_hal_timebase_tim.o" --specs=nano.specs -mfpu=fpv5-d16 -mfloat-abi=hard -mthumb -o "Core/Src/stm32h7xx_hal_timebase_tim.o"
arm-none-eabi-gcc "../Core/Src/stm32h7xx_it.c" -mcpu=cortex-m7 -std=gnu11 -g3 -DDEBUG -DUSE_HAL_DRIVER -DSTM32H7A3xxQ -c -I../Core/Inc -I"C:/Users/ajitp/OneDrive/Documents/Embedded_systems_courses/FREERTOS_COURSE/WORKSPACE/task_01/Third_party/FreeRTOS" -I"C:/Users/ajitp/OneDrive/Documents/Embedded_systems_courses/FREERTOS_COURSE/WORKSPACE/task_01/Third_party/FreeRTOS/include" -I"C:/Users/ajitp/OneDrive/Documents/Embedded_systems_courses/FREERTOS_COURSE/WORKSPACE/task_01/Third_party/FreeRTOS/portable/GCC/ARM_CM4F" -I../Drivers/STM32H7xx_HAL_Driver/Inc -I../Drivers/STM32H7xx_HAL_Driver/Inc/Legacy -I../Drivers/CMSIS/Device/ST/STM32H7xx/Include -I../Drivers/CMSIS/Include -O0 -ffunction-sections -fdata-sections -Wall -fstack-usage -MMD -MP -MF"Core/Src/stm32h7xx_it.d" -MT"Core/Src/stm32h7xx_it.o" --specs=nano.specs -mfpu=fpv5-d16 -mfloat-abi=hard -mthumb -o "Core/Src/stm32h7xx_it.o"
arm-none-eabi-gcc "../Core/Src/syscalls.c" -mcpu=cortex-m7 -std=gnu11 -g3 -DDEBUG -DUSE_HAL_DRIVER -DSTM32H7A3xxQ -c -I../Core/Inc -I"C:/Users/ajitp/OneDrive/Documents/Embedded_systems_courses/FREERTOS_COURSE/WORKSPACE/task_01/Third_party/FreeRTOS" -I"C:/Users/ajitp/OneDrive/Documents/Embedded_systems_courses/FREERTOS_COURSE/WORKSPACE/task_01/Third_party/FreeRTOS/include" -I"C:/Users/ajitp/OneDrive/Documents/Embedded_systems_courses/FREERTOS_COURSE/WORKSPACE/task_01/Third_party/FreeRTOS/portable/GCC/ARM_CM4F" -I../Drivers/STM32H7xx_HAL_Driver/Inc -I../Drivers/STM32H7xx_HAL_Driver/Inc/Legacy -I../Drivers/CMSIS/Device/ST/STM32H7xx/Include -I../Drivers/CMSIS/Include -O0 -ffunction-sections -fdata-sections -Wall -fstack-usage -MMD -MP -MF"Core/Src/syscalls.d" -MT"Core/Src/syscalls.o" --specs=nano.specs -mfpu=fpv5-d16 -mfloat-abi=hard -mthumb -o "Core/Src/syscalls.o"
arm-none-eabi-gcc "../Core/Src/system_stm32h7xx.c" -mcpu=cortex-m7 -std=gnu11 -g3 -DDEBUG -DUSE_HAL_DRIVER -DSTM32H7A3xxQ -c -I../Core/Inc -I"C:/Users/ajitp/OneDrive/Documents/Embedded_systems_courses/FREERTOS_COURSE/WORKSPACE/task_01/Third_party/FreeRTOS" -I"C:/Users/ajitp/OneDrive/Documents/Embedded_systems_courses/FREERTOS_COURSE/WORKSPACE/task_01/Third_party/FreeRTOS/include" -I"C:/Users/ajitp/OneDrive/Documents/Embedded_systems_courses/FREERTOS_COURSE/WORKSPACE/task_01/Third_party/FreeRTOS/portable/GCC/ARM_CM4F" -I../Drivers/STM32H7xx_HAL_Driver/Inc -I../Drivers/STM32H7xx_HAL_Driver/Inc/Legacy -I../Drivers/CMSIS/Device/ST/STM32H7xx/Include -I../Drivers/CMSIS/Include -O0 -ffunction-sections -fdata-sections -Wall -fstack-usage -MMD -MP -MF"Core/Src/system_stm32h7xx.d" -MT"Core/Src/system_stm32h7xx.o" --specs=nano.specs -mfpu=fpv5-d16 -mfloat-abi=hard -mthumb -o "Core/Src/system_stm32h7xx.o"
../Core/Src/main.c: In function 'main':
../Core/Src/main.c:71:2: error: unknown type name 'TaskHandle_t'; did you mean 'xTaskHandle'?
   71 |  TaskHandle_t task1_handle;
      |  ^~~~~~~~~~~~
      |  xTaskHandle
../Core/Src/main.c:72:2: error: unknown type name 'TaskHandle_t'; did you mean 'xTaskHandle'?
   72 |  TaskHandle_t task2_handle;
      |  ^~~~~~~~~~~~
      |  xTaskHandle
../Core/Src/main.c:99:12: warning: implicit declaration of function 'xTaskCreate' [-Wimplicit-function-declaration]
   99 |   status = xTaskCreate(task1_handler, "Task-1", 200, "Hello world from Task-1", 2, &task1_handle);
      |            ^~~~~~~~~~~
In file included from C:/Users/ajitp/OneDrive/Documents/Embedded_systems_courses/FREERTOS_COURSE/WORKSPACE/task_01/Third_party/FreeRTOS/include/FreeRTOS.h:59,
                 from ../Core/Src/main.c:24:
C:/Users/ajitp/OneDrive/Documents/Embedded_systems_courses/FREERTOS_COURSE/WORKSPACE/task_01/Third_party/FreeRTOS/FreeRTOSConfig.h:122:53: warning: implicit declaration of function 'taskDISABLE_INTERRUPTS'; did you mean 'portDISABLE_INTERRUPTS'? [-Wimplicit-function-declaration]
  122 | #define configASSERT( x )       if ( ( x ) == 0 ) { taskDISABLE_INTERRUPTS(); for( ;; ); }
      |                                                     ^~~~~~~~~~~~~~~~~~~~~~
../Core/Src/main.c:101:3: note: in expansion of macro 'configASSERT'
  101 |   configASSERT(status == pdPASS);
      |   ^~~~~~~~~~~~
make: *** [Core/Src/subdir.mk:34: Core/Src/main.o] Error 1
make: *** Waiting for unfinished jobs....
"make -j16 all" terminated with exit code 2. Build might be incomplete.
10:53:20 **** Incremental Build of configuration Debug for project task_01 ****
make -j16 all 
arm-none-eabi-gcc "../Core/Src/main.c" -mcpu=cortex-m7 -std=gnu11 -g3 -DDEBUG -DUSE_HAL_DRIVER -DSTM32H7A3xxQ -c -I../Core/Inc -I"C:/Users/ajitp/OneDrive/Documents/Embedded_systems_courses/FREERTOS_COURSE/WORKSPACE/task_01/Third_party/FreeRTOS" -I"C:/Users/ajitp/OneDrive/Documents/Embedded_systems_courses/FREERTOS_COURSE/WORKSPACE/task_01/Third_party/FreeRTOS/include" -I"C:/Users/ajitp/OneDrive/Documents/Embedded_systems_courses/FREERTOS_COURSE/WORKSPACE/task_01/Third_party/FreeRTOS/portable/GCC/ARM_CM4F" -I../Drivers/STM32H7xx_HAL_Driver/Inc -I../Drivers/STM32H7xx_HAL_Driver/Inc/Legacy -I../Drivers/CMSIS/Device/ST/STM32H7xx/Include -I../Drivers/CMSIS/Include -O0 -ffunction-sections -fdata-sections -Wall -fstack-usage -MMD -MP -MF"Core/Src/main.d" -MT"Core/Src/main.o" --specs=nano.specs -mfpu=fpv5-d16 -mfloat-abi=hard -mthumb -o "Core/Src/main.o"
arm-none-eabi-gcc -o "task_01.elf" @"objects.list"   -mcpu=cortex-m7 -T"C:\Users\ajitp\OneDrive\Documents\Embedded_systems_courses\FREERTOS_COURSE\WORKSPACE\task_01\STM32H7A3ZITXQ_FLASH.ld" --specs=nosys.specs -Wl,-Map="task_01.map" -Wl,--gc-sections -static --specs=nano.specs -mfpu=fpv5-d16 -mfloat-abi=hard -mthumb -Wl,--start-group -lc -lm -Wl,--end-group
Finished building target: task_01.elf
 
arm-none-eabi-size   task_01.elf 
arm-none-eabi-objdump -h -S  task_01.elf  > "task_01.list"
   text	   data	    bss	    dec	    hex	filename
  27072	     28	  18452	  45552	   b1f0	task_01.elf
Finished building: default.size.stdout
 
Finished building: task_01.list
 
10:53:31 **** Incremental Build of configuration Debug for project task_01 ****
make -j16 all 
arm-none-eabi-size   task_01.elf 
   text	   data	    bss	    dec	    hex	filename
  27072	     28	  18452	  45552	   b1f0	task_01.elf
Finished building: default.size.stdout
 
10:53:57 **** Incremental Build of configuration Debug for project task_01 ****
make -j16 all 
arm-none-eabi-size   task_01.elf 
   text	   data	    bss	    dec	    hex	filename
  27072	     28	  18452	  45552	   b1f0	task_01.elf
Finished building: default.size.stdout
 
10:59:22 **** Incremental Build of configuration Debug for project task_01 ****
make -j16 all 
arm-none-eabi-gcc "../Core/Src/main.c" -mcpu=cortex-m7 -std=gnu11 -g3 -DDEBUG -DUSE_HAL_DRIVER -DSTM32H7A3xxQ -c -I../Core/Inc -I"C:/Users/ajitp/OneDrive/Documents/Embedded_systems_courses/FREERTOS_COURSE/WORKSPACE/task_01/Third_party/FreeRTOS" -I"C:/Users/ajitp/OneDrive/Documents/Embedded_systems_courses/FREERTOS_COURSE/WORKSPACE/task_01/Third_party/FreeRTOS/include" -I"C:/Users/ajitp/OneDrive/Documents/Embedded_systems_courses/FREERTOS_COURSE/WORKSPACE/task_01/Third_party/FreeRTOS/portable/GCC/ARM_CM4F" -I../Drivers/STM32H7xx_HAL_Driver/Inc -I../Drivers/STM32H7xx_HAL_Driver/Inc/Legacy -I../Drivers/CMSIS/Device/ST/STM32H7xx/Include -I../Drivers/CMSIS/Include -O0 -ffunction-sections -fdata-sections -Wall -fstack-usage -MMD -MP -MF"Core/Src/main.d" -MT"Core/Src/main.o" --specs=nano.specs -mfpu=fpv5-d16 -mfloat-abi=hard -mthumb -o "Core/Src/main.o"
../Core/Src/main.c: In function 'task1_handler':
../Core/Src/main.c:346:3: warning: implicit declaration of function 'printf' [-Wimplicit-function-declaration]
  346 |   printf("%s\n",(char*)parameters);
      |   ^~~~~~
../Core/Src/main.c:346:3: warning: incompatible implicit declaration of built-in function 'printf'
../Core/Src/main.c:26:1: note: include '<stdio.h>' or provide a declaration of 'printf'
   25 | #include <task.h>
  +++ |+#include <stdio.h>
   26 | /* USER CODE END Includes */
../Core/Src/main.c: In function 'task2_handler':
../Core/Src/main.c:352:3: warning: incompatible implicit declaration of built-in function 'printf'
  352 |   printf("%s\n",(char *)parameters)
      |   ^~~~~~
../Core/Src/main.c:352:3: note: include '<stdio.h>' or provide a declaration of 'printf'
arm-none-eabi-gcc -o "task_01.elf" @"objects.list"   -mcpu=cortex-m7 -T"C:\Users\ajitp\OneDrive\Documents\Embedded_systems_courses\FREERTOS_COURSE\WORKSPACE\task_01\STM32H7A3ZITXQ_FLASH.ld" --specs=nosys.specs -Wl,-Map="task_01.map" -Wl,--gc-sections -static --specs=nano.specs -mfpu=fpv5-d16 -mfloat-abi=hard -mthumb -Wl,--start-group -lc -lm -Wl,--end-group
c:\st\stm32cubeide_1.11.0\stm32cubeide\plugins\com.st.stm32cube.ide.mcu.externaltools.gnu-tools-for-stm32.10.3-2021.10.win32_1.0.100.202210260954\tools\arm-none-eabi\bin\ld.exe: ./Third_party/FreeRTOS/tasks.o: in function `vTaskStartScheduler':
C:/Users/ajitp/OneDrive/Documents/Embedded_systems_courses/FREERTOS_COURSE/WORKSPACE/task_01/Debug/../Third_party/FreeRTOS/tasks.c:1967: undefined reference to `vApplicationGetIdleTaskMemory'
c:\st\stm32cubeide_1.11.0\stm32cubeide\plugins\com.st.stm32cube.ide.mcu.externaltools.gnu-tools-for-stm32.10.3-2021.10.win32_1.0.100.202210260954\tools\arm-none-eabi\bin\ld.exe: ./Third_party/FreeRTOS/timers.o: in function `xTimerCreateTimerTask':
C:/Users/ajitp/OneDrive/Documents/Embedded_systems_courses/FREERTOS_COURSE/WORKSPACE/task_01/Debug/../Third_party/FreeRTOS/timers.c:251: undefined reference to `vApplicationGetTimerTaskMemory'
collect2.exe: error: ld returned 1 exit status
make: *** [makefile:67: task_01.elf] Error 1
"make -j16 all" terminated with exit code 2. Build might be incomplete.
11:10:04 **** Incremental Build of configuration Debug for project task_01 ****
make -j16 all 
arm-none-eabi-gcc "../Third_party/FreeRTOS/portable/MemMang/heap_4.c" -mcpu=cortex-m7 -std=gnu11 -g3 -DDEBUG -DUSE_HAL_DRIVER -DSTM32H7A3xxQ -c -I../Core/Inc -I"C:/Users/ajitp/OneDrive/Documents/Embedded_systems_courses/FREERTOS_COURSE/WORKSPACE/task_01/Third_party/FreeRTOS" -I"C:/Users/ajitp/OneDrive/Documents/Embedded_systems_courses/FREERTOS_COURSE/WORKSPACE/task_01/Third_party/FreeRTOS/include" -I"C:/Users/ajitp/OneDrive/Documents/Embedded_systems_courses/FREERTOS_COURSE/WORKSPACE/task_01/Third_party/FreeRTOS/portable/GCC/ARM_CM4F" -I../Drivers/STM32H7xx_HAL_Driver/Inc -I../Drivers/STM32H7xx_HAL_Driver/Inc/Legacy -I../Drivers/CMSIS/Device/ST/STM32H7xx/Include -I../Drivers/CMSIS/Include -O0 -ffunction-sections -fdata-sections -Wall -fstack-usage -MMD -MP -MF"Third_party/FreeRTOS/portable/MemMang/heap_4.d" -MT"Third_party/FreeRTOS/portable/MemMang/heap_4.o" --specs=nano.specs -mfpu=fpv5-d16 -mfloat-abi=hard -mthumb -o "Third_party/FreeRTOS/portable/MemMang/heap_4.o"
arm-none-eabi-gcc "../Third_party/FreeRTOS/portable/GCC/ARM_CM4F/port.c" -mcpu=cortex-m7 -std=gnu11 -g3 -DDEBUG -DUSE_HAL_DRIVER -DSTM32H7A3xxQ -c -I../Core/Inc -I"C:/Users/ajitp/OneDrive/Documents/Embedded_systems_courses/FREERTOS_COURSE/WORKSPACE/task_01/Third_party/FreeRTOS" -I"C:/Users/ajitp/OneDrive/Documents/Embedded_systems_courses/FREERTOS_COURSE/WORKSPACE/task_01/Third_party/FreeRTOS/include" -I"C:/Users/ajitp/OneDrive/Documents/Embedded_systems_courses/FREERTOS_COURSE/WORKSPACE/task_01/Third_party/FreeRTOS/portable/GCC/ARM_CM4F" -I../Drivers/STM32H7xx_HAL_Driver/Inc -I../Drivers/STM32H7xx_HAL_Driver/Inc/Legacy -I../Drivers/CMSIS/Device/ST/STM32H7xx/Include -I../Drivers/CMSIS/Include -O0 -ffunction-sections -fdata-sections -Wall -fstack-usage -MMD -MP -MF"Third_party/FreeRTOS/portable/GCC/ARM_CM4F/port.d" -MT"Third_party/FreeRTOS/portable/GCC/ARM_CM4F/port.o" --specs=nano.specs -mfpu=fpv5-d16 -mfloat-abi=hard -mthumb -o "Third_party/FreeRTOS/portable/GCC/ARM_CM4F/port.o"
arm-none-eabi-gcc "../Third_party/FreeRTOS/croutine.c" -mcpu=cortex-m7 -std=gnu11 -g3 -DDEBUG -DUSE_HAL_DRIVER -DSTM32H7A3xxQ -c -I../Core/Inc -I"C:/Users/ajitp/OneDrive/Documents/Embedded_systems_courses/FREERTOS_COURSE/WORKSPACE/task_01/Third_party/FreeRTOS" -I"C:/Users/ajitp/OneDrive/Documents/Embedded_systems_courses/FREERTOS_COURSE/WORKSPACE/task_01/Third_party/FreeRTOS/include" -I"C:/Users/ajitp/OneDrive/Documents/Embedded_systems_courses/FREERTOS_COURSE/WORKSPACE/task_01/Third_party/FreeRTOS/portable/GCC/ARM_CM4F" -I../Drivers/STM32H7xx_HAL_Driver/Inc -I../Drivers/STM32H7xx_HAL_Driver/Inc/Legacy -I../Drivers/CMSIS/Device/ST/STM32H7xx/Include -I../Drivers/CMSIS/Include -O0 -ffunction-sections -fdata-sections -Wall -fstack-usage -MMD -MP -MF"Third_party/FreeRTOS/croutine.d" -MT"Third_party/FreeRTOS/croutine.o" --specs=nano.specs -mfpu=fpv5-d16 -mfloat-abi=hard -mthumb -o "Third_party/FreeRTOS/croutine.o"
arm-none-eabi-gcc "../Third_party/FreeRTOS/event_groups.c" -mcpu=cortex-m7 -std=gnu11 -g3 -DDEBUG -DUSE_HAL_DRIVER -DSTM32H7A3xxQ -c -I../Core/Inc -I"C:/Users/ajitp/OneDrive/Documents/Embedded_systems_courses/FREERTOS_COURSE/WORKSPACE/task_01/Third_party/FreeRTOS" -I"C:/Users/ajitp/OneDrive/Documents/Embedded_systems_courses/FREERTOS_COURSE/WORKSPACE/task_01/Third_party/FreeRTOS/include" -I"C:/Users/ajitp/OneDrive/Documents/Embedded_systems_courses/FREERTOS_COURSE/WORKSPACE/task_01/Third_party/FreeRTOS/portable/GCC/ARM_CM4F" -I../Drivers/STM32H7xx_HAL_Driver/Inc -I../Drivers/STM32H7xx_HAL_Driver/Inc/Legacy -I../Drivers/CMSIS/Device/ST/STM32H7xx/Include -I../Drivers/CMSIS/Include -O0 -ffunction-sections -fdata-sections -Wall -fstack-usage -MMD -MP -MF"Third_party/FreeRTOS/event_groups.d" -MT"Third_party/FreeRTOS/event_groups.o" --specs=nano.specs -mfpu=fpv5-d16 -mfloat-abi=hard -mthumb -o "Third_party/FreeRTOS/event_groups.o"
arm-none-eabi-gcc "../Third_party/FreeRTOS/list.c" -mcpu=cortex-m7 -std=gnu11 -g3 -DDEBUG -DUSE_HAL_DRIVER -DSTM32H7A3xxQ -c -I../Core/Inc -I"C:/Users/ajitp/OneDrive/Documents/Embedded_systems_courses/FREERTOS_COURSE/WORKSPACE/task_01/Third_party/FreeRTOS" -I"C:/Users/ajitp/OneDrive/Documents/Embedded_systems_courses/FREERTOS_COURSE/WORKSPACE/task_01/Third_party/FreeRTOS/include" -I"C:/Users/ajitp/OneDrive/Documents/Embedded_systems_courses/FREERTOS_COURSE/WORKSPACE/task_01/Third_party/FreeRTOS/portable/GCC/ARM_CM4F" -I../Drivers/STM32H7xx_HAL_Driver/Inc -I../Drivers/STM32H7xx_HAL_Driver/Inc/Legacy -I../Drivers/CMSIS/Device/ST/STM32H7xx/Include -I../Drivers/CMSIS/Include -O0 -ffunction-sections -fdata-sections -Wall -fstack-usage -MMD -MP -MF"Third_party/FreeRTOS/list.d" -MT"Third_party/FreeRTOS/list.o" --specs=nano.specs -mfpu=fpv5-d16 -mfloat-abi=hard -mthumb -o "Third_party/FreeRTOS/list.o"
arm-none-eabi-gcc "../Third_party/FreeRTOS/queue.c" -mcpu=cortex-m7 -std=gnu11 -g3 -DDEBUG -DUSE_HAL_DRIVER -DSTM32H7A3xxQ -c -I../Core/Inc -I"C:/Users/ajitp/OneDrive/Documents/Embedded_systems_courses/FREERTOS_COURSE/WORKSPACE/task_01/Third_party/FreeRTOS" -I"C:/Users/ajitp/OneDrive/Documents/Embedded_systems_courses/FREERTOS_COURSE/WORKSPACE/task_01/Third_party/FreeRTOS/include" -I"C:/Users/ajitp/OneDrive/Documents/Embedded_systems_courses/FREERTOS_COURSE/WORKSPACE/task_01/Third_party/FreeRTOS/portable/GCC/ARM_CM4F" -I../Drivers/STM32H7xx_HAL_Driver/Inc -I../Drivers/STM32H7xx_HAL_Driver/Inc/Legacy -I../Drivers/CMSIS/Device/ST/STM32H7xx/Include -I../Drivers/CMSIS/Include -O0 -ffunction-sections -fdata-sections -Wall -fstack-usage -MMD -MP -MF"Third_party/FreeRTOS/queue.d" -MT"Third_party/FreeRTOS/queue.o" --specs=nano.specs -mfpu=fpv5-d16 -mfloat-abi=hard -mthumb -o "Third_party/FreeRTOS/queue.o"
arm-none-eabi-gcc "../Third_party/FreeRTOS/stream_buffer.c" -mcpu=cortex-m7 -std=gnu11 -g3 -DDEBUG -DUSE_HAL_DRIVER -DSTM32H7A3xxQ -c -I../Core/Inc -I"C:/Users/ajitp/OneDrive/Documents/Embedded_systems_courses/FREERTOS_COURSE/WORKSPACE/task_01/Third_party/FreeRTOS" -I"C:/Users/ajitp/OneDrive/Documents/Embedded_systems_courses/FREERTOS_COURSE/WORKSPACE/task_01/Third_party/FreeRTOS/include" -I"C:/Users/ajitp/OneDrive/Documents/Embedded_systems_courses/FREERTOS_COURSE/WORKSPACE/task_01/Third_party/FreeRTOS/portable/GCC/ARM_CM4F" -I../Drivers/STM32H7xx_HAL_Driver/Inc -I../Drivers/STM32H7xx_HAL_Driver/Inc/Legacy -I../Drivers/CMSIS/Device/ST/STM32H7xx/Include -I../Drivers/CMSIS/Include -O0 -ffunction-sections -fdata-sections -Wall -fstack-usage -MMD -MP -MF"Third_party/FreeRTOS/stream_buffer.d" -MT"Third_party/FreeRTOS/stream_buffer.o" --specs=nano.specs -mfpu=fpv5-d16 -mfloat-abi=hard -mthumb -o "Third_party/FreeRTOS/stream_buffer.o"
arm-none-eabi-gcc "../Third_party/FreeRTOS/tasks.c" -mcpu=cortex-m7 -std=gnu11 -g3 -DDEBUG -DUSE_HAL_DRIVER -DSTM32H7A3xxQ -c -I../Core/Inc -I"C:/Users/ajitp/OneDrive/Documents/Embedded_systems_courses/FREERTOS_COURSE/WORKSPACE/task_01/Third_party/FreeRTOS" -I"C:/Users/ajitp/OneDrive/Documents/Embedded_systems_courses/FREERTOS_COURSE/WORKSPACE/task_01/Third_party/FreeRTOS/include" -I"C:/Users/ajitp/OneDrive/Documents/Embedded_systems_courses/FREERTOS_COURSE/WORKSPACE/task_01/Third_party/FreeRTOS/portable/GCC/ARM_CM4F" -I../Drivers/STM32H7xx_HAL_Driver/Inc -I../Drivers/STM32H7xx_HAL_Driver/Inc/Legacy -I../Drivers/CMSIS/Device/ST/STM32H7xx/Include -I../Drivers/CMSIS/Include -O0 -ffunction-sections -fdata-sections -Wall -fstack-usage -MMD -MP -MF"Third_party/FreeRTOS/tasks.d" -MT"Third_party/FreeRTOS/tasks.o" --specs=nano.specs -mfpu=fpv5-d16 -mfloat-abi=hard -mthumb -o "Third_party/FreeRTOS/tasks.o"
arm-none-eabi-gcc "../Third_party/FreeRTOS/timers.c" -mcpu=cortex-m7 -std=gnu11 -g3 -DDEBUG -DUSE_HAL_DRIVER -DSTM32H7A3xxQ -c -I../Core/Inc -I"C:/Users/ajitp/OneDrive/Documents/Embedded_systems_courses/FREERTOS_COURSE/WORKSPACE/task_01/Third_party/FreeRTOS" -I"C:/Users/ajitp/OneDrive/Documents/Embedded_systems_courses/FREERTOS_COURSE/WORKSPACE/task_01/Third_party/FreeRTOS/include" -I"C:/Users/ajitp/OneDrive/Documents/Embedded_systems_courses/FREERTOS_COURSE/WORKSPACE/task_01/Third_party/FreeRTOS/portable/GCC/ARM_CM4F" -I../Drivers/STM32H7xx_HAL_Driver/Inc -I../Drivers/STM32H7xx_HAL_Driver/Inc/Legacy -I../Drivers/CMSIS/Device/ST/STM32H7xx/Include -I../Drivers/CMSIS/Include -O0 -ffunction-sections -fdata-sections -Wall -fstack-usage -MMD -MP -MF"Third_party/FreeRTOS/timers.d" -MT"Third_party/FreeRTOS/timers.o" --specs=nano.specs -mfpu=fpv5-d16 -mfloat-abi=hard -mthumb -o "Third_party/FreeRTOS/timers.o"
arm-none-eabi-gcc "../Core/Src/main.c" -mcpu=cortex-m7 -std=gnu11 -g3 -DDEBUG -DUSE_HAL_DRIVER -DSTM32H7A3xxQ -c -I../Core/Inc -I"C:/Users/ajitp/OneDrive/Documents/Embedded_systems_courses/FREERTOS_COURSE/WORKSPACE/task_01/Third_party/FreeRTOS" -I"C:/Users/ajitp/OneDrive/Documents/Embedded_systems_courses/FREERTOS_COURSE/WORKSPACE/task_01/Third_party/FreeRTOS/include" -I"C:/Users/ajitp/OneDrive/Documents/Embedded_systems_courses/FREERTOS_COURSE/WORKSPACE/task_01/Third_party/FreeRTOS/portable/GCC/ARM_CM4F" -I../Drivers/STM32H7xx_HAL_Driver/Inc -I../Drivers/STM32H7xx_HAL_Driver/Inc/Legacy -I../Drivers/CMSIS/Device/ST/STM32H7xx/Include -I../Drivers/CMSIS/Include -O0 -ffunction-sections -fdata-sections -Wall -fstack-usage -MMD -MP -MF"Core/Src/main.d" -MT"Core/Src/main.o" --specs=nano.specs -mfpu=fpv5-d16 -mfloat-abi=hard -mthumb -o "Core/Src/main.o"
../Core/Src/main.c: In function 'task1_handler':
../Core/Src/main.c:346:3: warning: implicit declaration of function 'printf' [-Wimplicit-function-declaration]
  346 |   printf("%s\n",(char*)parameters);
      |   ^~~~~~
../Core/Src/main.c:346:3: warning: incompatible implicit declaration of built-in function 'printf'
../Core/Src/main.c:26:1: note: include '<stdio.h>' or provide a declaration of 'printf'
   25 | #include <task.h>
  +++ |+#include <stdio.h>
   26 | /* USER CODE END Includes */
../Core/Src/main.c: In function 'task2_handler':
../Core/Src/main.c:352:3: warning: incompatible implicit declaration of built-in function 'printf'
  352 |   printf("%s\n",(char *)parameters)
      |   ^~~~~~
../Core/Src/main.c:352:3: note: include '<stdio.h>' or provide a declaration of 'printf'
arm-none-eabi-gcc -o "task_01.elf" @"objects.list"   -mcpu=cortex-m7 -T"C:\Users\ajitp\OneDrive\Documents\Embedded_systems_courses\FREERTOS_COURSE\WORKSPACE\task_01\STM32H7A3ZITXQ_FLASH.ld" --specs=nosys.specs -Wl,-Map="task_01.map" -Wl,--gc-sections -static --specs=nano.specs -mfpu=fpv5-d16 -mfloat-abi=hard -mthumb -Wl,--start-group -lc -lm -Wl,--end-group
Finished building target: task_01.elf
 
arm-none-eabi-size   task_01.elf 
arm-none-eabi-objdump -h -S  task_01.elf  > "task_01.list"
   text	   data	    bss	    dec	    hex	filename
  35104	    132	  18612	  53848	   d258	task_01.elf
Finished building: default.size.stdout
 
Finished building: task_01.list
 
11:11:46 **** Incremental Build of configuration Debug for project task_01 ****
make -j16 all 
arm-none-eabi-gcc "../Core/Src/main.c" -mcpu=cortex-m7 -std=gnu11 -g3 -DDEBUG -DUSE_HAL_DRIVER -DSTM32H7A3xxQ -c -I../Core/Inc -I"C:/Users/ajitp/OneDrive/Documents/Embedded_systems_courses/FREERTOS_COURSE/WORKSPACE/task_01/Third_party/FreeRTOS" -I"C:/Users/ajitp/OneDrive/Documents/Embedded_systems_courses/FREERTOS_COURSE/WORKSPACE/task_01/Third_party/FreeRTOS/include" -I"C:/Users/ajitp/OneDrive/Documents/Embedded_systems_courses/FREERTOS_COURSE/WORKSPACE/task_01/Third_party/FreeRTOS/portable/GCC/ARM_CM4F" -I../Drivers/STM32H7xx_HAL_Driver/Inc -I../Drivers/STM32H7xx_HAL_Driver/Inc/Legacy -I../Drivers/CMSIS/Device/ST/STM32H7xx/Include -I../Drivers/CMSIS/Include -O0 -ffunction-sections -fdata-sections -Wall -fstack-usage -MMD -MP -MF"Core/Src/main.d" -MT"Core/Src/main.o" --specs=nano.specs -mfpu=fpv5-d16 -mfloat-abi=hard -mthumb -o "Core/Src/main.o"
../Core/Src/main.c: In function 'task2_handler':
../Core/Src/main.c:353:36: error: expected ';' before '}' token
  353 |   printf("%s\n",(char *)parameters)
      |                                    ^
      |                                    ;
  354 |  }
      |  ~                                  
make: *** [Core/Src/subdir.mk:34: Core/Src/main.o] Error 1
"make -j16 all" terminated with exit code 2. Build might be incomplete.
11:11:56 **** Incremental Build of configuration Debug for project task_01 ****
make -j16 all 
arm-none-eabi-gcc "../Core/Src/main.c" -mcpu=cortex-m7 -std=gnu11 -g3 -DDEBUG -DUSE_HAL_DRIVER -DSTM32H7A3xxQ -c -I../Core/Inc -I"C:/Users/ajitp/OneDrive/Documents/Embedded_systems_courses/FREERTOS_COURSE/WORKSPACE/task_01/Third_party/FreeRTOS" -I"C:/Users/ajitp/OneDrive/Documents/Embedded_systems_courses/FREERTOS_COURSE/WORKSPACE/task_01/Third_party/FreeRTOS/include" -I"C:/Users/ajitp/OneDrive/Documents/Embedded_systems_courses/FREERTOS_COURSE/WORKSPACE/task_01/Third_party/FreeRTOS/portable/GCC/ARM_CM4F" -I../Drivers/STM32H7xx_HAL_Driver/Inc -I../Drivers/STM32H7xx_HAL_Driver/Inc/Legacy -I../Drivers/CMSIS/Device/ST/STM32H7xx/Include -I../Drivers/CMSIS/Include -O0 -ffunction-sections -fdata-sections -Wall -fstack-usage -MMD -MP -MF"Core/Src/main.d" -MT"Core/Src/main.o" --specs=nano.specs -mfpu=fpv5-d16 -mfloat-abi=hard -mthumb -o "Core/Src/main.o"
arm-none-eabi-gcc -o "task_01.elf" @"objects.list"   -mcpu=cortex-m7 -T"C:\Users\ajitp\OneDrive\Documents\Embedded_systems_courses\FREERTOS_COURSE\WORKSPACE\task_01\STM32H7A3ZITXQ_FLASH.ld" --specs=nosys.specs -Wl,-Map="task_01.map" -Wl,--gc-sections -static --specs=nano.specs -mfpu=fpv5-d16 -mfloat-abi=hard -mthumb -Wl,--start-group -lc -lm -Wl,--end-group
Finished building target: task_01.elf
 
arm-none-eabi-size   task_01.elf 
arm-none-eabi-objdump -h -S  task_01.elf  > "task_01.list"
   text	   data	    bss	    dec	    hex	filename
  35104	    132	  18612	  53848	   d258	task_01.elf
Finished building: default.size.stdout
 
Finished building: task_01.list
 
11:16:36 **** Incremental Build of configuration Debug for project task_01 ****
make -j16 all 
arm-none-eabi-gcc "../Core/Src/syscalls.c" -mcpu=cortex-m7 -std=gnu11 -g3 -DDEBUG -DUSE_HAL_DRIVER -DSTM32H7A3xxQ -c -I../Core/Inc -I"C:/Users/ajitp/OneDrive/Documents/Embedded_systems_courses/FREERTOS_COURSE/WORKSPACE/task_01/Third_party/FreeRTOS" -I"C:/Users/ajitp/OneDrive/Documents/Embedded_systems_courses/FREERTOS_COURSE/WORKSPACE/task_01/Third_party/FreeRTOS/include" -I"C:/Users/ajitp/OneDrive/Documents/Embedded_systems_courses/FREERTOS_COURSE/WORKSPACE/task_01/Third_party/FreeRTOS/portable/GCC/ARM_CM4F" -I../Drivers/STM32H7xx_HAL_Driver/Inc -I../Drivers/STM32H7xx_HAL_Driver/Inc/Legacy -I../Drivers/CMSIS/Device/ST/STM32H7xx/Include -I../Drivers/CMSIS/Include -O0 -ffunction-sections -fdata-sections -Wall -fstack-usage -MMD -MP -MF"Core/Src/syscalls.d" -MT"Core/Src/syscalls.o" --specs=nano.specs -mfpu=fpv5-d16 -mfloat-abi=hard -mthumb -o "Core/Src/syscalls.o"
arm-none-eabi-gcc -o "task_01.elf" @"objects.list"   -mcpu=cortex-m7 -T"C:\Users\ajitp\OneDrive\Documents\Embedded_systems_courses\FREERTOS_COURSE\WORKSPACE\task_01\STM32H7A3ZITXQ_FLASH.ld" --specs=nosys.specs -Wl,-Map="task_01.map" -Wl,--gc-sections -static --specs=nano.specs -mfpu=fpv5-d16 -mfloat-abi=hard -mthumb -Wl,--start-group -lc -lm -Wl,--end-group
Finished building target: task_01.elf
 
arm-none-eabi-size   task_01.elf 
arm-none-eabi-objdump -h -S  task_01.elf  > "task_01.list"
   text	   data	    bss	    dec	    hex	filename
  35104	    132	  18612	  53848	   d258	task_01.elf
Finished building: default.size.stdout
 
Finished building: task_01.list
 
11:17:22 **** Incremental Build of configuration Debug for project task_01 ****
make -j16 all 
arm-none-eabi-gcc "../Core/Src/syscalls.c" -mcpu=cortex-m7 -std=gnu11 -g3 -DDEBUG -DUSE_HAL_DRIVER -DSTM32H7A3xxQ -c -I../Core/Inc -I"C:/Users/ajitp/OneDrive/Documents/Embedded_systems_courses/FREERTOS_COURSE/WORKSPACE/task_01/Third_party/FreeRTOS" -I"C:/Users/ajitp/OneDrive/Documents/Embedded_systems_courses/FREERTOS_COURSE/WORKSPACE/task_01/Third_party/FreeRTOS/include" -I"C:/Users/ajitp/OneDrive/Documents/Embedded_systems_courses/FREERTOS_COURSE/WORKSPACE/task_01/Third_party/FreeRTOS/portable/GCC/ARM_CM4F" -I../Drivers/STM32H7xx_HAL_Driver/Inc -I../Drivers/STM32H7xx_HAL_Driver/Inc/Legacy -I../Drivers/CMSIS/Device/ST/STM32H7xx/Include -I../Drivers/CMSIS/Include -O0 -ffunction-sections -fdata-sections -Wall -fstack-usage -MMD -MP -MF"Core/Src/syscalls.d" -MT"Core/Src/syscalls.o" --specs=nano.specs -mfpu=fpv5-d16 -mfloat-abi=hard -mthumb -o "Core/Src/syscalls.o"
arm-none-eabi-gcc -o "task_01.elf" @"objects.list"   -mcpu=cortex-m7 -T"C:\Users\ajitp\OneDrive\Documents\Embedded_systems_courses\FREERTOS_COURSE\WORKSPACE\task_01\STM32H7A3ZITXQ_FLASH.ld" --specs=nosys.specs -Wl,-Map="task_01.map" -Wl,--gc-sections -static --specs=nano.specs -mfpu=fpv5-d16 -mfloat-abi=hard -mthumb -Wl,--start-group -lc -lm -Wl,--end-group
Finished building target: task_01.elf
 
arm-none-eabi-size   task_01.elf 
arm-none-eabi-objdump -h -S  task_01.elf  > "task_01.list"
   text	   data	    bss	    dec	    hex	filename
  35184	    132	  18612	  53928	   d2a8	task_01.elf
Finished building: default.size.stdout
 
Finished building: task_01.list
 
11:17:35 **** Incremental Build of configuration Debug for project task_01 ****
make -j16 all 
arm-none-eabi-size   task_01.elf 
   text	   data	    bss	    dec	    hex	filename
  35184	    132	  18612	  53928	   d2a8	task_01.elf
Finished building: default.size.stdout
 
11:23:09 **** Incremental Build of configuration Debug for project task_01 ****
make -j16 all 
arm-none-eabi-size   task_01.elf 
   text	   data	    bss	    dec	    hex	filename
  35184	    132	  18612	  53928	   d2a8	task_01.elf
Finished building: default.size.stdout
 
11:23:57 **** Incremental Build of configuration Debug for project task_01 ****
make -j16 all 
arm-none-eabi-size   task_01.elf 
   text	   data	    bss	    dec	    hex	filename
  35184	    132	  18612	  53928	   d2a8	task_01.elf
Finished building: default.size.stdout
 
11:30:09 **** Incremental Build of configuration Debug for project task_01 ****
make -j16 all 
arm-none-eabi-gcc "../Third_party/FreeRTOS/portable/MemMang/heap_4.c" -mcpu=cortex-m7 -std=gnu11 -g3 -DDEBUG -DUSE_HAL_DRIVER -DSTM32H7A3xxQ -c -I../Core/Inc -I"C:/Users/ajitp/OneDrive/Documents/Embedded_systems_courses/FREERTOS_COURSE/WORKSPACE/task_01/Third_party/FreeRTOS" -I"C:/Users/ajitp/OneDrive/Documents/Embedded_systems_courses/FREERTOS_COURSE/WORKSPACE/task_01/Third_party/FreeRTOS/include" -I"C:/Users/ajitp/OneDrive/Documents/Embedded_systems_courses/FREERTOS_COURSE/WORKSPACE/task_01/Third_party/FreeRTOS/portable/GCC/ARM_CM4F" -I../Drivers/STM32H7xx_HAL_Driver/Inc -I../Drivers/STM32H7xx_HAL_Driver/Inc/Legacy -I../Drivers/CMSIS/Device/ST/STM32H7xx/Include -I../Drivers/CMSIS/Include -O0 -ffunction-sections -fdata-sections -Wall -fstack-usage -MMD -MP -MF"Third_party/FreeRTOS/portable/MemMang/heap_4.d" -MT"Third_party/FreeRTOS/portable/MemMang/heap_4.o" --specs=nano.specs -mfpu=fpv5-d16 -mfloat-abi=hard -mthumb -o "Third_party/FreeRTOS/portable/MemMang/heap_4.o"
arm-none-eabi-gcc "../Third_party/FreeRTOS/portable/GCC/ARM_CM4F/port.c" -mcpu=cortex-m7 -std=gnu11 -g3 -DDEBUG -DUSE_HAL_DRIVER -DSTM32H7A3xxQ -c -I../Core/Inc -I"C:/Users/ajitp/OneDrive/Documents/Embedded_systems_courses/FREERTOS_COURSE/WORKSPACE/task_01/Third_party/FreeRTOS" -I"C:/Users/ajitp/OneDrive/Documents/Embedded_systems_courses/FREERTOS_COURSE/WORKSPACE/task_01/Third_party/FreeRTOS/include" -I"C:/Users/ajitp/OneDrive/Documents/Embedded_systems_courses/FREERTOS_COURSE/WORKSPACE/task_01/Third_party/FreeRTOS/portable/GCC/ARM_CM4F" -I../Drivers/STM32H7xx_HAL_Driver/Inc -I../Drivers/STM32H7xx_HAL_Driver/Inc/Legacy -I../Drivers/CMSIS/Device/ST/STM32H7xx/Include -I../Drivers/CMSIS/Include -O0 -ffunction-sections -fdata-sections -Wall -fstack-usage -MMD -MP -MF"Third_party/FreeRTOS/portable/GCC/ARM_CM4F/port.d" -MT"Third_party/FreeRTOS/portable/GCC/ARM_CM4F/port.o" --specs=nano.specs -mfpu=fpv5-d16 -mfloat-abi=hard -mthumb -o "Third_party/FreeRTOS/portable/GCC/ARM_CM4F/port.o"
arm-none-eabi-gcc "../Third_party/FreeRTOS/croutine.c" -mcpu=cortex-m7 -std=gnu11 -g3 -DDEBUG -DUSE_HAL_DRIVER -DSTM32H7A3xxQ -c -I../Core/Inc -I"C:/Users/ajitp/OneDrive/Documents/Embedded_systems_courses/FREERTOS_COURSE/WORKSPACE/task_01/Third_party/FreeRTOS" -I"C:/Users/ajitp/OneDrive/Documents/Embedded_systems_courses/FREERTOS_COURSE/WORKSPACE/task_01/Third_party/FreeRTOS/include" -I"C:/Users/ajitp/OneDrive/Documents/Embedded_systems_courses/FREERTOS_COURSE/WORKSPACE/task_01/Third_party/FreeRTOS/portable/GCC/ARM_CM4F" -I../Drivers/STM32H7xx_HAL_Driver/Inc -I../Drivers/STM32H7xx_HAL_Driver/Inc/Legacy -I../Drivers/CMSIS/Device/ST/STM32H7xx/Include -I../Drivers/CMSIS/Include -O0 -ffunction-sections -fdata-sections -Wall -fstack-usage -MMD -MP -MF"Third_party/FreeRTOS/croutine.d" -MT"Third_party/FreeRTOS/croutine.o" --specs=nano.specs -mfpu=fpv5-d16 -mfloat-abi=hard -mthumb -o "Third_party/FreeRTOS/croutine.o"
arm-none-eabi-gcc "../Third_party/FreeRTOS/event_groups.c" -mcpu=cortex-m7 -std=gnu11 -g3 -DDEBUG -DUSE_HAL_DRIVER -DSTM32H7A3xxQ -c -I../Core/Inc -I"C:/Users/ajitp/OneDrive/Documents/Embedded_systems_courses/FREERTOS_COURSE/WORKSPACE/task_01/Third_party/FreeRTOS" -I"C:/Users/ajitp/OneDrive/Documents/Embedded_systems_courses/FREERTOS_COURSE/WORKSPACE/task_01/Third_party/FreeRTOS/include" -I"C:/Users/ajitp/OneDrive/Documents/Embedded_systems_courses/FREERTOS_COURSE/WORKSPACE/task_01/Third_party/FreeRTOS/portable/GCC/ARM_CM4F" -I../Drivers/STM32H7xx_HAL_Driver/Inc -I../Drivers/STM32H7xx_HAL_Driver/Inc/Legacy -I../Drivers/CMSIS/Device/ST/STM32H7xx/Include -I../Drivers/CMSIS/Include -O0 -ffunction-sections -fdata-sections -Wall -fstack-usage -MMD -MP -MF"Third_party/FreeRTOS/event_groups.d" -MT"Third_party/FreeRTOS/event_groups.o" --specs=nano.specs -mfpu=fpv5-d16 -mfloat-abi=hard -mthumb -o "Third_party/FreeRTOS/event_groups.o"
arm-none-eabi-gcc "../Third_party/FreeRTOS/list.c" -mcpu=cortex-m7 -std=gnu11 -g3 -DDEBUG -DUSE_HAL_DRIVER -DSTM32H7A3xxQ -c -I../Core/Inc -I"C:/Users/ajitp/OneDrive/Documents/Embedded_systems_courses/FREERTOS_COURSE/WORKSPACE/task_01/Third_party/FreeRTOS" -I"C:/Users/ajitp/OneDrive/Documents/Embedded_systems_courses/FREERTOS_COURSE/WORKSPACE/task_01/Third_party/FreeRTOS/include" -I"C:/Users/ajitp/OneDrive/Documents/Embedded_systems_courses/FREERTOS_COURSE/WORKSPACE/task_01/Third_party/FreeRTOS/portable/GCC/ARM_CM4F" -I../Drivers/STM32H7xx_HAL_Driver/Inc -I../Drivers/STM32H7xx_HAL_Driver/Inc/Legacy -I../Drivers/CMSIS/Device/ST/STM32H7xx/Include -I../Drivers/CMSIS/Include -O0 -ffunction-sections -fdata-sections -Wall -fstack-usage -MMD -MP -MF"Third_party/FreeRTOS/list.d" -MT"Third_party/FreeRTOS/list.o" --specs=nano.specs -mfpu=fpv5-d16 -mfloat-abi=hard -mthumb -o "Third_party/FreeRTOS/list.o"
arm-none-eabi-gcc "../Third_party/FreeRTOS/queue.c" -mcpu=cortex-m7 -std=gnu11 -g3 -DDEBUG -DUSE_HAL_DRIVER -DSTM32H7A3xxQ -c -I../Core/Inc -I"C:/Users/ajitp/OneDrive/Documents/Embedded_systems_courses/FREERTOS_COURSE/WORKSPACE/task_01/Third_party/FreeRTOS" -I"C:/Users/ajitp/OneDrive/Documents/Embedded_systems_courses/FREERTOS_COURSE/WORKSPACE/task_01/Third_party/FreeRTOS/include" -I"C:/Users/ajitp/OneDrive/Documents/Embedded_systems_courses/FREERTOS_COURSE/WORKSPACE/task_01/Third_party/FreeRTOS/portable/GCC/ARM_CM4F" -I../Drivers/STM32H7xx_HAL_Driver/Inc -I../Drivers/STM32H7xx_HAL_Driver/Inc/Legacy -I../Drivers/CMSIS/Device/ST/STM32H7xx/Include -I../Drivers/CMSIS/Include -O0 -ffunction-sections -fdata-sections -Wall -fstack-usage -MMD -MP -MF"Third_party/FreeRTOS/queue.d" -MT"Third_party/FreeRTOS/queue.o" --specs=nano.specs -mfpu=fpv5-d16 -mfloat-abi=hard -mthumb -o "Third_party/FreeRTOS/queue.o"
arm-none-eabi-gcc "../Third_party/FreeRTOS/stream_buffer.c" -mcpu=cortex-m7 -std=gnu11 -g3 -DDEBUG -DUSE_HAL_DRIVER -DSTM32H7A3xxQ -c -I../Core/Inc -I"C:/Users/ajitp/OneDrive/Documents/Embedded_systems_courses/FREERTOS_COURSE/WORKSPACE/task_01/Third_party/FreeRTOS" -I"C:/Users/ajitp/OneDrive/Documents/Embedded_systems_courses/FREERTOS_COURSE/WORKSPACE/task_01/Third_party/FreeRTOS/include" -I"C:/Users/ajitp/OneDrive/Documents/Embedded_systems_courses/FREERTOS_COURSE/WORKSPACE/task_01/Third_party/FreeRTOS/portable/GCC/ARM_CM4F" -I../Drivers/STM32H7xx_HAL_Driver/Inc -I../Drivers/STM32H7xx_HAL_Driver/Inc/Legacy -I../Drivers/CMSIS/Device/ST/STM32H7xx/Include -I../Drivers/CMSIS/Include -O0 -ffunction-sections -fdata-sections -Wall -fstack-usage -MMD -MP -MF"Third_party/FreeRTOS/stream_buffer.d" -MT"Third_party/FreeRTOS/stream_buffer.o" --specs=nano.specs -mfpu=fpv5-d16 -mfloat-abi=hard -mthumb -o "Third_party/FreeRTOS/stream_buffer.o"
arm-none-eabi-gcc "../Third_party/FreeRTOS/tasks.c" -mcpu=cortex-m7 -std=gnu11 -g3 -DDEBUG -DUSE_HAL_DRIVER -DSTM32H7A3xxQ -c -I../Core/Inc -I"C:/Users/ajitp/OneDrive/Documents/Embedded_systems_courses/FREERTOS_COURSE/WORKSPACE/task_01/Third_party/FreeRTOS" -I"C:/Users/ajitp/OneDrive/Documents/Embedded_systems_courses/FREERTOS_COURSE/WORKSPACE/task_01/Third_party/FreeRTOS/include" -I"C:/Users/ajitp/OneDrive/Documents/Embedded_systems_courses/FREERTOS_COURSE/WORKSPACE/task_01/Third_party/FreeRTOS/portable/GCC/ARM_CM4F" -I../Drivers/STM32H7xx_HAL_Driver/Inc -I../Drivers/STM32H7xx_HAL_Driver/Inc/Legacy -I../Drivers/CMSIS/Device/ST/STM32H7xx/Include -I../Drivers/CMSIS/Include -O0 -ffunction-sections -fdata-sections -Wall -fstack-usage -MMD -MP -MF"Third_party/FreeRTOS/tasks.d" -MT"Third_party/FreeRTOS/tasks.o" --specs=nano.specs -mfpu=fpv5-d16 -mfloat-abi=hard -mthumb -o "Third_party/FreeRTOS/tasks.o"
arm-none-eabi-gcc "../Third_party/FreeRTOS/timers.c" -mcpu=cortex-m7 -std=gnu11 -g3 -DDEBUG -DUSE_HAL_DRIVER -DSTM32H7A3xxQ -c -I../Core/Inc -I"C:/Users/ajitp/OneDrive/Documents/Embedded_systems_courses/FREERTOS_COURSE/WORKSPACE/task_01/Third_party/FreeRTOS" -I"C:/Users/ajitp/OneDrive/Documents/Embedded_systems_courses/FREERTOS_COURSE/WORKSPACE/task_01/Third_party/FreeRTOS/include" -I"C:/Users/ajitp/OneDrive/Documents/Embedded_systems_courses/FREERTOS_COURSE/WORKSPACE/task_01/Third_party/FreeRTOS/portable/GCC/ARM_CM4F" -I../Drivers/STM32H7xx_HAL_Driver/Inc -I../Drivers/STM32H7xx_HAL_Driver/Inc/Legacy -I../Drivers/CMSIS/Device/ST/STM32H7xx/Include -I../Drivers/CMSIS/Include -O0 -ffunction-sections -fdata-sections -Wall -fstack-usage -MMD -MP -MF"Third_party/FreeRTOS/timers.d" -MT"Third_party/FreeRTOS/timers.o" --specs=nano.specs -mfpu=fpv5-d16 -mfloat-abi=hard -mthumb -o "Third_party/FreeRTOS/timers.o"
arm-none-eabi-gcc "../Core/Src/main.c" -mcpu=cortex-m7 -std=gnu11 -g3 -DDEBUG -DUSE_HAL_DRIVER -DSTM32H7A3xxQ -c -I../Core/Inc -I"C:/Users/ajitp/OneDrive/Documents/Embedded_systems_courses/FREERTOS_COURSE/WORKSPACE/task_01/Third_party/FreeRTOS" -I"C:/Users/ajitp/OneDrive/Documents/Embedded_systems_courses/FREERTOS_COURSE/WORKSPACE/task_01/Third_party/FreeRTOS/include" -I"C:/Users/ajitp/OneDrive/Documents/Embedded_systems_courses/FREERTOS_COURSE/WORKSPACE/task_01/Third_party/FreeRTOS/portable/GCC/ARM_CM4F" -I../Drivers/STM32H7xx_HAL_Driver/Inc -I../Drivers/STM32H7xx_HAL_Driver/Inc/Legacy -I../Drivers/CMSIS/Device/ST/STM32H7xx/Include -I../Drivers/CMSIS/Include -O0 -ffunction-sections -fdata-sections -Wall -fstack-usage -MMD -MP -MF"Core/Src/main.d" -MT"Core/Src/main.o" --specs=nano.specs -mfpu=fpv5-d16 -mfloat-abi=hard -mthumb -o "Core/Src/main.o"
arm-none-eabi-gcc -o "task_01.elf" @"objects.list"   -mcpu=cortex-m7 -T"C:\Users\ajitp\OneDrive\Documents\Embedded_systems_courses\FREERTOS_COURSE\WORKSPACE\task_01\STM32H7A3ZITXQ_FLASH.ld" --specs=nosys.specs -Wl,-Map="task_01.map" -Wl,--gc-sections -static --specs=nano.specs -mfpu=fpv5-d16 -mfloat-abi=hard -mthumb -Wl,--start-group -lc -lm -Wl,--end-group
Finished building target: task_01.elf
 
arm-none-eabi-size   task_01.elf 
arm-none-eabi-objdump -h -S  task_01.elf  > "task_01.list"
   text	   data	    bss	    dec	    hex	filename
  34976	    132	  18612	  53720	   d1d8	task_01.elf
Finished building: default.size.stdout
 
Finished building: task_01.list
 
11:30:12 **** Incremental Build of configuration Debug for project task_01 ****
make -j16 all 
arm-none-eabi-size   task_01.elf 
   text	   data	    bss	    dec	    hex	filename
  34976	    132	  18612	  53720	   d1d8	task_01.elf
Finished building: default.size.stdout
 
11:31:18 **** Incremental Build of configuration Debug for project task_01 ****
make -j16 all 
arm-none-eabi-gcc "../Core/Src/main.c" -mcpu=cortex-m7 -std=gnu11 -g3 -DDEBUG -DUSE_HAL_DRIVER -DSTM32H7A3xxQ -c -I../Core/Inc -I"C:/Users/ajitp/OneDrive/Documents/Embedded_systems_courses/FREERTOS_COURSE/WORKSPACE/task_01/Third_party/FreeRTOS" -I"C:/Users/ajitp/OneDrive/Documents/Embedded_systems_courses/FREERTOS_COURSE/WORKSPACE/task_01/Third_party/FreeRTOS/include" -I"C:/Users/ajitp/OneDrive/Documents/Embedded_systems_courses/FREERTOS_COURSE/WORKSPACE/task_01/Third_party/FreeRTOS/portable/GCC/ARM_CM4F" -I../Drivers/STM32H7xx_HAL_Driver/Inc -I../Drivers/STM32H7xx_HAL_Driver/Inc/Legacy -I../Drivers/CMSIS/Device/ST/STM32H7xx/Include -I../Drivers/CMSIS/Include -O0 -ffunction-sections -fdata-sections -Wall -fstack-usage -MMD -MP -MF"Core/Src/main.d" -MT"Core/Src/main.o" --specs=nano.specs -mfpu=fpv5-d16 -mfloat-abi=hard -mthumb -o "Core/Src/main.o"
../Core/Src/main.c: In function 'task1_handler':
../Core/Src/main.c:348:3: warning: implicit declaration of function 'taskYield' [-Wimplicit-function-declaration]
  348 |   taskYield();
      |   ^~~~~~~~~
arm-none-eabi-gcc -o "task_01.elf" @"objects.list"   -mcpu=cortex-m7 -T"C:\Users\ajitp\OneDrive\Documents\Embedded_systems_courses\FREERTOS_COURSE\WORKSPACE\task_01\STM32H7A3ZITXQ_FLASH.ld" --specs=nosys.specs -Wl,-Map="task_01.map" -Wl,--gc-sections -static --specs=nano.specs -mfpu=fpv5-d16 -mfloat-abi=hard -mthumb -Wl,--start-group -lc -lm -Wl,--end-group
c:\st\stm32cubeide_1.11.0\stm32cubeide\plugins\com.st.stm32cube.ide.mcu.externaltools.gnu-tools-for-stm32.10.3-2021.10.win32_1.0.100.202210260954\tools\arm-none-eabi\bin\ld.exe: ./Core/Src/main.o: in function `task1_handler':
C:/Users/ajitp/OneDrive/Documents/Embedded_systems_courses/FREERTOS_COURSE/WORKSPACE/task_01/Debug/../Core/Src/main.c:348: undefined reference to `taskYield'
collect2.exe: error: ld returned 1 exit status
make: *** [makefile:67: task_01.elf] Error 1
"make -j16 all" terminated with exit code 2. Build might be incomplete.
11:31:26 **** Incremental Build of configuration Debug for project task_01 ****
make -j16 all 
arm-none-eabi-gcc "../Core/Src/main.c" -mcpu=cortex-m7 -std=gnu11 -g3 -DDEBUG -DUSE_HAL_DRIVER -DSTM32H7A3xxQ -c -I../Core/Inc -I"C:/Users/ajitp/OneDrive/Documents/Embedded_systems_courses/FREERTOS_COURSE/WORKSPACE/task_01/Third_party/FreeRTOS" -I"C:/Users/ajitp/OneDrive/Documents/Embedded_systems_courses/FREERTOS_COURSE/WORKSPACE/task_01/Third_party/FreeRTOS/include" -I"C:/Users/ajitp/OneDrive/Documents/Embedded_systems_courses/FREERTOS_COURSE/WORKSPACE/task_01/Third_party/FreeRTOS/portable/GCC/ARM_CM4F" -I../Drivers/STM32H7xx_HAL_Driver/Inc -I../Drivers/STM32H7xx_HAL_Driver/Inc/Legacy -I../Drivers/CMSIS/Device/ST/STM32H7xx/Include -I../Drivers/CMSIS/Include -O0 -ffunction-sections -fdata-sections -Wall -fstack-usage -MMD -MP -MF"Core/Src/main.d" -MT"Core/Src/main.o" --specs=nano.specs -mfpu=fpv5-d16 -mfloat-abi=hard -mthumb -o "Core/Src/main.o"
arm-none-eabi-gcc -o "task_01.elf" @"objects.list"   -mcpu=cortex-m7 -T"C:\Users\ajitp\OneDrive\Documents\Embedded_systems_courses\FREERTOS_COURSE\WORKSPACE\task_01\STM32H7A3ZITXQ_FLASH.ld" --specs=nosys.specs -Wl,-Map="task_01.map" -Wl,--gc-sections -static --specs=nano.specs -mfpu=fpv5-d16 -mfloat-abi=hard -mthumb -Wl,--start-group -lc -lm -Wl,--end-group
Finished building target: task_01.elf
 
arm-none-eabi-size   task_01.elf 
arm-none-eabi-objdump -h -S  task_01.elf  > "task_01.list"
   text	   data	    bss	    dec	    hex	filename
  35024	    132	  18612	  53768	   d208	task_01.elf
Finished building: default.size.stdout
 
Finished building: task_01.list
 
11:31:33 **** Incremental Build of configuration Debug for project task_01 ****
make -j16 all 
arm-none-eabi-size   task_01.elf 
   text	   data	    bss	    dec	    hex	filename
  35024	    132	  18612	  53768	   d208	task_01.elf
Finished building: default.size.stdout
 
11:31:35 **** Incremental Build of configuration Debug for project task_01 ****
make -j16 all 
arm-none-eabi-size   task_01.elf 
   text	   data	    bss	    dec	    hex	filename
  35024	    132	  18612	  53768	   d208	task_01.elf
Finished building: default.size.stdout
 
12:11:36 **** Incremental Build of configuration Debug for project task_01 ****
make -j16 all 
arm-none-eabi-size   task_01.elf 
   text	   data	    bss	    dec	    hex	filename
  35024	    132	  18612	  53768	   d208	task_01.elf
Finished building: default.size.stdout
 
12:11:48 **** Incremental Build of configuration Debug for project task_01 ****
make -j16 all 
[...]
Finished building target: task_01.elf
 
arm-none-eabi-size   task_01.elf 
arm-none-eabi-objdump -h -S  task_01.elf  > "task_01.list"
   text	   data	    bss	    dec	    hex	filename
  43404	    132	  85804	 129340	  1f93c	task_01.elf
Finished building: default.size.stdout
 
Finished building: task_01.list
 
14:04:04 **** Incremental Build of configuration Debug for project task_01 ****
make -j16 all 
arm-none-eabi-gcc "../Third_party/FreeRTOS/tasks.c" -mcpu=cortex-m7 -std=gnu11 -g3 -DDEBUG -DUSE_HAL_DRIVER -DSTM32H7A3xxQ -c -I../Core/Inc -I"C:/Users/ajitp/OneDrive/Documents/Embedded_systems_courses/FREERTOS_COURSE/WORKSPACE/task_01/Third_party/SEGGER/Config" -I"C:/Users/ajitp/OneDrive/Documents/Embedded_systems_courses/FREERTOS_COURSE/WORKSPACE/task_01/Third_party/SEGGER/OS" -I"C:/Users/ajitp/OneDrive/Documents/Embedded_systems_courses/FREERTOS_COURSE/WORKSPACE/task_01/Third_party/SEGGER/SEGGER" -I"C:/Users/ajitp/OneDrive/Documents/Embedded_systems_courses/FREERTOS_COURSE/WORKSPACE/task_01/Third_party/FreeRTOS" -I"C:/Users/ajitp/OneDrive/Documents/Embedded_systems_courses/FREERTOS_COURSE/WORKSPACE/task_01/Third_party/FreeRTOS/include" -I"C:/Users/ajitp/OneDrive/Documents/Embedded_systems_courses/FREERTOS_COURSE/WORKSPACE/task_01/Third_party/FreeRTOS/portable/GCC/ARM_CM4F" -I../Drivers/STM32H7xx_HAL_Driver/Inc -I../Drivers/STM32H7xx_HAL_Driver/Inc/Legacy -I../Drivers/CMSIS/Device/ST/STM32H7xx/Include -I../Drivers/CMSIS/Include -O0 -ffunction-sections -fdata-sections -Wall -fstack-usage -MMD -MP -MF"Third_party/FreeRTOS/tasks.d" -MT"Third_party/FreeRTOS/tasks.o" --specs=nano.specs -mfpu=fpv5-d16 -mfloat-abi=hard -mthumb -o "Third_party/FreeRTOS/tasks.o"
In file included from C:/Users/ajitp/OneDrive/Documents/Embedded_systems_courses/FREERTOS_COURSE/WORKSPACE/task_01/Third_party/FreeRTOS/FreeRTOSConfig.h:146,
                 from C:/Users/ajitp/OneDrive/Documents/Embedded_systems_courses/FREERTOS_COURSE/WORKSPACE/task_01/Third_party/FreeRTOS/include/FreeRTOS.h:59,
                 from ../Third_party/FreeRTOS/tasks.c:39:
../Third_party/FreeRTOS/tasks.c: In function 'vTaskPrioritySet':
C:/Users/ajitp/OneDrive/Documents/Embedded_systems_courses/FREERTOS_COURSE/WORKSPACE/task_01/Third_party/SEGGER/OS/SEGGER_SYSVIEW_FreeRTOS.h:302:95: error: expected expression before ')' token
  302 | #define traceMOVED_TASK_TO_READY_STATE(pxTCB)       SEGGER_SYSVIEW_OnTaskStartReady((U32)pxTCB)
      |                                                                                               ^
../Third_party/FreeRTOS/tasks.c:222:5: note: in expansion of macro 'traceMOVED_TASK_TO_READY_STATE'
  222 |     traceMOVED_TASK_TO_READY_STATE( pxTCB );                                                           \
      |     ^~~~~~~~~~~~~~~~~~~~~~~~~~~~~~
../Third_party/FreeRTOS/tasks.c:1655:6: note: in expansion of macro 'prvAddTaskToReadyList'
 1655 |      prvAddTaskToReadyList()
      |      ^~~~~~~~~~~~~~~~~~~~~
../Third_party/FreeRTOS/tasks.c:223:40: error: expected expression before ')' token
  223 |     taskRECORD_READY_PRIORITY( ( pxTCB )->uxPriority );                                                \
      |                                        ^
../Third_party/FreeRTOS/tasks.c:128:15: note: in definition of macro 'taskRECORD_READY_PRIORITY'
  128 |         if( ( uxPriority ) > uxTopReadyPriority )   \
      |               ^~~~~~~~~~
../Third_party/FreeRTOS/tasks.c:1655:6: note: in expansion of macro 'prvAddTaskToReadyList'
 1655 |      prvAddTaskToReadyList()
      |      ^~~~~~~~~~~~~~~~~~~~~
../Third_party/FreeRTOS/tasks.c:223:40: error: expected expression before ')' token
  223 |     taskRECORD_READY_PRIORITY( ( pxTCB )->uxPriority );                                                \
      |                                        ^
../Third_party/FreeRTOS/tasks.c:130:36: note: in definition of macro 'taskRECORD_READY_PRIORITY'
  130 |             uxTopReadyPriority = ( uxPriority );    \
      |                                    ^~~~~~~~~~
../Third_party/FreeRTOS/tasks.c:1655:6: note: in expansion of macro 'prvAddTaskToReadyList'
 1655 |      prvAddTaskToReadyList()
      |      ^~~~~~~~~~~~~~~~~~~~~
In file included from C:/Users/ajitp/OneDrive/Documents/Embedded_systems_courses/FREERTOS_COURSE/WORKSPACE/task_01/Third_party/FreeRTOS/include/task.h:37,
                 from ../Third_party/FreeRTOS/tasks.c:40:
../Third_party/FreeRTOS/tasks.c:224:51: error: expected expression before ')' token
  224 |     listINSERT_END( &( pxReadyTasksLists[ ( pxTCB )->uxPriority ] ), &( ( pxTCB )->xStateListItem ) ); \
      |                                                   ^
C:/Users/ajitp/OneDrive/Documents/Embedded_systems_courses/FREERTOS_COURSE/WORKSPACE/task_01/Third_party/FreeRTOS/include/list.h:356:40: note: in definition of macro 'listINSERT_END'
  356 |         ListItem_t * const pxIndex = ( pxList )->pxIndex; \
      |                                        ^~~~~~
../Third_party/FreeRTOS/tasks.c:1655:6: note: in expansion of macro 'prvAddTaskToReadyList'
 1655 |      prvAddTaskToReadyList()
      |      ^~~~~~~~~~~~~~~~~~~~~
../Third_party/FreeRTOS/tasks.c:224:81: error: expected expression before ')' token
  224 |     listINSERT_END( &( pxReadyTasksLists[ ( pxTCB )->uxPriority ] ), &( ( pxTCB )->xStateListItem ) ); \
      |                                                                                 ^
C:/Users/ajitp/OneDrive/Documents/Embedded_systems_courses/FREERTOS_COURSE/WORKSPACE/task_01/Third_party/FreeRTOS/include/list.h:367:11: note: in definition of macro 'listINSERT_END'
  367 |         ( pxNewListItem )->pxNext = pxIndex;                 \
      |           ^~~~~~~~~~~~~
../Third_party/FreeRTOS/tasks.c:1655:6: note: in expansion of macro 'prvAddTaskToReadyList'
 1655 |      prvAddTaskToReadyList()
      |      ^~~~~~~~~~~~~~~~~~~~~
../Third_party/FreeRTOS/tasks.c:224:81: error: expected expression before ')' token
  224 |     listINSERT_END( &( pxReadyTasksLists[ ( pxTCB )->uxPriority ] ), &( ( pxTCB )->xStateListItem ) ); \
      |                                                                                 ^
C:/Users/ajitp/OneDrive/Documents/Embedded_systems_courses/FREERTOS_COURSE/WORKSPACE/task_01/Third_party/FreeRTOS/include/list.h:368:11: note: in definition of macro 'listINSERT_END'
  368 |         ( pxNewListItem )->pxPrevious = pxIndex->pxPrevious; \
      |           ^~~~~~~~~~~~~
../Third_party/FreeRTOS/tasks.c:1655:6: note: in expansion of macro 'prvAddTaskToReadyList'
 1655 |      prvAddTaskToReadyList()
      |      ^~~~~~~~~~~~~~~~~~~~~
../Third_party/FreeRTOS/tasks.c:224:81: error: expected expression before ')' token
  224 |     listINSERT_END( &( pxReadyTasksLists[ ( pxTCB )->uxPriority ] ), &( ( pxTCB )->xStateListItem ) ); \
      |                                                                                 ^
C:/Users/ajitp/OneDrive/Documents/Embedded_systems_courses/FREERTOS_COURSE/WORKSPACE/task_01/Third_party/FreeRTOS/include/list.h:370:41: note: in definition of macro 'listINSERT_END'
  370 |         pxIndex->pxPrevious->pxNext = ( pxNewListItem );     \
      |                                         ^~~~~~~~~~~~~
../Third_party/FreeRTOS/tasks.c:1655:6: note: in expansion of macro 'prvAddTaskToReadyList'
 1655 |      prvAddTaskToReadyList()
      |      ^~~~~~~~~~~~~~~~~~~~~
../Third_party/FreeRTOS/tasks.c:224:81: error: expected expression before ')' token
  224 |     listINSERT_END( &( pxReadyTasksLists[ ( pxTCB )->uxPriority ] ), &( ( pxTCB )->xStateListItem ) ); \
      |                                                                                 ^
C:/Users/ajitp/OneDrive/Documents/Embedded_systems_courses/FREERTOS_COURSE/WORKSPACE/task_01/Third_party/FreeRTOS/include/list.h:371:33: note: in definition of macro 'listINSERT_END'
  371 |         pxIndex->pxPrevious = ( pxNewListItem );             \
      |                                 ^~~~~~~~~~~~~
../Third_party/FreeRTOS/tasks.c:1655:6: note: in expansion of macro 'prvAddTaskToReadyList'
 1655 |      prvAddTaskToReadyList()
      |      ^~~~~~~~~~~~~~~~~~~~~
../Third_party/FreeRTOS/tasks.c:224:81: error: expected expression before ')' token
  224 |     listINSERT_END( &( pxReadyTasksLists[ ( pxTCB )->uxPriority ] ), &( ( pxTCB )->xStateListItem ) ); \
      |                                                                                 ^
C:/Users/ajitp/OneDrive/Documents/Embedded_systems_courses/FREERTOS_COURSE/WORKSPACE/task_01/Third_party/FreeRTOS/include/list.h:374:11: note: in definition of macro 'listINSERT_END'
  374 |         ( pxNewListItem )->pxContainer = ( pxList );         \
      |           ^~~~~~~~~~~~~
../Third_party/FreeRTOS/tasks.c:1655:6: note: in expansion of macro 'prvAddTaskToReadyList'
 1655 |      prvAddTaskToReadyList()
      |      ^~~~~~~~~~~~~~~~~~~~~
../Third_party/FreeRTOS/tasks.c:224:51: error: expected expression before ')' token
  224 |     listINSERT_END( &( pxReadyTasksLists[ ( pxTCB )->uxPriority ] ), &( ( pxTCB )->xStateListItem ) ); \
      |                                                   ^
C:/Users/ajitp/OneDrive/Documents/Embedded_systems_courses/FREERTOS_COURSE/WORKSPACE/task_01/Third_party/FreeRTOS/include/list.h:376:13: note: in definition of macro 'listINSERT_END'
  376 |         ( ( pxList )->uxNumberOfItems )++;                   \
      |             ^~~~~~
../Third_party/FreeRTOS/tasks.c:1655:6: note: in expansion of macro 'prvAddTaskToReadyList'
 1655 |      prvAddTaskToReadyList()
      |      ^~~~~~~~~~~~~~~~~~~~~
make: *** [Third_party/FreeRTOS/subdir.mk:37: Third_party/FreeRTOS/tasks.o] Error 1
"make -j16 all" terminated with exit code 2. Build might be incomplete.
14:04:56 **** Incremental Build of configuration Debug for project task_01 ****
make -j16 all 
arm-none-eabi-gcc "../Third_party/FreeRTOS/tasks.c" -mcpu=cortex-m7 -std=gnu11 -g3 -DDEBUG -DUSE_HAL_DRIVER -DSTM32H7A3xxQ -c -I../Core/Inc -I"C:/Users/ajitp/OneDrive/Documents/Embedded_systems_courses/FREERTOS_COURSE/WORKSPACE/task_01/Third_party/SEGGER/Config" -I"C:/Users/ajitp/OneDrive/Documents/Embedded_systems_courses/FREERTOS_COURSE/WORKSPACE/task_01/Third_party/SEGGER/OS" -I"C:/Users/ajitp/OneDrive/Documents/Embedded_systems_courses/FREERTOS_COURSE/WORKSPACE/task_01/Third_party/SEGGER/SEGGER" -I"C:/Users/ajitp/OneDrive/Documents/Embedded_systems_courses/FREERTOS_COURSE/WORKSPACE/task_01/Third_party/FreeRTOS" -I"C:/Users/ajitp/OneDrive/Documents/Embedded_systems_courses/FREERTOS_COURSE/WORKSPACE/task_01/Third_party/FreeRTOS/include" -I"C:/Users/ajitp/OneDrive/Documents/Embedded_systems_courses/FREERTOS_COURSE/WORKSPACE/task_01/Third_party/FreeRTOS/portable/GCC/ARM_CM4F" -I../Drivers/STM32H7xx_HAL_Driver/Inc -I../Drivers/STM32H7xx_HAL_Driver/Inc/Legacy -I../Drivers/CMSIS/Device/ST/STM32H7xx/Include -I../Drivers/CMSIS/Include -O0 -ffunction-sections -fdata-sections -Wall -fstack-usage -MMD -MP -MF"Third_party/FreeRTOS/tasks.d" -MT"Third_party/FreeRTOS/tasks.o" --specs=nano.specs -mfpu=fpv5-d16 -mfloat-abi=hard -mthumb -o "Third_party/FreeRTOS/tasks.o"
arm-none-eabi-gcc -o "task_01.elf" @"objects.list"   -mcpu=cortex-m7 -T"C:\Users\ajitp\OneDrive\Documents\Embedded_systems_courses\FREERTOS_COURSE\WORKSPACE\task_01\STM32H7A3ZITXQ_FLASH.ld" --specs=nosys.specs -Wl,-Map="task_01.map" -Wl,--gc-sections -static --specs=nano.specs -mfpu=fpv5-d16 -mfloat-abi=hard -mthumb -Wl,--start-group -lc -lm -Wl,--end-group
Finished building target: task_01.elf
 
arm-none-eabi-size   task_01.elf 
arm-none-eabi-objdump -h -S  task_01.elf  > "task_01.list"
   text	   data	    bss	    dec	    hex	filename
  43404	    132	  85804	 129340	  1f93c	task_01.elf
Finished building: default.size.stdout
 
Finished building: task_01.list
 
14:05:00 **** Incremental Build of configuration Debug for project task_01 ****
make -j16 all 
arm-none-eabi-size   task_01.elf 
   text	   data	    bss	    dec	    hex	filename
  43404	    132	  85804	 129340	  1f93c	task_01.elf
Finished building: default.size.stdout
 
14:09:31 **** Incremental Build of configuration Debug for project task_01 ****
make -j16 all 
arm-none-eabi-gcc "../Third_party/FreeRTOS/tasks.c" -mcpu=cortex-m7 -std=gnu11 -g3 -DDEBUG -DUSE_HAL_DRIVER -DSTM32H7A3xxQ -c -I../Core/Inc -I"C:/Users/ajitp/OneDrive/Documents/Embedded_systems_courses/FREERTOS_COURSE/WORKSPACE/task_01/Third_party/SEGGER/Config" -I"C:/Users/ajitp/OneDrive/Documents/Embedded_systems_courses/FREERTOS_COURSE/WORKSPACE/task_01/Third_party/SEGGER/OS" -I"C:/Users/ajitp/OneDrive/Documents/Embedded_systems_courses/FREERTOS_COURSE/WORKSPACE/task_01/Third_party/SEGGER/SEGGER" -I"C:/Users/ajitp/OneDrive/Documents/Embedded_systems_courses/FREERTOS_COURSE/WORKSPACE/task_01/Third_party/FreeRTOS" -I"C:/Users/ajitp/OneDrive/Documents/Embedded_systems_courses/FREERTOS_COURSE/WORKSPACE/task_01/Third_party/FreeRTOS/include" -I"C:/Users/ajitp/OneDrive/Documents/Embedded_systems_courses/FREERTOS_COURSE/WORKSPACE/task_01/Third_party/FreeRTOS/portable/GCC/ARM_CM4F" -I../Drivers/STM32H7xx_HAL_Driver/Inc -I../Drivers/STM32H7xx_HAL_Driver/Inc/Legacy -I../Drivers/CMSIS/Device/ST/STM32H7xx/Include -I../Drivers/CMSIS/Include -O0 -ffunction-sections -fdata-sections -Wall -fstack-usage -MMD -MP -MF"Third_party/FreeRTOS/tasks.d" -MT"Third_party/FreeRTOS/tasks.o" --specs=nano.specs -mfpu=fpv5-d16 -mfloat-abi=hard -mthumb -o "Third_party/FreeRTOS/tasks.o"
arm-none-eabi-gcc -o "task_01.elf" @"objects.list"   -mcpu=cortex-m7 -T"C:\Users\ajitp\OneDrive\Documents\Embedded_systems_courses\FREERTOS_COURSE\WORKSPACE\task_01\STM32H7A3ZITXQ_FLASH.ld" --specs=nosys.specs -Wl,-Map="task_01.map" -Wl,--gc-sections -static --specs=nano.specs -mfpu=fpv5-d16 -mfloat-abi=hard -mthumb -Wl,--start-group -lc -lm -Wl,--end-group
Finished building target: task_01.elf
 
arm-none-eabi-size   task_01.elf 
arm-none-eabi-objdump -h -S  task_01.elf  > "task_01.list"
   text	   data	    bss	    dec	    hex	filename
  43404	    132	  85804	 129340	  1f93c	task_01.elf
Finished building: default.size.stdout
 
Finished building: task_01.list
 
14:09:34 **** Incremental Build of configuration Debug for project task_01 ****
make -j16 all 
arm-none-eabi-size   task_01.elf 
   text	   data	    bss	    dec	    hex	filename
  43404	    132	  85804	 129340	  1f93c	task_01.elf
Finished building: default.size.stdout
 
14:09:56 **** Incremental Build of configuration Debug for project task_01 ****
make -j16 all 
arm-none-eabi-size   task_01.elf 
   text	   data	    bss	    dec	    hex	filename
  43404	    132	  85804	 129340	  1f93c	task_01.elf
Finished building: default.size.stdout
 
14:11:40 **** Incremental Build of configuration Debug for project task_01 ****
make -j16 all 
arm-none-eabi-gcc "../Core/Src/stm32h7xx_hal_msp.c" -mcpu=cortex-m7 -std=gnu11 -g3 -DDEBUG -DUSE_HAL_DRIVER -DSTM32H7A3xxQ -c -I../Core/Inc -I"C:/Users/ajitp/OneDrive/Documents/Embedded_systems_courses/FREERTOS_COURSE/WORKSPACE/task_01/Third_party/SEGGER/Config" -I"C:/Users/ajitp/OneDrive/Documents/Embedded_systems_courses/FREERTOS_COURSE/WORKSPACE/task_01/Third_party/SEGGER/OS" -I"C:/Users/ajitp/OneDrive/Documents/Embedded_systems_courses/FREERTOS_COURSE/WORKSPACE/task_01/Third_party/SEGGER/SEGGER" -I"C:/Users/ajitp/OneDrive/Documents/Embedded_systems_courses/FREERTOS_COURSE/WORKSPACE/task_01/Third_party/FreeRTOS" -I"C:/Users/ajitp/OneDrive/Documents/Embedded_systems_courses/FREERTOS_COURSE/WORKSPACE/task_01/Third_party/FreeRTOS/include" -I"C:/Users/ajitp/OneDrive/Documents/Embedded_systems_courses/FREERTOS_COURSE/WORKSPACE/task_01/Third_party/FreeRTOS/portable/GCC/ARM_CM4F" -I../Drivers/STM32H7xx_HAL_Driver/Inc -I../Drivers/STM32H7xx_HAL_Driver/Inc/Legacy -I../Drivers/CMSIS/Device/ST/STM32H7xx/Include -I../Drivers/CMSIS/Include -O0 -ffunction-sections -fdata-sections -Wall -fstack-usage -MMD -MP -MF"Core/Src/stm32h7xx_hal_msp.d" -MT"Core/Src/stm32h7xx_hal_msp.o" --specs=nano.specs -mfpu=fpv5-d16 -mfloat-abi=hard -mthumb -o "Core/Src/stm32h7xx_hal_msp.o"
../Core/Src/stm32h7xx_hal_msp.c: In function 'HAL_MspInit':
../Core/Src/stm32h7xx_hal_msp.c:74:3: warning: implicit declaration of function 'vInitPrioGroupValue' [-Wimplicit-function-declaration]
   74 |   vInitPrioGroupValue();
      |   ^~~~~~~~~~~~~~~~~~~
arm-none-eabi-gcc -o "task_01.elf" @"objects.list"   -mcpu=cortex-m7 -T"C:\Users\ajitp\OneDrive\Documents\Embedded_systems_courses\FREERTOS_COURSE\WORKSPACE\task_01\STM32H7A3ZITXQ_FLASH.ld" --specs=nosys.specs -Wl,-Map="task_01.map" -Wl,--gc-sections -static --specs=nano.specs -mfpu=fpv5-d16 -mfloat-abi=hard -mthumb -Wl,--start-group -lc -lm -Wl,--end-group
Finished building target: task_01.elf
 
arm-none-eabi-size   task_01.elf 
arm-none-eabi-objdump -h -S  task_01.elf  > "task_01.list"
   text	   data	    bss	    dec	    hex	filename
  43660	    132	  85804	 129596	  1fa3c	task_01.elf
Finished building: default.size.stdout
 
Finished building: task_01.list
 
14:12:34 **** Incremental Build of configuration Debug for project task_01 ****
make -j16 all 
arm-none-eabi-gcc "../Core/Src/stm32h7xx_hal_msp.c" -mcpu=cortex-m7 -std=gnu11 -g3 -DDEBUG -DUSE_HAL_DRIVER -DSTM32H7A3xxQ -c -I../Core/Inc -I"C:/Users/ajitp/OneDrive/Documents/Embedded_systems_courses/FREERTOS_COURSE/WORKSPACE/task_01/Third_party/SEGGER/Config" -I"C:/Users/ajitp/OneDrive/Documents/Embedded_systems_courses/FREERTOS_COURSE/WORKSPACE/task_01/Third_party/SEGGER/OS" -I"C:/Users/ajitp/OneDrive/Documents/Embedded_systems_courses/FREERTOS_COURSE/WORKSPACE/task_01/Third_party/SEGGER/SEGGER" -I"C:/Users/ajitp/OneDrive/Documents/Embedded_systems_courses/FREERTOS_COURSE/WORKSPACE/task_01/Third_party/FreeRTOS" -I"C:/Users/ajitp/OneDrive/Documents/Embedded_systems_courses/FREERTOS_COURSE/WORKSPACE/task_01/Third_party/FreeRTOS/include" -I"C:/Users/ajitp/OneDrive/Documents/Embedded_systems_courses/FREERTOS_COURSE/WORKSPACE/task_01/Third_party/FreeRTOS/portable/GCC/ARM_CM4F" -I../Drivers/STM32H7xx_HAL_Driver/Inc -I../Drivers/STM32H7xx_HAL_Driver/Inc/Legacy -I../Drivers/CMSIS/Device/ST/STM32H7xx/Include -I../Drivers/CMSIS/Include -O0 -ffunction-sections -fdata-sections -Wall -fstack-usage -MMD -MP -MF"Core/Src/stm32h7xx_hal_msp.d" -MT"Core/Src/stm32h7xx_hal_msp.o" --specs=nano.specs -mfpu=fpv5-d16 -mfloat-abi=hard -mthumb -o "Core/Src/stm32h7xx_hal_msp.o"
arm-none-eabi-gcc -o "task_01.elf" @"objects.list"   -mcpu=cortex-m7 -T"C:\Users\ajitp\OneDrive\Documents\Embedded_systems_courses\FREERTOS_COURSE\WORKSPACE\task_01\STM32H7A3ZITXQ_FLASH.ld" --specs=nosys.specs -Wl,-Map="task_01.map" -Wl,--gc-sections -static --specs=nano.specs -mfpu=fpv5-d16 -mfloat-abi=hard -mthumb -Wl,--start-group -lc -lm -Wl,--end-group
Finished building target: task_01.elf
 
arm-none-eabi-size   task_01.elf 
arm-none-eabi-objdump -h -S  task_01.elf  > "task_01.list"
   text	   data	    bss	    dec	    hex	filename
  43660	    132	  85804	 129596	  1fa3c	task_01.elf
Finished building: default.size.stdout
 
Finished building: task_01.list
 
14:12:43 **** Incremental Build of configuration Debug for project task_01 ****
make -j16 all 
arm-none-eabi-size   task_01.elf 
   text	   data	    bss	    dec	    hex	filename
  43660	    132	  85804	 129596	  1fa3c	task_01.elf
Finished building: default.size.stdout
 
15:29:38 **** Incremental Build of configuration Debug for project task_01 ****
make -j16 all 
arm-none-eabi-size   task_01.elf 
   text	   data	    bss	    dec	    hex	filename
  43660	    132	  85804	 129596	  1fa3c	task_01.elf
Finished building: default.size.stdout
 
17:57:16 **** Incremental Build of configuration Debug for project task_01 ****
make -j16 all 
arm-none-eabi-size   task_01.elf 
   text	   data	    bss	    dec	    hex	filename
  43660	    132	  85804	 129596	  1fa3c	task_01.elf
Finished building: default.size.stdout
 
