17:07:26 **** Incremental Build of configuration Debug for project heap5_checking ****
make -j16 all 
arm-none-eabi-size   heap5_checking.elf 
   text	   data	    bss	    dec	    hex	filename
  23040	     24	   1792	  24856	   6118	heap5_checking.elf
Finished building: default.size.stdout
 
17:07:31 **** Incremental Build of configuration Debug for project heap5_checking ****
make -j16 all 
arm-none-eabi-gcc "../Core/Src/main.c" -mcpu=cortex-m7 -std=gnu11 -g3 -DDEBUG -DUSE_HAL_DRIVER -DSTM32H7A3xxQ -c -I../Core/Inc -I../Drivers/STM32H7xx_HAL_Driver/Inc -I../Drivers/STM32H7xx_HAL_Driver/Inc/Legacy -I../Drivers/CMSIS/Device/ST/STM32H7xx/Include -I../Drivers/CMSIS/Include -I"C:/Users/ajitp/OneDrive/Documents/Embedded_systems_courses/FREERTOS_COURSE/WORKSPACE/common2/Third_party/FreeRTOS/include" -I"C:/Users/ajitp/OneDrive/Documents/Embedded_systems_courses/FREERTOS_COURSE/WORKSPACE/common2/Third_party/SEGGER/Config" -I"C:/Users/ajitp/OneDrive/Documents/Embedded_systems_courses/FREERTOS_COURSE/WORKSPACE/common2/Third_party/SEGGER/SEGGER" -I"C:/Users/ajitp/OneDrive/Documents/Embedded_systems_courses/FREERTOS_COURSE/WORKSPACE/common2/Third_party/FreeRTOS/portable/GCC/ARM_CM4F" -I"C:/Users/ajitp/OneDrive/Documents/Embedded_systems_courses/FREERTOS_COURSE/WORKSPACE/common2/Third_party/SEGGER/OS" -O0 -ffunction-sections -fdata-sections -Wall -fstack-usage -MMD -MP -MF"Core/Src/main.d" -MT"Core/Src/main.o" --specs=nano.specs -mfpu=fpv5-d16 -mfloat-abi=hard -mthumb -o "Core/Src/main.o"
../Core/Src/main.c: In function 'main':
../Core/Src/main.c:98:26: error: 'heap_region' undeclared (first use in this function); did you mean 'HeapRegion'?
   98 |   vPortDefineHeapRegions(heap_region);
      |                          ^~~~~~~~~~~
      |                          HeapRegion
../Core/Src/main.c:98:26: note: each undeclared identifier is reported only once for each function it appears in
make: *** [Core/Src/subdir.mk:37: Core/Src/main.o] Error 1
"make -j16 all" terminated with exit code 2. Build might be incomplete.
17:07:52 **** Incremental Build of configuration Debug for project heap5_checking ****
make -j16 all 
arm-none-eabi-gcc "../Core/Src/main.c" -mcpu=cortex-m7 -std=gnu11 -g3 -DDEBUG -DUSE_HAL_DRIVER -DSTM32H7A3xxQ -c -I../Core/Inc -I../Drivers/STM32H7xx_HAL_Driver/Inc -I../Drivers/STM32H7xx_HAL_Driver/Inc/Legacy -I../Drivers/CMSIS/Device/ST/STM32H7xx/Include -I../Drivers/CMSIS/Include -I"C:/Users/ajitp/OneDrive/Documents/Embedded_systems_courses/FREERTOS_COURSE/WORKSPACE/common2/Third_party/FreeRTOS/include" -I"C:/Users/ajitp/OneDrive/Documents/Embedded_systems_courses/FREERTOS_COURSE/WORKSPACE/common2/Third_party/SEGGER/Config" -I"C:/Users/ajitp/OneDrive/Documents/Embedded_systems_courses/FREERTOS_COURSE/WORKSPACE/common2/Third_party/SEGGER/SEGGER" -I"C:/Users/ajitp/OneDrive/Documents/Embedded_systems_courses/FREERTOS_COURSE/WORKSPACE/common2/Third_party/FreeRTOS/portable/GCC/ARM_CM4F" -I"C:/Users/ajitp/OneDrive/Documents/Embedded_systems_courses/FREERTOS_COURSE/WORKSPACE/common2/Third_party/SEGGER/OS" -O0 -ffunction-sections -fdata-sections -Wall -fstack-usage -MMD -MP -MF"Core/Src/main.d" -MT"Core/Src/main.o" --specs=nano.specs -mfpu=fpv5-d16 -mfloat-abi=hard -mthumb -o "Core/Src/main.o"
arm-none-eabi-gcc -o "heap5_checking.elf" @"objects.list"   -mcpu=cortex-m7 -T"C:\Users\ajitp\OneDrive\Documents\Embedded_systems_courses\FREERTOS_COURSE\WORKSPACE\heap5_checking\STM32H7A3ZITXQ_FLASH.ld" --specs=nosys.specs -Wl,-Map="heap5_checking.map" -Wl,--gc-sections -static --specs=nano.specs -mfpu=fpv5-d16 -mfloat-abi=hard -mthumb -Wl,--start-group -lc -lm -Wl,--end-group
c:\st\stm32cubeide_1.11.0\stm32cubeide\plugins\com.st.stm32cube.ide.mcu.externaltools.gnu-tools-for-stm32.10.3-2021.10.win32_1.0.100.202210260954\tools\arm-none-eabi\bin\ld.exe: ./Core/Src/main.o: in function `main':
C:/Users/ajitp/OneDrive/Documents/Embedded_systems_courses/FREERTOS_COURSE/WORKSPACE/heap5_checking/Debug/../Core/Src/main.c:124: undefined reference to `vPortDefineHeapRegions'
collect2.exe: error: ld returned 1 exit status
make: *** [makefile:64: heap5_checking.elf] Error 1
"make -j16 all" terminated with exit code 2. Build might be incomplete.
17:08:28 **** Incremental Build of configuration Debug for project heap5_checking ****
make -j16 all 
arm-none-eabi-gcc "../Core/Src/main.c" -mcpu=cortex-m7 -std=gnu11 -g3 -DDEBUG -DUSE_HAL_DRIVER -DSTM32H7A3xxQ -c -I../Core/Inc -I../Drivers/STM32H7xx_HAL_Driver/Inc -I../Drivers/STM32H7xx_HAL_Driver/Inc/Legacy -I../Drivers/CMSIS/Device/ST/STM32H7xx/Include -I../Drivers/CMSIS/Include -I"C:/Users/ajitp/OneDrive/Documents/Embedded_systems_courses/FREERTOS_COURSE/WORKSPACE/common2/Third_party/FreeRTOS/include" -I"C:/Users/ajitp/OneDrive/Documents/Embedded_systems_courses/FREERTOS_COURSE/WORKSPACE/common2/Third_party/SEGGER/Config" -I"C:/Users/ajitp/OneDrive/Documents/Embedded_systems_courses/FREERTOS_COURSE/WORKSPACE/common2/Third_party/SEGGER/SEGGER" -I"C:/Users/ajitp/OneDrive/Documents/Embedded_systems_courses/FREERTOS_COURSE/WORKSPACE/common2/Third_party/FreeRTOS/portable/GCC/ARM_CM4F" -I"C:/Users/ajitp/OneDrive/Documents/Embedded_systems_courses/FREERTOS_COURSE/WORKSPACE/common2/Third_party/SEGGER/OS" -O0 -ffunction-sections -fdata-sections -Wall -fstack-usage -MMD -MP -MF"Core/Src/main.d" -MT"Core/Src/main.o" --specs=nano.specs -mfpu=fpv5-d16 -mfloat-abi=hard -mthumb -o "Core/Src/main.o"
arm-none-eabi-gcc -o "heap5_checking.elf" @"objects.list"   -mcpu=cortex-m7 -T"C:\Users\ajitp\OneDrive\Documents\Embedded_systems_courses\FREERTOS_COURSE\WORKSPACE\heap5_checking\STM32H7A3ZITXQ_FLASH.ld" --specs=nosys.specs -Wl,-Map="heap5_checking.map" -Wl,--gc-sections -static --specs=nano.specs -mfpu=fpv5-d16 -mfloat-abi=hard -mthumb -Wl,--start-group -lc -lm -Wl,--end-group
c:\st\stm32cubeide_1.11.0\stm32cubeide\plugins\com.st.stm32cube.ide.mcu.externaltools.gnu-tools-for-stm32.10.3-2021.10.win32_1.0.100.202210260954\tools\arm-none-eabi\bin\ld.exe: ./Core/Src/main.o: in function `main':
C:/Users/ajitp/OneDrive/Documents/Embedded_systems_courses/FREERTOS_COURSE/WORKSPACE/heap5_checking/Debug/../Core/Src/main.c:124: undefined reference to `vPortDefineHeapRegions'
collect2.exe: error: ld returned 1 exit status
make: *** [makefile:64: heap5_checking.elf] Error 1
"make -j16 all" terminated with exit code 2. Build might be incomplete.
17:09:30 **** Incremental Build of configuration Debug for project heap5_checking ****
make -j16 all 
arm-none-eabi-gcc "../Drivers/STM32H7xx_HAL_Driver/Src/stm32h7xx_hal.c" -mcpu=cortex-m7 -std=gnu11 -g3 -DDEBUG -DUSE_HAL_DRIVER -DSTM32H7A3xxQ -c -I../Core/Inc -I../Drivers/STM32H7xx_HAL_Driver/Inc -I../Drivers/STM32H7xx_HAL_Driver/Inc/Legacy -I../Drivers/CMSIS/Device/ST/STM32H7xx/Include -I../Drivers/CMSIS/Include -I"C:/Users/ajitp/OneDrive/Documents/Embedded_systems_courses/FREERTOS_COURSE/WORKSPACE/common2/Third_party/FreeRTOS/include" -I"C:/Users/ajitp/OneDrive/Documents/Embedded_systems_courses/FREERTOS_COURSE/WORKSPACE/common2/Third_party/SEGGER/Config" -I"C:/Users/ajitp/OneDrive/Documents/Embedded_systems_courses/FREERTOS_COURSE/WORKSPACE/common2/Third_party/SEGGER/SEGGER" -I"C:/Users/ajitp/OneDrive/Documents/Embedded_systems_courses/FREERTOS_COURSE/WORKSPACE/common2/Third_party/FreeRTOS/portable/GCC/ARM_CM4F" -I"C:/Users/ajitp/OneDrive/Documents/Embedded_systems_courses/FREERTOS_COURSE/WORKSPACE/common2/Third_party/SEGGER/OS" -I"C:/Users/ajitp/OneDrive/Documents/Embedded_systems_courses/FREERTOS_COURSE/WORKSPACE/common2/Third_party/FreeRTOS/include" -O0 -ffunction-sections -fdata-sections -Wall -fstack-usage -MMD -MP -MF"Drivers/STM32H7xx_HAL_Driver/Src/stm32h7xx_hal.d" -MT"Drivers/STM32H7xx_HAL_Driver/Src/stm32h7xx_hal.o" --specs=nano.specs -mfpu=fpv5-d16 -mfloat-abi=hard -mthumb -o "Drivers/STM32H7xx_HAL_Driver/Src/stm32h7xx_hal.o"
arm-none-eabi-gcc "../Drivers/STM32H7xx_HAL_Driver/Src/stm32h7xx_hal_cortex.c" -mcpu=cortex-m7 -std=gnu11 -g3 -DDEBUG -DUSE_HAL_DRIVER -DSTM32H7A3xxQ -c -I../Core/Inc -I../Drivers/STM32H7xx_HAL_Driver/Inc -I../Drivers/STM32H7xx_HAL_Driver/Inc/Legacy -I../Drivers/CMSIS/Device/ST/STM32H7xx/Include -I../Drivers/CMSIS/Include -I"C:/Users/ajitp/OneDrive/Documents/Embedded_systems_courses/FREERTOS_COURSE/WORKSPACE/common2/Third_party/FreeRTOS/include" -I"C:/Users/ajitp/OneDrive/Documents/Embedded_systems_courses/FREERTOS_COURSE/WORKSPACE/common2/Third_party/SEGGER/Config" -I"C:/Users/ajitp/OneDrive/Documents/Embedded_systems_courses/FREERTOS_COURSE/WORKSPACE/common2/Third_party/SEGGER/SEGGER" -I"C:/Users/ajitp/OneDrive/Documents/Embedded_systems_courses/FREERTOS_COURSE/WORKSPACE/common2/Third_party/FreeRTOS/portable/GCC/ARM_CM4F" -I"C:/Users/ajitp/OneDrive/Documents/Embedded_systems_courses/FREERTOS_COURSE/WORKSPACE/common2/Third_party/SEGGER/OS" -I"C:/Users/ajitp/OneDrive/Documents/Embedded_systems_courses/FREERTOS_COURSE/WORKSPACE/common2/Third_party/FreeRTOS/include" -O0 -ffunction-sections -fdata-sections -Wall -fstack-usage -MMD -MP -MF"Drivers/STM32H7xx_HAL_Driver/Src/stm32h7xx_hal_cortex.d" -MT"Drivers/STM32H7xx_HAL_Driver/Src/stm32h7xx_hal_cortex.o" --specs=nano.specs -mfpu=fpv5-d16 -mfloat-abi=hard -mthumb -o "Drivers/STM32H7xx_HAL_Driver/Src/stm32h7xx_hal_cortex.o"
arm-none-eabi-gcc "../Drivers/STM32H7xx_HAL_Driver/Src/stm32h7xx_hal_dma.c" -mcpu=cortex-m7 -std=gnu11 -g3 -DDEBUG -DUSE_HAL_DRIVER -DSTM32H7A3xxQ -c -I../Core/Inc -I../Drivers/STM32H7xx_HAL_Driver/Inc -I../Drivers/STM32H7xx_HAL_Driver/Inc/Legacy -I../Drivers/CMSIS/Device/ST/STM32H7xx/Include -I../Drivers/CMSIS/Include -I"C:/Users/ajitp/OneDrive/Documents/Embedded_systems_courses/FREERTOS_COURSE/WORKSPACE/common2/Third_party/FreeRTOS/include" -I"C:/Users/ajitp/OneDrive/Documents/Embedded_systems_courses/FREERTOS_COURSE/WORKSPACE/common2/Third_party/SEGGER/Config" -I"C:/Users/ajitp/OneDrive/Documents/Embedded_systems_courses/FREERTOS_COURSE/WORKSPACE/common2/Third_party/SEGGER/SEGGER" -I"C:/Users/ajitp/OneDrive/Documents/Embedded_systems_courses/FREERTOS_COURSE/WORKSPACE/common2/Third_party/FreeRTOS/portable/GCC/ARM_CM4F" -I"C:/Users/ajitp/OneDrive/Documents/Embedded_systems_courses/FREERTOS_COURSE/WORKSPACE/common2/Third_party/SEGGER/OS" -I"C:/Users/ajitp/OneDrive/Documents/Embedded_systems_courses/FREERTOS_COURSE/WORKSPACE/common2/Third_party/FreeRTOS/include" -O0 -ffunction-sections -fdata-sections -Wall -fstack-usage -MMD -MP -MF"Drivers/STM32H7xx_HAL_Driver/Src/stm32h7xx_hal_dma.d" -MT"Drivers/STM32H7xx_HAL_Driver/Src/stm32h7xx_hal_dma.o" --specs=nano.specs -mfpu=fpv5-d16 -mfloat-abi=hard -mthumb -o "Drivers/STM32H7xx_HAL_Driver/Src/stm32h7xx_hal_dma.o"
arm-none-eabi-gcc "../Drivers/STM32H7xx_HAL_Driver/Src/stm32h7xx_hal_dma_ex.c" -mcpu=cortex-m7 -std=gnu11 -g3 -DDEBUG -DUSE_HAL_DRIVER -DSTM32H7A3xxQ -c -I../Core/Inc -I../Drivers/STM32H7xx_HAL_Driver/Inc -I../Drivers/STM32H7xx_HAL_Driver/Inc/Legacy -I../Drivers/CMSIS/Device/ST/STM32H7xx/Include -I../Drivers/CMSIS/Include -I"C:/Users/ajitp/OneDrive/Documents/Embedded_systems_courses/FREERTOS_COURSE/WORKSPACE/common2/Third_party/FreeRTOS/include" -I"C:/Users/ajitp/OneDrive/Documents/Embedded_systems_courses/FREERTOS_COURSE/WORKSPACE/common2/Third_party/SEGGER/Config" -I"C:/Users/ajitp/OneDrive/Documents/Embedded_systems_courses/FREERTOS_COURSE/WORKSPACE/common2/Third_party/SEGGER/SEGGER" -I"C:/Users/ajitp/OneDrive/Documents/Embedded_systems_courses/FREERTOS_COURSE/WORKSPACE/common2/Third_party/FreeRTOS/portable/GCC/ARM_CM4F" -I"C:/Users/ajitp/OneDrive/Documents/Embedded_systems_courses/FREERTOS_COURSE/WORKSPACE/common2/Third_party/SEGGER/OS" -I"C:/Users/ajitp/OneDrive/Documents/Embedded_systems_courses/FREERTOS_COURSE/WORKSPACE/common2/Third_party/FreeRTOS/include" -O0 -ffunction-sections -fdata-sections -Wall -fstack-usage -MMD -MP -MF"Drivers/STM32H7xx_HAL_Driver/Src/stm32h7xx_hal_dma_ex.d" -MT"Drivers/STM32H7xx_HAL_Driver/Src/stm32h7xx_hal_dma_ex.o" --specs=nano.specs -mfpu=fpv5-d16 -mfloat-abi=hard -mthumb -o "Drivers/STM32H7xx_HAL_Driver/Src/stm32h7xx_hal_dma_ex.o"
arm-none-eabi-gcc "../Drivers/STM32H7xx_HAL_Driver/Src/stm32h7xx_hal_exti.c" -mcpu=cortex-m7 -std=gnu11 -g3 -DDEBUG -DUSE_HAL_DRIVER -DSTM32H7A3xxQ -c -I../Core/Inc -I../Drivers/STM32H7xx_HAL_Driver/Inc -I../Drivers/STM32H7xx_HAL_Driver/Inc/Legacy -I../Drivers/CMSIS/Device/ST/STM32H7xx/Include -I../Drivers/CMSIS/Include -I"C:/Users/ajitp/OneDrive/Documents/Embedded_systems_courses/FREERTOS_COURSE/WORKSPACE/common2/Third_party/FreeRTOS/include" -I"C:/Users/ajitp/OneDrive/Documents/Embedded_systems_courses/FREERTOS_COURSE/WORKSPACE/common2/Third_party/SEGGER/Config" -I"C:/Users/ajitp/OneDrive/Documents/Embedded_systems_courses/FREERTOS_COURSE/WORKSPACE/common2/Third_party/SEGGER/SEGGER" -I"C:/Users/ajitp/OneDrive/Documents/Embedded_systems_courses/FREERTOS_COURSE/WORKSPACE/common2/Third_party/FreeRTOS/portable/GCC/ARM_CM4F" -I"C:/Users/ajitp/OneDrive/Documents/Embedded_systems_courses/FREERTOS_COURSE/WORKSPACE/common2/Third_party/SEGGER/OS" -I"C:/Users/ajitp/OneDrive/Documents/Embedded_systems_courses/FREERTOS_COURSE/WORKSPACE/common2/Third_party/FreeRTOS/include" -O0 -ffunction-sections -fdata-sections -Wall -fstack-usage -MMD -MP -MF"Drivers/STM32H7xx_HAL_Driver/Src/stm32h7xx_hal_exti.d" -MT"Drivers/STM32H7xx_HAL_Driver/Src/stm32h7xx_hal_exti.o" --specs=nano.specs -mfpu=fpv5-d16 -mfloat-abi=hard -mthumb -o "Drivers/STM32H7xx_HAL_Driver/Src/stm32h7xx_hal_exti.o"
arm-none-eabi-gcc "../Drivers/STM32H7xx_HAL_Driver/Src/stm32h7xx_hal_flash.c" -mcpu=cortex-m7 -std=gnu11 -g3 -DDEBUG -DUSE_HAL_DRIVER -DSTM32H7A3xxQ -c -I../Core/Inc -I../Drivers/STM32H7xx_HAL_Driver/Inc -I../Drivers/STM32H7xx_HAL_Driver/Inc/Legacy -I../Drivers/CMSIS/Device/ST/STM32H7xx/Include -I../Drivers/CMSIS/Include -I"C:/Users/ajitp/OneDrive/Documents/Embedded_systems_courses/FREERTOS_COURSE/WORKSPACE/common2/Third_party/FreeRTOS/include" -I"C:/Users/ajitp/OneDrive/Documents/Embedded_systems_courses/FREERTOS_COURSE/WORKSPACE/common2/Third_party/SEGGER/Config" -I"C:/Users/ajitp/OneDrive/Documents/Embedded_systems_courses/FREERTOS_COURSE/WORKSPACE/common2/Third_party/SEGGER/SEGGER" -I"C:/Users/ajitp/OneDrive/Documents/Embedded_systems_courses/FREERTOS_COURSE/WORKSPACE/common2/Third_party/FreeRTOS/portable/GCC/ARM_CM4F" -I"C:/Users/ajitp/OneDrive/Documents/Embedded_systems_courses/FREERTOS_COURSE/WORKSPACE/common2/Third_party/SEGGER/OS" -I"C:/Users/ajitp/OneDrive/Documents/Embedded_systems_courses/FREERTOS_COURSE/WORKSPACE/common2/Third_party/FreeRTOS/include" -O0 -ffunction-sections -fdata-sections -Wall -fstack-usage -MMD -MP -MF"Drivers/STM32H7xx_HAL_Driver/Src/stm32h7xx_hal_flash.d" -MT"Drivers/STM32H7xx_HAL_Driver/Src/stm32h7xx_hal_flash.o" --specs=nano.specs -mfpu=fpv5-d16 -mfloat-abi=hard -mthumb -o "Drivers/STM32H7xx_HAL_Driver/Src/stm32h7xx_hal_flash.o"
arm-none-eabi-gcc "../Drivers/STM32H7xx_HAL_Driver/Src/stm32h7xx_hal_flash_ex.c" -mcpu=cortex-m7 -std=gnu11 -g3 -DDEBUG -DUSE_HAL_DRIVER -DSTM32H7A3xxQ -c -I../Core/Inc -I../Drivers/STM32H7xx_HAL_Driver/Inc -I../Drivers/STM32H7xx_HAL_Driver/Inc/Legacy -I../Drivers/CMSIS/Device/ST/STM32H7xx/Include -I../Drivers/CMSIS/Include -I"C:/Users/ajitp/OneDrive/Documents/Embedded_systems_courses/FREERTOS_COURSE/WORKSPACE/common2/Third_party/FreeRTOS/include" -I"C:/Users/ajitp/OneDrive/Documents/Embedded_systems_courses/FREERTOS_COURSE/WORKSPACE/common2/Third_party/SEGGER/Config" -I"C:/Users/ajitp/OneDrive/Documents/Embedded_systems_courses/FREERTOS_COURSE/WORKSPACE/common2/Third_party/SEGGER/SEGGER" -I"C:/Users/ajitp/OneDrive/Documents/Embedded_systems_courses/FREERTOS_COURSE/WORKSPACE/common2/Third_party/FreeRTOS/portable/GCC/ARM_CM4F" -I"C:/Users/ajitp/OneDrive/Documents/Embedded_systems_courses/FREERTOS_COURSE/WORKSPACE/common2/Third_party/SEGGER/OS" -I"C:/Users/ajitp/OneDrive/Documents/Embedded_systems_courses/FREERTOS_COURSE/WORKSPACE/common2/Third_party/FreeRTOS/include" -O0 -ffunction-sections -fdata-sections -Wall -fstack-usage -MMD -MP -MF"Drivers/STM32H7xx_HAL_Driver/Src/stm32h7xx_hal_flash_ex.d" -MT"Drivers/STM32H7xx_HAL_Driver/Src/stm32h7xx_hal_flash_ex.o" --specs=nano.specs -mfpu=fpv5-d16 -mfloat-abi=hard -mthumb -o "Drivers/STM32H7xx_HAL_Driver/Src/stm32h7xx_hal_flash_ex.o"
arm-none-eabi-gcc "../Drivers/STM32H7xx_HAL_Driver/Src/stm32h7xx_hal_gpio.c" -mcpu=cortex-m7 -std=gnu11 -g3 -DDEBUG -DUSE_HAL_DRIVER -DSTM32H7A3xxQ -c -I../Core/Inc -I../Drivers/STM32H7xx_HAL_Driver/Inc -I../Drivers/STM32H7xx_HAL_Driver/Inc/Legacy -I../Drivers/CMSIS/Device/ST/STM32H7xx/Include -I../Drivers/CMSIS/Include -I"C:/Users/ajitp/OneDrive/Documents/Embedded_systems_courses/FREERTOS_COURSE/WORKSPACE/common2/Third_party/FreeRTOS/include" -I"C:/Users/ajitp/OneDrive/Documents/Embedded_systems_courses/FREERTOS_COURSE/WORKSPACE/common2/Third_party/SEGGER/Config" -I"C:/Users/ajitp/OneDrive/Documents/Embedded_systems_courses/FREERTOS_COURSE/WORKSPACE/common2/Third_party/SEGGER/SEGGER" -I"C:/Users/ajitp/OneDrive/Documents/Embedded_systems_courses/FREERTOS_COURSE/WORKSPACE/common2/Third_party/FreeRTOS/portable/GCC/ARM_CM4F" -I"C:/Users/ajitp/OneDrive/Documents/Embedded_systems_courses/FREERTOS_COURSE/WORKSPACE/common2/Third_party/SEGGER/OS" -I"C:/Users/ajitp/OneDrive/Documents/Embedded_systems_courses/FREERTOS_COURSE/WORKSPACE/common2/Third_party/FreeRTOS/include" -O0 -ffunction-sections -fdata-sections -Wall -fstack-usage -MMD -MP -MF"Drivers/STM32H7xx_HAL_Driver/Src/stm32h7xx_hal_gpio.d" -MT"Drivers/STM32H7xx_HAL_Driver/Src/stm32h7xx_hal_gpio.o" --specs=nano.specs -mfpu=fpv5-d16 -mfloat-abi=hard -mthumb -o "Drivers/STM32H7xx_HAL_Driver/Src/stm32h7xx_hal_gpio.o"
arm-none-eabi-gcc "../Drivers/STM32H7xx_HAL_Driver/Src/stm32h7xx_hal_hsem.c" -mcpu=cortex-m7 -std=gnu11 -g3 -DDEBUG -DUSE_HAL_DRIVER -DSTM32H7A3xxQ -c -I../Core/Inc -I../Drivers/STM32H7xx_HAL_Driver/Inc -I../Drivers/STM32H7xx_HAL_Driver/Inc/Legacy -I../Drivers/CMSIS/Device/ST/STM32H7xx/Include -I../Drivers/CMSIS/Include -I"C:/Users/ajitp/OneDrive/Documents/Embedded_systems_courses/FREERTOS_COURSE/WORKSPACE/common2/Third_party/FreeRTOS/include" -I"C:/Users/ajitp/OneDrive/Documents/Embedded_systems_courses/FREERTOS_COURSE/WORKSPACE/common2/Third_party/SEGGER/Config" -I"C:/Users/ajitp/OneDrive/Documents/Embedded_systems_courses/FREERTOS_COURSE/WORKSPACE/common2/Third_party/SEGGER/SEGGER" -I"C:/Users/ajitp/OneDrive/Documents/Embedded_systems_courses/FREERTOS_COURSE/WORKSPACE/common2/Third_party/FreeRTOS/portable/GCC/ARM_CM4F" -I"C:/Users/ajitp/OneDrive/Documents/Embedded_systems_courses/FREERTOS_COURSE/WORKSPACE/common2/Third_party/SEGGER/OS" -I"C:/Users/ajitp/OneDrive/Documents/Embedded_systems_courses/FREERTOS_COURSE/WORKSPACE/common2/Third_party/FreeRTOS/include" -O0 -ffunction-sections -fdata-sections -Wall -fstack-usage -MMD -MP -MF"Drivers/STM32H7xx_HAL_Driver/Src/stm32h7xx_hal_hsem.d" -MT"Drivers/STM32H7xx_HAL_Driver/Src/stm32h7xx_hal_hsem.o" --specs=nano.specs -mfpu=fpv5-d16 -mfloat-abi=hard -mthumb -o "Drivers/STM32H7xx_HAL_Driver/Src/stm32h7xx_hal_hsem.o"
arm-none-eabi-gcc "../Drivers/STM32H7xx_HAL_Driver/Src/stm32h7xx_hal_i2c.c" -mcpu=cortex-m7 -std=gnu11 -g3 -DDEBUG -DUSE_HAL_DRIVER -DSTM32H7A3xxQ -c -I../Core/Inc -I../Drivers/STM32H7xx_HAL_Driver/Inc -I../Drivers/STM32H7xx_HAL_Driver/Inc/Legacy -I../Drivers/CMSIS/Device/ST/STM32H7xx/Include -I../Drivers/CMSIS/Include -I"C:/Users/ajitp/OneDrive/Documents/Embedded_systems_courses/FREERTOS_COURSE/WORKSPACE/common2/Third_party/FreeRTOS/include" -I"C:/Users/ajitp/OneDrive/Documents/Embedded_systems_courses/FREERTOS_COURSE/WORKSPACE/common2/Third_party/SEGGER/Config" -I"C:/Users/ajitp/OneDrive/Documents/Embedded_systems_courses/FREERTOS_COURSE/WORKSPACE/common2/Third_party/SEGGER/SEGGER" -I"C:/Users/ajitp/OneDrive/Documents/Embedded_systems_courses/FREERTOS_COURSE/WORKSPACE/common2/Third_party/FreeRTOS/portable/GCC/ARM_CM4F" -I"C:/Users/ajitp/OneDrive/Documents/Embedded_systems_courses/FREERTOS_COURSE/WORKSPACE/common2/Third_party/SEGGER/OS" -I"C:/Users/ajitp/OneDrive/Documents/Embedded_systems_courses/FREERTOS_COURSE/WORKSPACE/common2/Third_party/FreeRTOS/include" -O0 -ffunction-sections -fdata-sections -Wall -fstack-usage -MMD -MP -MF"Drivers/STM32H7xx_HAL_Driver/Src/stm32h7xx_hal_i2c.d" -MT"Drivers/STM32H7xx_HAL_Driver/Src/stm32h7xx_hal_i2c.o" --specs=nano.specs -mfpu=fpv5-d16 -mfloat-abi=hard -mthumb -o "Drivers/STM32H7xx_HAL_Driver/Src/stm32h7xx_hal_i2c.o"
arm-none-eabi-gcc "../Drivers/STM32H7xx_HAL_Driver/Src/stm32h7xx_hal_i2c_ex.c" -mcpu=cortex-m7 -std=gnu11 -g3 -DDEBUG -DUSE_HAL_DRIVER -DSTM32H7A3xxQ -c -I../Core/Inc -I../Drivers/STM32H7xx_HAL_Driver/Inc -I../Drivers/STM32H7xx_HAL_Driver/Inc/Legacy -I../Drivers/CMSIS/Device/ST/STM32H7xx/Include -I../Drivers/CMSIS/Include -I"C:/Users/ajitp/OneDrive/Documents/Embedded_systems_courses/FREERTOS_COURSE/WORKSPACE/common2/Third_party/FreeRTOS/include" -I"C:/Users/ajitp/OneDrive/Documents/Embedded_systems_courses/FREERTOS_COURSE/WORKSPACE/common2/Third_party/SEGGER/Config" -I"C:/Users/ajitp/OneDrive/Documents/Embedded_systems_courses/FREERTOS_COURSE/WORKSPACE/common2/Third_party/SEGGER/SEGGER" -I"C:/Users/ajitp/OneDrive/Documents/Embedded_systems_courses/FREERTOS_COURSE/WORKSPACE/common2/Third_party/FreeRTOS/portable/GCC/ARM_CM4F" -I"C:/Users/ajitp/OneDrive/Documents/Embedded_systems_courses/FREERTOS_COURSE/WORKSPACE/common2/Third_party/SEGGER/OS" -I"C:/Users/ajitp/OneDrive/Documents/Embedded_systems_courses/FREERTOS_COURSE/WORKSPACE/common2/Third_party/FreeRTOS/include" -O0 -ffunction-sections -fdata-sections -Wall -fstack-usage -MMD -MP -MF"Drivers/STM32H7xx_HAL_Driver/Src/stm32h7xx_hal_i2c_ex.d" -MT"Drivers/STM32H7xx_HAL_Driver/Src/stm32h7xx_hal_i2c_ex.o" --specs=nano.specs -mfpu=fpv5-d16 -mfloat-abi=hard -mthumb -o "Drivers/STM32H7xx_HAL_Driver/Src/stm32h7xx_hal_i2c_ex.o"
arm-none-eabi-gcc "../Drivers/STM32H7xx_HAL_Driver/Src/stm32h7xx_hal_mdma.c" -mcpu=cortex-m7 -std=gnu11 -g3 -DDEBUG -DUSE_HAL_DRIVER -DSTM32H7A3xxQ -c -I../Core/Inc -I../Drivers/STM32H7xx_HAL_Driver/Inc -I../Drivers/STM32H7xx_HAL_Driver/Inc/Legacy -I../Drivers/CMSIS/Device/ST/STM32H7xx/Include -I../Drivers/CMSIS/Include -I"C:/Users/ajitp/OneDrive/Documents/Embedded_systems_courses/FREERTOS_COURSE/WORKSPACE/common2/Third_party/FreeRTOS/include" -I"C:/Users/ajitp/OneDrive/Documents/Embedded_systems_courses/FREERTOS_COURSE/WORKSPACE/common2/Third_party/SEGGER/Config" -I"C:/Users/ajitp/OneDrive/Documents/Embedded_systems_courses/FREERTOS_COURSE/WORKSPACE/common2/Third_party/SEGGER/SEGGER" -I"C:/Users/ajitp/OneDrive/Documents/Embedded_systems_courses/FREERTOS_COURSE/WORKSPACE/common2/Third_party/FreeRTOS/portable/GCC/ARM_CM4F" -I"C:/Users/ajitp/OneDrive/Documents/Embedded_systems_courses/FREERTOS_COURSE/WORKSPACE/common2/Third_party/SEGGER/OS" -I"C:/Users/ajitp/OneDrive/Documents/Embedded_systems_courses/FREERTOS_COURSE/WORKSPACE/common2/Third_party/FreeRTOS/include" -O0 -ffunction-sections -fdata-sections -Wall -fstack-usage -MMD -MP -MF"Drivers/STM32H7xx_HAL_Driver/Src/stm32h7xx_hal_mdma.d" -MT"Drivers/STM32H7xx_HAL_Driver/Src/stm32h7xx_hal_mdma.o" --specs=nano.specs -mfpu=fpv5-d16 -mfloat-abi=hard -mthumb -o "Drivers/STM32H7xx_HAL_Driver/Src/stm32h7xx_hal_mdma.o"
arm-none-eabi-gcc "../Drivers/STM32H7xx_HAL_Driver/Src/stm32h7xx_hal_pwr.c" -mcpu=cortex-m7 -std=gnu11 -g3 -DDEBUG -DUSE_HAL_DRIVER -DSTM32H7A3xxQ -c -I../Core/Inc -I../Drivers/STM32H7xx_HAL_Driver/Inc -I../Drivers/STM32H7xx_HAL_Driver/Inc/Legacy -I../Drivers/CMSIS/Device/ST/STM32H7xx/Include -I../Drivers/CMSIS/Include -I"C:/Users/ajitp/OneDrive/Documents/Embedded_systems_courses/FREERTOS_COURSE/WORKSPACE/common2/Third_party/FreeRTOS/include" -I"C:/Users/ajitp/OneDrive/Documents/Embedded_systems_courses/FREERTOS_COURSE/WORKSPACE/common2/Third_party/SEGGER/Config" -I"C:/Users/ajitp/OneDrive/Documents/Embedded_systems_courses/FREERTOS_COURSE/WORKSPACE/common2/Third_party/SEGGER/SEGGER" -I"C:/Users/ajitp/OneDrive/Documents/Embedded_systems_courses/FREERTOS_COURSE/WORKSPACE/common2/Third_party/FreeRTOS/portable/GCC/ARM_CM4F" -I"C:/Users/ajitp/OneDrive/Documents/Embedded_systems_courses/FREERTOS_COURSE/WORKSPACE/common2/Third_party/SEGGER/OS" -I"C:/Users/ajitp/OneDrive/Documents/Embedded_systems_courses/FREERTOS_COURSE/WORKSPACE/common2/Third_party/FreeRTOS/include" -O0 -ffunction-sections -fdata-sections -Wall -fstack-usage -MMD -MP -MF"Drivers/STM32H7xx_HAL_Driver/Src/stm32h7xx_hal_pwr.d" -MT"Drivers/STM32H7xx_HAL_Driver/Src/stm32h7xx_hal_pwr.o" --specs=nano.specs -mfpu=fpv5-d16 -mfloat-abi=hard -mthumb -o "Drivers/STM32H7xx_HAL_Driver/Src/stm32h7xx_hal_pwr.o"
arm-none-eabi-gcc "../Drivers/STM32H7xx_HAL_Driver/Src/stm32h7xx_hal_pwr_ex.c" -mcpu=cortex-m7 -std=gnu11 -g3 -DDEBUG -DUSE_HAL_DRIVER -DSTM32H7A3xxQ -c -I../Core/Inc -I../Drivers/STM32H7xx_HAL_Driver/Inc -I../Drivers/STM32H7xx_HAL_Driver/Inc/Legacy -I../Drivers/CMSIS/Device/ST/STM32H7xx/Include -I../Drivers/CMSIS/Include -I"C:/Users/ajitp/OneDrive/Documents/Embedded_systems_courses/FREERTOS_COURSE/WORKSPACE/common2/Third_party/FreeRTOS/include" -I"C:/Users/ajitp/OneDrive/Documents/Embedded_systems_courses/FREERTOS_COURSE/WORKSPACE/common2/Third_party/SEGGER/Config" -I"C:/Users/ajitp/OneDrive/Documents/Embedded_systems_courses/FREERTOS_COURSE/WORKSPACE/common2/Third_party/SEGGER/SEGGER" -I"C:/Users/ajitp/OneDrive/Documents/Embedded_systems_courses/FREERTOS_COURSE/WORKSPACE/common2/Third_party/FreeRTOS/portable/GCC/ARM_CM4F" -I"C:/Users/ajitp/OneDrive/Documents/Embedded_systems_courses/FREERTOS_COURSE/WORKSPACE/common2/Third_party/SEGGER/OS" -I"C:/Users/ajitp/OneDrive/Documents/Embedded_systems_courses/FREERTOS_COURSE/WORKSPACE/common2/Third_party/FreeRTOS/include" -O0 -ffunction-sections -fdata-sections -Wall -fstack-usage -MMD -MP -MF"Drivers/STM32H7xx_HAL_Driver/Src/stm32h7xx_hal_pwr_ex.d" -MT"Drivers/STM32H7xx_HAL_Driver/Src/stm32h7xx_hal_pwr_ex.o" --specs=nano.specs -mfpu=fpv5-d16 -mfloat-abi=hard -mthumb -o "Drivers/STM32H7xx_HAL_Driver/Src/stm32h7xx_hal_pwr_ex.o"
arm-none-eabi-gcc "../Drivers/STM32H7xx_HAL_Driver/Src/stm32h7xx_hal_rcc.c" -mcpu=cortex-m7 -std=gnu11 -g3 -DDEBUG -DUSE_HAL_DRIVER -DSTM32H7A3xxQ -c -I../Core/Inc -I../Drivers/STM32H7xx_HAL_Driver/Inc -I../Drivers/STM32H7xx_HAL_Driver/Inc/Legacy -I../Drivers/CMSIS/Device/ST/STM32H7xx/Include -I../Drivers/CMSIS/Include -I"C:/Users/ajitp/OneDrive/Documents/Embedded_systems_courses/FREERTOS_COURSE/WORKSPACE/common2/Third_party/FreeRTOS/include" -I"C:/Users/ajitp/OneDrive/Documents/Embedded_systems_courses/FREERTOS_COURSE/WORKSPACE/common2/Third_party/SEGGER/Config" -I"C:/Users/ajitp/OneDrive/Documents/Embedded_systems_courses/FREERTOS_COURSE/WORKSPACE/common2/Third_party/SEGGER/SEGGER" -I"C:/Users/ajitp/OneDrive/Documents/Embedded_systems_courses/FREERTOS_COURSE/WORKSPACE/common2/Third_party/FreeRTOS/portable/GCC/ARM_CM4F" -I"C:/Users/ajitp/OneDrive/Documents/Embedded_systems_courses/FREERTOS_COURSE/WORKSPACE/common2/Third_party/SEGGER/OS" -I"C:/Users/ajitp/OneDrive/Documents/Embedded_systems_courses/FREERTOS_COURSE/WORKSPACE/common2/Third_party/FreeRTOS/include" -O0 -ffunction-sections -fdata-sections -Wall -fstack-usage -MMD -MP -MF"Drivers/STM32H7xx_HAL_Driver/Src/stm32h7xx_hal_rcc.d" -MT"Drivers/STM32H7xx_HAL_Driver/Src/stm32h7xx_hal_rcc.o" --specs=nano.specs -mfpu=fpv5-d16 -mfloat-abi=hard -mthumb -o "Drivers/STM32H7xx_HAL_Driver/Src/stm32h7xx_hal_rcc.o"
arm-none-eabi-gcc "../Drivers/STM32H7xx_HAL_Driver/Src/stm32h7xx_hal_rcc_ex.c" -mcpu=cortex-m7 -std=gnu11 -g3 -DDEBUG -DUSE_HAL_DRIVER -DSTM32H7A3xxQ -c -I../Core/Inc -I../Drivers/STM32H7xx_HAL_Driver/Inc -I../Drivers/STM32H7xx_HAL_Driver/Inc/Legacy -I../Drivers/CMSIS/Device/ST/STM32H7xx/Include -I../Drivers/CMSIS/Include -I"C:/Users/ajitp/OneDrive/Documents/Embedded_systems_courses/FREERTOS_COURSE/WORKSPACE/common2/Third_party/FreeRTOS/include" -I"C:/Users/ajitp/OneDrive/Documents/Embedded_systems_courses/FREERTOS_COURSE/WORKSPACE/common2/Third_party/SEGGER/Config" -I"C:/Users/ajitp/OneDrive/Documents/Embedded_systems_courses/FREERTOS_COURSE/WORKSPACE/common2/Third_party/SEGGER/SEGGER" -I"C:/Users/ajitp/OneDrive/Documents/Embedded_systems_courses/FREERTOS_COURSE/WORKSPACE/common2/Third_party/FreeRTOS/portable/GCC/ARM_CM4F" -I"C:/Users/ajitp/OneDrive/Documents/Embedded_systems_courses/FREERTOS_COURSE/WORKSPACE/common2/Third_party/SEGGER/OS" -I"C:/Users/ajitp/OneDrive/Documents/Embedded_systems_courses/FREERTOS_COURSE/WORKSPACE/common2/Third_party/FreeRTOS/include" -O0 -ffunction-sections -fdata-sections -Wall -fstack-usage -MMD -MP -MF"Drivers/STM32H7xx_HAL_Driver/Src/stm32h7xx_hal_rcc_ex.d" -MT"Drivers/STM32H7xx_HAL_Driver/Src/stm32h7xx_hal_rcc_ex.o" --specs=nano.specs -mfpu=fpv5-d16 -mfloat-abi=hard -mthumb -o "Drivers/STM32H7xx_HAL_Driver/Src/stm32h7xx_hal_rcc_ex.o"
arm-none-eabi-gcc "../Drivers/STM32H7xx_HAL_Driver/Src/stm32h7xx_hal_tim.c" -mcpu=cortex-m7 -std=gnu11 -g3 -DDEBUG -DUSE_HAL_DRIVER -DSTM32H7A3xxQ -c -I../Core/Inc -I../Drivers/STM32H7xx_HAL_Driver/Inc -I../Drivers/STM32H7xx_HAL_Driver/Inc/Legacy -I../Drivers/CMSIS/Device/ST/STM32H7xx/Include -I../Drivers/CMSIS/Include -I"C:/Users/ajitp/OneDrive/Documents/Embedded_systems_courses/FREERTOS_COURSE/WORKSPACE/common2/Third_party/FreeRTOS/include" -I"C:/Users/ajitp/OneDrive/Documents/Embedded_systems_courses/FREERTOS_COURSE/WORKSPACE/common2/Third_party/SEGGER/Config" -I"C:/Users/ajitp/OneDrive/Documents/Embedded_systems_courses/FREERTOS_COURSE/WORKSPACE/common2/Third_party/SEGGER/SEGGER" -I"C:/Users/ajitp/OneDrive/Documents/Embedded_systems_courses/FREERTOS_COURSE/WORKSPACE/common2/Third_party/FreeRTOS/portable/GCC/ARM_CM4F" -I"C:/Users/ajitp/OneDrive/Documents/Embedded_systems_courses/FREERTOS_COURSE/WORKSPACE/common2/Third_party/SEGGER/OS" -I"C:/Users/ajitp/OneDrive/Documents/Embedded_systems_courses/FREERTOS_COURSE/WORKSPACE/common2/Third_party/FreeRTOS/include" -O0 -ffunction-sections -fdata-sections -Wall -fstack-usage -MMD -MP -MF"Drivers/STM32H7xx_HAL_Driver/Src/stm32h7xx_hal_tim.d" -MT"Drivers/STM32H7xx_HAL_Driver/Src/stm32h7xx_hal_tim.o" --specs=nano.specs -mfpu=fpv5-d16 -mfloat-abi=hard -mthumb -o "Drivers/STM32H7xx_HAL_Driver/Src/stm32h7xx_hal_tim.o"
arm-none-eabi-gcc "../Drivers/STM32H7xx_HAL_Driver/Src/stm32h7xx_hal_tim_ex.c" -mcpu=cortex-m7 -std=gnu11 -g3 -DDEBUG -DUSE_HAL_DRIVER -DSTM32H7A3xxQ -c -I../Core/Inc -I../Drivers/STM32H7xx_HAL_Driver/Inc -I../Drivers/STM32H7xx_HAL_Driver/Inc/Legacy -I../Drivers/CMSIS/Device/ST/STM32H7xx/Include -I../Drivers/CMSIS/Include -I"C:/Users/ajitp/OneDrive/Documents/Embedded_systems_courses/FREERTOS_COURSE/WORKSPACE/common2/Third_party/FreeRTOS/include" -I"C:/Users/ajitp/OneDrive/Documents/Embedded_systems_courses/FREERTOS_COURSE/WORKSPACE/common2/Third_party/SEGGER/Config" -I"C:/Users/ajitp/OneDrive/Documents/Embedded_systems_courses/FREERTOS_COURSE/WORKSPACE/common2/Third_party/SEGGER/SEGGER" -I"C:/Users/ajitp/OneDrive/Documents/Embedded_systems_courses/FREERTOS_COURSE/WORKSPACE/common2/Third_party/FreeRTOS/portable/GCC/ARM_CM4F" -I"C:/Users/ajitp/OneDrive/Documents/Embedded_systems_courses/FREERTOS_COURSE/WORKSPACE/common2/Third_party/SEGGER/OS" -I"C:/Users/ajitp/OneDrive/Documents/Embedded_systems_courses/FREERTOS_COURSE/WORKSPACE/common2/Third_party/FreeRTOS/include" -O0 -ffunction-sections -fdata-sections -Wall -fstack-usage -MMD -MP -MF"Drivers/STM32H7xx_HAL_Driver/Src/stm32h7xx_hal_tim_ex.d" -MT"Drivers/STM32H7xx_HAL_Driver/Src/stm32h7xx_hal_tim_ex.o" --specs=nano.specs -mfpu=fpv5-d16 -mfloat-abi=hard -mthumb -o "Drivers/STM32H7xx_HAL_Driver/Src/stm32h7xx_hal_tim_ex.o"
arm-none-eabi-gcc "../Drivers/STM32H7xx_HAL_Driver/Src/stm32h7xx_hal_uart.c" -mcpu=cortex-m7 -std=gnu11 -g3 -DDEBUG -DUSE_HAL_DRIVER -DSTM32H7A3xxQ -c -I../Core/Inc -I../Drivers/STM32H7xx_HAL_Driver/Inc -I../Drivers/STM32H7xx_HAL_Driver/Inc/Legacy -I../Drivers/CMSIS/Device/ST/STM32H7xx/Include -I../Drivers/CMSIS/Include -I"C:/Users/ajitp/OneDrive/Documents/Embedded_systems_courses/FREERTOS_COURSE/WORKSPACE/common2/Third_party/FreeRTOS/include" -I"C:/Users/ajitp/OneDrive/Documents/Embedded_systems_courses/FREERTOS_COURSE/WORKSPACE/common2/Third_party/SEGGER/Config" -I"C:/Users/ajitp/OneDrive/Documents/Embedded_systems_courses/FREERTOS_COURSE/WORKSPACE/common2/Third_party/SEGGER/SEGGER" -I"C:/Users/ajitp/OneDrive/Documents/Embedded_systems_courses/FREERTOS_COURSE/WORKSPACE/common2/Third_party/FreeRTOS/portable/GCC/ARM_CM4F" -I"C:/Users/ajitp/OneDrive/Documents/Embedded_systems_courses/FREERTOS_COURSE/WORKSPACE/common2/Third_party/SEGGER/OS" -I"C:/Users/ajitp/OneDrive/Documents/Embedded_systems_courses/FREERTOS_COURSE/WORKSPACE/common2/Third_party/FreeRTOS/include" -O0 -ffunction-sections -fdata-sections -Wall -fstack-usage -MMD -MP -MF"Drivers/STM32H7xx_HAL_Driver/Src/stm32h7xx_hal_uart.d" -MT"Drivers/STM32H7xx_HAL_Driver/Src/stm32h7xx_hal_uart.o" --specs=nano.specs -mfpu=fpv5-d16 -mfloat-abi=hard -mthumb -o "Drivers/STM32H7xx_HAL_Driver/Src/stm32h7xx_hal_uart.o"
arm-none-eabi-gcc "../Drivers/STM32H7xx_HAL_Driver/Src/stm32h7xx_hal_uart_ex.c" -mcpu=cortex-m7 -std=gnu11 -g3 -DDEBUG -DUSE_HAL_DRIVER -DSTM32H7A3xxQ -c -I../Core/Inc -I../Drivers/STM32H7xx_HAL_Driver/Inc -I../Drivers/STM32H7xx_HAL_Driver/Inc/Legacy -I../Drivers/CMSIS/Device/ST/STM32H7xx/Include -I../Drivers/CMSIS/Include -I"C:/Users/ajitp/OneDrive/Documents/Embedded_systems_courses/FREERTOS_COURSE/WORKSPACE/common2/Third_party/FreeRTOS/include" -I"C:/Users/ajitp/OneDrive/Documents/Embedded_systems_courses/FREERTOS_COURSE/WORKSPACE/common2/Third_party/SEGGER/Config" -I"C:/Users/ajitp/OneDrive/Documents/Embedded_systems_courses/FREERTOS_COURSE/WORKSPACE/common2/Third_party/SEGGER/SEGGER" -I"C:/Users/ajitp/OneDrive/Documents/Embedded_systems_courses/FREERTOS_COURSE/WORKSPACE/common2/Third_party/FreeRTOS/portable/GCC/ARM_CM4F" -I"C:/Users/ajitp/OneDrive/Documents/Embedded_systems_courses/FREERTOS_COURSE/WORKSPACE/common2/Third_party/SEGGER/OS" -I"C:/Users/ajitp/OneDrive/Documents/Embedded_systems_courses/FREERTOS_COURSE/WORKSPACE/common2/Third_party/FreeRTOS/include" -O0 -ffunction-sections -fdata-sections -Wall -fstack-usage -MMD -MP -MF"Drivers/STM32H7xx_HAL_Driver/Src/stm32h7xx_hal_uart_ex.d" -MT"Drivers/STM32H7xx_HAL_Driver/Src/stm32h7xx_hal_uart_ex.o" --specs=nano.specs -mfpu=fpv5-d16 -mfloat-abi=hard -mthumb -o "Drivers/STM32H7xx_HAL_Driver/Src/stm32h7xx_hal_uart_ex.o"
arm-none-eabi-gcc "../Core/Src/main.c" -mcpu=cortex-m7 -std=gnu11 -g3 -DDEBUG -DUSE_HAL_DRIVER -DSTM32H7A3xxQ -c -I../Core/Inc -I../Drivers/STM32H7xx_HAL_Driver/Inc -I../Drivers/STM32H7xx_HAL_Driver/Inc/Legacy -I../Drivers/CMSIS/Device/ST/STM32H7xx/Include -I../Drivers/CMSIS/Include -I"C:/Users/ajitp/OneDrive/Documents/Embedded_systems_courses/FREERTOS_COURSE/WORKSPACE/common2/Third_party/FreeRTOS/include" -I"C:/Users/ajitp/OneDrive/Documents/Embedded_systems_courses/FREERTOS_COURSE/WORKSPACE/common2/Third_party/SEGGER/Config" -I"C:/Users/ajitp/OneDrive/Documents/Embedded_systems_courses/FREERTOS_COURSE/WORKSPACE/common2/Third_party/SEGGER/SEGGER" -I"C:/Users/ajitp/OneDrive/Documents/Embedded_systems_courses/FREERTOS_COURSE/WORKSPACE/common2/Third_party/FreeRTOS/portable/GCC/ARM_CM4F" -I"C:/Users/ajitp/OneDrive/Documents/Embedded_systems_courses/FREERTOS_COURSE/WORKSPACE/common2/Third_party/SEGGER/OS" -I"C:/Users/ajitp/OneDrive/Documents/Embedded_systems_courses/FREERTOS_COURSE/WORKSPACE/common2/Third_party/FreeRTOS/include" -O0 -ffunction-sections -fdata-sections -Wall -fstack-usage -MMD -MP -MF"Core/Src/main.d" -MT"Core/Src/main.o" --specs=nano.specs -mfpu=fpv5-d16 -mfloat-abi=hard -mthumb -o "Core/Src/main.o"
arm-none-eabi-gcc "../Core/Src/stm32h7xx_hal_msp.c" -mcpu=cortex-m7 -std=gnu11 -g3 -DDEBUG -DUSE_HAL_DRIVER -DSTM32H7A3xxQ -c -I../Core/Inc -I../Drivers/STM32H7xx_HAL_Driver/Inc -I../Drivers/STM32H7xx_HAL_Driver/Inc/Legacy -I../Drivers/CMSIS/Device/ST/STM32H7xx/Include -I../Drivers/CMSIS/Include -I"C:/Users/ajitp/OneDrive/Documents/Embedded_systems_courses/FREERTOS_COURSE/WORKSPACE/common2/Third_party/FreeRTOS/include" -I"C:/Users/ajitp/OneDrive/Documents/Embedded_systems_courses/FREERTOS_COURSE/WORKSPACE/common2/Third_party/SEGGER/Config" -I"C:/Users/ajitp/OneDrive/Documents/Embedded_systems_courses/FREERTOS_COURSE/WORKSPACE/common2/Third_party/SEGGER/SEGGER" -I"C:/Users/ajitp/OneDrive/Documents/Embedded_systems_courses/FREERTOS_COURSE/WORKSPACE/common2/Third_party/FreeRTOS/portable/GCC/ARM_CM4F" -I"C:/Users/ajitp/OneDrive/Documents/Embedded_systems_courses/FREERTOS_COURSE/WORKSPACE/common2/Third_party/SEGGER/OS" -I"C:/Users/ajitp/OneDrive/Documents/Embedded_systems_courses/FREERTOS_COURSE/WORKSPACE/common2/Third_party/FreeRTOS/include" -O0 -ffunction-sections -fdata-sections -Wall -fstack-usage -MMD -MP -MF"Core/Src/stm32h7xx_hal_msp.d" -MT"Core/Src/stm32h7xx_hal_msp.o" --specs=nano.specs -mfpu=fpv5-d16 -mfloat-abi=hard -mthumb -o "Core/Src/stm32h7xx_hal_msp.o"
arm-none-eabi-gcc "../Core/Src/stm32h7xx_hal_timebase_tim.c" -mcpu=cortex-m7 -std=gnu11 -g3 -DDEBUG -DUSE_HAL_DRIVER -DSTM32H7A3xxQ -c -I../Core/Inc -I../Drivers/STM32H7xx_HAL_Driver/Inc -I../Drivers/STM32H7xx_HAL_Driver/Inc/Legacy -I../Drivers/CMSIS/Device/ST/STM32H7xx/Include -I../Drivers/CMSIS/Include -I"C:/Users/ajitp/OneDrive/Documents/Embedded_systems_courses/FREERTOS_COURSE/WORKSPACE/common2/Third_party/FreeRTOS/include" -I"C:/Users/ajitp/OneDrive/Documents/Embedded_systems_courses/FREERTOS_COURSE/WORKSPACE/common2/Third_party/SEGGER/Config" -I"C:/Users/ajitp/OneDrive/Documents/Embedded_systems_courses/FREERTOS_COURSE/WORKSPACE/common2/Third_party/SEGGER/SEGGER" -I"C:/Users/ajitp/OneDrive/Documents/Embedded_systems_courses/FREERTOS_COURSE/WORKSPACE/common2/Third_party/FreeRTOS/portable/GCC/ARM_CM4F" -I"C:/Users/ajitp/OneDrive/Documents/Embedded_systems_courses/FREERTOS_COURSE/WORKSPACE/common2/Third_party/SEGGER/OS" -I"C:/Users/ajitp/OneDrive/Documents/Embedded_systems_courses/FREERTOS_COURSE/WORKSPACE/common2/Third_party/FreeRTOS/include" -O0 -ffunction-sections -fdata-sections -Wall -fstack-usage -MMD -MP -MF"Core/Src/stm32h7xx_hal_timebase_tim.d" -MT"Core/Src/stm32h7xx_hal_timebase_tim.o" --specs=nano.specs -mfpu=fpv5-d16 -mfloat-abi=hard -mthumb -o "Core/Src/stm32h7xx_hal_timebase_tim.o"
arm-none-eabi-gcc "../Core/Src/stm32h7xx_it.c" -mcpu=cortex-m7 -std=gnu11 -g3 -DDEBUG -DUSE_HAL_DRIVER -DSTM32H7A3xxQ -c -I../Core/Inc -I../Drivers/STM32H7xx_HAL_Driver/Inc -I../Drivers/STM32H7xx_HAL_Driver/Inc/Legacy -I../Drivers/CMSIS/Device/ST/STM32H7xx/Include -I../Drivers/CMSIS/Include -I"C:/Users/ajitp/OneDrive/Documents/Embedded_systems_courses/FREERTOS_COURSE/WORKSPACE/common2/Third_party/FreeRTOS/include" -I"C:/Users/ajitp/OneDrive/Documents/Embedded_systems_courses/FREERTOS_COURSE/WORKSPACE/common2/Third_party/SEGGER/Config" -I"C:/Users/ajitp/OneDrive/Documents/Embedded_systems_courses/FREERTOS_COURSE/WORKSPACE/common2/Third_party/SEGGER/SEGGER" -I"C:/Users/ajitp/OneDrive/Documents/Embedded_systems_courses/FREERTOS_COURSE/WORKSPACE/common2/Third_party/FreeRTOS/portable/GCC/ARM_CM4F" -I"C:/Users/ajitp/OneDrive/Documents/Embedded_systems_courses/FREERTOS_COURSE/WORKSPACE/common2/Third_party/SEGGER/OS" -I"C:/Users/ajitp/OneDrive/Documents/Embedded_systems_courses/FREERTOS_COURSE/WORKSPACE/common2/Third_party/FreeRTOS/include" -O0 -ffunction-sections -fdata-sections -Wall -fstack-usage -MMD -MP -MF"Core/Src/stm32h7xx_it.d" -MT"Core/Src/stm32h7xx_it.o" --specs=nano.specs -mfpu=fpv5-d16 -mfloat-abi=hard -mthumb -o "Core/Src/stm32h7xx_it.o"
arm-none-eabi-gcc "../Core/Src/syscalls.c" -mcpu=cortex-m7 -std=gnu11 -g3 -DDEBUG -DUSE_HAL_DRIVER -DSTM32H7A3xxQ -c -I../Core/Inc -I../Drivers/STM32H7xx_HAL_Driver/Inc -I../Drivers/STM32H7xx_HAL_Driver/Inc/Legacy -I../Drivers/CMSIS/Device/ST/STM32H7xx/Include -I../Drivers/CMSIS/Include -I"C:/Users/ajitp/OneDrive/Documents/Embedded_systems_courses/FREERTOS_COURSE/WORKSPACE/common2/Third_party/FreeRTOS/include" -I"C:/Users/ajitp/OneDrive/Documents/Embedded_systems_courses/FREERTOS_COURSE/WORKSPACE/common2/Third_party/SEGGER/Config" -I"C:/Users/ajitp/OneDrive/Documents/Embedded_systems_courses/FREERTOS_COURSE/WORKSPACE/common2/Third_party/SEGGER/SEGGER" -I"C:/Users/ajitp/OneDrive/Documents/Embedded_systems_courses/FREERTOS_COURSE/WORKSPACE/common2/Third_party/FreeRTOS/portable/GCC/ARM_CM4F" -I"C:/Users/ajitp/OneDrive/Documents/Embedded_systems_courses/FREERTOS_COURSE/WORKSPACE/common2/Third_party/SEGGER/OS" -I"C:/Users/ajitp/OneDrive/Documents/Embedded_systems_courses/FREERTOS_COURSE/WORKSPACE/common2/Third_party/FreeRTOS/include" -O0 -ffunction-sections -fdata-sections -Wall -fstack-usage -MMD -MP -MF"Core/Src/syscalls.d" -MT"Core/Src/syscalls.o" --specs=nano.specs -mfpu=fpv5-d16 -mfloat-abi=hard -mthumb -o "Core/Src/syscalls.o"
arm-none-eabi-gcc "../Core/Src/sysmem.c" -mcpu=cortex-m7 -std=gnu11 -g3 -DDEBUG -DUSE_HAL_DRIVER -DSTM32H7A3xxQ -c -I../Core/Inc -I../Drivers/STM32H7xx_HAL_Driver/Inc -I../Drivers/STM32H7xx_HAL_Driver/Inc/Legacy -I../Drivers/CMSIS/Device/ST/STM32H7xx/Include -I../Drivers/CMSIS/Include -I"C:/Users/ajitp/OneDrive/Documents/Embedded_systems_courses/FREERTOS_COURSE/WORKSPACE/common2/Third_party/FreeRTOS/include" -I"C:/Users/ajitp/OneDrive/Documents/Embedded_systems_courses/FREERTOS_COURSE/WORKSPACE/common2/Third_party/SEGGER/Config" -I"C:/Users/ajitp/OneDrive/Documents/Embedded_systems_courses/FREERTOS_COURSE/WORKSPACE/common2/Third_party/SEGGER/SEGGER" -I"C:/Users/ajitp/OneDrive/Documents/Embedded_systems_courses/FREERTOS_COURSE/WORKSPACE/common2/Third_party/FreeRTOS/portable/GCC/ARM_CM4F" -I"C:/Users/ajitp/OneDrive/Documents/Embedded_systems_courses/FREERTOS_COURSE/WORKSPACE/common2/Third_party/SEGGER/OS" -I"C:/Users/ajitp/OneDrive/Documents/Embedded_systems_courses/FREERTOS_COURSE/WORKSPACE/common2/Third_party/FreeRTOS/include" -O0 -ffunction-sections -fdata-sections -Wall -fstack-usage -MMD -MP -MF"Core/Src/sysmem.d" -MT"Core/Src/sysmem.o" --specs=nano.specs -mfpu=fpv5-d16 -mfloat-abi=hard -mthumb -o "Core/Src/sysmem.o"
arm-none-eabi-gcc "../Core/Src/system_stm32h7xx.c" -mcpu=cortex-m7 -std=gnu11 -g3 -DDEBUG -DUSE_HAL_DRIVER -DSTM32H7A3xxQ -c -I../Core/Inc -I../Drivers/STM32H7xx_HAL_Driver/Inc -I../Drivers/STM32H7xx_HAL_Driver/Inc/Legacy -I../Drivers/CMSIS/Device/ST/STM32H7xx/Include -I../Drivers/CMSIS/Include -I"C:/Users/ajitp/OneDrive/Documents/Embedded_systems_courses/FREERTOS_COURSE/WORKSPACE/common2/Third_party/FreeRTOS/include" -I"C:/Users/ajitp/OneDrive/Documents/Embedded_systems_courses/FREERTOS_COURSE/WORKSPACE/common2/Third_party/SEGGER/Config" -I"C:/Users/ajitp/OneDrive/Documents/Embedded_systems_courses/FREERTOS_COURSE/WORKSPACE/common2/Third_party/SEGGER/SEGGER" -I"C:/Users/ajitp/OneDrive/Documents/Embedded_systems_courses/FREERTOS_COURSE/WORKSPACE/common2/Third_party/FreeRTOS/portable/GCC/ARM_CM4F" -I"C:/Users/ajitp/OneDrive/Documents/Embedded_systems_courses/FREERTOS_COURSE/WORKSPACE/common2/Third_party/SEGGER/OS" -I"C:/Users/ajitp/OneDrive/Documents/Embedded_systems_courses/FREERTOS_COURSE/WORKSPACE/common2/Third_party/FreeRTOS/include" -O0 -ffunction-sections -fdata-sections -Wall -fstack-usage -MMD -MP -MF"Core/Src/system_stm32h7xx.d" -MT"Core/Src/system_stm32h7xx.o" --specs=nano.specs -mfpu=fpv5-d16 -mfloat-abi=hard -mthumb -o "Core/Src/system_stm32h7xx.o"
arm-none-eabi-gcc -o "heap5_checking.elf" @"objects.list"   -mcpu=cortex-m7 -T"C:\Users\ajitp\OneDrive\Documents\Embedded_systems_courses\FREERTOS_COURSE\WORKSPACE\heap5_checking\STM32H7A3ZITXQ_FLASH.ld" --specs=nosys.specs -Wl,-Map="heap5_checking.map" -Wl,--gc-sections -static --specs=nano.specs -mfpu=fpv5-d16 -mfloat-abi=hard -mthumb -Wl,--start-group -lc -lm -Wl,--end-group
c:\st\stm32cubeide_1.11.0\stm32cubeide\plugins\com.st.stm32cube.ide.mcu.externaltools.gnu-tools-for-stm32.10.3-2021.10.win32_1.0.100.202210260954\tools\arm-none-eabi\bin\ld.exe: ./Core/Src/main.o: in function `main':
C:/Users/ajitp/OneDrive/Documents/Embedded_systems_courses/FREERTOS_COURSE/WORKSPACE/heap5_checking/Debug/../Core/Src/main.c:124: undefined reference to `vPortDefineHeapRegions'
collect2.exe: error: ld returned 1 exit status
make: *** [makefile:64: heap5_checking.elf] Error 1
"make -j16 all" terminated with exit code 2. Build might be incomplete.
17:09:34 **** Incremental Build of configuration Debug for project heap5_checking ****
make -j16 all 
arm-none-eabi-gcc -o "heap5_checking.elf" @"objects.list"   -mcpu=cortex-m7 -T"C:\Users\ajitp\OneDrive\Documents\Embedded_systems_courses\FREERTOS_COURSE\WORKSPACE\heap5_checking\STM32H7A3ZITXQ_FLASH.ld" --specs=nosys.specs -Wl,-Map="heap5_checking.map" -Wl,--gc-sections -static --specs=nano.specs -mfpu=fpv5-d16 -mfloat-abi=hard -mthumb -Wl,--start-group -lc -lm -Wl,--end-group
c:\st\stm32cubeide_1.11.0\stm32cubeide\plugins\com.st.stm32cube.ide.mcu.externaltools.gnu-tools-for-stm32.10.3-2021.10.win32_1.0.100.202210260954\tools\arm-none-eabi\bin\ld.exe: ./Core/Src/main.o: in function `main':
C:/Users/ajitp/OneDrive/Documents/Embedded_systems_courses/FREERTOS_COURSE/WORKSPACE/heap5_checking/Debug/../Core/Src/main.c:124: undefined reference to `vPortDefineHeapRegions'
collect2.exe: error: ld returned 1 exit status
make: *** [makefile:64: heap5_checking.elf] Error 1
"make -j16 all" terminated with exit code 2. Build might be incomplete.
17:09:49 **** Clean-only build of configuration Debug for project heap5_checking ****
make -j16 clean 
rm -rf ./Drivers/STM32H7xx_HAL_Driver/Src/stm32h7xx_hal.d ./Drivers/STM32H7xx_HAL_Driver/Src/stm32h7xx_hal.o ./Drivers/STM32H7xx_HAL_Driver/Src/stm32h7xx_hal.su ./Drivers/STM32H7xx_HAL_Driver/Src/stm32h7xx_hal_cortex.d ./Drivers/STM32H7xx_HAL_Driver/Src/stm32h7xx_hal_cortex.o ./Drivers/STM32H7xx_HAL_Driver/Src/stm32h7xx_hal_cortex.su ./Drivers/STM32H7xx_HAL_Driver/Src/stm32h7xx_hal_dma.d ./Drivers/STM32H7xx_HAL_Driver/Src/stm32h7xx_hal_dma.o ./Drivers/STM32H7xx_HAL_Driver/Src/stm32h7xx_hal_dma.su ./Drivers/STM32H7xx_HAL_Driver/Src/stm32h7xx_hal_dma_ex.d ./Drivers/STM32H7xx_HAL_Driver/Src/stm32h7xx_hal_dma_ex.o ./Drivers/STM32H7xx_HAL_Driver/Src/stm32h7xx_hal_dma_ex.su ./Drivers/STM32H7xx_HAL_Driver/Src/stm32h7xx_hal_exti.d ./Drivers/STM32H7xx_HAL_Driver/Src/stm32h7xx_hal_exti.o ./Drivers/STM32H7xx_HAL_Driver/Src/stm32h7xx_hal_exti.su ./Drivers/STM32H7xx_HAL_Driver/Src/stm32h7xx_hal_flash.d ./Drivers/STM32H7xx_HAL_Driver/Src/stm32h7xx_hal_flash.o ./Drivers/STM32H7xx_HAL_Driver/Src/stm32h7xx_hal_flash.su ./Drivers/STM32H7xx_HAL_Driver/Src/stm32h7xx_hal_flash_ex.d ./Drivers/STM32H7xx_HAL_Driver/Src/stm32h7xx_hal_flash_ex.o ./Drivers/STM32H7xx_HAL_Driver/Src/stm32h7xx_hal_flash_ex.su ./Drivers/STM32H7xx_HAL_Driver/Src/stm32h7xx_hal_gpio.d ./Drivers/STM32H7xx_HAL_Driver/Src/stm32h7xx_hal_gpio.o ./Drivers/STM32H7xx_HAL_Driver/Src/stm32h7xx_hal_gpio.su ./Drivers/STM32H7xx_HAL_Driver/Src/stm32h7xx_hal_hsem.d ./Drivers/STM32H7xx_HAL_Driver/Src/stm32h7xx_hal_hsem.o ./Drivers/STM32H7xx_HAL_Driver/Src/stm32h7xx_hal_hsem.su ./Drivers/STM32H7xx_HAL_Driver/Src/stm32h7xx_hal_i2c.d ./Drivers/STM32H7xx_HAL_Driver/Src/stm32h7xx_hal_i2c.o ./Drivers/STM32H7xx_HAL_Driver/Src/stm32h7xx_hal_i2c.su ./Drivers/STM32H7xx_HAL_Driver/Src/stm32h7xx_hal_i2c_ex.d ./Drivers/STM32H7xx_HAL_Driver/Src/stm32h7xx_hal_i2c_ex.o ./Drivers/STM32H7xx_HAL_Driver/Src/stm32h7xx_hal_i2c_ex.su ./Drivers/STM32H7xx_HAL_Driver/Src/stm32h7xx_hal_mdma.d ./Drivers/STM32H7xx_HAL_Driver/Src/stm32h7xx_hal_mdma.o ./Drivers/STM32H7xx_HAL_Driver/Src/stm32h7xx_hal_mdma.su ./Drivers/STM32H7xx_HAL_Driver/Src/stm32h7xx_hal_pwr.d ./Drivers/STM32H7xx_HAL_Driver/Src/stm32h7xx_hal_pwr.o ./Drivers/STM32H7xx_HAL_Driver/Src/stm32h7xx_hal_pwr.su ./Drivers/STM32H7xx_HAL_Driver/Src/stm32h7xx_hal_pwr_ex.d ./Drivers/STM32H7xx_HAL_Driver/Src/stm32h7xx_hal_pwr_ex.o ./Drivers/STM32H7xx_HAL_Driver/Src/stm32h7xx_hal_pwr_ex.su ./Drivers/STM32H7xx_HAL_Driver/Src/stm32h7xx_hal_rcc.d ./Drivers/STM32H7xx_HAL_Driver/Src/stm32h7xx_hal_rcc.o ./Drivers/STM32H7xx_HAL_Driver/Src/stm32h7xx_hal_rcc.su ./Drivers/STM32H7xx_HAL_Driver/Src/stm32h7xx_hal_rcc_ex.d ./Drivers/STM32H7xx_HAL_Driver/Src/stm32h7xx_hal_rcc_ex.o ./Drivers/STM32H7xx_HAL_Driver/Src/stm32h7xx_hal_rcc_ex.su ./Drivers/STM32H7xx_HAL_Driver/Src/stm32h7xx_hal_tim.d ./Drivers/STM32H7xx_HAL_Driver/Src/stm32h7xx_hal_tim.o ./Drivers/STM32H7xx_HAL_Driver/Src/stm32h7xx_hal_tim.su ./Drivers/STM32H7xx_HAL_Driver/Src/stm32h7xx_hal_tim_ex.d ./Drivers/STM32H7xx_HAL_Driver/Src/stm32h7xx_hal_tim_ex.o ./Drivers/STM32H7xx_HAL_Driver/Src/stm32h7xx_hal_tim_ex.su ./Drivers/STM32H7xx_HAL_Driver/Src/stm32h7xx_hal_uart.d ./Drivers/STM32H7xx_HAL_Driver/Src/stm32h7xx_hal_uart.o ./Drivers/STM32H7xx_HAL_Driver/Src/stm32h7xx_hal_uart.su ./Drivers/STM32H7xx_HAL_Driver/Src/stm32h7xx_hal_uart_ex.d ./Drivers/STM32H7xx_HAL_Driver/Src/stm32h7xx_hal_uart_ex.o ./Drivers/STM32H7xx_HAL_Driver/Src/stm32h7xx_hal_uart_ex.su
rm -rf ./Core/Startup/startup_stm32h7a3zitxq.d ./Core/Startup/startup_stm32h7a3zitxq.o
rm -rf ./Core/Src/main.d ./Core/Src/main.o ./Core/Src/main.su ./Core/Src/stm32h7xx_hal_msp.d ./Core/Src/stm32h7xx_hal_msp.o ./Core/Src/stm32h7xx_hal_msp.su ./Core/Src/stm32h7xx_hal_timebase_tim.d ./Core/Src/stm32h7xx_hal_timebase_tim.o ./Core/Src/stm32h7xx_hal_timebase_tim.su ./Core/Src/stm32h7xx_it.d ./Core/Src/stm32h7xx_it.o ./Core/Src/stm32h7xx_it.su ./Core/Src/syscalls.d ./Core/Src/syscalls.o ./Core/Src/syscalls.su ./Core/Src/sysmem.d ./Core/Src/sysmem.o ./Core/Src/sysmem.su ./Core/Src/system_stm32h7xx.d ./Core/Src/system_stm32h7xx.o ./Core/Src/system_stm32h7xx.su
rm -rf default.size.stdout heap5_checking.elf heap5_checking.list heap5_checking.map
 
17:09:49 **** Incremental Build of configuration Debug for project heap5_checking ****
make -j16 all 
arm-none-eabi-gcc "C:/Users/ajitp/OneDrive/Documents/Embedded_systems_courses/FREERTOS_COURSE/WORKSPACE/common2/Third_party/SEGGER/SEGGER/Syscalls/SEGGER_RTT_Syscalls_GCC.c" -mcpu=cortex-m7 -std=gnu11 -g3 -DDEBUG -DUSE_HAL_DRIVER -DSTM32H7A3xxQ -c -I../Core/Inc -I../Drivers/STM32H7xx_HAL_Driver/Inc -I../Drivers/STM32H7xx_HAL_Driver/Inc/Legacy -I../Drivers/CMSIS/Device/ST/STM32H7xx/Include -I../Drivers/CMSIS/Include -I"C:/Users/ajitp/OneDrive/Documents/Embedded_systems_courses/FREERTOS_COURSE/WORKSPACE/common2/Third_party/FreeRTOS/include" -I"C:/Users/ajitp/OneDrive/Documents/Embedded_systems_courses/FREERTOS_COURSE/WORKSPACE/common2/Third_party/SEGGER/Config" -I"C:/Users/ajitp/OneDrive/Documents/Embedded_systems_courses/FREERTOS_COURSE/WORKSPACE/common2/Third_party/SEGGER/SEGGER" -I"C:/Users/ajitp/OneDrive/Documents/Embedded_systems_courses/FREERTOS_COURSE/WORKSPACE/common2/Third_party/FreeRTOS/portable/GCC/ARM_CM4F" -I"C:/Users/ajitp/OneDrive/Documents/Embedded_systems_courses/FREERTOS_COURSE/WORKSPACE/common2/Third_party/SEGGER/OS" -I"C:/Users/ajitp/OneDrive/Documents/Embedded_systems_courses/FREERTOS_COURSE/WORKSPACE/common2/Third_party/FreeRTOS/include" -O0 -ffunction-sections -fdata-sections -Wall -fstack-usage -MMD -MP -MF"common2/Third_party/SEGGER/SEGGER/Syscalls/SEGGER_RTT_Syscalls_GCC.d" -MT"common2/Third_party/SEGGER/SEGGER/Syscalls/SEGGER_RTT_Syscalls_GCC.o" --specs=nano.specs -mfpu=fpv5-d16 -mfloat-abi=hard -mthumb -o "common2/Third_party/SEGGER/SEGGER/Syscalls/SEGGER_RTT_Syscalls_GCC.o"
arm-none-eabi-gcc "C:/Users/ajitp/OneDrive/Documents/Embedded_systems_courses/FREERTOS_COURSE/WORKSPACE/common2/Third_party/SEGGER/SEGGER/SEGGER_RTT.c" -mcpu=cortex-m7 -std=gnu11 -g3 -DDEBUG -DUSE_HAL_DRIVER -DSTM32H7A3xxQ -c -I../Core/Inc -I../Drivers/STM32H7xx_HAL_Driver/Inc -I../Drivers/STM32H7xx_HAL_Driver/Inc/Legacy -I../Drivers/CMSIS/Device/ST/STM32H7xx/Include -I../Drivers/CMSIS/Include -I"C:/Users/ajitp/OneDrive/Documents/Embedded_systems_courses/FREERTOS_COURSE/WORKSPACE/common2/Third_party/FreeRTOS/include" -I"C:/Users/ajitp/OneDrive/Documents/Embedded_systems_courses/FREERTOS_COURSE/WORKSPACE/common2/Third_party/SEGGER/Config" -I"C:/Users/ajitp/OneDrive/Documents/Embedded_systems_courses/FREERTOS_COURSE/WORKSPACE/common2/Third_party/SEGGER/SEGGER" -I"C:/Users/ajitp/OneDrive/Documents/Embedded_systems_courses/FREERTOS_COURSE/WORKSPACE/common2/Third_party/FreeRTOS/portable/GCC/ARM_CM4F" -I"C:/Users/ajitp/OneDrive/Documents/Embedded_systems_courses/FREERTOS_COURSE/WORKSPACE/common2/Third_party/SEGGER/OS" -I"C:/Users/ajitp/OneDrive/Documents/Embedded_systems_courses/FREERTOS_COURSE/WORKSPACE/common2/Third_party/FreeRTOS/include" -O0 -ffunction-sections -fdata-sections -Wall -fstack-usage -MMD -MP -MF"common2/Third_party/SEGGER/SEGGER/SEGGER_RTT.d" -MT"common2/Third_party/SEGGER/SEGGER/SEGGER_RTT.o" --specs=nano.specs -mfpu=fpv5-d16 -mfloat-abi=hard -mthumb -o "common2/Third_party/SEGGER/SEGGER/SEGGER_RTT.o"
arm-none-eabi-gcc -mcpu=cortex-m7 -g3 -DDEBUG -c -I"C:/Users/ajitp/OneDrive/Documents/Embedded_systems_courses/FREERTOS_COURSE/WORKSPACE/common2/Third_party/SEGGER/Config" -I"C:/Users/ajitp/OneDrive/Documents/Embedded_systems_courses/FREERTOS_COURSE/WORKSPACE/common2/Third_party/SEGGER/SEGGER" -x assembler-with-cpp -MMD -MP -MF"common2/Third_party/SEGGER/SEGGER/SEGGER_RTT_ASM_ARMv7M.d" -MT"common2/Third_party/SEGGER/SEGGER/SEGGER_RTT_ASM_ARMv7M.o" --specs=nano.specs -mfpu=fpv5-d16 -mfloat-abi=hard -mthumb -o "common2/Third_party/SEGGER/SEGGER/SEGGER_RTT_ASM_ARMv7M.o" "C:/Users/ajitp/OneDrive/Documents/Embedded_systems_courses/FREERTOS_COURSE/WORKSPACE/common2/Third_party/SEGGER/SEGGER/SEGGER_RTT_ASM_ARMv7M.S"
arm-none-eabi-gcc "C:/Users/ajitp/OneDrive/Documents/Embedded_systems_courses/FREERTOS_COURSE/WORKSPACE/common2/Third_party/SEGGER/SEGGER/SEGGER_RTT_printf.c" -mcpu=cortex-m7 -std=gnu11 -g3 -DDEBUG -DUSE_HAL_DRIVER -DSTM32H7A3xxQ -c -I../Core/Inc -I../Drivers/STM32H7xx_HAL_Driver/Inc -I../Drivers/STM32H7xx_HAL_Driver/Inc/Legacy -I../Drivers/CMSIS/Device/ST/STM32H7xx/Include -I../Drivers/CMSIS/Include -I"C:/Users/ajitp/OneDrive/Documents/Embedded_systems_courses/FREERTOS_COURSE/WORKSPACE/common2/Third_party/FreeRTOS/include" -I"C:/Users/ajitp/OneDrive/Documents/Embedded_systems_courses/FREERTOS_COURSE/WORKSPACE/common2/Third_party/SEGGER/Config" -I"C:/Users/ajitp/OneDrive/Documents/Embedded_systems_courses/FREERTOS_COURSE/WORKSPACE/common2/Third_party/SEGGER/SEGGER" -I"C:/Users/ajitp/OneDrive/Documents/Embedded_systems_courses/FREERTOS_COURSE/WORKSPACE/common2/Third_party/FreeRTOS/portable/GCC/ARM_CM4F" -I"C:/Users/ajitp/OneDrive/Documents/Embedded_systems_courses/FREERTOS_COURSE/WORKSPACE/common2/Third_party/SEGGER/OS" -I"C:/Users/ajitp/OneDrive/Documents/Embedded_systems_courses/FREERTOS_COURSE/WORKSPACE/common2/Third_party/FreeRTOS/include" -O0 -ffunction-sections -fdata-sections -Wall -fstack-usage -MMD -MP -MF"common2/Third_party/SEGGER/SEGGER/SEGGER_RTT_printf.d" -MT"common2/Third_party/SEGGER/SEGGER/SEGGER_RTT_printf.o" --specs=nano.specs -mfpu=fpv5-d16 -mfloat-abi=hard -mthumb -o "common2/Third_party/SEGGER/SEGGER/SEGGER_RTT_printf.o"
arm-none-eabi-gcc "C:/Users/ajitp/OneDrive/Documents/Embedded_systems_courses/FREERTOS_COURSE/WORKSPACE/common2/Third_party/SEGGER/SEGGER/SEGGER_SYSVIEW.c" -mcpu=cortex-m7 -std=gnu11 -g3 -DDEBUG -DUSE_HAL_DRIVER -DSTM32H7A3xxQ -c -I../Core/Inc -I../Drivers/STM32H7xx_HAL_Driver/Inc -I../Drivers/STM32H7xx_HAL_Driver/Inc/Legacy -I../Drivers/CMSIS/Device/ST/STM32H7xx/Include -I../Drivers/CMSIS/Include -I"C:/Users/ajitp/OneDrive/Documents/Embedded_systems_courses/FREERTOS_COURSE/WORKSPACE/common2/Third_party/FreeRTOS/include" -I"C:/Users/ajitp/OneDrive/Documents/Embedded_systems_courses/FREERTOS_COURSE/WORKSPACE/common2/Third_party/SEGGER/Config" -I"C:/Users/ajitp/OneDrive/Documents/Embedded_systems_courses/FREERTOS_COURSE/WORKSPACE/common2/Third_party/SEGGER/SEGGER" -I"C:/Users/ajitp/OneDrive/Documents/Embedded_systems_courses/FREERTOS_COURSE/WORKSPACE/common2/Third_party/FreeRTOS/portable/GCC/ARM_CM4F" -I"C:/Users/ajitp/OneDrive/Documents/Embedded_systems_courses/FREERTOS_COURSE/WORKSPACE/common2/Third_party/SEGGER/OS" -I"C:/Users/ajitp/OneDrive/Documents/Embedded_systems_courses/FREERTOS_COURSE/WORKSPACE/common2/Third_party/FreeRTOS/include" -O0 -ffunction-sections -fdata-sections -Wall -fstack-usage -MMD -MP -MF"common2/Third_party/SEGGER/SEGGER/SEGGER_SYSVIEW.d" -MT"common2/Third_party/SEGGER/SEGGER/SEGGER_SYSVIEW.o" --specs=nano.specs -mfpu=fpv5-d16 -mfloat-abi=hard -mthumb -o "common2/Third_party/SEGGER/SEGGER/SEGGER_SYSVIEW.o"
arm-none-eabi-gcc "C:/Users/ajitp/OneDrive/Documents/Embedded_systems_courses/FREERTOS_COURSE/WORKSPACE/common2/Third_party/SEGGER/Rec/segger_uart.c" -mcpu=cortex-m7 -std=gnu11 -g3 -DDEBUG -DUSE_HAL_DRIVER -DSTM32H7A3xxQ -c -I../Core/Inc -I../Drivers/STM32H7xx_HAL_Driver/Inc -I../Drivers/STM32H7xx_HAL_Driver/Inc/Legacy -I../Drivers/CMSIS/Device/ST/STM32H7xx/Include -I../Drivers/CMSIS/Include -I"C:/Users/ajitp/OneDrive/Documents/Embedded_systems_courses/FREERTOS_COURSE/WORKSPACE/common2/Third_party/FreeRTOS/include" -I"C:/Users/ajitp/OneDrive/Documents/Embedded_systems_courses/FREERTOS_COURSE/WORKSPACE/common2/Third_party/SEGGER/Config" -I"C:/Users/ajitp/OneDrive/Documents/Embedded_systems_courses/FREERTOS_COURSE/WORKSPACE/common2/Third_party/SEGGER/SEGGER" -I"C:/Users/ajitp/OneDrive/Documents/Embedded_systems_courses/FREERTOS_COURSE/WORKSPACE/common2/Third_party/FreeRTOS/portable/GCC/ARM_CM4F" -I"C:/Users/ajitp/OneDrive/Documents/Embedded_systems_courses/FREERTOS_COURSE/WORKSPACE/common2/Third_party/SEGGER/OS" -I"C:/Users/ajitp/OneDrive/Documents/Embedded_systems_courses/FREERTOS_COURSE/WORKSPACE/common2/Third_party/FreeRTOS/include" -O0 -ffunction-sections -fdata-sections -Wall -fstack-usage -MMD -MP -MF"common2/Third_party/SEGGER/Rec/segger_uart.d" -MT"common2/Third_party/SEGGER/Rec/segger_uart.o" --specs=nano.specs -mfpu=fpv5-d16 -mfloat-abi=hard -mthumb -o "common2/Third_party/SEGGER/Rec/segger_uart.o"
arm-none-eabi-gcc "C:/Users/ajitp/OneDrive/Documents/Embedded_systems_courses/FREERTOS_COURSE/WORKSPACE/common2/Third_party/SEGGER/OS/SEGGER_SYSVIEW_FreeRTOS.c" -mcpu=cortex-m7 -std=gnu11 -g3 -DDEBUG -DUSE_HAL_DRIVER -DSTM32H7A3xxQ -c -I../Core/Inc -I../Drivers/STM32H7xx_HAL_Driver/Inc -I../Drivers/STM32H7xx_HAL_Driver/Inc/Legacy -I../Drivers/CMSIS/Device/ST/STM32H7xx/Include -I../Drivers/CMSIS/Include -I"C:/Users/ajitp/OneDrive/Documents/Embedded_systems_courses/FREERTOS_COURSE/WORKSPACE/common2/Third_party/FreeRTOS/include" -I"C:/Users/ajitp/OneDrive/Documents/Embedded_systems_courses/FREERTOS_COURSE/WORKSPACE/common2/Third_party/SEGGER/Config" -I"C:/Users/ajitp/OneDrive/Documents/Embedded_systems_courses/FREERTOS_COURSE/WORKSPACE/common2/Third_party/SEGGER/SEGGER" -I"C:/Users/ajitp/OneDrive/Documents/Embedded_systems_courses/FREERTOS_COURSE/WORKSPACE/common2/Third_party/FreeRTOS/portable/GCC/ARM_CM4F" -I"C:/Users/ajitp/OneDrive/Documents/Embedded_systems_courses/FREERTOS_COURSE/WORKSPACE/common2/Third_party/SEGGER/OS" -I"C:/Users/ajitp/OneDrive/Documents/Embedded_systems_courses/FREERTOS_COURSE/WORKSPACE/common2/Third_party/FreeRTOS/include" -O0 -ffunction-sections -fdata-sections -Wall -fstack-usage -MMD -MP -MF"common2/Third_party/SEGGER/OS/SEGGER_SYSVIEW_FreeRTOS.d" -MT"common2/Third_party/SEGGER/OS/SEGGER_SYSVIEW_FreeRTOS.o" --specs=nano.specs -mfpu=fpv5-d16 -mfloat-abi=hard -mthumb -o "common2/Third_party/SEGGER/OS/SEGGER_SYSVIEW_FreeRTOS.o"
arm-none-eabi-gcc "C:/Users/ajitp/OneDrive/Documents/Embedded_systems_courses/FREERTOS_COURSE/WORKSPACE/common2/Third_party/SEGGER/Config/SEGGER_SYSVIEW_Config_FreeRTOS.c" -mcpu=cortex-m7 -std=gnu11 -g3 -DDEBUG -DUSE_HAL_DRIVER -DSTM32H7A3xxQ -c -I../Core/Inc -I../Drivers/STM32H7xx_HAL_Driver/Inc -I../Drivers/STM32H7xx_HAL_Driver/Inc/Legacy -I../Drivers/CMSIS/Device/ST/STM32H7xx/Include -I../Drivers/CMSIS/Include -I"C:/Users/ajitp/OneDrive/Documents/Embedded_systems_courses/FREERTOS_COURSE/WORKSPACE/common2/Third_party/FreeRTOS/include" -I"C:/Users/ajitp/OneDrive/Documents/Embedded_systems_courses/FREERTOS_COURSE/WORKSPACE/common2/Third_party/SEGGER/Config" -I"C:/Users/ajitp/OneDrive/Documents/Embedded_systems_courses/FREERTOS_COURSE/WORKSPACE/common2/Third_party/SEGGER/SEGGER" -I"C:/Users/ajitp/OneDrive/Documents/Embedded_systems_courses/FREERTOS_COURSE/WORKSPACE/common2/Third_party/FreeRTOS/portable/GCC/ARM_CM4F" -I"C:/Users/ajitp/OneDrive/Documents/Embedded_systems_courses/FREERTOS_COURSE/WORKSPACE/common2/Third_party/SEGGER/OS" -I"C:/Users/ajitp/OneDrive/Documents/Embedded_systems_courses/FREERTOS_COURSE/WORKSPACE/common2/Third_party/FreeRTOS/include" -O0 -ffunction-sections -fdata-sections -Wall -fstack-usage -MMD -MP -MF"common2/Third_party/SEGGER/Config/SEGGER_SYSVIEW_Config_FreeRTOS.d" -MT"common2/Third_party/SEGGER/Config/SEGGER_SYSVIEW_Config_FreeRTOS.o" --specs=nano.specs -mfpu=fpv5-d16 -mfloat-abi=hard -mthumb -o "common2/Third_party/SEGGER/Config/SEGGER_SYSVIEW_Config_FreeRTOS.o"
arm-none-eabi-gcc "C:/Users/ajitp/OneDrive/Documents/Embedded_systems_courses/FREERTOS_COURSE/WORKSPACE/common2/Third_party/FreeRTOS/portable/MemMang/heap_5.c" -mcpu=cortex-m7 -std=gnu11 -g3 -DDEBUG -DUSE_HAL_DRIVER -DSTM32H7A3xxQ -c -I../Core/Inc -I../Drivers/STM32H7xx_HAL_Driver/Inc -I../Drivers/STM32H7xx_HAL_Driver/Inc/Legacy -I../Drivers/CMSIS/Device/ST/STM32H7xx/Include -I../Drivers/CMSIS/Include -I"C:/Users/ajitp/OneDrive/Documents/Embedded_systems_courses/FREERTOS_COURSE/WORKSPACE/common2/Third_party/FreeRTOS/include" -I"C:/Users/ajitp/OneDrive/Documents/Embedded_systems_courses/FREERTOS_COURSE/WORKSPACE/common2/Third_party/SEGGER/Config" -I"C:/Users/ajitp/OneDrive/Documents/Embedded_systems_courses/FREERTOS_COURSE/WORKSPACE/common2/Third_party/SEGGER/SEGGER" -I"C:/Users/ajitp/OneDrive/Documents/Embedded_systems_courses/FREERTOS_COURSE/WORKSPACE/common2/Third_party/FreeRTOS/portable/GCC/ARM_CM4F" -I"C:/Users/ajitp/OneDrive/Documents/Embedded_systems_courses/FREERTOS_COURSE/WORKSPACE/common2/Third_party/SEGGER/OS" -I"C:/Users/ajitp/OneDrive/Documents/Embedded_systems_courses/FREERTOS_COURSE/WORKSPACE/common2/Third_party/FreeRTOS/include" -O0 -ffunction-sections -fdata-sections -Wall -fstack-usage -MMD -MP -MF"common2/Third_party/FreeRTOS/portable/MemMang/heap_5.d" -MT"common2/Third_party/FreeRTOS/portable/MemMang/heap_5.o" --specs=nano.specs -mfpu=fpv5-d16 -mfloat-abi=hard -mthumb -o "common2/Third_party/FreeRTOS/portable/MemMang/heap_5.o"
arm-none-eabi-gcc "C:/Users/ajitp/OneDrive/Documents/Embedded_systems_courses/FREERTOS_COURSE/WORKSPACE/common2/Third_party/FreeRTOS/portable/GCC/ARM_CM4F/port.c" -mcpu=cortex-m7 -std=gnu11 -g3 -DDEBUG -DUSE_HAL_DRIVER -DSTM32H7A3xxQ -c -I../Core/Inc -I../Drivers/STM32H7xx_HAL_Driver/Inc -I../Drivers/STM32H7xx_HAL_Driver/Inc/Legacy -I../Drivers/CMSIS/Device/ST/STM32H7xx/Include -I../Drivers/CMSIS/Include -I"C:/Users/ajitp/OneDrive/Documents/Embedded_systems_courses/FREERTOS_COURSE/WORKSPACE/common2/Third_party/FreeRTOS/include" -I"C:/Users/ajitp/OneDrive/Documents/Embedded_systems_courses/FREERTOS_COURSE/WORKSPACE/common2/Third_party/SEGGER/Config" -I"C:/Users/ajitp/OneDrive/Documents/Embedded_systems_courses/FREERTOS_COURSE/WORKSPACE/common2/Third_party/SEGGER/SEGGER" -I"C:/Users/ajitp/OneDrive/Documents/Embedded_systems_courses/FREERTOS_COURSE/WORKSPACE/common2/Third_party/FreeRTOS/portable/GCC/ARM_CM4F" -I"C:/Users/ajitp/OneDrive/Documents/Embedded_systems_courses/FREERTOS_COURSE/WORKSPACE/common2/Third_party/SEGGER/OS" -I"C:/Users/ajitp/OneDrive/Documents/Embedded_systems_courses/FREERTOS_COURSE/WORKSPACE/common2/Third_party/FreeRTOS/include" -O0 -ffunction-sections -fdata-sections -Wall -fstack-usage -MMD -MP -MF"common2/Third_party/FreeRTOS/portable/GCC/ARM_CM4F/port.d" -MT"common2/Third_party/FreeRTOS/portable/GCC/ARM_CM4F/port.o" --specs=nano.specs -mfpu=fpv5-d16 -mfloat-abi=hard -mthumb -o "common2/Third_party/FreeRTOS/portable/GCC/ARM_CM4F/port.o"
arm-none-eabi-gcc "C:/Users/ajitp/OneDrive/Documents/Embedded_systems_courses/FREERTOS_COURSE/WORKSPACE/common2/Third_party/FreeRTOS/croutine.c" -mcpu=cortex-m7 -std=gnu11 -g3 -DDEBUG -DUSE_HAL_DRIVER -DSTM32H7A3xxQ -c -I../Core/Inc -I../Drivers/STM32H7xx_HAL_Driver/Inc -I../Drivers/STM32H7xx_HAL_Driver/Inc/Legacy -I../Drivers/CMSIS/Device/ST/STM32H7xx/Include -I../Drivers/CMSIS/Include -I"C:/Users/ajitp/OneDrive/Documents/Embedded_systems_courses/FREERTOS_COURSE/WORKSPACE/common2/Third_party/FreeRTOS/include" -I"C:/Users/ajitp/OneDrive/Documents/Embedded_systems_courses/FREERTOS_COURSE/WORKSPACE/common2/Third_party/SEGGER/Config" -I"C:/Users/ajitp/OneDrive/Documents/Embedded_systems_courses/FREERTOS_COURSE/WORKSPACE/common2/Third_party/SEGGER/SEGGER" -I"C:/Users/ajitp/OneDrive/Documents/Embedded_systems_courses/FREERTOS_COURSE/WORKSPACE/common2/Third_party/FreeRTOS/portable/GCC/ARM_CM4F" -I"C:/Users/ajitp/OneDrive/Documents/Embedded_systems_courses/FREERTOS_COURSE/WORKSPACE/common2/Third_party/SEGGER/OS" -I"C:/Users/ajitp/OneDrive/Documents/Embedded_systems_courses/FREERTOS_COURSE/WORKSPACE/common2/Third_party/FreeRTOS/include" -O0 -ffunction-sections -fdata-sections -Wall -fstack-usage -MMD -MP -MF"common2/Third_party/FreeRTOS/croutine.d" -MT"common2/Third_party/FreeRTOS/croutine.o" --specs=nano.specs -mfpu=fpv5-d16 -mfloat-abi=hard -mthumb -o "common2/Third_party/FreeRTOS/croutine.o"
arm-none-eabi-gcc "C:/Users/ajitp/OneDrive/Documents/Embedded_systems_courses/FREERTOS_COURSE/WORKSPACE/common2/Third_party/FreeRTOS/event_groups.c" -mcpu=cortex-m7 -std=gnu11 -g3 -DDEBUG -DUSE_HAL_DRIVER -DSTM32H7A3xxQ -c -I../Core/Inc -I../Drivers/STM32H7xx_HAL_Driver/Inc -I../Drivers/STM32H7xx_HAL_Driver/Inc/Legacy -I../Drivers/CMSIS/Device/ST/STM32H7xx/Include -I../Drivers/CMSIS/Include -I"C:/Users/ajitp/OneDrive/Documents/Embedded_systems_courses/FREERTOS_COURSE/WORKSPACE/common2/Third_party/FreeRTOS/include" -I"C:/Users/ajitp/OneDrive/Documents/Embedded_systems_courses/FREERTOS_COURSE/WORKSPACE/common2/Third_party/SEGGER/Config" -I"C:/Users/ajitp/OneDrive/Documents/Embedded_systems_courses/FREERTOS_COURSE/WORKSPACE/common2/Third_party/SEGGER/SEGGER" -I"C:/Users/ajitp/OneDrive/Documents/Embedded_systems_courses/FREERTOS_COURSE/WORKSPACE/common2/Third_party/FreeRTOS/portable/GCC/ARM_CM4F" -I"C:/Users/ajitp/OneDrive/Documents/Embedded_systems_courses/FREERTOS_COURSE/WORKSPACE/common2/Third_party/SEGGER/OS" -I"C:/Users/ajitp/OneDrive/Documents/Embedded_systems_courses/FREERTOS_COURSE/WORKSPACE/common2/Third_party/FreeRTOS/include" -O0 -ffunction-sections -fdata-sections -Wall -fstack-usage -MMD -MP -MF"common2/Third_party/FreeRTOS/event_groups.d" -MT"common2/Third_party/FreeRTOS/event_groups.o" --specs=nano.specs -mfpu=fpv5-d16 -mfloat-abi=hard -mthumb -o "common2/Third_party/FreeRTOS/event_groups.o"
arm-none-eabi-gcc "C:/Users/ajitp/OneDrive/Documents/Embedded_systems_courses/FREERTOS_COURSE/WORKSPACE/common2/Third_party/FreeRTOS/list.c" -mcpu=cortex-m7 -std=gnu11 -g3 -DDEBUG -DUSE_HAL_DRIVER -DSTM32H7A3xxQ -c -I../Core/Inc -I../Drivers/STM32H7xx_HAL_Driver/Inc -I../Drivers/STM32H7xx_HAL_Driver/Inc/Legacy -I../Drivers/CMSIS/Device/ST/STM32H7xx/Include -I../Drivers/CMSIS/Include -I"C:/Users/ajitp/OneDrive/Documents/Embedded_systems_courses/FREERTOS_COURSE/WORKSPACE/common2/Third_party/FreeRTOS/include" -I"C:/Users/ajitp/OneDrive/Documents/Embedded_systems_courses/FREERTOS_COURSE/WORKSPACE/common2/Third_party/SEGGER/Config" -I"C:/Users/ajitp/OneDrive/Documents/Embedded_systems_courses/FREERTOS_COURSE/WORKSPACE/common2/Third_party/SEGGER/SEGGER" -I"C:/Users/ajitp/OneDrive/Documents/Embedded_systems_courses/FREERTOS_COURSE/WORKSPACE/common2/Third_party/FreeRTOS/portable/GCC/ARM_CM4F" -I"C:/Users/ajitp/OneDrive/Documents/Embedded_systems_courses/FREERTOS_COURSE/WORKSPACE/common2/Third_party/SEGGER/OS" -I"C:/Users/ajitp/OneDrive/Documents/Embedded_systems_courses/FREERTOS_COURSE/WORKSPACE/common2/Third_party/FreeRTOS/include" -O0 -ffunction-sections -fdata-sections -Wall -fstack-usage -MMD -MP -MF"common2/Third_party/FreeRTOS/list.d" -MT"common2/Third_party/FreeRTOS/list.o" --specs=nano.specs -mfpu=fpv5-d16 -mfloat-abi=hard -mthumb -o "common2/Third_party/FreeRTOS/list.o"
arm-none-eabi-gcc "C:/Users/ajitp/OneDrive/Documents/Embedded_systems_courses/FREERTOS_COURSE/WORKSPACE/common2/Third_party/FreeRTOS/queue.c" -mcpu=cortex-m7 -std=gnu11 -g3 -DDEBUG -DUSE_HAL_DRIVER -DSTM32H7A3xxQ -c -I../Core/Inc -I../Drivers/STM32H7xx_HAL_Driver/Inc -I../Drivers/STM32H7xx_HAL_Driver/Inc/Legacy -I../Drivers/CMSIS/Device/ST/STM32H7xx/Include -I../Drivers/CMSIS/Include -I"C:/Users/ajitp/OneDrive/Documents/Embedded_systems_courses/FREERTOS_COURSE/WORKSPACE/common2/Third_party/FreeRTOS/include" -I"C:/Users/ajitp/OneDrive/Documents/Embedded_systems_courses/FREERTOS_COURSE/WORKSPACE/common2/Third_party/SEGGER/Config" -I"C:/Users/ajitp/OneDrive/Documents/Embedded_systems_courses/FREERTOS_COURSE/WORKSPACE/common2/Third_party/SEGGER/SEGGER" -I"C:/Users/ajitp/OneDrive/Documents/Embedded_systems_courses/FREERTOS_COURSE/WORKSPACE/common2/Third_party/FreeRTOS/portable/GCC/ARM_CM4F" -I"C:/Users/ajitp/OneDrive/Documents/Embedded_systems_courses/FREERTOS_COURSE/WORKSPACE/common2/Third_party/SEGGER/OS" -I"C:/Users/ajitp/OneDrive/Documents/Embedded_systems_courses/FREERTOS_COURSE/WORKSPACE/common2/Third_party/FreeRTOS/include" -O0 -ffunction-sections -fdata-sections -Wall -fstack-usage -MMD -MP -MF"common2/Third_party/FreeRTOS/queue.d" -MT"common2/Third_party/FreeRTOS/queue.o" --specs=nano.specs -mfpu=fpv5-d16 -mfloat-abi=hard -mthumb -o "common2/Third_party/FreeRTOS/queue.o"
arm-none-eabi-gcc "C:/Users/ajitp/OneDrive/Documents/Embedded_systems_courses/FREERTOS_COURSE/WORKSPACE/common2/Third_party/FreeRTOS/stream_buffer.c" -mcpu=cortex-m7 -std=gnu11 -g3 -DDEBUG -DUSE_HAL_DRIVER -DSTM32H7A3xxQ -c -I../Core/Inc -I../Drivers/STM32H7xx_HAL_Driver/Inc -I../Drivers/STM32H7xx_HAL_Driver/Inc/Legacy -I../Drivers/CMSIS/Device/ST/STM32H7xx/Include -I../Drivers/CMSIS/Include -I"C:/Users/ajitp/OneDrive/Documents/Embedded_systems_courses/FREERTOS_COURSE/WORKSPACE/common2/Third_party/FreeRTOS/include" -I"C:/Users/ajitp/OneDrive/Documents/Embedded_systems_courses/FREERTOS_COURSE/WORKSPACE/common2/Third_party/SEGGER/Config" -I"C:/Users/ajitp/OneDrive/Documents/Embedded_systems_courses/FREERTOS_COURSE/WORKSPACE/common2/Third_party/SEGGER/SEGGER" -I"C:/Users/ajitp/OneDrive/Documents/Embedded_systems_courses/FREERTOS_COURSE/WORKSPACE/common2/Third_party/FreeRTOS/portable/GCC/ARM_CM4F" -I"C:/Users/ajitp/OneDrive/Documents/Embedded_systems_courses/FREERTOS_COURSE/WORKSPACE/common2/Third_party/SEGGER/OS" -I"C:/Users/ajitp/OneDrive/Documents/Embedded_systems_courses/FREERTOS_COURSE/WORKSPACE/common2/Third_party/FreeRTOS/include" -O0 -ffunction-sections -fdata-sections -Wall -fstack-usage -MMD -MP -MF"common2/Third_party/FreeRTOS/stream_buffer.d" -MT"common2/Third_party/FreeRTOS/stream_buffer.o" --specs=nano.specs -mfpu=fpv5-d16 -mfloat-abi=hard -mthumb -o "common2/Third_party/FreeRTOS/stream_buffer.o"
arm-none-eabi-gcc "C:/Users/ajitp/OneDrive/Documents/Embedded_systems_courses/FREERTOS_COURSE/WORKSPACE/common2/Third_party/FreeRTOS/tasks.c" -mcpu=cortex-m7 -std=gnu11 -g3 -DDEBUG -DUSE_HAL_DRIVER -DSTM32H7A3xxQ -c -I../Core/Inc -I../Drivers/STM32H7xx_HAL_Driver/Inc -I../Drivers/STM32H7xx_HAL_Driver/Inc/Legacy -I../Drivers/CMSIS/Device/ST/STM32H7xx/Include -I../Drivers/CMSIS/Include -I"C:/Users/ajitp/OneDrive/Documents/Embedded_systems_courses/FREERTOS_COURSE/WORKSPACE/common2/Third_party/FreeRTOS/include" -I"C:/Users/ajitp/OneDrive/Documents/Embedded_systems_courses/FREERTOS_COURSE/WORKSPACE/common2/Third_party/SEGGER/Config" -I"C:/Users/ajitp/OneDrive/Documents/Embedded_systems_courses/FREERTOS_COURSE/WORKSPACE/common2/Third_party/SEGGER/SEGGER" -I"C:/Users/ajitp/OneDrive/Documents/Embedded_systems_courses/FREERTOS_COURSE/WORKSPACE/common2/Third_party/FreeRTOS/portable/GCC/ARM_CM4F" -I"C:/Users/ajitp/OneDrive/Documents/Embedded_systems_courses/FREERTOS_COURSE/WORKSPACE/common2/Third_party/SEGGER/OS" -I"C:/Users/ajitp/OneDrive/Documents/Embedded_systems_courses/FREERTOS_COURSE/WORKSPACE/common2/Third_party/FreeRTOS/include" -O0 -ffunction-sections -fdata-sections -Wall -fstack-usage -MMD -MP -MF"common2/Third_party/FreeRTOS/tasks.d" -MT"common2/Third_party/FreeRTOS/tasks.o" --specs=nano.specs -mfpu=fpv5-d16 -mfloat-abi=hard -mthumb -o "common2/Third_party/FreeRTOS/tasks.o"
arm-none-eabi-gcc "C:/Users/ajitp/OneDrive/Documents/Embedded_systems_courses/FREERTOS_COURSE/WORKSPACE/common2/Third_party/FreeRTOS/timers.c" -mcpu=cortex-m7 -std=gnu11 -g3 -DDEBUG -DUSE_HAL_DRIVER -DSTM32H7A3xxQ -c -I../Core/Inc -I../Drivers/STM32H7xx_HAL_Driver/Inc -I../Drivers/STM32H7xx_HAL_Driver/Inc/Legacy -I../Drivers/CMSIS/Device/ST/STM32H7xx/Include -I../Drivers/CMSIS/Include -I"C:/Users/ajitp/OneDrive/Documents/Embedded_systems_courses/FREERTOS_COURSE/WORKSPACE/common2/Third_party/FreeRTOS/include" -I"C:/Users/ajitp/OneDrive/Documents/Embedded_systems_courses/FREERTOS_COURSE/WORKSPACE/common2/Third_party/SEGGER/Config" -I"C:/Users/ajitp/OneDrive/Documents/Embedded_systems_courses/FREERTOS_COURSE/WORKSPACE/common2/Third_party/SEGGER/SEGGER" -I"C:/Users/ajitp/OneDrive/Documents/Embedded_systems_courses/FREERTOS_COURSE/WORKSPACE/common2/Third_party/FreeRTOS/portable/GCC/ARM_CM4F" -I"C:/Users/ajitp/OneDrive/Documents/Embedded_systems_courses/FREERTOS_COURSE/WORKSPACE/common2/Third_party/SEGGER/OS" -I"C:/Users/ajitp/OneDrive/Documents/Embedded_systems_courses/FREERTOS_COURSE/WORKSPACE/common2/Third_party/FreeRTOS/include" -O0 -ffunction-sections -fdata-sections -Wall -fstack-usage -MMD -MP -MF"common2/Third_party/FreeRTOS/timers.d" -MT"common2/Third_party/FreeRTOS/timers.o" --specs=nano.specs -mfpu=fpv5-d16 -mfloat-abi=hard -mthumb -o "common2/Third_party/FreeRTOS/timers.o"
arm-none-eabi-gcc "../Drivers/STM32H7xx_HAL_Driver/Src/stm32h7xx_hal.c" -mcpu=cortex-m7 -std=gnu11 -g3 -DDEBUG -DUSE_HAL_DRIVER -DSTM32H7A3xxQ -c -I../Core/Inc -I../Drivers/STM32H7xx_HAL_Driver/Inc -I../Drivers/STM32H7xx_HAL_Driver/Inc/Legacy -I../Drivers/CMSIS/Device/ST/STM32H7xx/Include -I../Drivers/CMSIS/Include -I"C:/Users/ajitp/OneDrive/Documents/Embedded_systems_courses/FREERTOS_COURSE/WORKSPACE/common2/Third_party/FreeRTOS/include" -I"C:/Users/ajitp/OneDrive/Documents/Embedded_systems_courses/FREERTOS_COURSE/WORKSPACE/common2/Third_party/SEGGER/Config" -I"C:/Users/ajitp/OneDrive/Documents/Embedded_systems_courses/FREERTOS_COURSE/WORKSPACE/common2/Third_party/SEGGER/SEGGER" -I"C:/Users/ajitp/OneDrive/Documents/Embedded_systems_courses/FREERTOS_COURSE/WORKSPACE/common2/Third_party/FreeRTOS/portable/GCC/ARM_CM4F" -I"C:/Users/ajitp/OneDrive/Documents/Embedded_systems_courses/FREERTOS_COURSE/WORKSPACE/common2/Third_party/SEGGER/OS" -I"C:/Users/ajitp/OneDrive/Documents/Embedded_systems_courses/FREERTOS_COURSE/WORKSPACE/common2/Third_party/FreeRTOS/include" -O0 -ffunction-sections -fdata-sections -Wall -fstack-usage -MMD -MP -MF"Drivers/STM32H7xx_HAL_Driver/Src/stm32h7xx_hal.d" -MT"Drivers/STM32H7xx_HAL_Driver/Src/stm32h7xx_hal.o" --specs=nano.specs -mfpu=fpv5-d16 -mfloat-abi=hard -mthumb -o "Drivers/STM32H7xx_HAL_Driver/Src/stm32h7xx_hal.o"
arm-none-eabi-gcc "../Drivers/STM32H7xx_HAL_Driver/Src/stm32h7xx_hal_cortex.c" -mcpu=cortex-m7 -std=gnu11 -g3 -DDEBUG -DUSE_HAL_DRIVER -DSTM32H7A3xxQ -c -I../Core/Inc -I../Drivers/STM32H7xx_HAL_Driver/Inc -I../Drivers/STM32H7xx_HAL_Driver/Inc/Legacy -I../Drivers/CMSIS/Device/ST/STM32H7xx/Include -I../Drivers/CMSIS/Include -I"C:/Users/ajitp/OneDrive/Documents/Embedded_systems_courses/FREERTOS_COURSE/WORKSPACE/common2/Third_party/FreeRTOS/include" -I"C:/Users/ajitp/OneDrive/Documents/Embedded_systems_courses/FREERTOS_COURSE/WORKSPACE/common2/Third_party/SEGGER/Config" -I"C:/Users/ajitp/OneDrive/Documents/Embedded_systems_courses/FREERTOS_COURSE/WORKSPACE/common2/Third_party/SEGGER/SEGGER" -I"C:/Users/ajitp/OneDrive/Documents/Embedded_systems_courses/FREERTOS_COURSE/WORKSPACE/common2/Third_party/FreeRTOS/portable/GCC/ARM_CM4F" -I"C:/Users/ajitp/OneDrive/Documents/Embedded_systems_courses/FREERTOS_COURSE/WORKSPACE/common2/Third_party/SEGGER/OS" -I"C:/Users/ajitp/OneDrive/Documents/Embedded_systems_courses/FREERTOS_COURSE/WORKSPACE/common2/Third_party/FreeRTOS/include" -O0 -ffunction-sections -fdata-sections -Wall -fstack-usage -MMD -MP -MF"Drivers/STM32H7xx_HAL_Driver/Src/stm32h7xx_hal_cortex.d" -MT"Drivers/STM32H7xx_HAL_Driver/Src/stm32h7xx_hal_cortex.o" --specs=nano.specs -mfpu=fpv5-d16 -mfloat-abi=hard -mthumb -o "Drivers/STM32H7xx_HAL_Driver/Src/stm32h7xx_hal_cortex.o"
arm-none-eabi-gcc "../Drivers/STM32H7xx_HAL_Driver/Src/stm32h7xx_hal_dma.c" -mcpu=cortex-m7 -std=gnu11 -g3 -DDEBUG -DUSE_HAL_DRIVER -DSTM32H7A3xxQ -c -I../Core/Inc -I../Drivers/STM32H7xx_HAL_Driver/Inc -I../Drivers/STM32H7xx_HAL_Driver/Inc/Legacy -I../Drivers/CMSIS/Device/ST/STM32H7xx/Include -I../Drivers/CMSIS/Include -I"C:/Users/ajitp/OneDrive/Documents/Embedded_systems_courses/FREERTOS_COURSE/WORKSPACE/common2/Third_party/FreeRTOS/include" -I"C:/Users/ajitp/OneDrive/Documents/Embedded_systems_courses/FREERTOS_COURSE/WORKSPACE/common2/Third_party/SEGGER/Config" -I"C:/Users/ajitp/OneDrive/Documents/Embedded_systems_courses/FREERTOS_COURSE/WORKSPACE/common2/Third_party/SEGGER/SEGGER" -I"C:/Users/ajitp/OneDrive/Documents/Embedded_systems_courses/FREERTOS_COURSE/WORKSPACE/common2/Third_party/FreeRTOS/portable/GCC/ARM_CM4F" -I"C:/Users/ajitp/OneDrive/Documents/Embedded_systems_courses/FREERTOS_COURSE/WORKSPACE/common2/Third_party/SEGGER/OS" -I"C:/Users/ajitp/OneDrive/Documents/Embedded_systems_courses/FREERTOS_COURSE/WORKSPACE/common2/Third_party/FreeRTOS/include" -O0 -ffunction-sections -fdata-sections -Wall -fstack-usage -MMD -MP -MF"Drivers/STM32H7xx_HAL_Driver/Src/stm32h7xx_hal_dma.d" -MT"Drivers/STM32H7xx_HAL_Driver/Src/stm32h7xx_hal_dma.o" --specs=nano.specs -mfpu=fpv5-d16 -mfloat-abi=hard -mthumb -o "Drivers/STM32H7xx_HAL_Driver/Src/stm32h7xx_hal_dma.o"
arm-none-eabi-gcc "../Drivers/STM32H7xx_HAL_Driver/Src/stm32h7xx_hal_dma_ex.c" -mcpu=cortex-m7 -std=gnu11 -g3 -DDEBUG -DUSE_HAL_DRIVER -DSTM32H7A3xxQ -c -I../Core/Inc -I../Drivers/STM32H7xx_HAL_Driver/Inc -I../Drivers/STM32H7xx_HAL_Driver/Inc/Legacy -I../Drivers/CMSIS/Device/ST/STM32H7xx/Include -I../Drivers/CMSIS/Include -I"C:/Users/ajitp/OneDrive/Documents/Embedded_systems_courses/FREERTOS_COURSE/WORKSPACE/common2/Third_party/FreeRTOS/include" -I"C:/Users/ajitp/OneDrive/Documents/Embedded_systems_courses/FREERTOS_COURSE/WORKSPACE/common2/Third_party/SEGGER/Config" -I"C:/Users/ajitp/OneDrive/Documents/Embedded_systems_courses/FREERTOS_COURSE/WORKSPACE/common2/Third_party/SEGGER/SEGGER" -I"C:/Users/ajitp/OneDrive/Documents/Embedded_systems_courses/FREERTOS_COURSE/WORKSPACE/common2/Third_party/FreeRTOS/portable/GCC/ARM_CM4F" -I"C:/Users/ajitp/OneDrive/Documents/Embedded_systems_courses/FREERTOS_COURSE/WORKSPACE/common2/Third_party/SEGGER/OS" -I"C:/Users/ajitp/OneDrive/Documents/Embedded_systems_courses/FREERTOS_COURSE/WORKSPACE/common2/Third_party/FreeRTOS/include" -O0 -ffunction-sections -fdata-sections -Wall -fstack-usage -MMD -MP -MF"Drivers/STM32H7xx_HAL_Driver/Src/stm32h7xx_hal_dma_ex.d" -MT"Drivers/STM32H7xx_HAL_Driver/Src/stm32h7xx_hal_dma_ex.o" --specs=nano.specs -mfpu=fpv5-d16 -mfloat-abi=hard -mthumb -o "Drivers/STM32H7xx_HAL_Driver/Src/stm32h7xx_hal_dma_ex.o"
[...]
arm-none-eabi-gcc "C:/Users/ajitp/OneDrive/Documents/Embedded_systems_courses/FREERTOS_COURSE/WORKSPACE/common2/Third_party/SEGGER/Config/SEGGER_SYSVIEW_Config_FreeRTOS.c" -mcpu=cortex-m7 -std=gnu11 -g3 -DDEBUG -DUSE_HAL_DRIVER -DSTM32H7A3xxQ -c -I../Core/Inc -I../Drivers/STM32H7xx_HAL_Driver/Inc -I../Drivers/STM32H7xx_HAL_Driver/Inc/Legacy -I../Drivers/CMSIS/Device/ST/STM32H7xx/Include -I../Drivers/CMSIS/Include -I"C:/Users/ajitp/OneDrive/Documents/Embedded_systems_courses/FREERTOS_COURSE/WORKSPACE/common2/Third_party/FreeRTOS/include" -I"C:/Users/ajitp/OneDrive/Documents/Embedded_systems_courses/FREERTOS_COURSE/WORKSPACE/common2/Third_party/SEGGER/Config" -I"C:/Users/ajitp/OneDrive/Documents/Embedded_systems_courses/FREERTOS_COURSE/WORKSPACE/common2/Third_party/SEGGER/SEGGER" -I"C:/Users/ajitp/OneDrive/Documents/Embedded_systems_courses/FREERTOS_COURSE/WORKSPACE/common2/Third_party/FreeRTOS/portable/GCC/ARM_CM4F" -I"C:/Users/ajitp/OneDrive/Documents/Embedded_systems_courses/FREERTOS_COURSE/WORKSPACE/common2/Third_party/SEGGER/OS" -I"C:/Users/ajitp/OneDrive/Documents/Embedded_systems_courses/FREERTOS_COURSE/WORKSPACE/common2/Third_party/FreeRTOS/include" -O0 -ffunction-sections -fdata-sections -Wall -fstack-usage -MMD -MP -MF"common2/Third_party/SEGGER/Config/SEGGER_SYSVIEW_Config_FreeRTOS.d" -MT"common2/Third_party/SEGGER/Config/SEGGER_SYSVIEW_Config_FreeRTOS.o" --specs=nano.specs -mfpu=fpv5-d16 -mfloat-abi=hard -mthumb -o "common2/Third_party/SEGGER/Config/SEGGER_SYSVIEW_Config_FreeRTOS.o"
arm-none-eabi-gcc "C:/Users/ajitp/OneDrive/Documents/Embedded_systems_courses/FREERTOS_COURSE/WORKSPACE/common2/Third_party/FreeRTOS/portable/MemMang/heap_5.c" -mcpu=cortex-m7 -std=gnu11 -g3 -DDEBUG -DUSE_HAL_DRIVER -DSTM32H7A3xxQ -c -I../Core/Inc -I../Drivers/STM32H7xx_HAL_Driver/Inc -I../Drivers/STM32H7xx_HAL_Driver/Inc/Legacy -I../Drivers/CMSIS/Device/ST/STM32H7xx/Include -I../Drivers/CMSIS/Include -I"C:/Users/ajitp/OneDrive/Documents/Embedded_systems_courses/FREERTOS_COURSE/WORKSPACE/common2/Third_party/FreeRTOS/include" -I"C:/Users/ajitp/OneDrive/Documents/Embedded_systems_courses/FREERTOS_COURSE/WORKSPACE/common2/Third_party/SEGGER/Config" -I"C:/Users/ajitp/OneDrive/Documents/Embedded_systems_courses/FREERTOS_COURSE/WORKSPACE/common2/Third_party/SEGGER/SEGGER" -I"C:/Users/ajitp/OneDrive/Documents/Embedded_systems_courses/FREERTOS_COURSE/WORKSPACE/common2/Third_party/FreeRTOS/portable/GCC/ARM_CM4F" -I"C:/Users/ajitp/OneDrive/Documents/Embedded_systems_courses/FREERTOS_COURSE/WORKSPACE/common2/Third_party/SEGGER/OS" -I"C:/Users/ajitp/OneDrive/Documents/Embedded_systems_courses/FREERTOS_COURSE/WORKSPACE/common2/Third_party/FreeRTOS/include" -O0 -ffunction-sections -fdata-sections -Wall -fstack-usage -MMD -MP -MF"common2/Third_party/FreeRTOS/portable/MemMang/heap_5.d" -MT"common2/Third_party/FreeRTOS/portable/MemMang/heap_5.o" --specs=nano.specs -mfpu=fpv5-d16 -mfloat-abi=hard -mthumb -o "common2/Third_party/FreeRTOS/portable/MemMang/heap_5.o"
arm-none-eabi-gcc "C:/Users/ajitp/OneDrive/Documents/Embedded_systems_courses/FREERTOS_COURSE/WORKSPACE/common2/Third_party/FreeRTOS/portable/GCC/ARM_CM4F/port.c" -mcpu=cortex-m7 -std=gnu11 -g3 -DDEBUG -DUSE_HAL_DRIVER -DSTM32H7A3xxQ -c -I../Core/Inc -I../Drivers/STM32H7xx_HAL_Driver/Inc -I../Drivers/STM32H7xx_HAL_Driver/Inc/Legacy -I../Drivers/CMSIS/Device/ST/STM32H7xx/Include -I../Drivers/CMSIS/Include -I"C:/Users/ajitp/OneDrive/Documents/Embedded_systems_courses/FREERTOS_COURSE/WORKSPACE/common2/Third_party/FreeRTOS/include" -I"C:/Users/ajitp/OneDrive/Documents/Embedded_systems_courses/FREERTOS_COURSE/WORKSPACE/common2/Third_party/SEGGER/Config" -I"C:/Users/ajitp/OneDrive/Documents/Embedded_systems_courses/FREERTOS_COURSE/WORKSPACE/common2/Third_party/SEGGER/SEGGER" -I"C:/Users/ajitp/OneDrive/Documents/Embedded_systems_courses/FREERTOS_COURSE/WORKSPACE/common2/Third_party/FreeRTOS/portable/GCC/ARM_CM4F" -I"C:/Users/ajitp/OneDrive/Documents/Embedded_systems_courses/FREERTOS_COURSE/WORKSPACE/common2/Third_party/SEGGER/OS" -I"C:/Users/ajitp/OneDrive/Documents/Embedded_systems_courses/FREERTOS_COURSE/WORKSPACE/common2/Third_party/FreeRTOS/include" -O0 -ffunction-sections -fdata-sections -Wall -fstack-usage -MMD -MP -MF"common2/Third_party/FreeRTOS/portable/GCC/ARM_CM4F/port.d" -MT"common2/Third_party/FreeRTOS/portable/GCC/ARM_CM4F/port.o" --specs=nano.specs -mfpu=fpv5-d16 -mfloat-abi=hard -mthumb -o "common2/Third_party/FreeRTOS/portable/GCC/ARM_CM4F/port.o"
arm-none-eabi-gcc "C:/Users/ajitp/OneDrive/Documents/Embedded_systems_courses/FREERTOS_COURSE/WORKSPACE/common2/Third_party/FreeRTOS/croutine.c" -mcpu=cortex-m7 -std=gnu11 -g3 -DDEBUG -DUSE_HAL_DRIVER -DSTM32H7A3xxQ -c -I../Core/Inc -I../Drivers/STM32H7xx_HAL_Driver/Inc -I../Drivers/STM32H7xx_HAL_Driver/Inc/Legacy -I../Drivers/CMSIS/Device/ST/STM32H7xx/Include -I../Drivers/CMSIS/Include -I"C:/Users/ajitp/OneDrive/Documents/Embedded_systems_courses/FREERTOS_COURSE/WORKSPACE/common2/Third_party/FreeRTOS/include" -I"C:/Users/ajitp/OneDrive/Documents/Embedded_systems_courses/FREERTOS_COURSE/WORKSPACE/common2/Third_party/SEGGER/Config" -I"C:/Users/ajitp/OneDrive/Documents/Embedded_systems_courses/FREERTOS_COURSE/WORKSPACE/common2/Third_party/SEGGER/SEGGER" -I"C:/Users/ajitp/OneDrive/Documents/Embedded_systems_courses/FREERTOS_COURSE/WORKSPACE/common2/Third_party/FreeRTOS/portable/GCC/ARM_CM4F" -I"C:/Users/ajitp/OneDrive/Documents/Embedded_systems_courses/FREERTOS_COURSE/WORKSPACE/common2/Third_party/SEGGER/OS" -I"C:/Users/ajitp/OneDrive/Documents/Embedded_systems_courses/FREERTOS_COURSE/WORKSPACE/common2/Third_party/FreeRTOS/include" -O0 -ffunction-sections -fdata-sections -Wall -fstack-usage -MMD -MP -MF"common2/Third_party/FreeRTOS/croutine.d" -MT"common2/Third_party/FreeRTOS/croutine.o" --specs=nano.specs -mfpu=fpv5-d16 -mfloat-abi=hard -mthumb -o "common2/Third_party/FreeRTOS/croutine.o"
arm-none-eabi-gcc "C:/Users/ajitp/OneDrive/Documents/Embedded_systems_courses/FREERTOS_COURSE/WORKSPACE/common2/Third_party/FreeRTOS/event_groups.c" -mcpu=cortex-m7 -std=gnu11 -g3 -DDEBUG -DUSE_HAL_DRIVER -DSTM32H7A3xxQ -c -I../Core/Inc -I../Drivers/STM32H7xx_HAL_Driver/Inc -I../Drivers/STM32H7xx_HAL_Driver/Inc/Legacy -I../Drivers/CMSIS/Device/ST/STM32H7xx/Include -I../Drivers/CMSIS/Include -I"C:/Users/ajitp/OneDrive/Documents/Embedded_systems_courses/FREERTOS_COURSE/WORKSPACE/common2/Third_party/FreeRTOS/include" -I"C:/Users/ajitp/OneDrive/Documents/Embedded_systems_courses/FREERTOS_COURSE/WORKSPACE/common2/Third_party/SEGGER/Config" -I"C:/Users/ajitp/OneDrive/Documents/Embedded_systems_courses/FREERTOS_COURSE/WORKSPACE/common2/Third_party/SEGGER/SEGGER" -I"C:/Users/ajitp/OneDrive/Documents/Embedded_systems_courses/FREERTOS_COURSE/WORKSPACE/common2/Third_party/FreeRTOS/portable/GCC/ARM_CM4F" -I"C:/Users/ajitp/OneDrive/Documents/Embedded_systems_courses/FREERTOS_COURSE/WORKSPACE/common2/Third_party/SEGGER/OS" -I"C:/Users/ajitp/OneDrive/Documents/Embedded_systems_courses/FREERTOS_COURSE/WORKSPACE/common2/Third_party/FreeRTOS/include" -O0 -ffunction-sections -fdata-sections -Wall -fstack-usage -MMD -MP -MF"common2/Third_party/FreeRTOS/event_groups.d" -MT"common2/Third_party/FreeRTOS/event_groups.o" --specs=nano.specs -mfpu=fpv5-d16 -mfloat-abi=hard -mthumb -o "common2/Third_party/FreeRTOS/event_groups.o"
arm-none-eabi-gcc "C:/Users/ajitp/OneDrive/Documents/Embedded_systems_courses/FREERTOS_COURSE/WORKSPACE/common2/Third_party/FreeRTOS/list.c" -mcpu=cortex-m7 -std=gnu11 -g3 -DDEBUG -DUSE_HAL_DRIVER -DSTM32H7A3xxQ -c -I../Core/Inc -I../Drivers/STM32H7xx_HAL_Driver/Inc -I../Drivers/STM32H7xx_HAL_Driver/Inc/Legacy -I../Drivers/CMSIS/Device/ST/STM32H7xx/Include -I../Drivers/CMSIS/Include -I"C:/Users/ajitp/OneDrive/Documents/Embedded_systems_courses/FREERTOS_COURSE/WORKSPACE/common2/Third_party/FreeRTOS/include" -I"C:/Users/ajitp/OneDrive/Documents/Embedded_systems_courses/FREERTOS_COURSE/WORKSPACE/common2/Third_party/SEGGER/Config" -I"C:/Users/ajitp/OneDrive/Documents/Embedded_systems_courses/FREERTOS_COURSE/WORKSPACE/common2/Third_party/SEGGER/SEGGER" -I"C:/Users/ajitp/OneDrive/Documents/Embedded_systems_courses/FREERTOS_COURSE/WORKSPACE/common2/Third_party/FreeRTOS/portable/GCC/ARM_CM4F" -I"C:/Users/ajitp/OneDrive/Documents/Embedded_systems_courses/FREERTOS_COURSE/WORKSPACE/common2/Third_party/SEGGER/OS" -I"C:/Users/ajitp/OneDrive/Documents/Embedded_systems_courses/FREERTOS_COURSE/WORKSPACE/common2/Third_party/FreeRTOS/include" -O0 -ffunction-sections -fdata-sections -Wall -fstack-usage -MMD -MP -MF"common2/Third_party/FreeRTOS/list.d" -MT"common2/Third_party/FreeRTOS/list.o" --specs=nano.specs -mfpu=fpv5-d16 -mfloat-abi=hard -mthumb -o "common2/Third_party/FreeRTOS/list.o"
arm-none-eabi-gcc "C:/Users/ajitp/OneDrive/Documents/Embedded_systems_courses/FREERTOS_COURSE/WORKSPACE/common2/Third_party/FreeRTOS/queue.c" -mcpu=cortex-m7 -std=gnu11 -g3 -DDEBUG -DUSE_HAL_DRIVER -DSTM32H7A3xxQ -c -I../Core/Inc -I../Drivers/STM32H7xx_HAL_Driver/Inc -I../Drivers/STM32H7xx_HAL_Driver/Inc/Legacy -I../Drivers/CMSIS/Device/ST/STM32H7xx/Include -I../Drivers/CMSIS/Include -I"C:/Users/ajitp/OneDrive/Documents/Embedded_systems_courses/FREERTOS_COURSE/WORKSPACE/common2/Third_party/FreeRTOS/include" -I"C:/Users/ajitp/OneDrive/Documents/Embedded_systems_courses/FREERTOS_COURSE/WORKSPACE/common2/Third_party/SEGGER/Config" -I"C:/Users/ajitp/OneDrive/Documents/Embedded_systems_courses/FREERTOS_COURSE/WORKSPACE/common2/Third_party/SEGGER/SEGGER" -I"C:/Users/ajitp/OneDrive/Documents/Embedded_systems_courses/FREERTOS_COURSE/WORKSPACE/common2/Third_party/FreeRTOS/portable/GCC/ARM_CM4F" -I"C:/Users/ajitp/OneDrive/Documents/Embedded_systems_courses/FREERTOS_COURSE/WORKSPACE/common2/Third_party/SEGGER/OS" -I"C:/Users/ajitp/OneDrive/Documents/Embedded_systems_courses/FREERTOS_COURSE/WORKSPACE/common2/Third_party/FreeRTOS/include" -O0 -ffunction-sections -fdata-sections -Wall -fstack-usage -MMD -MP -MF"common2/Third_party/FreeRTOS/queue.d" -MT"common2/Third_party/FreeRTOS/queue.o" --specs=nano.specs -mfpu=fpv5-d16 -mfloat-abi=hard -mthumb -o "common2/Third_party/FreeRTOS/queue.o"
arm-none-eabi-gcc "C:/Users/ajitp/OneDrive/Documents/Embedded_systems_courses/FREERTOS_COURSE/WORKSPACE/common2/Third_party/FreeRTOS/stream_buffer.c" -mcpu=cortex-m7 -std=gnu11 -g3 -DDEBUG -DUSE_HAL_DRIVER -DSTM32H7A3xxQ -c -I../Core/Inc -I../Drivers/STM32H7xx_HAL_Driver/Inc -I../Drivers/STM32H7xx_HAL_Driver/Inc/Legacy -I../Drivers/CMSIS/Device/ST/STM32H7xx/Include -I../Drivers/CMSIS/Include -I"C:/Users/ajitp/OneDrive/Documents/Embedded_systems_courses/FREERTOS_COURSE/WORKSPACE/common2/Third_party/FreeRTOS/include" -I"C:/Users/ajitp/OneDrive/Documents/Embedded_systems_courses/FREERTOS_COURSE/WORKSPACE/common2/Third_party/SEGGER/Config" -I"C:/Users/ajitp/OneDrive/Documents/Embedded_systems_courses/FREERTOS_COURSE/WORKSPACE/common2/Third_party/SEGGER/SEGGER" -I"C:/Users/ajitp/OneDrive/Documents/Embedded_systems_courses/FREERTOS_COURSE/WORKSPACE/common2/Third_party/FreeRTOS/portable/GCC/ARM_CM4F" -I"C:/Users/ajitp/OneDrive/Documents/Embedded_systems_courses/FREERTOS_COURSE/WORKSPACE/common2/Third_party/SEGGER/OS" -I"C:/Users/ajitp/OneDrive/Documents/Embedded_systems_courses/FREERTOS_COURSE/WORKSPACE/common2/Third_party/FreeRTOS/include" -O0 -ffunction-sections -fdata-sections -Wall -fstack-usage -MMD -MP -MF"common2/Third_party/FreeRTOS/stream_buffer.d" -MT"common2/Third_party/FreeRTOS/stream_buffer.o" --specs=nano.specs -mfpu=fpv5-d16 -mfloat-abi=hard -mthumb -o "common2/Third_party/FreeRTOS/stream_buffer.o"
arm-none-eabi-gcc "C:/Users/ajitp/OneDrive/Documents/Embedded_systems_courses/FREERTOS_COURSE/WORKSPACE/common2/Third_party/FreeRTOS/tasks.c" -mcpu=cortex-m7 -std=gnu11 -g3 -DDEBUG -DUSE_HAL_DRIVER -DSTM32H7A3xxQ -c -I../Core/Inc -I../Drivers/STM32H7xx_HAL_Driver/Inc -I../Drivers/STM32H7xx_HAL_Driver/Inc/Legacy -I../Drivers/CMSIS/Device/ST/STM32H7xx/Include -I../Drivers/CMSIS/Include -I"C:/Users/ajitp/OneDrive/Documents/Embedded_systems_courses/FREERTOS_COURSE/WORKSPACE/common2/Third_party/FreeRTOS/include" -I"C:/Users/ajitp/OneDrive/Documents/Embedded_systems_courses/FREERTOS_COURSE/WORKSPACE/common2/Third_party/SEGGER/Config" -I"C:/Users/ajitp/OneDrive/Documents/Embedded_systems_courses/FREERTOS_COURSE/WORKSPACE/common2/Third_party/SEGGER/SEGGER" -I"C:/Users/ajitp/OneDrive/Documents/Embedded_systems_courses/FREERTOS_COURSE/WORKSPACE/common2/Third_party/FreeRTOS/portable/GCC/ARM_CM4F" -I"C:/Users/ajitp/OneDrive/Documents/Embedded_systems_courses/FREERTOS_COURSE/WORKSPACE/common2/Third_party/SEGGER/OS" -I"C:/Users/ajitp/OneDrive/Documents/Embedded_systems_courses/FREERTOS_COURSE/WORKSPACE/common2/Third_party/FreeRTOS/include" -O0 -ffunction-sections -fdata-sections -Wall -fstack-usage -MMD -MP -MF"common2/Third_party/FreeRTOS/tasks.d" -MT"common2/Third_party/FreeRTOS/tasks.o" --specs=nano.specs -mfpu=fpv5-d16 -mfloat-abi=hard -mthumb -o "common2/Third_party/FreeRTOS/tasks.o"
arm-none-eabi-gcc "C:/Users/ajitp/OneDrive/Documents/Embedded_systems_courses/FREERTOS_COURSE/WORKSPACE/common2/Third_party/FreeRTOS/timers.c" -mcpu=cortex-m7 -std=gnu11 -g3 -DDEBUG -DUSE_HAL_DRIVER -DSTM32H7A3xxQ -c -I../Core/Inc -I../Drivers/STM32H7xx_HAL_Driver/Inc -I../Drivers/STM32H7xx_HAL_Driver/Inc/Legacy -I../Drivers/CMSIS/Device/ST/STM32H7xx/Include -I../Drivers/CMSIS/Include -I"C:/Users/ajitp/OneDrive/Documents/Embedded_systems_courses/FREERTOS_COURSE/WORKSPACE/common2/Third_party/FreeRTOS/include" -I"C:/Users/ajitp/OneDrive/Documents/Embedded_systems_courses/FREERTOS_COURSE/WORKSPACE/common2/Third_party/SEGGER/Config" -I"C:/Users/ajitp/OneDrive/Documents/Embedded_systems_courses/FREERTOS_COURSE/WORKSPACE/common2/Third_party/SEGGER/SEGGER" -I"C:/Users/ajitp/OneDrive/Documents/Embedded_systems_courses/FREERTOS_COURSE/WORKSPACE/common2/Third_party/FreeRTOS/portable/GCC/ARM_CM4F" -I"C:/Users/ajitp/OneDrive/Documents/Embedded_systems_courses/FREERTOS_COURSE/WORKSPACE/common2/Third_party/SEGGER/OS" -I"C:/Users/ajitp/OneDrive/Documents/Embedded_systems_courses/FREERTOS_COURSE/WORKSPACE/common2/Third_party/FreeRTOS/include" -O0 -ffunction-sections -fdata-sections -Wall -fstack-usage -MMD -MP -MF"common2/Third_party/FreeRTOS/timers.d" -MT"common2/Third_party/FreeRTOS/timers.o" --specs=nano.specs -mfpu=fpv5-d16 -mfloat-abi=hard -mthumb -o "common2/Third_party/FreeRTOS/timers.o"
arm-none-eabi-gcc "../Core/Src/main.c" -mcpu=cortex-m7 -std=gnu11 -g3 -DDEBUG -DUSE_HAL_DRIVER -DSTM32H7A3xxQ -c -I../Core/Inc -I../Drivers/STM32H7xx_HAL_Driver/Inc -I../Drivers/STM32H7xx_HAL_Driver/Inc/Legacy -I../Drivers/CMSIS/Device/ST/STM32H7xx/Include -I../Drivers/CMSIS/Include -I"C:/Users/ajitp/OneDrive/Documents/Embedded_systems_courses/FREERTOS_COURSE/WORKSPACE/common2/Third_party/FreeRTOS/include" -I"C:/Users/ajitp/OneDrive/Documents/Embedded_systems_courses/FREERTOS_COURSE/WORKSPACE/common2/Third_party/SEGGER/Config" -I"C:/Users/ajitp/OneDrive/Documents/Embedded_systems_courses/FREERTOS_COURSE/WORKSPACE/common2/Third_party/SEGGER/SEGGER" -I"C:/Users/ajitp/OneDrive/Documents/Embedded_systems_courses/FREERTOS_COURSE/WORKSPACE/common2/Third_party/FreeRTOS/portable/GCC/ARM_CM4F" -I"C:/Users/ajitp/OneDrive/Documents/Embedded_systems_courses/FREERTOS_COURSE/WORKSPACE/common2/Third_party/SEGGER/OS" -I"C:/Users/ajitp/OneDrive/Documents/Embedded_systems_courses/FREERTOS_COURSE/WORKSPACE/common2/Third_party/FreeRTOS/include" -O0 -ffunction-sections -fdata-sections -Wall -fstack-usage -MMD -MP -MF"Core/Src/main.d" -MT"Core/Src/main.o" --specs=nano.specs -mfpu=fpv5-d16 -mfloat-abi=hard -mthumb -o "Core/Src/main.o"
arm-none-eabi-gcc -o "heap5_checking.elf" @"objects.list"   -mcpu=cortex-m7 -T"C:\Users\ajitp\OneDrive\Documents\Embedded_systems_courses\FREERTOS_COURSE\WORKSPACE\heap5_checking\STM32H7A3ZITXQ_FLASH.ld" --specs=nosys.specs -Wl,-Map="heap5_checking.map" -Wl,--gc-sections -static --specs=nano.specs -mfpu=fpv5-d16 -mfloat-abi=hard -mthumb -Wl,--start-group -lc -lm -Wl,--end-group
Finished building target: heap5_checking.elf
 
arm-none-eabi-size   heap5_checking.elf 
arm-none-eabi-objdump -h -S  heap5_checking.elf  > "heap5_checking.list"
   text	   data	    bss	    dec	    hex	filename
  28948	     24	  65904	  94876	  1729c	heap5_checking.elf
Finished building: default.size.stdout
 
Finished building: heap5_checking.list
 
00:09:29 **** Incremental Build of configuration Debug for project heap5_checking ****
make -j16 all 
arm-none-eabi-gcc "../Core/Src/main.c" -mcpu=cortex-m7 -std=gnu11 -g3 -DDEBUG -DUSE_HAL_DRIVER -DSTM32H7A3xxQ -c -I../Core/Inc -I../Drivers/STM32H7xx_HAL_Driver/Inc -I../Drivers/STM32H7xx_HAL_Driver/Inc/Legacy -I../Drivers/CMSIS/Device/ST/STM32H7xx/Include -I../Drivers/CMSIS/Include -I"C:/Users/ajitp/OneDrive/Documents/Embedded_systems_courses/FREERTOS_COURSE/WORKSPACE/common2/Third_party/FreeRTOS/include" -I"C:/Users/ajitp/OneDrive/Documents/Embedded_systems_courses/FREERTOS_COURSE/WORKSPACE/common2/Third_party/SEGGER/Config" -I"C:/Users/ajitp/OneDrive/Documents/Embedded_systems_courses/FREERTOS_COURSE/WORKSPACE/common2/Third_party/SEGGER/SEGGER" -I"C:/Users/ajitp/OneDrive/Documents/Embedded_systems_courses/FREERTOS_COURSE/WORKSPACE/common2/Third_party/FreeRTOS/portable/GCC/ARM_CM4F" -I"C:/Users/ajitp/OneDrive/Documents/Embedded_systems_courses/FREERTOS_COURSE/WORKSPACE/common2/Third_party/SEGGER/OS" -I"C:/Users/ajitp/OneDrive/Documents/Embedded_systems_courses/FREERTOS_COURSE/WORKSPACE/common2/Third_party/FreeRTOS/include" -O0 -ffunction-sections -fdata-sections -Wall -fstack-usage -MMD -MP -MF"Core/Src/main.d" -MT"Core/Src/main.o" --specs=nano.specs -mfpu=fpv5-d16 -mfloat-abi=hard -mthumb -o "Core/Src/main.o"
arm-none-eabi-gcc -o "heap5_checking.elf" @"objects.list"   -mcpu=cortex-m7 -T"C:\Users\ajitp\OneDrive\Documents\Embedded_systems_courses\FREERTOS_COURSE\WORKSPACE\heap5_checking\STM32H7A3ZITXQ_FLASH.ld" --specs=nosys.specs -Wl,-Map="heap5_checking.map" -Wl,--gc-sections -static --specs=nano.specs -mfpu=fpv5-d16 -mfloat-abi=hard -mthumb -Wl,--start-group -lc -lm -Wl,--end-group
Finished building target: heap5_checking.elf
 
arm-none-eabi-size   heap5_checking.elf 
arm-none-eabi-objdump -h -S  heap5_checking.elf  > "heap5_checking.list"
   text	   data	    bss	    dec	    hex	filename
  28948	     24	  65904	  94876	  1729c	heap5_checking.elf
Finished building: default.size.stdout
 
Finished building: heap5_checking.list
 
00:15:30 **** Incremental Build of configuration Debug for project heap5_checking ****
make -j16 all 
arm-none-eabi-size   heap5_checking.elf 
   text	   data	    bss	    dec	    hex	filename
  28948	     24	  65904	  94876	  1729c	heap5_checking.elf
Finished building: default.size.stdout
 
